ARM GAS  C:\Users\Admin\AppData\Local\Temp\ccWF6pan.s 			page 1


   1              		.syntax unified
   2              		.cpu cortex-m0
   3              		.fpu softvfp
   4              		.eabi_attribute 20, 1
   5              		.eabi_attribute 21, 1
   6              		.eabi_attribute 23, 3
   7              		.eabi_attribute 24, 1
   8              		.eabi_attribute 25, 1
   9              		.eabi_attribute 26, 1
  10              		.eabi_attribute 30, 6
  11              		.eabi_attribute 34, 0
  12              		.eabi_attribute 18, 4
  13              		.thumb
  14              		.syntax unified
  15              		.file	"cyfitter_cfg.c"
  16              		.text
  17              	.Ltext0:
  18              		.cfi_sections	.debug_frame
  19              		.section	.text.CYMEMZERO,"ax",%progbits
  20              		.align	2
  21              		.code	16
  22              		.thumb_func
  23              		.type	CYMEMZERO, %function
  24              	CYMEMZERO:
  25              	.LFB2:
  26              		.file 1 "Generated_Source\\PSoC4\\cyfitter_cfg.c"
   1:Generated_Source\PSoC4/cyfitter_cfg.c **** 
   2:Generated_Source\PSoC4/cyfitter_cfg.c **** /*******************************************************************************
   3:Generated_Source\PSoC4/cyfitter_cfg.c **** * File Name: cyfitter_cfg.c
   4:Generated_Source\PSoC4/cyfitter_cfg.c **** * 
   5:Generated_Source\PSoC4/cyfitter_cfg.c **** * PSoC Creator  4.4
   6:Generated_Source\PSoC4/cyfitter_cfg.c **** *
   7:Generated_Source\PSoC4/cyfitter_cfg.c **** * Description:
   8:Generated_Source\PSoC4/cyfitter_cfg.c **** * This file contains device initialization code.
   9:Generated_Source\PSoC4/cyfitter_cfg.c **** * Except for the user defined sections in CyClockStartupError(), this file should not be modified.
  10:Generated_Source\PSoC4/cyfitter_cfg.c **** * This file is automatically generated by PSoC Creator.
  11:Generated_Source\PSoC4/cyfitter_cfg.c **** *
  12:Generated_Source\PSoC4/cyfitter_cfg.c **** ********************************************************************************
  13:Generated_Source\PSoC4/cyfitter_cfg.c **** * Copyright (c) 2007-2020 Cypress Semiconductor.  All rights reserved.
  14:Generated_Source\PSoC4/cyfitter_cfg.c **** * You may use this file only in accordance with the license, terms, conditions, 
  15:Generated_Source\PSoC4/cyfitter_cfg.c **** * disclaimers, and limitations in the end user license agreement accompanying 
  16:Generated_Source\PSoC4/cyfitter_cfg.c **** * the software package with which this file was provided.
  17:Generated_Source\PSoC4/cyfitter_cfg.c **** ********************************************************************************/
  18:Generated_Source\PSoC4/cyfitter_cfg.c **** 
  19:Generated_Source\PSoC4/cyfitter_cfg.c **** #include <string.h>
  20:Generated_Source\PSoC4/cyfitter_cfg.c **** #include "cytypes.h"
  21:Generated_Source\PSoC4/cyfitter_cfg.c **** #include "cydevice_trm.h"
  22:Generated_Source\PSoC4/cyfitter_cfg.c **** #include "cyfitter.h"
  23:Generated_Source\PSoC4/cyfitter_cfg.c **** #include "CyLib.h"
  24:Generated_Source\PSoC4/cyfitter_cfg.c **** #include "cyfitter_cfg.h"
  25:Generated_Source\PSoC4/cyfitter_cfg.c **** #include "cyapicallbacks.h"
  26:Generated_Source\PSoC4/cyfitter_cfg.c **** 
  27:Generated_Source\PSoC4/cyfitter_cfg.c **** 
  28:Generated_Source\PSoC4/cyfitter_cfg.c **** #if defined(__GNUC__) || defined(__ARMCC_VERSION)
  29:Generated_Source\PSoC4/cyfitter_cfg.c ****     #define CYPACKED 
  30:Generated_Source\PSoC4/cyfitter_cfg.c ****     #define CYPACKED_ATTR __attribute__ ((packed))
  31:Generated_Source\PSoC4/cyfitter_cfg.c ****     #define CYALIGNED __attribute__ ((aligned))
ARM GAS  C:\Users\Admin\AppData\Local\Temp\ccWF6pan.s 			page 2


  32:Generated_Source\PSoC4/cyfitter_cfg.c ****     #define CY_CFG_UNUSED __attribute__ ((unused))
  33:Generated_Source\PSoC4/cyfitter_cfg.c ****     #ifndef CY_CFG_SECTION
  34:Generated_Source\PSoC4/cyfitter_cfg.c ****         #define CY_CFG_SECTION __attribute__ ((section(".psocinit")))
  35:Generated_Source\PSoC4/cyfitter_cfg.c ****     #endif
  36:Generated_Source\PSoC4/cyfitter_cfg.c ****     
  37:Generated_Source\PSoC4/cyfitter_cfg.c ****     #if defined(__ARMCC_VERSION)
  38:Generated_Source\PSoC4/cyfitter_cfg.c ****         #define CY_CFG_MEMORY_BARRIER() __memory_changed()
  39:Generated_Source\PSoC4/cyfitter_cfg.c ****     #else
  40:Generated_Source\PSoC4/cyfitter_cfg.c ****         #define CY_CFG_MEMORY_BARRIER() __sync_synchronize()
  41:Generated_Source\PSoC4/cyfitter_cfg.c ****     #endif
  42:Generated_Source\PSoC4/cyfitter_cfg.c ****     
  43:Generated_Source\PSoC4/cyfitter_cfg.c **** #elif defined(__ICCARM__)
  44:Generated_Source\PSoC4/cyfitter_cfg.c ****     #include <intrinsics.h>
  45:Generated_Source\PSoC4/cyfitter_cfg.c **** 
  46:Generated_Source\PSoC4/cyfitter_cfg.c ****     #define CYPACKED __packed
  47:Generated_Source\PSoC4/cyfitter_cfg.c ****     #define CYPACKED_ATTR 
  48:Generated_Source\PSoC4/cyfitter_cfg.c ****     #define CYALIGNED _Pragma("data_alignment=4")
  49:Generated_Source\PSoC4/cyfitter_cfg.c ****     #define CY_CFG_UNUSED _Pragma("diag_suppress=Pe177")
  50:Generated_Source\PSoC4/cyfitter_cfg.c ****     #define CY_CFG_SECTION _Pragma("location=\".psocinit\"")
  51:Generated_Source\PSoC4/cyfitter_cfg.c ****     
  52:Generated_Source\PSoC4/cyfitter_cfg.c ****     #define CY_CFG_MEMORY_BARRIER() __DMB()
  53:Generated_Source\PSoC4/cyfitter_cfg.c ****     
  54:Generated_Source\PSoC4/cyfitter_cfg.c **** #else
  55:Generated_Source\PSoC4/cyfitter_cfg.c ****     #error Unsupported toolchain
  56:Generated_Source\PSoC4/cyfitter_cfg.c **** #endif
  57:Generated_Source\PSoC4/cyfitter_cfg.c **** 
  58:Generated_Source\PSoC4/cyfitter_cfg.c **** #ifndef CYCODE
  59:Generated_Source\PSoC4/cyfitter_cfg.c ****     #define CYCODE
  60:Generated_Source\PSoC4/cyfitter_cfg.c **** #endif
  61:Generated_Source\PSoC4/cyfitter_cfg.c **** #ifndef CYDATA
  62:Generated_Source\PSoC4/cyfitter_cfg.c ****     #define CYDATA
  63:Generated_Source\PSoC4/cyfitter_cfg.c **** #endif
  64:Generated_Source\PSoC4/cyfitter_cfg.c **** #ifndef CYFAR
  65:Generated_Source\PSoC4/cyfitter_cfg.c ****     #define CYFAR
  66:Generated_Source\PSoC4/cyfitter_cfg.c **** #endif
  67:Generated_Source\PSoC4/cyfitter_cfg.c **** #ifndef CYXDATA
  68:Generated_Source\PSoC4/cyfitter_cfg.c ****     #define CYXDATA
  69:Generated_Source\PSoC4/cyfitter_cfg.c **** #endif
  70:Generated_Source\PSoC4/cyfitter_cfg.c **** 
  71:Generated_Source\PSoC4/cyfitter_cfg.c **** 
  72:Generated_Source\PSoC4/cyfitter_cfg.c **** CY_CFG_UNUSED
  73:Generated_Source\PSoC4/cyfitter_cfg.c **** static void CYMEMZERO(void *s, size_t n);
  74:Generated_Source\PSoC4/cyfitter_cfg.c **** CY_CFG_UNUSED
  75:Generated_Source\PSoC4/cyfitter_cfg.c **** static void CYMEMZERO(void *s, size_t n)
  76:Generated_Source\PSoC4/cyfitter_cfg.c **** {
  27              		.loc 1 76 0
  28              		.cfi_startproc
  29              		@ args = 0, pretend = 0, frame = 8
  30              		@ frame_needed = 1, uses_anonymous_args = 0
  31 0000 80B5     		push	{r7, lr}
  32              		.cfi_def_cfa_offset 8
  33              		.cfi_offset 7, -8
  34              		.cfi_offset 14, -4
  35 0002 82B0     		sub	sp, sp, #8
  36              		.cfi_def_cfa_offset 16
  37 0004 00AF     		add	r7, sp, #0
  38              		.cfi_def_cfa_register 7
ARM GAS  C:\Users\Admin\AppData\Local\Temp\ccWF6pan.s 			page 3


  39 0006 7860     		str	r0, [r7, #4]
  40 0008 3960     		str	r1, [r7]
  77:Generated_Source\PSoC4/cyfitter_cfg.c **** 	(void)memset(s, 0, n);
  41              		.loc 1 77 0
  42 000a 3A68     		ldr	r2, [r7]
  43 000c 7B68     		ldr	r3, [r7, #4]
  44 000e 0021     		movs	r1, #0
  45 0010 1800     		movs	r0, r3
  46 0012 FFF7FEFF 		bl	memset
  78:Generated_Source\PSoC4/cyfitter_cfg.c **** }
  47              		.loc 1 78 0
  48 0016 C046     		nop
  49 0018 BD46     		mov	sp, r7
  50 001a 02B0     		add	sp, sp, #8
  51              		@ sp needed
  52 001c 80BD     		pop	{r7, pc}
  53              		.cfi_endproc
  54              	.LFE2:
  55              		.size	CYMEMZERO, .-CYMEMZERO
  56 001e C046     		.section	.text.CYCONFIGCPY,"ax",%progbits
  57              		.align	2
  58              		.code	16
  59              		.thumb_func
  60              		.type	CYCONFIGCPY, %function
  61              	CYCONFIGCPY:
  62              	.LFB3:
  79:Generated_Source\PSoC4/cyfitter_cfg.c **** CY_CFG_UNUSED
  80:Generated_Source\PSoC4/cyfitter_cfg.c **** static void CYCONFIGCPY(void *dest, const void *src, size_t n);
  81:Generated_Source\PSoC4/cyfitter_cfg.c **** CY_CFG_UNUSED
  82:Generated_Source\PSoC4/cyfitter_cfg.c **** static void CYCONFIGCPY(void *dest, const void *src, size_t n)
  83:Generated_Source\PSoC4/cyfitter_cfg.c **** {
  63              		.loc 1 83 0
  64              		.cfi_startproc
  65              		@ args = 0, pretend = 0, frame = 16
  66              		@ frame_needed = 1, uses_anonymous_args = 0
  67 0000 80B5     		push	{r7, lr}
  68              		.cfi_def_cfa_offset 8
  69              		.cfi_offset 7, -8
  70              		.cfi_offset 14, -4
  71 0002 84B0     		sub	sp, sp, #16
  72              		.cfi_def_cfa_offset 24
  73 0004 00AF     		add	r7, sp, #0
  74              		.cfi_def_cfa_register 7
  75 0006 F860     		str	r0, [r7, #12]
  76 0008 B960     		str	r1, [r7, #8]
  77 000a 7A60     		str	r2, [r7, #4]
  84:Generated_Source\PSoC4/cyfitter_cfg.c **** 	(void)memcpy(dest, src, n);
  78              		.loc 1 84 0
  79 000c 7A68     		ldr	r2, [r7, #4]
  80 000e B968     		ldr	r1, [r7, #8]
  81 0010 FB68     		ldr	r3, [r7, #12]
  82 0012 1800     		movs	r0, r3
  83 0014 FFF7FEFF 		bl	memcpy
  85:Generated_Source\PSoC4/cyfitter_cfg.c **** }
  84              		.loc 1 85 0
  85 0018 C046     		nop
  86 001a BD46     		mov	sp, r7
ARM GAS  C:\Users\Admin\AppData\Local\Temp\ccWF6pan.s 			page 4


  87 001c 04B0     		add	sp, sp, #16
  88              		@ sp needed
  89 001e 80BD     		pop	{r7, pc}
  90              		.cfi_endproc
  91              	.LFE3:
  92              		.size	CYCONFIGCPY, .-CYCONFIGCPY
  93              		.section	.text.CYCONFIGCPYCODE,"ax",%progbits
  94              		.align	2
  95              		.code	16
  96              		.thumb_func
  97              		.type	CYCONFIGCPYCODE, %function
  98              	CYCONFIGCPYCODE:
  99              	.LFB4:
  86:Generated_Source\PSoC4/cyfitter_cfg.c **** CY_CFG_UNUSED
  87:Generated_Source\PSoC4/cyfitter_cfg.c **** static void CYCONFIGCPYCODE(void *dest, const void *src, size_t n);
  88:Generated_Source\PSoC4/cyfitter_cfg.c **** CY_CFG_UNUSED
  89:Generated_Source\PSoC4/cyfitter_cfg.c **** static void CYCONFIGCPYCODE(void *dest, const void *src, size_t n)
  90:Generated_Source\PSoC4/cyfitter_cfg.c **** {
 100              		.loc 1 90 0
 101              		.cfi_startproc
 102              		@ args = 0, pretend = 0, frame = 16
 103              		@ frame_needed = 1, uses_anonymous_args = 0
 104 0000 80B5     		push	{r7, lr}
 105              		.cfi_def_cfa_offset 8
 106              		.cfi_offset 7, -8
 107              		.cfi_offset 14, -4
 108 0002 84B0     		sub	sp, sp, #16
 109              		.cfi_def_cfa_offset 24
 110 0004 00AF     		add	r7, sp, #0
 111              		.cfi_def_cfa_register 7
 112 0006 F860     		str	r0, [r7, #12]
 113 0008 B960     		str	r1, [r7, #8]
 114 000a 7A60     		str	r2, [r7, #4]
  91:Generated_Source\PSoC4/cyfitter_cfg.c **** 	(void)memcpy(dest, src, n);
 115              		.loc 1 91 0
 116 000c 7A68     		ldr	r2, [r7, #4]
 117 000e B968     		ldr	r1, [r7, #8]
 118 0010 FB68     		ldr	r3, [r7, #12]
 119 0012 1800     		movs	r0, r3
 120 0014 FFF7FEFF 		bl	memcpy
  92:Generated_Source\PSoC4/cyfitter_cfg.c **** }
 121              		.loc 1 92 0
 122 0018 C046     		nop
 123 001a BD46     		mov	sp, r7
 124 001c 04B0     		add	sp, sp, #16
 125              		@ sp needed
 126 001e 80BD     		pop	{r7, pc}
 127              		.cfi_endproc
 128              	.LFE4:
 129              		.size	CYCONFIGCPYCODE, .-CYCONFIGCPYCODE
 130              		.section	.psocinit,"ax",%progbits
 131              		.align	2
 132              		.code	16
 133              		.thumb_func
 134              		.type	ClockSetup, %function
 135              	ClockSetup:
 136              	.LFB5:
ARM GAS  C:\Users\Admin\AppData\Local\Temp\ccWF6pan.s 			page 5


  93:Generated_Source\PSoC4/cyfitter_cfg.c **** 
  94:Generated_Source\PSoC4/cyfitter_cfg.c **** 
  95:Generated_Source\PSoC4/cyfitter_cfg.c **** 
  96:Generated_Source\PSoC4/cyfitter_cfg.c **** 
  97:Generated_Source\PSoC4/cyfitter_cfg.c **** /* Clock startup error codes                                                   */
  98:Generated_Source\PSoC4/cyfitter_cfg.c **** #define CYCLOCKSTART_NO_ERROR    0u
  99:Generated_Source\PSoC4/cyfitter_cfg.c **** #define CYCLOCKSTART_XTAL_ERROR  1u
 100:Generated_Source\PSoC4/cyfitter_cfg.c **** #define CYCLOCKSTART_32KHZ_ERROR 2u
 101:Generated_Source\PSoC4/cyfitter_cfg.c **** #define CYCLOCKSTART_PLL_ERROR   3u
 102:Generated_Source\PSoC4/cyfitter_cfg.c **** #define CYCLOCKSTART_FLL_ERROR   4u
 103:Generated_Source\PSoC4/cyfitter_cfg.c **** #define CYCLOCKSTART_WCO_ERROR   5u
 104:Generated_Source\PSoC4/cyfitter_cfg.c **** 
 105:Generated_Source\PSoC4/cyfitter_cfg.c **** 
 106:Generated_Source\PSoC4/cyfitter_cfg.c **** #ifdef CY_NEED_CYCLOCKSTARTUPERROR
 107:Generated_Source\PSoC4/cyfitter_cfg.c **** /*******************************************************************************
 108:Generated_Source\PSoC4/cyfitter_cfg.c **** * Function Name: CyClockStartupError
 109:Generated_Source\PSoC4/cyfitter_cfg.c **** ********************************************************************************
 110:Generated_Source\PSoC4/cyfitter_cfg.c **** * Summary:
 111:Generated_Source\PSoC4/cyfitter_cfg.c **** *  If an error is encountered during clock configuration (crystal startup error,
 112:Generated_Source\PSoC4/cyfitter_cfg.c **** *  PLL lock error, etc.), the system will end up here.  Unless reimplemented by
 113:Generated_Source\PSoC4/cyfitter_cfg.c **** *  the customer, this function will stop in an infinite loop.
 114:Generated_Source\PSoC4/cyfitter_cfg.c **** *
 115:Generated_Source\PSoC4/cyfitter_cfg.c **** * Parameters:
 116:Generated_Source\PSoC4/cyfitter_cfg.c **** *   void
 117:Generated_Source\PSoC4/cyfitter_cfg.c **** *
 118:Generated_Source\PSoC4/cyfitter_cfg.c **** * Return:
 119:Generated_Source\PSoC4/cyfitter_cfg.c **** *   void
 120:Generated_Source\PSoC4/cyfitter_cfg.c **** *
 121:Generated_Source\PSoC4/cyfitter_cfg.c **** *******************************************************************************/
 122:Generated_Source\PSoC4/cyfitter_cfg.c **** CY_CFG_UNUSED
 123:Generated_Source\PSoC4/cyfitter_cfg.c **** static void CyClockStartupError(uint8 errorCode);
 124:Generated_Source\PSoC4/cyfitter_cfg.c **** CY_CFG_UNUSED
 125:Generated_Source\PSoC4/cyfitter_cfg.c **** static void CyClockStartupError(uint8 errorCode)
 126:Generated_Source\PSoC4/cyfitter_cfg.c **** {
 127:Generated_Source\PSoC4/cyfitter_cfg.c ****     /* To remove the compiler warning if errorCode not used.                */
 128:Generated_Source\PSoC4/cyfitter_cfg.c ****     errorCode = errorCode;
 129:Generated_Source\PSoC4/cyfitter_cfg.c **** 
 130:Generated_Source\PSoC4/cyfitter_cfg.c ****     /* If we have a clock startup error (bad MHz crystal, PLL lock, etc.),  */
 131:Generated_Source\PSoC4/cyfitter_cfg.c ****     /* we will end up here to allow the customer to implement something to  */
 132:Generated_Source\PSoC4/cyfitter_cfg.c ****     /* deal with the clock condition.                                       */
 133:Generated_Source\PSoC4/cyfitter_cfg.c **** 
 134:Generated_Source\PSoC4/cyfitter_cfg.c **** #ifdef CY_CFG_CLOCK_STARTUP_ERROR_CALLBACK
 135:Generated_Source\PSoC4/cyfitter_cfg.c ****     CY_CFG_Clock_Startup_ErrorCallback();
 136:Generated_Source\PSoC4/cyfitter_cfg.c **** #else
 137:Generated_Source\PSoC4/cyfitter_cfg.c ****     /*  If not using CY_CFG_CLOCK_STARTUP_ERROR_CALLBACK, place your clock startup code here. */
 138:Generated_Source\PSoC4/cyfitter_cfg.c ****     /* `#START CyClockStartupError` */
 139:Generated_Source\PSoC4/cyfitter_cfg.c **** 
 140:Generated_Source\PSoC4/cyfitter_cfg.c **** 
 141:Generated_Source\PSoC4/cyfitter_cfg.c **** 
 142:Generated_Source\PSoC4/cyfitter_cfg.c ****     /* `#END` */
 143:Generated_Source\PSoC4/cyfitter_cfg.c **** 
 144:Generated_Source\PSoC4/cyfitter_cfg.c ****     while(1) {}
 145:Generated_Source\PSoC4/cyfitter_cfg.c **** #endif /* CY_CFG_CLOCK_STARTUP_ERROR_CALLBACK */
 146:Generated_Source\PSoC4/cyfitter_cfg.c **** }
 147:Generated_Source\PSoC4/cyfitter_cfg.c **** #endif
 148:Generated_Source\PSoC4/cyfitter_cfg.c **** 
 149:Generated_Source\PSoC4/cyfitter_cfg.c **** 
ARM GAS  C:\Users\Admin\AppData\Local\Temp\ccWF6pan.s 			page 6


 150:Generated_Source\PSoC4/cyfitter_cfg.c **** 
 151:Generated_Source\PSoC4/cyfitter_cfg.c **** /*******************************************************************************
 152:Generated_Source\PSoC4/cyfitter_cfg.c **** * Function Name: ClockSetup
 153:Generated_Source\PSoC4/cyfitter_cfg.c **** ********************************************************************************
 154:Generated_Source\PSoC4/cyfitter_cfg.c **** *
 155:Generated_Source\PSoC4/cyfitter_cfg.c **** * Summary:
 156:Generated_Source\PSoC4/cyfitter_cfg.c **** *   Performs the initialization of all of the clocks in the device based on the
 157:Generated_Source\PSoC4/cyfitter_cfg.c **** *   settings in the Clock tab of the DWR.  This includes enabling the requested
 158:Generated_Source\PSoC4/cyfitter_cfg.c **** *   clocks and setting the necessary dividers to produce the desired frequency. 
 159:Generated_Source\PSoC4/cyfitter_cfg.c **** *
 160:Generated_Source\PSoC4/cyfitter_cfg.c **** * Parameters:
 161:Generated_Source\PSoC4/cyfitter_cfg.c **** *   void
 162:Generated_Source\PSoC4/cyfitter_cfg.c **** *
 163:Generated_Source\PSoC4/cyfitter_cfg.c **** * Return:
 164:Generated_Source\PSoC4/cyfitter_cfg.c **** *   void
 165:Generated_Source\PSoC4/cyfitter_cfg.c **** *
 166:Generated_Source\PSoC4/cyfitter_cfg.c **** *******************************************************************************/
 167:Generated_Source\PSoC4/cyfitter_cfg.c **** static void ClockSetup(void);
 168:Generated_Source\PSoC4/cyfitter_cfg.c **** CY_CFG_SECTION
 169:Generated_Source\PSoC4/cyfitter_cfg.c **** static void ClockSetup(void)
 170:Generated_Source\PSoC4/cyfitter_cfg.c **** {
 137              		.loc 1 170 0
 138              		.cfi_startproc
 139              		@ args = 0, pretend = 0, frame = 0
 140              		@ frame_needed = 1, uses_anonymous_args = 0
 141 0000 80B5     		push	{r7, lr}
 142              		.cfi_def_cfa_offset 8
 143              		.cfi_offset 7, -8
 144              		.cfi_offset 14, -4
 145 0002 00AF     		add	r7, sp, #0
 146              		.cfi_def_cfa_register 7
 171:Generated_Source\PSoC4/cyfitter_cfg.c **** 
 172:Generated_Source\PSoC4/cyfitter_cfg.c **** 	/* Set Flash Cycles based on max possible frequency in case a glitch occurs during ClockSetup(). *
 173:Generated_Source\PSoC4/cyfitter_cfg.c **** 	CY_SET_REG32((void CYXDATA *)(CYREG_CPUSS_FLASH_CTL), (0x0012u));
 147              		.loc 1 173 0
 148 0004 204B     		ldr	r3, .L5
 149 0006 1222     		movs	r2, #18
 150 0008 1A60     		str	r2, [r3]
 174:Generated_Source\PSoC4/cyfitter_cfg.c **** 
 175:Generated_Source\PSoC4/cyfitter_cfg.c **** 	/* Start the WCO */
 176:Generated_Source\PSoC4/cyfitter_cfg.c **** 	CySysClkWcoStart();
 151              		.loc 1 176 0
 152 000a FFF7FEFF 		bl	CySysClkWcoStart
 177:Generated_Source\PSoC4/cyfitter_cfg.c **** 	(void)CySysClkWcoSetPowerMode(CY_SYS_CLK_WCO_LPM);    /* Switch to the low power mode */
 153              		.loc 1 177 0
 154 000e 0120     		movs	r0, #1
 155 0010 FFF7FEFF 		bl	CySysClkWcoSetPowerMode
 178:Generated_Source\PSoC4/cyfitter_cfg.c **** 
 179:Generated_Source\PSoC4/cyfitter_cfg.c **** 	/* Setup and trim IMO based on desired frequency. */
 180:Generated_Source\PSoC4/cyfitter_cfg.c **** 	CySysClkWriteImoFreq(3u);
 156              		.loc 1 180 0
 157 0014 0320     		movs	r0, #3
 158 0016 FFF7FEFF 		bl	CySysClkWriteImoFreq
 181:Generated_Source\PSoC4/cyfitter_cfg.c **** 	/* CYDEV_CLK_ILO_CONFIG Starting address: CYDEV_CLK_ILO_CONFIG */
 182:Generated_Source\PSoC4/cyfitter_cfg.c **** 	CY_SET_REG32((void *)(CYREG_CLK_ILO_CONFIG), 0x80000006u);
 159              		.loc 1 182 0
 160 001a 1C4B     		ldr	r3, .L5+4
ARM GAS  C:\Users\Admin\AppData\Local\Temp\ccWF6pan.s 			page 7


 161 001c 1C4A     		ldr	r2, .L5+8
 162 001e 1A60     		str	r2, [r3]
 183:Generated_Source\PSoC4/cyfitter_cfg.c **** 
 184:Generated_Source\PSoC4/cyfitter_cfg.c **** 
 185:Generated_Source\PSoC4/cyfitter_cfg.c **** 	/* Enable fast start mode for XO */
 186:Generated_Source\PSoC4/cyfitter_cfg.c **** 	CY_SET_REG32((void*)CYREG_BLE_BLERD_BB_XO, CY_GET_REG32((void*)CYREG_BLE_BLERD_BB_XO) | (uint32)0x
 163              		.loc 1 186 0
 164 0020 1C4B     		ldr	r3, .L5+12
 165 0022 1C4A     		ldr	r2, .L5+12
 166 0024 1268     		ldr	r2, [r2]
 167 0026 0221     		movs	r1, #2
 168 0028 0A43     		orrs	r2, r1
 169 002a 1A60     		str	r2, [r3]
 187:Generated_Source\PSoC4/cyfitter_cfg.c **** 	CY_SET_REG32((void *)(CYREG_BLE_BLERD_BB_XO_CAPTRIM), 0x00003E2Du);
 170              		.loc 1 187 0
 171 002c 1A4B     		ldr	r3, .L5+16
 172 002e 1B4A     		ldr	r2, .L5+20
 173 0030 1A60     		str	r2, [r3]
 188:Generated_Source\PSoC4/cyfitter_cfg.c **** 	/*Set XTAL(ECO) divider*/
 189:Generated_Source\PSoC4/cyfitter_cfg.c **** 	CY_SET_REG32((void *)(CYREG_BLE_BLESS_XTAL_CLK_DIV_CONFIG), 0x00000000u);
 174              		.loc 1 189 0
 175 0032 1B4B     		ldr	r3, .L5+24
 176 0034 0022     		movs	r2, #0
 177 0036 1A60     		str	r2, [r3]
 190:Generated_Source\PSoC4/cyfitter_cfg.c **** 	/* Disable Crystal Stable Interrupt before enabling ECO */
 191:Generated_Source\PSoC4/cyfitter_cfg.c **** 	CY_SET_REG32((void*)CYREG_BLE_BLESS_LL_DSM_CTRL, CY_GET_REG32((void*)CYREG_BLE_BLESS_LL_DSM_CTRL) 
 178              		.loc 1 191 0
 179 0038 1A4B     		ldr	r3, .L5+28
 180 003a 1A4A     		ldr	r2, .L5+28
 181 003c 1268     		ldr	r2, [r2]
 182 003e 0821     		movs	r1, #8
 183 0040 8A43     		bics	r2, r1
 184 0042 1A60     		str	r2, [r3]
 192:Generated_Source\PSoC4/cyfitter_cfg.c **** 	/* Start the ECO and do not check status since it is not needed for HFCLK */
 193:Generated_Source\PSoC4/cyfitter_cfg.c **** 	(void)CySysClkEcoStart(2000u);
 185              		.loc 1 193 0
 186 0044 FA23     		movs	r3, #250
 187 0046 DB00     		lsls	r3, r3, #3
 188 0048 1800     		movs	r0, r3
 189 004a FFF7FEFF 		bl	CySysClkEcoStart
 194:Generated_Source\PSoC4/cyfitter_cfg.c **** 	CyDelayUs(1500u); /* Wait to stabilize */
 190              		.loc 1 194 0
 191 004e 164B     		ldr	r3, .L5+32
 192 0050 1800     		movs	r0, r3
 193 0052 FFF7FEFF 		bl	CyDelayUs
 195:Generated_Source\PSoC4/cyfitter_cfg.c **** 
 196:Generated_Source\PSoC4/cyfitter_cfg.c **** 	/* Setup phase aligned clocks */
 197:Generated_Source\PSoC4/cyfitter_cfg.c **** 	CY_SET_REG32((void *)CYREG_PERI_DIV_16_CTL0, 0x00000000u);
 194              		.loc 1 197 0
 195 0056 154B     		ldr	r3, .L5+36
 196 0058 0022     		movs	r2, #0
 197 005a 1A60     		str	r2, [r3]
 198:Generated_Source\PSoC4/cyfitter_cfg.c **** 	CY_SET_REG32((void *)CYREG_PERI_DIV_CMD, 0x8000FF40u);
 198              		.loc 1 198 0
 199 005c 144B     		ldr	r3, .L5+40
 200 005e 154A     		ldr	r2, .L5+44
 201 0060 1A60     		str	r2, [r3]
ARM GAS  C:\Users\Admin\AppData\Local\Temp\ccWF6pan.s 			page 8


 199:Generated_Source\PSoC4/cyfitter_cfg.c **** 
 200:Generated_Source\PSoC4/cyfitter_cfg.c **** 	/* CYDEV_CLK_IMO_CONFIG Starting address: CYDEV_CLK_IMO_CONFIG */
 201:Generated_Source\PSoC4/cyfitter_cfg.c **** 	CY_SET_REG32((void *)(CYREG_CLK_IMO_CONFIG), 0x80000000u);
 202              		.loc 1 201 0
 203 0062 154B     		ldr	r3, .L5+48
 204 0064 8022     		movs	r2, #128
 205 0066 1206     		lsls	r2, r2, #24
 206 0068 1A60     		str	r2, [r3]
 202:Generated_Source\PSoC4/cyfitter_cfg.c **** 
 203:Generated_Source\PSoC4/cyfitter_cfg.c **** 	/* CYDEV_CLK_SELECT Starting address: CYDEV_CLK_SELECT */
 204:Generated_Source\PSoC4/cyfitter_cfg.c **** 	CY_SET_REG32((void *)(CYREG_CLK_SELECT), 0x00000000u);
 207              		.loc 1 204 0
 208 006a 144B     		ldr	r3, .L5+52
 209 006c 0022     		movs	r2, #0
 210 006e 1A60     		str	r2, [r3]
 205:Generated_Source\PSoC4/cyfitter_cfg.c **** 
 206:Generated_Source\PSoC4/cyfitter_cfg.c **** 	/* CYDEV_PERI_PCLK_CTL10 Starting address: CYDEV_PERI_PCLK_CTL10 */
 207:Generated_Source\PSoC4/cyfitter_cfg.c **** 	CY_SET_REG32((void *)(CYREG_PERI_PCLK_CTL10), 0x00000040u);
 211              		.loc 1 207 0
 212 0070 134B     		ldr	r3, .L5+56
 213 0072 4022     		movs	r2, #64
 214 0074 1A60     		str	r2, [r3]
 208:Generated_Source\PSoC4/cyfitter_cfg.c **** 
 209:Generated_Source\PSoC4/cyfitter_cfg.c **** 	CY_SET_REG32((void *)(CYREG_WDT_CONFIG), 0x00000000u);
 215              		.loc 1 209 0
 216 0076 134B     		ldr	r3, .L5+60
 217 0078 0022     		movs	r2, #0
 218 007a 1A60     		str	r2, [r3]
 210:Generated_Source\PSoC4/cyfitter_cfg.c **** 	/* Set Flash Cycles based on newly configured 3.00MHz HFCLK. */
 211:Generated_Source\PSoC4/cyfitter_cfg.c **** 	CY_SET_REG32((void CYXDATA *)(CYREG_CPUSS_FLASH_CTL), (0x0000u));
 219              		.loc 1 211 0
 220 007c 024B     		ldr	r3, .L5
 221 007e 0022     		movs	r2, #0
 222 0080 1A60     		str	r2, [r3]
 212:Generated_Source\PSoC4/cyfitter_cfg.c **** }
 223              		.loc 1 212 0
 224 0082 C046     		nop
 225 0084 BD46     		mov	sp, r7
 226              		@ sp needed
 227 0086 80BD     		pop	{r7, pc}
 228              	.L6:
 229              		.align	2
 230              	.L5:
 231 0088 30001040 		.word	1074790448
 232 008c 04010B40 		.word	1074462980
 233 0090 06000080 		.word	-2147483642
 234 0094 78002E40 		.word	1076756600
 235 0098 7C002E40 		.word	1076756604
 236 009c 2D3E0000 		.word	15917
 237 00a0 64F02E40 		.word	1076818020
 238 00a4 6CF02E40 		.word	1076818028
 239 00a8 DC050000 		.word	1500
 240 00ac 00030140 		.word	1073808128
 241 00b0 00000140 		.word	1073807360
 242 00b4 40FF0080 		.word	-2147418304
 243 00b8 08010B40 		.word	1074462984
 244 00bc 00010B40 		.word	1074462976
ARM GAS  C:\Users\Admin\AppData\Local\Temp\ccWF6pan.s 			page 9


 245 00c0 28010140 		.word	1073807656
 246 00c4 0C020B40 		.word	1074463244
 247              		.cfi_endproc
 248              	.LFE5:
 249              		.size	ClockSetup, .-ClockSetup
 250              		.section	.text.AnalogSetDefault,"ax",%progbits
 251              		.align	2
 252              		.code	16
 253              		.thumb_func
 254              		.type	AnalogSetDefault, %function
 255              	AnalogSetDefault:
 256              	.LFB6:
 213:Generated_Source\PSoC4/cyfitter_cfg.c **** 
 214:Generated_Source\PSoC4/cyfitter_cfg.c **** 
 215:Generated_Source\PSoC4/cyfitter_cfg.c **** /* Analog API Functions */
 216:Generated_Source\PSoC4/cyfitter_cfg.c **** 
 217:Generated_Source\PSoC4/cyfitter_cfg.c **** 
 218:Generated_Source\PSoC4/cyfitter_cfg.c **** /*******************************************************************************
 219:Generated_Source\PSoC4/cyfitter_cfg.c **** * Function Name: AnalogSetDefault
 220:Generated_Source\PSoC4/cyfitter_cfg.c **** ********************************************************************************
 221:Generated_Source\PSoC4/cyfitter_cfg.c **** *
 222:Generated_Source\PSoC4/cyfitter_cfg.c **** * Summary:
 223:Generated_Source\PSoC4/cyfitter_cfg.c **** *  Sets up the analog portions of the chip to default values based on chip
 224:Generated_Source\PSoC4/cyfitter_cfg.c **** *  configuration options from the project.
 225:Generated_Source\PSoC4/cyfitter_cfg.c **** *
 226:Generated_Source\PSoC4/cyfitter_cfg.c **** * Parameters:
 227:Generated_Source\PSoC4/cyfitter_cfg.c **** *  void
 228:Generated_Source\PSoC4/cyfitter_cfg.c **** *
 229:Generated_Source\PSoC4/cyfitter_cfg.c **** * Return:
 230:Generated_Source\PSoC4/cyfitter_cfg.c **** *  void
 231:Generated_Source\PSoC4/cyfitter_cfg.c **** *
 232:Generated_Source\PSoC4/cyfitter_cfg.c **** *******************************************************************************/
 233:Generated_Source\PSoC4/cyfitter_cfg.c **** static void AnalogSetDefault(void);
 234:Generated_Source\PSoC4/cyfitter_cfg.c **** static void AnalogSetDefault(void)
 235:Generated_Source\PSoC4/cyfitter_cfg.c **** {
 257              		.loc 1 235 0
 258              		.cfi_startproc
 259              		@ args = 0, pretend = 0, frame = 0
 260              		@ frame_needed = 1, uses_anonymous_args = 0
 261 0000 80B5     		push	{r7, lr}
 262              		.cfi_def_cfa_offset 8
 263              		.cfi_offset 7, -8
 264              		.cfi_offset 14, -4
 265 0002 00AF     		add	r7, sp, #0
 266              		.cfi_def_cfa_register 7
 236:Generated_Source\PSoC4/cyfitter_cfg.c **** 	CY_SET_XTND_REG32((void CYFAR *)CYREG_CTBM0_DFT_CTRL, 0x00000003u);
 267              		.loc 1 236 0
 268 0004 054B     		ldr	r3, .L8
 269 0006 0322     		movs	r2, #3
 270 0008 1A60     		str	r2, [r3]
 237:Generated_Source\PSoC4/cyfitter_cfg.c **** 	CY_SET_XTND_REG32((void CYFAR *)CYREG_CTBM1_DFT_CTRL, 0x00000003u);
 271              		.loc 1 237 0
 272 000a 054B     		ldr	r3, .L8+4
 273 000c 0322     		movs	r2, #3
 274 000e 1A60     		str	r2, [r3]
 238:Generated_Source\PSoC4/cyfitter_cfg.c **** 	CY_SET_XTND_REG32((void CYFAR *)CYREG_PASS_DSAB_DSAB_CTRL, 0x00000000u);
 275              		.loc 1 238 0
ARM GAS  C:\Users\Admin\AppData\Local\Temp\ccWF6pan.s 			page 10


 276 0010 044B     		ldr	r3, .L8+8
 277 0012 0022     		movs	r2, #0
 278 0014 1A60     		str	r2, [r3]
 239:Generated_Source\PSoC4/cyfitter_cfg.c **** }
 279              		.loc 1 239 0
 280 0016 C046     		nop
 281 0018 BD46     		mov	sp, r7
 282              		@ sp needed
 283 001a 80BD     		pop	{r7, pc}
 284              	.L9:
 285              		.align	2
 286              	.L8:
 287 001c 30003040 		.word	1076887600
 288 0020 30003140 		.word	1076953136
 289 0024 000E3F40 		.word	1077874176
 290              		.cfi_endproc
 291              	.LFE6:
 292              		.size	AnalogSetDefault, .-AnalogSetDefault
 293              		.section	.psocinit
 294              		.align	2
 295              		.global	cyfitter_cfg
 296              		.code	16
 297              		.thumb_func
 298              		.type	cyfitter_cfg, %function
 299              	cyfitter_cfg:
 300              	.LFB7:
 240:Generated_Source\PSoC4/cyfitter_cfg.c **** 
 241:Generated_Source\PSoC4/cyfitter_cfg.c **** 
 242:Generated_Source\PSoC4/cyfitter_cfg.c **** 
 243:Generated_Source\PSoC4/cyfitter_cfg.c **** 
 244:Generated_Source\PSoC4/cyfitter_cfg.c **** /*******************************************************************************
 245:Generated_Source\PSoC4/cyfitter_cfg.c **** * Function Name: cyfitter_cfg
 246:Generated_Source\PSoC4/cyfitter_cfg.c **** ********************************************************************************
 247:Generated_Source\PSoC4/cyfitter_cfg.c **** * Summary:
 248:Generated_Source\PSoC4/cyfitter_cfg.c **** *  This function is called by the start-up code for the selected device. It
 249:Generated_Source\PSoC4/cyfitter_cfg.c **** *  performs all of the necessary device configuration based on the design
 250:Generated_Source\PSoC4/cyfitter_cfg.c **** *  settings.  This includes settings from the Design Wide Resources (DWR) such
 251:Generated_Source\PSoC4/cyfitter_cfg.c **** *  as Clocks and Pins as well as any component configuration that is necessary.
 252:Generated_Source\PSoC4/cyfitter_cfg.c **** *
 253:Generated_Source\PSoC4/cyfitter_cfg.c **** * Parameters:
 254:Generated_Source\PSoC4/cyfitter_cfg.c **** *   void
 255:Generated_Source\PSoC4/cyfitter_cfg.c **** *
 256:Generated_Source\PSoC4/cyfitter_cfg.c **** * Return:
 257:Generated_Source\PSoC4/cyfitter_cfg.c **** *   void
 258:Generated_Source\PSoC4/cyfitter_cfg.c **** *
 259:Generated_Source\PSoC4/cyfitter_cfg.c **** *******************************************************************************/
 260:Generated_Source\PSoC4/cyfitter_cfg.c **** CY_CFG_SECTION
 261:Generated_Source\PSoC4/cyfitter_cfg.c **** void cyfitter_cfg(void)
 262:Generated_Source\PSoC4/cyfitter_cfg.c **** {
 301              		.loc 1 262 0
 302              		.cfi_startproc
 303              		@ args = 0, pretend = 0, frame = 8
 304              		@ frame_needed = 1, uses_anonymous_args = 0
 305 00c8 80B5     		push	{r7, lr}
 306              		.cfi_def_cfa_offset 8
 307              		.cfi_offset 7, -8
 308              		.cfi_offset 14, -4
ARM GAS  C:\Users\Admin\AppData\Local\Temp\ccWF6pan.s 			page 11


 309 00ca 82B0     		sub	sp, sp, #8
 310              		.cfi_def_cfa_offset 16
 311 00cc 00AF     		add	r7, sp, #0
 312              		.cfi_def_cfa_register 7
 263:Generated_Source\PSoC4/cyfitter_cfg.c **** 	/* Disable interrupts by default. Let user enable if/when they want. */
 264:Generated_Source\PSoC4/cyfitter_cfg.c **** 	CyGlobalIntDisable;
 313              		.loc 1 264 0
 314              		.syntax divided
 315              	@ 264 "Generated_Source\PSoC4\cyfitter_cfg.c" 1
 316 00ce 72B6     		CPSID   i
 317              	@ 0 "" 2
 265:Generated_Source\PSoC4/cyfitter_cfg.c **** 
 266:Generated_Source\PSoC4/cyfitter_cfg.c **** 	CY_SET_REG32((void *)(CYREG_BLE_BLESS_LL_DSM_CTRL), 0x00000000u);
 318              		.loc 1 266 0
 319              		.thumb
 320              		.syntax unified
 321 00d0 2D4B     		ldr	r3, .L13
 322 00d2 0022     		movs	r2, #0
 323 00d4 1A60     		str	r2, [r3]
 324              	.LBB2:
 267:Generated_Source\PSoC4/cyfitter_cfg.c **** 
 268:Generated_Source\PSoC4/cyfitter_cfg.c **** 	{
 269:Generated_Source\PSoC4/cyfitter_cfg.c **** 
 270:Generated_Source\PSoC4/cyfitter_cfg.c **** 		CYPACKED typedef struct {
 271:Generated_Source\PSoC4/cyfitter_cfg.c **** 			void CYFAR *address;
 272:Generated_Source\PSoC4/cyfitter_cfg.c **** 			uint16 size;
 273:Generated_Source\PSoC4/cyfitter_cfg.c **** 		} CYPACKED_ATTR cfg_memset_t;
 274:Generated_Source\PSoC4/cyfitter_cfg.c **** 
 275:Generated_Source\PSoC4/cyfitter_cfg.c **** 		static const cfg_memset_t CYCODE cfg_memset_list[] = {
 276:Generated_Source\PSoC4/cyfitter_cfg.c **** 			/* address, size */
 277:Generated_Source\PSoC4/cyfitter_cfg.c **** 			{(void CYFAR *)(CYDEV_UDB_P0_U0_BASE), 1024u},
 278:Generated_Source\PSoC4/cyfitter_cfg.c **** 			{(void CYFAR *)(CYDEV_UDB_DSI0_BASE), 1024u},
 279:Generated_Source\PSoC4/cyfitter_cfg.c **** 		};
 280:Generated_Source\PSoC4/cyfitter_cfg.c **** 
 281:Generated_Source\PSoC4/cyfitter_cfg.c **** 		uint8 CYDATA i;
 282:Generated_Source\PSoC4/cyfitter_cfg.c **** 
 283:Generated_Source\PSoC4/cyfitter_cfg.c **** 		/* Zero out critical memory blocks before beginning configuration */
 284:Generated_Source\PSoC4/cyfitter_cfg.c **** 		for (i = 0u; i < (sizeof(cfg_memset_list)/sizeof(cfg_memset_list[0])); i++)
 325              		.loc 1 284 0
 326 00d6 FB1D     		adds	r3, r7, #7
 327 00d8 0022     		movs	r2, #0
 328 00da 1A70     		strb	r2, [r3]
 329 00dc 22E0     		b	.L11
 330              	.L12:
 331              	.LBB3:
 285:Generated_Source\PSoC4/cyfitter_cfg.c **** 		{
 286:Generated_Source\PSoC4/cyfitter_cfg.c **** 			const cfg_memset_t CYCODE * CYDATA ms = &cfg_memset_list[i];
 332              		.loc 1 286 0 discriminator 3
 333 00de FB1D     		adds	r3, r7, #7
 334 00e0 1A78     		ldrb	r2, [r3]
 335 00e2 1300     		movs	r3, r2
 336 00e4 5B00     		lsls	r3, r3, #1
 337 00e6 9B18     		adds	r3, r3, r2
 338 00e8 5B00     		lsls	r3, r3, #1
 339 00ea 284A     		ldr	r2, .L13+4
 340 00ec 9B18     		adds	r3, r3, r2
 341 00ee 3B60     		str	r3, [r7]
ARM GAS  C:\Users\Admin\AppData\Local\Temp\ccWF6pan.s 			page 12


 287:Generated_Source\PSoC4/cyfitter_cfg.c **** 			CYMEMZERO(ms->address, (size_t)(uint32)(ms->size));
 342              		.loc 1 287 0 discriminator 3
 343 00f0 3B68     		ldr	r3, [r7]
 344 00f2 1A78     		ldrb	r2, [r3]
 345 00f4 5978     		ldrb	r1, [r3, #1]
 346 00f6 0902     		lsls	r1, r1, #8
 347 00f8 0A43     		orrs	r2, r1
 348 00fa 9978     		ldrb	r1, [r3, #2]
 349 00fc 0904     		lsls	r1, r1, #16
 350 00fe 0A43     		orrs	r2, r1
 351 0100 DB78     		ldrb	r3, [r3, #3]
 352 0102 1B06     		lsls	r3, r3, #24
 353 0104 1343     		orrs	r3, r2
 354 0106 1800     		movs	r0, r3
 355 0108 3B68     		ldr	r3, [r7]
 356 010a 1A79     		ldrb	r2, [r3, #4]
 357 010c 5B79     		ldrb	r3, [r3, #5]
 358 010e 1B02     		lsls	r3, r3, #8
 359 0110 1343     		orrs	r3, r2
 360 0112 9BB2     		uxth	r3, r3
 361 0114 1900     		movs	r1, r3
 362 0116 FFF7FEFF 		bl	CYMEMZERO
 363              	.LBE3:
 284:Generated_Source\PSoC4/cyfitter_cfg.c **** 		{
 364              		.loc 1 284 0 discriminator 3
 365 011a FB1D     		adds	r3, r7, #7
 366 011c 1A78     		ldrb	r2, [r3]
 367 011e FB1D     		adds	r3, r7, #7
 368 0120 0132     		adds	r2, r2, #1
 369 0122 1A70     		strb	r2, [r3]
 370              	.L11:
 284:Generated_Source\PSoC4/cyfitter_cfg.c **** 		{
 371              		.loc 1 284 0 is_stmt 0 discriminator 1
 372 0124 FB1D     		adds	r3, r7, #7
 373 0126 1B78     		ldrb	r3, [r3]
 374 0128 012B     		cmp	r3, #1
 375 012a D8D9     		bls	.L12
 288:Generated_Source\PSoC4/cyfitter_cfg.c **** 		}
 289:Generated_Source\PSoC4/cyfitter_cfg.c **** 
 290:Generated_Source\PSoC4/cyfitter_cfg.c **** 		/* HSIOM Starting address: CYDEV_HSIOM_BASE */
 291:Generated_Source\PSoC4/cyfitter_cfg.c **** 		CY_SET_REG32((void *)(CYREG_HSIOM_PORT_SEL3), 0x08000000u);
 376              		.loc 1 291 0 is_stmt 1
 377 012c 184B     		ldr	r3, .L13+8
 378 012e 8022     		movs	r2, #128
 379 0130 1205     		lsls	r2, r2, #20
 380 0132 1A60     		str	r2, [r3]
 292:Generated_Source\PSoC4/cyfitter_cfg.c **** 
 293:Generated_Source\PSoC4/cyfitter_cfg.c **** 		/* FORCED_HSIOM Starting address: CYDEV_HSIOM_PORT_SEL0 */
 294:Generated_Source\PSoC4/cyfitter_cfg.c **** 		CY_SET_REG32((void *)(CYREG_HSIOM_PORT_SEL0), 0x00000000u);
 381              		.loc 1 294 0
 382 0134 174B     		ldr	r3, .L13+12
 383 0136 0022     		movs	r2, #0
 384 0138 1A60     		str	r2, [r3]
 295:Generated_Source\PSoC4/cyfitter_cfg.c **** 
 296:Generated_Source\PSoC4/cyfitter_cfg.c **** 		/* IOPINS0_0 Starting address: CYDEV_GPIO_PRT0_PC */
 297:Generated_Source\PSoC4/cyfitter_cfg.c **** 		CY_SET_REG32((void *)(CYREG_GPIO_PRT0_PC), 0x00000000u);
 385              		.loc 1 297 0
ARM GAS  C:\Users\Admin\AppData\Local\Temp\ccWF6pan.s 			page 13


 386 013a 174B     		ldr	r3, .L13+16
 387 013c 0022     		movs	r2, #0
 388 013e 1A60     		str	r2, [r3]
 298:Generated_Source\PSoC4/cyfitter_cfg.c **** 
 299:Generated_Source\PSoC4/cyfitter_cfg.c **** 		/* UDB_PA_2 Starting address: CYDEV_UDB_PA2_BASE */
 300:Generated_Source\PSoC4/cyfitter_cfg.c **** 		CY_SET_REG32((void *)(CYDEV_UDB_PA2_BASE), 0x00990000u);
 389              		.loc 1 300 0
 390 0140 164B     		ldr	r3, .L13+20
 391 0142 9922     		movs	r2, #153
 392 0144 1204     		lsls	r2, r2, #16
 393 0146 1A60     		str	r2, [r3]
 301:Generated_Source\PSoC4/cyfitter_cfg.c **** 
 302:Generated_Source\PSoC4/cyfitter_cfg.c **** 		/* UDB_PA_3 Starting address: CYDEV_UDB_PA3_BASE */
 303:Generated_Source\PSoC4/cyfitter_cfg.c **** 		CY_SET_REG32((void *)(CYDEV_UDB_PA3_BASE), 0x00990000u);
 394              		.loc 1 303 0
 395 0148 154B     		ldr	r3, .L13+24
 396 014a 9922     		movs	r2, #153
 397 014c 1204     		lsls	r2, r2, #16
 398 014e 1A60     		str	r2, [r3]
 304:Generated_Source\PSoC4/cyfitter_cfg.c **** 
 305:Generated_Source\PSoC4/cyfitter_cfg.c **** 		/* Enable digital routing */
 306:Generated_Source\PSoC4/cyfitter_cfg.c **** 		CY_SET_XTND_REG8((void *)CYREG_UDB_UDBIF_BANK_CTL, (uint8)(CY_GET_XTND_REG8((void *)CYREG_UDB_UDB
 399              		.loc 1 306 0
 400 0150 144A     		ldr	r2, .L13+28
 401 0152 144B     		ldr	r3, .L13+28
 402 0154 1B78     		ldrb	r3, [r3]
 403 0156 DBB2     		uxtb	r3, r3
 404 0158 0621     		movs	r1, #6
 405 015a 0B43     		orrs	r3, r1
 406 015c DBB2     		uxtb	r3, r3
 407 015e 1370     		strb	r3, [r2]
 408              	.LBE2:
 307:Generated_Source\PSoC4/cyfitter_cfg.c **** 	}
 308:Generated_Source\PSoC4/cyfitter_cfg.c **** 
 309:Generated_Source\PSoC4/cyfitter_cfg.c **** 	/* Perform second pass device configuration. These items must be configured in specific order afte
 310:Generated_Source\PSoC4/cyfitter_cfg.c **** 	/* IOPINS0_2 Starting address: CYDEV_GPIO_PRT2_BASE */
 311:Generated_Source\PSoC4/cyfitter_cfg.c **** 	CY_SET_REG32((void *)(CYREG_GPIO_PRT2_PC), 0x00180000u);
 409              		.loc 1 311 0
 410 0160 114B     		ldr	r3, .L13+32
 411 0162 C022     		movs	r2, #192
 412 0164 5203     		lsls	r2, r2, #13
 413 0166 1A60     		str	r2, [r3]
 312:Generated_Source\PSoC4/cyfitter_cfg.c **** 
 313:Generated_Source\PSoC4/cyfitter_cfg.c **** 	/* IOPINS0_3 Starting address: CYDEV_GPIO_PRT3_BASE */
 314:Generated_Source\PSoC4/cyfitter_cfg.c **** 	CY_SET_REG32((void *)(CYDEV_GPIO_PRT3_BASE), 0x00000040u);
 414              		.loc 1 314 0
 415 0168 104B     		ldr	r3, .L13+36
 416 016a 4022     		movs	r2, #64
 417 016c 1A60     		str	r2, [r3]
 315:Generated_Source\PSoC4/cyfitter_cfg.c **** 	CY_SET_REG32((void *)(CYREG_GPIO_PRT3_PC), 0x00D80000u);
 418              		.loc 1 315 0
 419 016e 104B     		ldr	r3, .L13+40
 420 0170 D822     		movs	r2, #216
 421 0172 1204     		lsls	r2, r2, #16
 422 0174 1A60     		str	r2, [r3]
 316:Generated_Source\PSoC4/cyfitter_cfg.c **** 
 317:Generated_Source\PSoC4/cyfitter_cfg.c **** 
ARM GAS  C:\Users\Admin\AppData\Local\Temp\ccWF6pan.s 			page 14


 318:Generated_Source\PSoC4/cyfitter_cfg.c **** 	/* Setup clocks based on selections from Clock DWR */
 319:Generated_Source\PSoC4/cyfitter_cfg.c **** 	ClockSetup();
 423              		.loc 1 319 0
 424 0176 FFF743FF 		bl	ClockSetup
 320:Generated_Source\PSoC4/cyfitter_cfg.c **** 
 321:Generated_Source\PSoC4/cyfitter_cfg.c **** 	/* Perform basic analog initialization to defaults */
 322:Generated_Source\PSoC4/cyfitter_cfg.c **** 	AnalogSetDefault();
 425              		.loc 1 322 0
 426 017a FFF7FEFF 		bl	AnalogSetDefault
 323:Generated_Source\PSoC4/cyfitter_cfg.c **** 
 324:Generated_Source\PSoC4/cyfitter_cfg.c **** }
 427              		.loc 1 324 0
 428 017e C046     		nop
 429 0180 BD46     		mov	sp, r7
 430 0182 02B0     		add	sp, sp, #8
 431              		@ sp needed
 432 0184 80BD     		pop	{r7, pc}
 433              	.L14:
 434 0186 C046     		.align	2
 435              	.L13:
 436 0188 6CF02E40 		.word	1076818028
 437 018c 00000000 		.word	cfg_memset_list.4893
 438 0190 00030240 		.word	1073873664
 439 0194 00000240 		.word	1073872896
 440 0198 08000440 		.word	1074003976
 441 019c 20500F40 		.word	1074745376
 442 01a0 30500F40 		.word	1074745392
 443 01a4 00700F40 		.word	1074753536
 444 01a8 08020440 		.word	1074004488
 445 01ac 00030440 		.word	1074004736
 446 01b0 08030440 		.word	1074004744
 447              		.cfi_endproc
 448              	.LFE7:
 449              		.size	cyfitter_cfg, .-cyfitter_cfg
 450              		.section	.rodata
 451              		.align	2
 452              		.type	cfg_memset_list.4893, %object
 453              		.size	cfg_memset_list.4893, 12
 454              	cfg_memset_list.4893:
 455 0000 00300F40 		.word	1074737152
 456 0004 0004     		.short	1024
 457 0006 00400F40 		.4byte	1074741248
 458 000a 0004     		.short	1024
 459              		.text
 460              	.Letext0:
 461              		.file 2 "c:\\program files (x86)\\cypress\\psoc creator\\4.4\\psoc creator\\import\\gnu\\arm\\5.4.
 462              		.file 3 "Generated_Source\\PSoC4\\cytypes.h"
 463              		.section	.debug_info,"",%progbits
 464              	.Ldebug_info0:
 465 0000 55020000 		.4byte	0x255
 466 0004 0400     		.2byte	0x4
 467 0006 00000000 		.4byte	.Ldebug_abbrev0
 468 000a 04       		.byte	0x4
 469 000b 01       		.uleb128 0x1
 470 000c 83000000 		.4byte	.LASF30
 471 0010 0C       		.byte	0xc
 472 0011 F9010000 		.4byte	.LASF31
ARM GAS  C:\Users\Admin\AppData\Local\Temp\ccWF6pan.s 			page 15


 473 0015 96010000 		.4byte	.LASF32
 474 0019 00000000 		.4byte	.Ldebug_ranges0+0
 475 001d 00000000 		.4byte	0
 476 0021 00000000 		.4byte	.Ldebug_line0
 477 0025 02       		.uleb128 0x2
 478 0026 04       		.byte	0x4
 479 0027 05       		.byte	0x5
 480 0028 696E7400 		.ascii	"int\000"
 481 002c 03       		.uleb128 0x3
 482 002d 06000000 		.4byte	.LASF12
 483 0031 02       		.byte	0x2
 484 0032 D8       		.byte	0xd8
 485 0033 37000000 		.4byte	0x37
 486 0037 04       		.uleb128 0x4
 487 0038 04       		.byte	0x4
 488 0039 07       		.byte	0x7
 489 003a 41010000 		.4byte	.LASF0
 490 003e 04       		.uleb128 0x4
 491 003f 08       		.byte	0x8
 492 0040 05       		.byte	0x5
 493 0041 83010000 		.4byte	.LASF1
 494 0045 04       		.uleb128 0x4
 495 0046 08       		.byte	0x8
 496 0047 04       		.byte	0x4
 497 0048 E1010000 		.4byte	.LASF2
 498 004c 04       		.uleb128 0x4
 499 004d 01       		.byte	0x1
 500 004e 06       		.byte	0x6
 501 004f ED010000 		.4byte	.LASF3
 502 0053 04       		.uleb128 0x4
 503 0054 01       		.byte	0x1
 504 0055 08       		.byte	0x8
 505 0056 11010000 		.4byte	.LASF4
 506 005a 04       		.uleb128 0x4
 507 005b 02       		.byte	0x2
 508 005c 05       		.byte	0x5
 509 005d CE010000 		.4byte	.LASF5
 510 0061 04       		.uleb128 0x4
 511 0062 02       		.byte	0x2
 512 0063 07       		.byte	0x7
 513 0064 39000000 		.4byte	.LASF6
 514 0068 04       		.uleb128 0x4
 515 0069 04       		.byte	0x4
 516 006a 05       		.byte	0x5
 517 006b D8010000 		.4byte	.LASF7
 518 006f 04       		.uleb128 0x4
 519 0070 04       		.byte	0x4
 520 0071 07       		.byte	0x7
 521 0072 61000000 		.4byte	.LASF8
 522 0076 04       		.uleb128 0x4
 523 0077 08       		.byte	0x8
 524 0078 07       		.byte	0x7
 525 0079 56010000 		.4byte	.LASF9
 526 007d 04       		.uleb128 0x4
 527 007e 04       		.byte	0x4
 528 007f 07       		.byte	0x7
 529 0080 7A010000 		.4byte	.LASF10
ARM GAS  C:\Users\Admin\AppData\Local\Temp\ccWF6pan.s 			page 16


 530 0084 05       		.uleb128 0x5
 531 0085 04       		.byte	0x4
 532 0086 04       		.uleb128 0x4
 533 0087 01       		.byte	0x1
 534 0088 08       		.byte	0x8
 535 0089 91010000 		.4byte	.LASF11
 536 008d 06       		.uleb128 0x6
 537 008e 73000000 		.4byte	.LASF13
 538 0092 03       		.byte	0x3
 539 0093 E401     		.2byte	0x1e4
 540 0095 53000000 		.4byte	0x53
 541 0099 06       		.uleb128 0x6
 542 009a 33010000 		.4byte	.LASF14
 543 009e 03       		.byte	0x3
 544 009f E501     		.2byte	0x1e5
 545 00a1 61000000 		.4byte	0x61
 546 00a5 06       		.uleb128 0x6
 547 00a6 3A010000 		.4byte	.LASF15
 548 00aa 03       		.byte	0x3
 549 00ab E601     		.2byte	0x1e6
 550 00ad 6F000000 		.4byte	0x6f
 551 00b1 04       		.uleb128 0x4
 552 00b2 04       		.byte	0x4
 553 00b3 04       		.byte	0x4
 554 00b4 4C000000 		.4byte	.LASF16
 555 00b8 04       		.uleb128 0x4
 556 00b9 08       		.byte	0x8
 557 00ba 04       		.byte	0x4
 558 00bb 1F010000 		.4byte	.LASF17
 559 00bf 06       		.uleb128 0x6
 560 00c0 5C000000 		.4byte	.LASF18
 561 00c4 03       		.byte	0x3
 562 00c5 8E02     		.2byte	0x28e
 563 00c7 CB000000 		.4byte	0xcb
 564 00cb 07       		.uleb128 0x7
 565 00cc 8D000000 		.4byte	0x8d
 566 00d0 06       		.uleb128 0x6
 567 00d1 00000000 		.4byte	.LASF19
 568 00d5 03       		.byte	0x3
 569 00d6 9002     		.2byte	0x290
 570 00d8 DC000000 		.4byte	0xdc
 571 00dc 07       		.uleb128 0x7
 572 00dd A5000000 		.4byte	0xa5
 573 00e1 08       		.uleb128 0x8
 574 00e2 79000000 		.4byte	.LASF20
 575 00e6 01       		.byte	0x1
 576 00e7 4B       		.byte	0x4b
 577 00e8 00000000 		.4byte	.LFB2
 578 00ec 1E000000 		.4byte	.LFE2-.LFB2
 579 00f0 01       		.uleb128 0x1
 580 00f1 9C       		.byte	0x9c
 581 00f2 0F010000 		.4byte	0x10f
 582 00f6 09       		.uleb128 0x9
 583 00f7 7300     		.ascii	"s\000"
 584 00f9 01       		.byte	0x1
 585 00fa 4B       		.byte	0x4b
 586 00fb 84000000 		.4byte	0x84
ARM GAS  C:\Users\Admin\AppData\Local\Temp\ccWF6pan.s 			page 17


 587 00ff 02       		.uleb128 0x2
 588 0100 91       		.byte	0x91
 589 0101 74       		.sleb128 -12
 590 0102 09       		.uleb128 0x9
 591 0103 6E00     		.ascii	"n\000"
 592 0105 01       		.byte	0x1
 593 0106 4B       		.byte	0x4b
 594 0107 2C000000 		.4byte	0x2c
 595 010b 02       		.uleb128 0x2
 596 010c 91       		.byte	0x91
 597 010d 70       		.sleb128 -16
 598 010e 00       		.byte	0
 599 010f 08       		.uleb128 0x8
 600 0110 2F020000 		.4byte	.LASF21
 601 0114 01       		.byte	0x1
 602 0115 52       		.byte	0x52
 603 0116 00000000 		.4byte	.LFB3
 604 011a 20000000 		.4byte	.LFE3-.LFB3
 605 011e 01       		.uleb128 0x1
 606 011f 9C       		.byte	0x9c
 607 0120 4D010000 		.4byte	0x14d
 608 0124 0A       		.uleb128 0xa
 609 0125 52000000 		.4byte	.LASF22
 610 0129 01       		.byte	0x1
 611 012a 52       		.byte	0x52
 612 012b 84000000 		.4byte	0x84
 613 012f 02       		.uleb128 0x2
 614 0130 91       		.byte	0x91
 615 0131 74       		.sleb128 -12
 616 0132 09       		.uleb128 0x9
 617 0133 73726300 		.ascii	"src\000"
 618 0137 01       		.byte	0x1
 619 0138 52       		.byte	0x52
 620 0139 4D010000 		.4byte	0x14d
 621 013d 02       		.uleb128 0x2
 622 013e 91       		.byte	0x91
 623 013f 70       		.sleb128 -16
 624 0140 09       		.uleb128 0x9
 625 0141 6E00     		.ascii	"n\000"
 626 0143 01       		.byte	0x1
 627 0144 52       		.byte	0x52
 628 0145 2C000000 		.4byte	0x2c
 629 0149 02       		.uleb128 0x2
 630 014a 91       		.byte	0x91
 631 014b 6C       		.sleb128 -20
 632 014c 00       		.byte	0
 633 014d 0B       		.uleb128 0xb
 634 014e 04       		.byte	0x4
 635 014f 53010000 		.4byte	0x153
 636 0153 0C       		.uleb128 0xc
 637 0154 08       		.uleb128 0x8
 638 0155 1F020000 		.4byte	.LASF23
 639 0159 01       		.byte	0x1
 640 015a 59       		.byte	0x59
 641 015b 00000000 		.4byte	.LFB4
 642 015f 20000000 		.4byte	.LFE4-.LFB4
 643 0163 01       		.uleb128 0x1
ARM GAS  C:\Users\Admin\AppData\Local\Temp\ccWF6pan.s 			page 18


 644 0164 9C       		.byte	0x9c
 645 0165 92010000 		.4byte	0x192
 646 0169 0A       		.uleb128 0xa
 647 016a 52000000 		.4byte	.LASF22
 648 016e 01       		.byte	0x1
 649 016f 59       		.byte	0x59
 650 0170 84000000 		.4byte	0x84
 651 0174 02       		.uleb128 0x2
 652 0175 91       		.byte	0x91
 653 0176 74       		.sleb128 -12
 654 0177 09       		.uleb128 0x9
 655 0178 73726300 		.ascii	"src\000"
 656 017c 01       		.byte	0x1
 657 017d 59       		.byte	0x59
 658 017e 4D010000 		.4byte	0x14d
 659 0182 02       		.uleb128 0x2
 660 0183 91       		.byte	0x91
 661 0184 70       		.sleb128 -16
 662 0185 09       		.uleb128 0x9
 663 0186 6E00     		.ascii	"n\000"
 664 0188 01       		.byte	0x1
 665 0189 59       		.byte	0x59
 666 018a 2C000000 		.4byte	0x2c
 667 018e 02       		.uleb128 0x2
 668 018f 91       		.byte	0x91
 669 0190 6C       		.sleb128 -20
 670 0191 00       		.byte	0
 671 0192 0D       		.uleb128 0xd
 672 0193 2E000000 		.4byte	.LASF24
 673 0197 01       		.byte	0x1
 674 0198 A9       		.byte	0xa9
 675 0199 00000000 		.4byte	.LFB5
 676 019d C8000000 		.4byte	.LFE5-.LFB5
 677 01a1 01       		.uleb128 0x1
 678 01a2 9C       		.byte	0x9c
 679 01a3 0E       		.uleb128 0xe
 680 01a4 0D000000 		.4byte	.LASF25
 681 01a8 01       		.byte	0x1
 682 01a9 EA       		.byte	0xea
 683 01aa 00000000 		.4byte	.LFB6
 684 01ae 28000000 		.4byte	.LFE6-.LFB6
 685 01b2 01       		.uleb128 0x1
 686 01b3 9C       		.byte	0x9c
 687 01b4 0F       		.uleb128 0xf
 688 01b5 26010000 		.4byte	.LASF33
 689 01b9 01       		.byte	0x1
 690 01ba 0501     		.2byte	0x105
 691 01bc C8000000 		.4byte	.LFB7
 692 01c0 EC000000 		.4byte	.LFE7-.LFB7
 693 01c4 01       		.uleb128 0x1
 694 01c5 9C       		.byte	0x9c
 695 01c6 10       		.uleb128 0x10
 696 01c7 D6000000 		.4byte	.LBB2
 697 01cb 8A000000 		.4byte	.LBE2-.LBB2
 698 01cf 11       		.uleb128 0x11
 699 01d0 06       		.byte	0x6
 700 01d1 01       		.byte	0x1
ARM GAS  C:\Users\Admin\AppData\Local\Temp\ccWF6pan.s 			page 19


 701 01d2 0E01     		.2byte	0x10e
 702 01d4 F3010000 		.4byte	0x1f3
 703 01d8 12       		.uleb128 0x12
 704 01d9 4E010000 		.4byte	.LASF26
 705 01dd 01       		.byte	0x1
 706 01de 0F01     		.2byte	0x10f
 707 01e0 84000000 		.4byte	0x84
 708 01e4 00       		.byte	0
 709 01e5 12       		.uleb128 0x12
 710 01e6 57000000 		.4byte	.LASF27
 711 01ea 01       		.byte	0x1
 712 01eb 1001     		.2byte	0x110
 713 01ed 99000000 		.4byte	0x99
 714 01f1 04       		.byte	0x4
 715 01f2 00       		.byte	0
 716 01f3 06       		.uleb128 0x6
 717 01f4 6D010000 		.4byte	.LASF28
 718 01f8 01       		.byte	0x1
 719 01f9 1101     		.2byte	0x111
 720 01fb CF010000 		.4byte	0x1cf
 721 01ff 13       		.uleb128 0x13
 722 0200 0F020000 		.4byte	0x20f
 723 0204 0F020000 		.4byte	0x20f
 724 0208 14       		.uleb128 0x14
 725 0209 7D000000 		.4byte	0x7d
 726 020d 01       		.byte	0x1
 727 020e 00       		.byte	0
 728 020f 15       		.uleb128 0x15
 729 0210 F3010000 		.4byte	0x1f3
 730 0214 16       		.uleb128 0x16
 731 0215 1E000000 		.4byte	.LASF29
 732 0219 01       		.byte	0x1
 733 021a 1301     		.2byte	0x113
 734 021c 26020000 		.4byte	0x226
 735 0220 05       		.uleb128 0x5
 736 0221 03       		.byte	0x3
 737 0222 00000000 		.4byte	cfg_memset_list.4893
 738 0226 15       		.uleb128 0x15
 739 0227 FF010000 		.4byte	0x1ff
 740 022b 17       		.uleb128 0x17
 741 022c 6900     		.ascii	"i\000"
 742 022e 01       		.byte	0x1
 743 022f 1901     		.2byte	0x119
 744 0231 8D000000 		.4byte	0x8d
 745 0235 02       		.uleb128 0x2
 746 0236 91       		.byte	0x91
 747 0237 77       		.sleb128 -9
 748 0238 10       		.uleb128 0x10
 749 0239 DE000000 		.4byte	.LBB3
 750 023d 3C000000 		.4byte	.LBE3-.LBB3
 751 0241 17       		.uleb128 0x17
 752 0242 6D7300   		.ascii	"ms\000"
 753 0245 01       		.byte	0x1
 754 0246 1E01     		.2byte	0x11e
 755 0248 4F020000 		.4byte	0x24f
 756 024c 02       		.uleb128 0x2
 757 024d 91       		.byte	0x91
ARM GAS  C:\Users\Admin\AppData\Local\Temp\ccWF6pan.s 			page 20


 758 024e 70       		.sleb128 -16
 759 024f 0B       		.uleb128 0xb
 760 0250 04       		.byte	0x4
 761 0251 0F020000 		.4byte	0x20f
 762 0255 00       		.byte	0
 763 0256 00       		.byte	0
 764 0257 00       		.byte	0
 765 0258 00       		.byte	0
 766              		.section	.debug_abbrev,"",%progbits
 767              	.Ldebug_abbrev0:
 768 0000 01       		.uleb128 0x1
 769 0001 11       		.uleb128 0x11
 770 0002 01       		.byte	0x1
 771 0003 25       		.uleb128 0x25
 772 0004 0E       		.uleb128 0xe
 773 0005 13       		.uleb128 0x13
 774 0006 0B       		.uleb128 0xb
 775 0007 03       		.uleb128 0x3
 776 0008 0E       		.uleb128 0xe
 777 0009 1B       		.uleb128 0x1b
 778 000a 0E       		.uleb128 0xe
 779 000b 55       		.uleb128 0x55
 780 000c 17       		.uleb128 0x17
 781 000d 11       		.uleb128 0x11
 782 000e 01       		.uleb128 0x1
 783 000f 10       		.uleb128 0x10
 784 0010 17       		.uleb128 0x17
 785 0011 00       		.byte	0
 786 0012 00       		.byte	0
 787 0013 02       		.uleb128 0x2
 788 0014 24       		.uleb128 0x24
 789 0015 00       		.byte	0
 790 0016 0B       		.uleb128 0xb
 791 0017 0B       		.uleb128 0xb
 792 0018 3E       		.uleb128 0x3e
 793 0019 0B       		.uleb128 0xb
 794 001a 03       		.uleb128 0x3
 795 001b 08       		.uleb128 0x8
 796 001c 00       		.byte	0
 797 001d 00       		.byte	0
 798 001e 03       		.uleb128 0x3
 799 001f 16       		.uleb128 0x16
 800 0020 00       		.byte	0
 801 0021 03       		.uleb128 0x3
 802 0022 0E       		.uleb128 0xe
 803 0023 3A       		.uleb128 0x3a
 804 0024 0B       		.uleb128 0xb
 805 0025 3B       		.uleb128 0x3b
 806 0026 0B       		.uleb128 0xb
 807 0027 49       		.uleb128 0x49
 808 0028 13       		.uleb128 0x13
 809 0029 00       		.byte	0
 810 002a 00       		.byte	0
 811 002b 04       		.uleb128 0x4
 812 002c 24       		.uleb128 0x24
 813 002d 00       		.byte	0
 814 002e 0B       		.uleb128 0xb
ARM GAS  C:\Users\Admin\AppData\Local\Temp\ccWF6pan.s 			page 21


 815 002f 0B       		.uleb128 0xb
 816 0030 3E       		.uleb128 0x3e
 817 0031 0B       		.uleb128 0xb
 818 0032 03       		.uleb128 0x3
 819 0033 0E       		.uleb128 0xe
 820 0034 00       		.byte	0
 821 0035 00       		.byte	0
 822 0036 05       		.uleb128 0x5
 823 0037 0F       		.uleb128 0xf
 824 0038 00       		.byte	0
 825 0039 0B       		.uleb128 0xb
 826 003a 0B       		.uleb128 0xb
 827 003b 00       		.byte	0
 828 003c 00       		.byte	0
 829 003d 06       		.uleb128 0x6
 830 003e 16       		.uleb128 0x16
 831 003f 00       		.byte	0
 832 0040 03       		.uleb128 0x3
 833 0041 0E       		.uleb128 0xe
 834 0042 3A       		.uleb128 0x3a
 835 0043 0B       		.uleb128 0xb
 836 0044 3B       		.uleb128 0x3b
 837 0045 05       		.uleb128 0x5
 838 0046 49       		.uleb128 0x49
 839 0047 13       		.uleb128 0x13
 840 0048 00       		.byte	0
 841 0049 00       		.byte	0
 842 004a 07       		.uleb128 0x7
 843 004b 35       		.uleb128 0x35
 844 004c 00       		.byte	0
 845 004d 49       		.uleb128 0x49
 846 004e 13       		.uleb128 0x13
 847 004f 00       		.byte	0
 848 0050 00       		.byte	0
 849 0051 08       		.uleb128 0x8
 850 0052 2E       		.uleb128 0x2e
 851 0053 01       		.byte	0x1
 852 0054 03       		.uleb128 0x3
 853 0055 0E       		.uleb128 0xe
 854 0056 3A       		.uleb128 0x3a
 855 0057 0B       		.uleb128 0xb
 856 0058 3B       		.uleb128 0x3b
 857 0059 0B       		.uleb128 0xb
 858 005a 27       		.uleb128 0x27
 859 005b 19       		.uleb128 0x19
 860 005c 11       		.uleb128 0x11
 861 005d 01       		.uleb128 0x1
 862 005e 12       		.uleb128 0x12
 863 005f 06       		.uleb128 0x6
 864 0060 40       		.uleb128 0x40
 865 0061 18       		.uleb128 0x18
 866 0062 9642     		.uleb128 0x2116
 867 0064 19       		.uleb128 0x19
 868 0065 01       		.uleb128 0x1
 869 0066 13       		.uleb128 0x13
 870 0067 00       		.byte	0
 871 0068 00       		.byte	0
ARM GAS  C:\Users\Admin\AppData\Local\Temp\ccWF6pan.s 			page 22


 872 0069 09       		.uleb128 0x9
 873 006a 05       		.uleb128 0x5
 874 006b 00       		.byte	0
 875 006c 03       		.uleb128 0x3
 876 006d 08       		.uleb128 0x8
 877 006e 3A       		.uleb128 0x3a
 878 006f 0B       		.uleb128 0xb
 879 0070 3B       		.uleb128 0x3b
 880 0071 0B       		.uleb128 0xb
 881 0072 49       		.uleb128 0x49
 882 0073 13       		.uleb128 0x13
 883 0074 02       		.uleb128 0x2
 884 0075 18       		.uleb128 0x18
 885 0076 00       		.byte	0
 886 0077 00       		.byte	0
 887 0078 0A       		.uleb128 0xa
 888 0079 05       		.uleb128 0x5
 889 007a 00       		.byte	0
 890 007b 03       		.uleb128 0x3
 891 007c 0E       		.uleb128 0xe
 892 007d 3A       		.uleb128 0x3a
 893 007e 0B       		.uleb128 0xb
 894 007f 3B       		.uleb128 0x3b
 895 0080 0B       		.uleb128 0xb
 896 0081 49       		.uleb128 0x49
 897 0082 13       		.uleb128 0x13
 898 0083 02       		.uleb128 0x2
 899 0084 18       		.uleb128 0x18
 900 0085 00       		.byte	0
 901 0086 00       		.byte	0
 902 0087 0B       		.uleb128 0xb
 903 0088 0F       		.uleb128 0xf
 904 0089 00       		.byte	0
 905 008a 0B       		.uleb128 0xb
 906 008b 0B       		.uleb128 0xb
 907 008c 49       		.uleb128 0x49
 908 008d 13       		.uleb128 0x13
 909 008e 00       		.byte	0
 910 008f 00       		.byte	0
 911 0090 0C       		.uleb128 0xc
 912 0091 26       		.uleb128 0x26
 913 0092 00       		.byte	0
 914 0093 00       		.byte	0
 915 0094 00       		.byte	0
 916 0095 0D       		.uleb128 0xd
 917 0096 2E       		.uleb128 0x2e
 918 0097 00       		.byte	0
 919 0098 03       		.uleb128 0x3
 920 0099 0E       		.uleb128 0xe
 921 009a 3A       		.uleb128 0x3a
 922 009b 0B       		.uleb128 0xb
 923 009c 3B       		.uleb128 0x3b
 924 009d 0B       		.uleb128 0xb
 925 009e 27       		.uleb128 0x27
 926 009f 19       		.uleb128 0x19
 927 00a0 11       		.uleb128 0x11
 928 00a1 01       		.uleb128 0x1
ARM GAS  C:\Users\Admin\AppData\Local\Temp\ccWF6pan.s 			page 23


 929 00a2 12       		.uleb128 0x12
 930 00a3 06       		.uleb128 0x6
 931 00a4 40       		.uleb128 0x40
 932 00a5 18       		.uleb128 0x18
 933 00a6 9642     		.uleb128 0x2116
 934 00a8 19       		.uleb128 0x19
 935 00a9 00       		.byte	0
 936 00aa 00       		.byte	0
 937 00ab 0E       		.uleb128 0xe
 938 00ac 2E       		.uleb128 0x2e
 939 00ad 00       		.byte	0
 940 00ae 03       		.uleb128 0x3
 941 00af 0E       		.uleb128 0xe
 942 00b0 3A       		.uleb128 0x3a
 943 00b1 0B       		.uleb128 0xb
 944 00b2 3B       		.uleb128 0x3b
 945 00b3 0B       		.uleb128 0xb
 946 00b4 27       		.uleb128 0x27
 947 00b5 19       		.uleb128 0x19
 948 00b6 11       		.uleb128 0x11
 949 00b7 01       		.uleb128 0x1
 950 00b8 12       		.uleb128 0x12
 951 00b9 06       		.uleb128 0x6
 952 00ba 40       		.uleb128 0x40
 953 00bb 18       		.uleb128 0x18
 954 00bc 9742     		.uleb128 0x2117
 955 00be 19       		.uleb128 0x19
 956 00bf 00       		.byte	0
 957 00c0 00       		.byte	0
 958 00c1 0F       		.uleb128 0xf
 959 00c2 2E       		.uleb128 0x2e
 960 00c3 01       		.byte	0x1
 961 00c4 3F       		.uleb128 0x3f
 962 00c5 19       		.uleb128 0x19
 963 00c6 03       		.uleb128 0x3
 964 00c7 0E       		.uleb128 0xe
 965 00c8 3A       		.uleb128 0x3a
 966 00c9 0B       		.uleb128 0xb
 967 00ca 3B       		.uleb128 0x3b
 968 00cb 05       		.uleb128 0x5
 969 00cc 27       		.uleb128 0x27
 970 00cd 19       		.uleb128 0x19
 971 00ce 11       		.uleb128 0x11
 972 00cf 01       		.uleb128 0x1
 973 00d0 12       		.uleb128 0x12
 974 00d1 06       		.uleb128 0x6
 975 00d2 40       		.uleb128 0x40
 976 00d3 18       		.uleb128 0x18
 977 00d4 9642     		.uleb128 0x2116
 978 00d6 19       		.uleb128 0x19
 979 00d7 00       		.byte	0
 980 00d8 00       		.byte	0
 981 00d9 10       		.uleb128 0x10
 982 00da 0B       		.uleb128 0xb
 983 00db 01       		.byte	0x1
 984 00dc 11       		.uleb128 0x11
 985 00dd 01       		.uleb128 0x1
ARM GAS  C:\Users\Admin\AppData\Local\Temp\ccWF6pan.s 			page 24


 986 00de 12       		.uleb128 0x12
 987 00df 06       		.uleb128 0x6
 988 00e0 00       		.byte	0
 989 00e1 00       		.byte	0
 990 00e2 11       		.uleb128 0x11
 991 00e3 13       		.uleb128 0x13
 992 00e4 01       		.byte	0x1
 993 00e5 0B       		.uleb128 0xb
 994 00e6 0B       		.uleb128 0xb
 995 00e7 3A       		.uleb128 0x3a
 996 00e8 0B       		.uleb128 0xb
 997 00e9 3B       		.uleb128 0x3b
 998 00ea 05       		.uleb128 0x5
 999 00eb 01       		.uleb128 0x1
 1000 00ec 13       		.uleb128 0x13
 1001 00ed 00       		.byte	0
 1002 00ee 00       		.byte	0
 1003 00ef 12       		.uleb128 0x12
 1004 00f0 0D       		.uleb128 0xd
 1005 00f1 00       		.byte	0
 1006 00f2 03       		.uleb128 0x3
 1007 00f3 0E       		.uleb128 0xe
 1008 00f4 3A       		.uleb128 0x3a
 1009 00f5 0B       		.uleb128 0xb
 1010 00f6 3B       		.uleb128 0x3b
 1011 00f7 05       		.uleb128 0x5
 1012 00f8 49       		.uleb128 0x49
 1013 00f9 13       		.uleb128 0x13
 1014 00fa 38       		.uleb128 0x38
 1015 00fb 0B       		.uleb128 0xb
 1016 00fc 00       		.byte	0
 1017 00fd 00       		.byte	0
 1018 00fe 13       		.uleb128 0x13
 1019 00ff 01       		.uleb128 0x1
 1020 0100 01       		.byte	0x1
 1021 0101 49       		.uleb128 0x49
 1022 0102 13       		.uleb128 0x13
 1023 0103 01       		.uleb128 0x1
 1024 0104 13       		.uleb128 0x13
 1025 0105 00       		.byte	0
 1026 0106 00       		.byte	0
 1027 0107 14       		.uleb128 0x14
 1028 0108 21       		.uleb128 0x21
 1029 0109 00       		.byte	0
 1030 010a 49       		.uleb128 0x49
 1031 010b 13       		.uleb128 0x13
 1032 010c 2F       		.uleb128 0x2f
 1033 010d 0B       		.uleb128 0xb
 1034 010e 00       		.byte	0
 1035 010f 00       		.byte	0
 1036 0110 15       		.uleb128 0x15
 1037 0111 26       		.uleb128 0x26
 1038 0112 00       		.byte	0
 1039 0113 49       		.uleb128 0x49
 1040 0114 13       		.uleb128 0x13
 1041 0115 00       		.byte	0
 1042 0116 00       		.byte	0
ARM GAS  C:\Users\Admin\AppData\Local\Temp\ccWF6pan.s 			page 25


 1043 0117 16       		.uleb128 0x16
 1044 0118 34       		.uleb128 0x34
 1045 0119 00       		.byte	0
 1046 011a 03       		.uleb128 0x3
 1047 011b 0E       		.uleb128 0xe
 1048 011c 3A       		.uleb128 0x3a
 1049 011d 0B       		.uleb128 0xb
 1050 011e 3B       		.uleb128 0x3b
 1051 011f 05       		.uleb128 0x5
 1052 0120 49       		.uleb128 0x49
 1053 0121 13       		.uleb128 0x13
 1054 0122 02       		.uleb128 0x2
 1055 0123 18       		.uleb128 0x18
 1056 0124 00       		.byte	0
 1057 0125 00       		.byte	0
 1058 0126 17       		.uleb128 0x17
 1059 0127 34       		.uleb128 0x34
 1060 0128 00       		.byte	0
 1061 0129 03       		.uleb128 0x3
 1062 012a 08       		.uleb128 0x8
 1063 012b 3A       		.uleb128 0x3a
 1064 012c 0B       		.uleb128 0xb
 1065 012d 3B       		.uleb128 0x3b
 1066 012e 05       		.uleb128 0x5
 1067 012f 49       		.uleb128 0x49
 1068 0130 13       		.uleb128 0x13
 1069 0131 02       		.uleb128 0x2
 1070 0132 18       		.uleb128 0x18
 1071 0133 00       		.byte	0
 1072 0134 00       		.byte	0
 1073 0135 00       		.byte	0
 1074              		.section	.debug_aranges,"",%progbits
 1075 0000 44000000 		.4byte	0x44
 1076 0004 0200     		.2byte	0x2
 1077 0006 00000000 		.4byte	.Ldebug_info0
 1078 000a 04       		.byte	0x4
 1079 000b 00       		.byte	0
 1080 000c 0000     		.2byte	0
 1081 000e 0000     		.2byte	0
 1082 0010 00000000 		.4byte	.LFB2
 1083 0014 1E000000 		.4byte	.LFE2-.LFB2
 1084 0018 00000000 		.4byte	.LFB3
 1085 001c 20000000 		.4byte	.LFE3-.LFB3
 1086 0020 00000000 		.4byte	.LFB4
 1087 0024 20000000 		.4byte	.LFE4-.LFB4
 1088 0028 00000000 		.4byte	.LFB5
 1089 002c C8000000 		.4byte	.LFE5-.LFB5
 1090 0030 00000000 		.4byte	.LFB6
 1091 0034 28000000 		.4byte	.LFE6-.LFB6
 1092 0038 C8000000 		.4byte	.LFB7
 1093 003c EC000000 		.4byte	.LFE7-.LFB7
 1094 0040 00000000 		.4byte	0
 1095 0044 00000000 		.4byte	0
 1096              		.section	.debug_ranges,"",%progbits
 1097              	.Ldebug_ranges0:
 1098 0000 00000000 		.4byte	.LFB2
 1099 0004 1E000000 		.4byte	.LFE2
ARM GAS  C:\Users\Admin\AppData\Local\Temp\ccWF6pan.s 			page 26


 1100 0008 00000000 		.4byte	.LFB3
 1101 000c 20000000 		.4byte	.LFE3
 1102 0010 00000000 		.4byte	.LFB4
 1103 0014 20000000 		.4byte	.LFE4
 1104 0018 00000000 		.4byte	.LFB5
 1105 001c C8000000 		.4byte	.LFE5
 1106 0020 00000000 		.4byte	.LFB6
 1107 0024 28000000 		.4byte	.LFE6
 1108 0028 C8000000 		.4byte	.LFB7
 1109 002c B4010000 		.4byte	.LFE7
 1110 0030 00000000 		.4byte	0
 1111 0034 00000000 		.4byte	0
 1112              		.section	.debug_line,"",%progbits
 1113              	.Ldebug_line0:
 1114 0000 6B010000 		.section	.debug_str,"MS",%progbits,1
 1114      0200CB00 
 1114      00000201 
 1114      FB0E0D00 
 1114      01010101 
 1115              	.LASF19:
 1116 0000 72656733 		.ascii	"reg32\000"
 1116      3200
 1117              	.LASF12:
 1118 0006 73697A65 		.ascii	"size_t\000"
 1118      5F7400
 1119              	.LASF25:
 1120 000d 416E616C 		.ascii	"AnalogSetDefault\000"
 1120      6F675365 
 1120      74446566 
 1120      61756C74 
 1120      00
 1121              	.LASF29:
 1122 001e 6366675F 		.ascii	"cfg_memset_list\000"
 1122      6D656D73 
 1122      65745F6C 
 1122      69737400 
 1123              	.LASF24:
 1124 002e 436C6F63 		.ascii	"ClockSetup\000"
 1124      6B536574 
 1124      757000
 1125              	.LASF6:
 1126 0039 73686F72 		.ascii	"short unsigned int\000"
 1126      7420756E 
 1126      7369676E 
 1126      65642069 
 1126      6E7400
 1127              	.LASF16:
 1128 004c 666C6F61 		.ascii	"float\000"
 1128      7400
 1129              	.LASF22:
 1130 0052 64657374 		.ascii	"dest\000"
 1130      00
 1131              	.LASF27:
 1132 0057 73697A65 		.ascii	"size\000"
 1132      00
 1133              	.LASF18:
 1134 005c 72656738 		.ascii	"reg8\000"
ARM GAS  C:\Users\Admin\AppData\Local\Temp\ccWF6pan.s 			page 27


 1134      00
 1135              	.LASF8:
 1136 0061 6C6F6E67 		.ascii	"long unsigned int\000"
 1136      20756E73 
 1136      69676E65 
 1136      6420696E 
 1136      7400
 1137              	.LASF13:
 1138 0073 75696E74 		.ascii	"uint8\000"
 1138      3800
 1139              	.LASF20:
 1140 0079 43594D45 		.ascii	"CYMEMZERO\000"
 1140      4D5A4552 
 1140      4F00
 1141              	.LASF30:
 1142 0083 474E5520 		.ascii	"GNU C11 5.4.1 20160609 (release) [ARM/embedded-5-br"
 1142      43313120 
 1142      352E342E 
 1142      31203230 
 1142      31363036 
 1143 00b6 616E6368 		.ascii	"anch revision 237715] -mcpu=cortex-m0 -mthumb -g -O"
 1143      20726576 
 1143      6973696F 
 1143      6E203233 
 1143      37373135 
 1144 00e9 30202D66 		.ascii	"0 -ffunction-sections -ffat-lto-objects\000"
 1144      66756E63 
 1144      74696F6E 
 1144      2D736563 
 1144      74696F6E 
 1145              	.LASF4:
 1146 0111 756E7369 		.ascii	"unsigned char\000"
 1146      676E6564 
 1146      20636861 
 1146      7200
 1147              	.LASF17:
 1148 011f 646F7562 		.ascii	"double\000"
 1148      6C6500
 1149              	.LASF33:
 1150 0126 63796669 		.ascii	"cyfitter_cfg\000"
 1150      74746572 
 1150      5F636667 
 1150      00
 1151              	.LASF14:
 1152 0133 75696E74 		.ascii	"uint16\000"
 1152      313600
 1153              	.LASF15:
 1154 013a 75696E74 		.ascii	"uint32\000"
 1154      333200
 1155              	.LASF0:
 1156 0141 756E7369 		.ascii	"unsigned int\000"
 1156      676E6564 
 1156      20696E74 
 1156      00
 1157              	.LASF26:
 1158 014e 61646472 		.ascii	"address\000"
 1158      65737300 
ARM GAS  C:\Users\Admin\AppData\Local\Temp\ccWF6pan.s 			page 28


 1159              	.LASF9:
 1160 0156 6C6F6E67 		.ascii	"long long unsigned int\000"
 1160      206C6F6E 
 1160      6720756E 
 1160      7369676E 
 1160      65642069 
 1161              	.LASF28:
 1162 016d 6366675F 		.ascii	"cfg_memset_t\000"
 1162      6D656D73 
 1162      65745F74 
 1162      00
 1163              	.LASF10:
 1164 017a 73697A65 		.ascii	"sizetype\000"
 1164      74797065 
 1164      00
 1165              	.LASF1:
 1166 0183 6C6F6E67 		.ascii	"long long int\000"
 1166      206C6F6E 
 1166      6720696E 
 1166      7400
 1167              	.LASF11:
 1168 0191 63686172 		.ascii	"char\000"
 1168      00
 1169              	.LASF32:
 1170 0196 443A5C4C 		.ascii	"D:\\LABs_BLE\\LABs_BLE\\Lab_1_1_LED_additional_gree"
 1170      4142735F 
 1170      424C455C 
 1170      4C414273 
 1170      5F424C45 
 1171 01c6 6E2E6379 		.ascii	"n.cydsn\000"
 1171      64736E00 
 1172              	.LASF5:
 1173 01ce 73686F72 		.ascii	"short int\000"
 1173      7420696E 
 1173      7400
 1174              	.LASF7:
 1175 01d8 6C6F6E67 		.ascii	"long int\000"
 1175      20696E74 
 1175      00
 1176              	.LASF2:
 1177 01e1 6C6F6E67 		.ascii	"long double\000"
 1177      20646F75 
 1177      626C6500 
 1178              	.LASF3:
 1179 01ed 7369676E 		.ascii	"signed char\000"
 1179      65642063 
 1179      68617200 
 1180              	.LASF31:
 1181 01f9 47656E65 		.ascii	"Generated_Source\\PSoC4\\cyfitter_cfg.c\000"
 1181      72617465 
 1181      645F536F 
 1181      75726365 
 1181      5C50536F 
 1182              	.LASF23:
 1183 021f 4359434F 		.ascii	"CYCONFIGCPYCODE\000"
 1183      4E464947 
 1183      43505943 
ARM GAS  C:\Users\Admin\AppData\Local\Temp\ccWF6pan.s 			page 29


 1183      4F444500 
 1184              	.LASF21:
 1185 022f 4359434F 		.ascii	"CYCONFIGCPY\000"
 1185      4E464947 
 1185      43505900 
 1186              		.ident	"GCC: (GNU Tools for ARM Embedded Processors) 5.4.1 20160609 (release) [ARM/embedded-5-bran
