ARM GAS  C:\Users\Lenovo\AppData\Local\Temp\ccFByrcS.s 			page 1


   1              		.syntax unified
   2              		.cpu cortex-m0
   3              		.fpu softvfp
   4              		.eabi_attribute 20, 1
   5              		.eabi_attribute 21, 1
   6              		.eabi_attribute 23, 3
   7              		.eabi_attribute 24, 1
   8              		.eabi_attribute 25, 1
   9              		.eabi_attribute 26, 1
  10              		.eabi_attribute 30, 1
  11              		.eabi_attribute 34, 0
  12              		.eabi_attribute 18, 4
  13              		.thumb
  14              		.syntax unified
  15              		.file	"main.c"
  16              		.text
  17              	.Ltext0:
  18              		.cfi_sections	.debug_frame
  19              		.section	.text.isr_100Hz,"ax",%progbits
  20              		.align	2
  21              		.global	isr_100Hz
  22              		.code	16
  23              		.thumb_func
  24              		.type	isr_100Hz, %function
  25              	isr_100Hz:
  26              	.LFB35:
  27              		.file 1 "main.c"
   1:main.c        **** /* ========================================
   2:main.c        ****  *
   3:main.c        ****  * Copyright YOUR COMPANY, THE YEAR
   4:main.c        ****  * All Rights Reserved
   5:main.c        ****  * UNPUBLISHED, LICENSED SOFTWARE.
   6:main.c        ****  *
   7:main.c        ****  * CONFIDENTIAL AND PROPRIETARY INFORMATION
   8:main.c        ****  * WHICH IS THE PROPERTY OF your company.
   9:main.c        ****  *
  10:main.c        ****  * ========================================
  11:main.c        **** */
  12:main.c        **** #include "project.h"
  13:main.c        **** 
  14:main.c        **** void out7seg(uint16, uint8);
  15:main.c        **** void rst_count(void);
  16:main.c        **** 
  17:main.c        **** volatile uint16 counter = 0;
  18:main.c        **** volatile uint8 cnt_mode = 0;       // (0 -> 9999) or (0 -> -999)
  19:main.c        **** 
  20:main.c        **** 
  21:main.c        **** uint16 indyk[4]         = {0x10FF,0x20FF,0x40FF,0x80FF};
  22:main.c        **** const uint8 KOD7[10]    = {0x03,0x9F,0x25,0x0D,0x99,0x49,0x41,0x1F,0x01,0x09};
  23:main.c        **** const uint16 minus = 0x00FD;      // minus code on a 7 seg indicator
  24:main.c        **** 
  25:main.c        **** uint8 floating_p_mode = 0;        // 1 - fixed floating point mode, 0 - integer mode
  26:main.c        **** uint8 point_pos = 1;              // fixed point position on a 7 seg indicator
  27:main.c        **** 
  28:main.c        **** CY_ISR(isr_100Hz)
  29:main.c        **** {   
  28              		.loc 1 29 0
ARM GAS  C:\Users\Lenovo\AppData\Local\Temp\ccFByrcS.s 			page 2


  29              		.cfi_startproc
  30              		@ args = 0, pretend = 0, frame = 0
  31              		@ frame_needed = 0, uses_anonymous_args = 0
  32 0000 10B5     		push	{r4, lr}
  33              		.cfi_def_cfa_offset 8
  34              		.cfi_offset 4, -8
  35              		.cfi_offset 14, -4
  30:main.c        ****     // ISR to sequentially light next segment
  31:main.c        ****     static uint8 N_indyk = 0u;
  32:main.c        ****     
  33:main.c        ****     SPIM_WriteTxData(indyk[N_indyk]);
  36              		.loc 1 33 0
  37 0002 064C     		ldr	r4, .L2
  38 0004 2378     		ldrb	r3, [r4]
  39 0006 5B00     		lsls	r3, r3, #1
  40 0008 054A     		ldr	r2, .L2+4
  41 000a 985A     		ldrh	r0, [r3, r2]
  42 000c FFF7FEFF 		bl	SPIM_WriteTxData
  43              	.LVL0:
  34:main.c        ****     
  35:main.c        ****     N_indyk++;
  44              		.loc 1 35 0
  45 0010 2378     		ldrb	r3, [r4]
  46 0012 0133     		adds	r3, r3, #1
  36:main.c        ****     N_indyk &= 3;    
  47              		.loc 1 36 0
  48 0014 0322     		movs	r2, #3
  49 0016 1340     		ands	r3, r2
  50 0018 2370     		strb	r3, [r4]
  37:main.c        **** }
  51              		.loc 1 37 0
  52              		@ sp needed
  53 001a 10BD     		pop	{r4, pc}
  54              	.L3:
  55              		.align	2
  56              	.L2:
  57 001c 00000000 		.word	.LANCHOR1
  58 0020 00000000 		.word	.LANCHOR0
  59              		.cfi_endproc
  60              	.LFE35:
  61              		.size	isr_100Hz, .-isr_100Hz
  62              		.global	__aeabi_uidivmod
  63              		.global	__aeabi_uidiv
  64              		.section	.text.out7seg,"ax",%progbits
  65              		.align	2
  66              		.global	out7seg
  67              		.code	16
  68              		.thumb_func
  69              		.type	out7seg, %function
  70              	out7seg:
  71              	.LFB38:
  38:main.c        **** 
  39:main.c        **** // Added
  40:main.c        **** CY_ISR(isr_CNT_RST)
  41:main.c        **** {   
  42:main.c        ****     // ISR to switch counter to (0 -> -999) mode
  43:main.c        ****     cnt_mode = 0;
ARM GAS  C:\Users\Lenovo\AppData\Local\Temp\ccFByrcS.s 			page 3


  44:main.c        ****     rst_count();
  45:main.c        ****     Pin_B2_ClearInterrupt();
  46:main.c        **** }
  47:main.c        **** 
  48:main.c        **** CY_ISR(isr_CNT_NEG)
  49:main.c        **** {
  50:main.c        ****     // ISR to switch counter to (0 -> 9999) mode
  51:main.c        ****     cnt_mode = 1;
  52:main.c        ****     rst_count();
  53:main.c        ****     Pin_B3_ClearInterrupt();
  54:main.c        **** }
  55:main.c        **** 
  56:main.c        **** // Adjusted
  57:main.c        **** void out7seg(uint16 data, uint8 pos)
  58:main.c        **** {   
  72              		.loc 1 58 0
  73              		.cfi_startproc
  74              		@ args = 0, pretend = 0, frame = 8
  75              		@ frame_needed = 0, uses_anonymous_args = 0
  76              	.LVL1:
  77 0000 F0B5     		push	{r4, r5, r6, r7, lr}
  78              		.cfi_def_cfa_offset 20
  79              		.cfi_offset 4, -20
  80              		.cfi_offset 5, -16
  81              		.cfi_offset 6, -12
  82              		.cfi_offset 7, -8
  83              		.cfi_offset 14, -4
  84 0002 5F46     		mov	r7, fp
  85 0004 5646     		mov	r6, r10
  86 0006 4D46     		mov	r5, r9
  87 0008 4446     		mov	r4, r8
  88 000a F0B4     		push	{r4, r5, r6, r7}
  89              		.cfi_def_cfa_offset 36
  90              		.cfi_offset 8, -36
  91              		.cfi_offset 9, -32
  92              		.cfi_offset 10, -28
  93              		.cfi_offset 11, -24
  94 000c 83B0     		sub	sp, sp, #12
  95              		.cfi_def_cfa_offset 48
  96 000e 0500     		movs	r5, r0
  97 0010 0E00     		movs	r6, r1
  59:main.c        ****     uint8 i;
  60:main.c        ****     
  61:main.c        ****     if (cnt_mode == 0) // if (0 -> 9999) mode
  98              		.loc 1 61 0
  99 0012 924B     		ldr	r3, .L42
 100 0014 5B78     		ldrb	r3, [r3, #1]
 101 0016 002B     		cmp	r3, #0
 102 0018 71D1     		bne	.L5
 103              	.LBB2:
  62:main.c        ****     {   
  63:main.c        ****         uint8 cond = (floating_p_mode == 1 && (pos < 4) && (pos > 0)); // floating point mode & pos
 104              		.loc 1 63 0
 105 001a 904B     		ldr	r3, .L42
 106 001c 9B78     		ldrb	r3, [r3, #2]
 107 001e 012B     		cmp	r3, #1
 108 0020 05D1     		bne	.L35
ARM GAS  C:\Users\Lenovo\AppData\Local\Temp\ccFByrcS.s 			page 4


 109              		.loc 1 63 0 is_stmt 0 discriminator 1
 110 0022 0329     		cmp	r1, #3
 111 0024 05D8     		bhi	.L36
 112              		.loc 1 63 0 discriminator 3
 113 0026 0029     		cmp	r1, #0
 114 0028 05D1     		bne	.L37
 115              		.loc 1 63 0
 116 002a 0023     		movs	r3, #0
 117 002c 04E0     		b	.L6
 118              	.L35:
 119 002e 0023     		movs	r3, #0
 120 0030 02E0     		b	.L6
 121              	.L36:
 122 0032 0023     		movs	r3, #0
 123 0034 00E0     		b	.L6
 124              	.L37:
 125 0036 0123     		movs	r3, #1
 126              	.L6:
 127              		.loc 1 63 0 discriminator 8
 128 0038 DFB2     		uxtb	r7, r3
 129              	.LVL2:
  64:main.c        ****         
  65:main.c        ****         for (i = 0; i < 4; i++)
 130              		.loc 1 65 0 is_stmt 1 discriminator 8
 131 003a 0024     		movs	r4, #0
 132 003c 30E0     		b	.L7
 133              	.LVL3:
 134              	.L10:
  66:main.c        ****         {   
  67:main.c        ****             indyk[i] &= 0xFF00;
 135              		.loc 1 67 0
 136 003e 0194     		str	r4, [sp, #4]
 137 0040 874B     		ldr	r3, .L42+4
 138 0042 9A46     		mov	r10, r3
 139 0044 6300     		lsls	r3, r4, #1
 140 0046 9B46     		mov	fp, r3
 141 0048 5346     		mov	r3, r10
 142 004a 5A46     		mov	r2, fp
 143 004c D35A     		ldrh	r3, [r2, r3]
 144 004e FF22     		movs	r2, #255
 145 0050 9343     		bics	r3, r2
 146 0052 9946     		mov	r9, r3
 147 0054 5346     		mov	r3, r10
 148 0056 5A46     		mov	r2, fp
 149 0058 4946     		mov	r1, r9
 150 005a D152     		strh	r1, [r2, r3]
  68:main.c        ****             indyk[i] |= (uint16)KOD7[data % 10];
 151              		.loc 1 68 0
 152 005c 0A21     		movs	r1, #10
 153 005e 2800     		movs	r0, r5
 154 0060 FFF7FEFF 		bl	__aeabi_uidivmod
 155              	.LVL4:
 156 0064 89B2     		uxth	r1, r1
 157 0066 7F4B     		ldr	r3, .L42+8
 158 0068 5B5C     		ldrb	r3, [r3, r1]
 159 006a 4A46     		mov	r2, r9
 160 006c 1A43     		orrs	r2, r3
ARM GAS  C:\Users\Lenovo\AppData\Local\Temp\ccFByrcS.s 			page 5


 161 006e 9146     		mov	r9, r2
 162 0070 5346     		mov	r3, r10
 163 0072 5A46     		mov	r2, fp
 164 0074 4946     		mov	r1, r9
 165 0076 D152     		strh	r1, [r2, r3]
  69:main.c        ****             data /= 10;
 166              		.loc 1 69 0
 167 0078 0A21     		movs	r1, #10
 168 007a 2800     		movs	r0, r5
 169 007c FFF7FEFF 		bl	__aeabi_uidiv
 170              	.LVL5:
 171 0080 85B2     		uxth	r5, r0
 172              	.LVL6:
  70:main.c        **** 
  71:main.c        ****             if (cond)
 173              		.loc 1 71 0
 174 0082 002F     		cmp	r7, #0
 175 0084 08D0     		beq	.L8
  72:main.c        ****             {   
  73:main.c        ****                 if (i == pos)
 176              		.loc 1 73 0
 177 0086 B442     		cmp	r4, r6
 178 0088 06D1     		bne	.L8
  74:main.c        ****                 {   
  75:main.c        ****                     indyk[i] &= 0xFFFE; // Adding fixed point on a position if condition |^|
 179              		.loc 1 75 0
 180 008a 019B     		ldr	r3, [sp, #4]
 181 008c 5A00     		lsls	r2, r3, #1
 182 008e 0123     		movs	r3, #1
 183 0090 4946     		mov	r1, r9
 184 0092 9943     		bics	r1, r3
 185 0094 5346     		mov	r3, r10
 186 0096 D152     		strh	r1, [r2, r3]
 187              	.L8:
  76:main.c        ****                 }
  77:main.c        ****             }
  78:main.c        ****             if (data == 0) break;
 188              		.loc 1 78 0
 189 0098 002D     		cmp	r5, #0
 190 009a 03D0     		beq	.L9
  65:main.c        ****         {   
 191              		.loc 1 65 0 discriminator 2
 192 009c 0134     		adds	r4, r4, #1
 193              	.LVL7:
 194 009e E4B2     		uxtb	r4, r4
 195              	.LVL8:
 196              	.L7:
  65:main.c        ****         {   
 197              		.loc 1 65 0 is_stmt 0 discriminator 1
 198 00a0 032C     		cmp	r4, #3
 199 00a2 CCD9     		bls	.L10
 200              	.L9:
  79:main.c        ****         }
  80:main.c        ****         
  81:main.c        ****         for (++i; i < 4; i++)
 201              		.loc 1 81 0 is_stmt 1
 202 00a4 0134     		adds	r4, r4, #1
ARM GAS  C:\Users\Lenovo\AppData\Local\Temp\ccFByrcS.s 			page 6


 203              	.LVL9:
 204 00a6 E3B2     		uxtb	r3, r4
 205              	.LVL10:
 206 00a8 26E0     		b	.L11
 207              	.L16:
  82:main.c        ****         {   
  83:main.c        ****             if (cond)  // floating point mode & pos in range
 208              		.loc 1 83 0
 209 00aa 002F     		cmp	r7, #0
 210 00ac 1CD0     		beq	.L12
  84:main.c        ****             {
  85:main.c        ****                 if (i < pos)
 211              		.loc 1 85 0
 212 00ae B342     		cmp	r3, r6
 213 00b0 08D2     		bcs	.L13
  86:main.c        ****                 {   
  87:main.c        ****                     indyk[i] &= 0xFF00;
 214              		.loc 1 87 0
 215 00b2 6B48     		ldr	r0, .L42+4
 216 00b4 5C00     		lsls	r4, r3, #1
 217 00b6 225A     		ldrh	r2, [r4, r0]
 218 00b8 FF21     		movs	r1, #255
 219 00ba 8A43     		bics	r2, r1
  88:main.c        ****                     indyk[i] |= (uint16)KOD7[0];            // Adding 0 before . if condition |^|
 220              		.loc 1 88 0
 221 00bc 0321     		movs	r1, #3
 222 00be 0A43     		orrs	r2, r1
 223 00c0 2252     		strh	r2, [r4, r0]
 224 00c2 17E0     		b	.L14
 225              	.L13:
  89:main.c        ****                 }
  90:main.c        ****                 else if (i == pos)
 226              		.loc 1 90 0
 227 00c4 B342     		cmp	r3, r6
 228 00c6 08D1     		bne	.L15
  91:main.c        ****                 {   
  92:main.c        ****                     indyk[i] &= 0xFF00;
 229              		.loc 1 92 0
 230 00c8 6549     		ldr	r1, .L42+4
 231 00ca 5800     		lsls	r0, r3, #1
 232 00cc 425A     		ldrh	r2, [r0, r1]
 233 00ce FF24     		movs	r4, #255
 234 00d0 A243     		bics	r2, r4
  93:main.c        ****                     indyk[i] |= ((uint16)KOD7[0] & 0xFFFE); // Adding 0. on a position if condition
 235              		.loc 1 93 0
 236 00d2 FD3C     		subs	r4, r4, #253
 237 00d4 2243     		orrs	r2, r4
 238 00d6 4252     		strh	r2, [r0, r1]
 239 00d8 0CE0     		b	.L14
 240              	.L15:
  94:main.c        ****                 }
  95:main.c        ****                 else
  96:main.c        ****                 {
  97:main.c        ****                     indyk[i] |= 0x00FF;                     // Turning off unused segments if condi
 241              		.loc 1 97 0
 242 00da 6149     		ldr	r1, .L42+4
 243 00dc 5800     		lsls	r0, r3, #1
ARM GAS  C:\Users\Lenovo\AppData\Local\Temp\ccFByrcS.s 			page 7


 244 00de 445A     		ldrh	r4, [r0, r1]
 245 00e0 FF22     		movs	r2, #255
 246 00e2 2243     		orrs	r2, r4
 247 00e4 4252     		strh	r2, [r0, r1]
 248 00e6 05E0     		b	.L14
 249              	.L12:
  98:main.c        ****                 }
  99:main.c        ****             }
 100:main.c        ****             else
 101:main.c        ****             {
 102:main.c        ****                 indyk[i] |= 0x00FF;                         // Turning off unused segments if NOT c
 250              		.loc 1 102 0
 251 00e8 5D49     		ldr	r1, .L42+4
 252 00ea 5800     		lsls	r0, r3, #1
 253 00ec 445A     		ldrh	r4, [r0, r1]
 254 00ee FF22     		movs	r2, #255
 255 00f0 2243     		orrs	r2, r4
 256 00f2 4252     		strh	r2, [r0, r1]
 257              	.L14:
  81:main.c        ****         {   
 258              		.loc 1 81 0 discriminator 2
 259 00f4 0133     		adds	r3, r3, #1
 260              	.LVL11:
 261 00f6 DBB2     		uxtb	r3, r3
 262              	.LVL12:
 263              	.L11:
  81:main.c        ****         {   
 264              		.loc 1 81 0 is_stmt 0 discriminator 1
 265 00f8 032B     		cmp	r3, #3
 266 00fa D6D9     		bls	.L16
 267 00fc A7E0     		b	.L4
 268              	.LVL13:
 269              	.L5:
 270              	.LBE2:
 271              	.LBB3:
 103:main.c        ****             }    
 104:main.c        ****         }
 105:main.c        ****     }
 106:main.c        ****     else // if (0 -> -999) mode
 107:main.c        ****     {   
 108:main.c        ****         uint8 cond = (floating_p_mode == 1 && (pos < 3) && (pos > 0));
 272              		.loc 1 108 0 is_stmt 1
 273 00fe 574B     		ldr	r3, .L42
 274 0100 9B78     		ldrb	r3, [r3, #2]
 275 0102 012B     		cmp	r3, #1
 276 0104 05D1     		bne	.L38
 277              		.loc 1 108 0 is_stmt 0 discriminator 1
 278 0106 0229     		cmp	r1, #2
 279 0108 05D8     		bhi	.L39
 280              		.loc 1 108 0 discriminator 3
 281 010a 0029     		cmp	r1, #0
 282 010c 05D1     		bne	.L40
 283              		.loc 1 108 0
 284 010e 0023     		movs	r3, #0
 285 0110 04E0     		b	.L18
 286              	.L38:
 287 0112 0023     		movs	r3, #0
ARM GAS  C:\Users\Lenovo\AppData\Local\Temp\ccFByrcS.s 			page 8


 288 0114 02E0     		b	.L18
 289              	.L39:
 290 0116 0023     		movs	r3, #0
 291 0118 00E0     		b	.L18
 292              	.L40:
 293 011a 0123     		movs	r3, #1
 294              	.L18:
 295              	.LVL14:
 109:main.c        ****         if (cond)                                           // floating point mode & pos in range
 296              		.loc 1 109 0 is_stmt 1 discriminator 8
 297 011c 002B     		cmp	r3, #0
 298 011e 28D1     		bne	.L41
 299 0120 0024     		movs	r4, #0
 300 0122 76E0     		b	.L20
 301              	.LVL15:
 302              	.L23:
 303              	.LBB4:
 110:main.c        ****         {   
 111:main.c        ****             for (i = 0; i < 3; i++)
 112:main.c        ****             {
 113:main.c        ****                 indyk[i] &= 0xFF00;
 304              		.loc 1 113 0
 305 0124 4E4B     		ldr	r3, .L42+4
 306 0126 9846     		mov	r8, r3
 307 0128 6300     		lsls	r3, r4, #1
 308 012a 9946     		mov	r9, r3
 309 012c 4346     		mov	r3, r8
 310 012e 4A46     		mov	r2, r9
 311 0130 D75A     		ldrh	r7, [r2, r3]
 312 0132 FF23     		movs	r3, #255
 313 0134 9F43     		bics	r7, r3
 314 0136 4346     		mov	r3, r8
 315 0138 D752     		strh	r7, [r2, r3]
 114:main.c        ****                 indyk[i] |= (uint16)KOD7[data % 10];
 316              		.loc 1 114 0
 317 013a 0A21     		movs	r1, #10
 318 013c 2800     		movs	r0, r5
 319 013e FFF7FEFF 		bl	__aeabi_uidivmod
 320              	.LVL16:
 321 0142 89B2     		uxth	r1, r1
 322 0144 474B     		ldr	r3, .L42+8
 323 0146 5B5C     		ldrb	r3, [r3, r1]
 324 0148 1F43     		orrs	r7, r3
 325 014a 4346     		mov	r3, r8
 326 014c 4A46     		mov	r2, r9
 327 014e D752     		strh	r7, [r2, r3]
 115:main.c        ****                 data /= 10;
 328              		.loc 1 115 0
 329 0150 0A21     		movs	r1, #10
 330 0152 2800     		movs	r0, r5
 331 0154 FFF7FEFF 		bl	__aeabi_uidiv
 332              	.LVL17:
 333 0158 85B2     		uxth	r5, r0
 334              	.LVL18:
 116:main.c        ****                 if (i == pos)
 335              		.loc 1 116 0
 336 015a B442     		cmp	r4, r6
ARM GAS  C:\Users\Lenovo\AppData\Local\Temp\ccFByrcS.s 			page 9


 337 015c 04D1     		bne	.L21
 117:main.c        ****                 {   
 118:main.c        ****                     indyk[i] &= 0xFFFE;                     // Adding fixed point on a position if 
 338              		.loc 1 118 0
 339 015e 4B46     		mov	r3, r9
 340 0160 0122     		movs	r2, #1
 341 0162 9743     		bics	r7, r2
 342 0164 4246     		mov	r2, r8
 343 0166 9F52     		strh	r7, [r3, r2]
 344              	.L21:
 119:main.c        ****                 }
 120:main.c        ****                 if (data == 0) break;    
 345              		.loc 1 120 0
 346 0168 002D     		cmp	r5, #0
 347 016a 05D0     		beq	.L22
 111:main.c        ****             {
 348              		.loc 1 111 0 discriminator 2
 349 016c 0134     		adds	r4, r4, #1
 350              	.LVL19:
 351 016e E4B2     		uxtb	r4, r4
 352              	.LVL20:
 353 0170 00E0     		b	.L19
 354              	.LVL21:
 355              	.L41:
 356              	.LBE4:
 357 0172 0024     		movs	r4, #0
 358              	.LVL22:
 359              	.L19:
 360              	.LBB5:
 111:main.c        ****             {
 361              		.loc 1 111 0 is_stmt 0 discriminator 1
 362 0174 022C     		cmp	r4, #2
 363 0176 D5D9     		bls	.L23
 364              	.L22:
 365              	.LVL23:
 121:main.c        ****             }
 122:main.c        ****             
 123:main.c        ****             uint8 last_ind = i;                             // Last valid segm ind
 124:main.c        ****             
 125:main.c        ****             for (++i; i < 4; i++)
 366              		.loc 1 125 0 is_stmt 1
 367 0178 631C     		adds	r3, r4, #1
 368 017a DBB2     		uxtb	r3, r3
 369              	.LVL24:
 370 017c 2BE0     		b	.L24
 371              	.LVL25:
 372              	.L29:
 126:main.c        ****             {   
 127:main.c        ****                 if (i < pos)
 373              		.loc 1 127 0
 374 017e B342     		cmp	r3, r6
 375 0180 09D2     		bcs	.L25
 128:main.c        ****                 {   
 129:main.c        ****                     indyk[i] &= 0xFF00;
 376              		.loc 1 129 0
 377 0182 3748     		ldr	r0, .L42+4
 378 0184 5C00     		lsls	r4, r3, #1
ARM GAS  C:\Users\Lenovo\AppData\Local\Temp\ccFByrcS.s 			page 10


 379              	.LVL26:
 380 0186 225A     		ldrh	r2, [r4, r0]
 381 0188 FF21     		movs	r1, #255
 382 018a 8A43     		bics	r2, r1
 130:main.c        ****                     indyk[i] |= (uint16)KOD7[0];            // Adding 0 before . if condition |^|
 383              		.loc 1 130 0
 384 018c 0321     		movs	r1, #3
 385 018e 0A43     		orrs	r2, r1
 386 0190 2252     		strh	r2, [r4, r0]
 387              	.LVL27:
 131:main.c        ****                     last_ind = i;
 388              		.loc 1 131 0
 389 0192 1C00     		movs	r4, r3
 390 0194 1DE0     		b	.L26
 391              	.LVL28:
 392              	.L25:
 132:main.c        ****                 }
 133:main.c        ****                 else if (i == pos)
 393              		.loc 1 133 0
 394 0196 B342     		cmp	r3, r6
 395 0198 09D1     		bne	.L27
 134:main.c        ****                 {   
 135:main.c        ****                     indyk[i] &= 0xFF00;
 396              		.loc 1 135 0
 397 019a 3149     		ldr	r1, .L42+4
 398 019c 5800     		lsls	r0, r3, #1
 399 019e 425A     		ldrh	r2, [r0, r1]
 400 01a0 FF24     		movs	r4, #255
 401              	.LVL29:
 402 01a2 A243     		bics	r2, r4
 136:main.c        ****                     indyk[i] |= ((uint16)KOD7[0] & 0xFFFE); // Adding 0. on a position if condition
 403              		.loc 1 136 0
 404 01a4 FD3C     		subs	r4, r4, #253
 405 01a6 2243     		orrs	r2, r4
 406 01a8 4252     		strh	r2, [r0, r1]
 407              	.LVL30:
 137:main.c        ****                     last_ind = i;
 408              		.loc 1 137 0
 409 01aa 1C00     		movs	r4, r3
 410 01ac 11E0     		b	.L26
 411              	.LVL31:
 412              	.L27:
 138:main.c        ****                 }
 139:main.c        ****                 else
 140:main.c        ****                 {   
 141:main.c        ****                     if (i == (last_ind + 1))
 413              		.loc 1 141 0
 414 01ae 621C     		adds	r2, r4, #1
 415 01b0 9342     		cmp	r3, r2
 416 01b2 08D1     		bne	.L28
 142:main.c        ****                     {
 143:main.c        ****                         indyk[i] &= 0xFF00;
 417              		.loc 1 143 0
 418 01b4 2A48     		ldr	r0, .L42+4
 419 01b6 5D00     		lsls	r5, r3, #1
 420 01b8 2A5A     		ldrh	r2, [r5, r0]
 421 01ba FF21     		movs	r1, #255
ARM GAS  C:\Users\Lenovo\AppData\Local\Temp\ccFByrcS.s 			page 11


 422 01bc 8A43     		bics	r2, r1
 144:main.c        ****                         indyk[i] |= minus;                  // Adding '-' sign on the next valid se
 423              		.loc 1 144 0
 424 01be FD21     		movs	r1, #253
 425 01c0 0A43     		orrs	r2, r1
 426 01c2 2A52     		strh	r2, [r5, r0]
 427 01c4 05E0     		b	.L26
 428              	.L28:
 145:main.c        ****                     }
 146:main.c        ****                     else
 147:main.c        ****                     {
 148:main.c        ****                         indyk[i] |= 0x00FF;                 // Turning off unused segments if condi
 429              		.loc 1 148 0
 430 01c6 2649     		ldr	r1, .L42+4
 431 01c8 5800     		lsls	r0, r3, #1
 432 01ca 455A     		ldrh	r5, [r0, r1]
 433 01cc FF22     		movs	r2, #255
 434 01ce 2A43     		orrs	r2, r5
 435 01d0 4252     		strh	r2, [r0, r1]
 436              	.LVL32:
 437              	.L26:
 125:main.c        ****             {   
 438              		.loc 1 125 0 discriminator 2
 439 01d2 0133     		adds	r3, r3, #1
 440              	.LVL33:
 441 01d4 DBB2     		uxtb	r3, r3
 442              	.LVL34:
 443              	.L24:
 125:main.c        ****             {   
 444              		.loc 1 125 0 is_stmt 0 discriminator 1
 445 01d6 032B     		cmp	r3, #3
 446 01d8 D1D9     		bls	.L29
 447 01da 38E0     		b	.L4
 448              	.LVL35:
 449              	.L31:
 450              	.LBE5:
 149:main.c        ****                     }
 150:main.c        ****                 }
 151:main.c        ****             }
 152:main.c        ****         }
 153:main.c        ****         else 
 154:main.c        ****         {                                                   // integer mode
 155:main.c        ****             for (i = 0; i < 3; i++)
 156:main.c        ****             {
 157:main.c        ****                 indyk[i] &= 0xFF00;
 451              		.loc 1 157 0 is_stmt 1
 452 01dc 204F     		ldr	r7, .L42+4
 453 01de 6300     		lsls	r3, r4, #1
 454 01e0 9846     		mov	r8, r3
 455 01e2 DE5B     		ldrh	r6, [r3, r7]
 456 01e4 FF23     		movs	r3, #255
 457 01e6 9E43     		bics	r6, r3
 458 01e8 4346     		mov	r3, r8
 459 01ea DE53     		strh	r6, [r3, r7]
 158:main.c        ****                 indyk[i] |= (uint16)KOD7[data % 10];
 460              		.loc 1 158 0
 461 01ec 0A21     		movs	r1, #10
ARM GAS  C:\Users\Lenovo\AppData\Local\Temp\ccFByrcS.s 			page 12


 462 01ee 2800     		movs	r0, r5
 463 01f0 FFF7FEFF 		bl	__aeabi_uidivmod
 464              	.LVL36:
 465 01f4 89B2     		uxth	r1, r1
 466 01f6 1B4B     		ldr	r3, .L42+8
 467 01f8 5B5C     		ldrb	r3, [r3, r1]
 468 01fa 1E43     		orrs	r6, r3
 469 01fc 4346     		mov	r3, r8
 470 01fe DE53     		strh	r6, [r3, r7]
 159:main.c        ****                 data /= 10;
 471              		.loc 1 159 0
 472 0200 0A21     		movs	r1, #10
 473 0202 2800     		movs	r0, r5
 474 0204 FFF7FEFF 		bl	__aeabi_uidiv
 475              	.LVL37:
 476 0208 85B2     		uxth	r5, r0
 477              	.LVL38:
 160:main.c        ****                 if (data == 0) break;    
 478              		.loc 1 160 0
 479 020a 002D     		cmp	r5, #0
 480 020c 03D0     		beq	.L30
 155:main.c        ****             {
 481              		.loc 1 155 0 discriminator 2
 482 020e 631C     		adds	r3, r4, #1
 483 0210 DCB2     		uxtb	r4, r3
 484              	.LVL39:
 485              	.L20:
 155:main.c        ****             {
 486              		.loc 1 155 0 is_stmt 0 discriminator 1
 487 0212 022C     		cmp	r4, #2
 488 0214 E2D9     		bls	.L31
 489              	.L30:
 161:main.c        ****             }
 162:main.c        **** 
 163:main.c        ****             if (counter != 0){
 490              		.loc 1 163 0 is_stmt 1
 491 0216 114B     		ldr	r3, .L42
 492 0218 9B88     		ldrh	r3, [r3, #4]
 493 021a 9BB2     		uxth	r3, r3
 494 021c 002B     		cmp	r3, #0
 495 021e 09D0     		beq	.L32
 164:main.c        ****                 i++;
 496              		.loc 1 164 0
 497 0220 631C     		adds	r3, r4, #1
 498 0222 DCB2     		uxtb	r4, r3
 499              	.LVL40:
 165:main.c        ****                 indyk[i] &= 0xFF00;
 500              		.loc 1 165 0
 501 0224 0E49     		ldr	r1, .L42+4
 502 0226 6000     		lsls	r0, r4, #1
 503 0228 435A     		ldrh	r3, [r0, r1]
 504 022a FF22     		movs	r2, #255
 505 022c 9343     		bics	r3, r2
 166:main.c        ****                 indyk[i] |= (minus & 0x00FF);                // Adding '-' sign on the next valid s
 506              		.loc 1 166 0
 507 022e FD22     		movs	r2, #253
 508 0230 1343     		orrs	r3, r2
ARM GAS  C:\Users\Lenovo\AppData\Local\Temp\ccFByrcS.s 			page 13


 509 0232 4352     		strh	r3, [r0, r1]
 510              	.L32:
 167:main.c        ****             }
 168:main.c        **** 
 169:main.c        ****             for (++i; i < 4; i++)
 511              		.loc 1 169 0
 512 0234 631C     		adds	r3, r4, #1
 513 0236 DBB2     		uxtb	r3, r3
 514              	.LVL41:
 515 0238 07E0     		b	.L33
 516              	.L34:
 170:main.c        ****             {   
 171:main.c        ****                 indyk[i] |= 0x00FF;                          // Turning off unused segments
 517              		.loc 1 171 0 discriminator 3
 518 023a 0949     		ldr	r1, .L42+4
 519 023c 5800     		lsls	r0, r3, #1
 520 023e 445A     		ldrh	r4, [r0, r1]
 521 0240 FF22     		movs	r2, #255
 522 0242 2243     		orrs	r2, r4
 523 0244 4252     		strh	r2, [r0, r1]
 169:main.c        ****             {   
 524              		.loc 1 169 0 discriminator 3
 525 0246 0133     		adds	r3, r3, #1
 526              	.LVL42:
 527 0248 DBB2     		uxtb	r3, r3
 528              	.LVL43:
 529              	.L33:
 169:main.c        ****             {   
 530              		.loc 1 169 0 is_stmt 0 discriminator 1
 531 024a 032B     		cmp	r3, #3
 532 024c F5D9     		bls	.L34
 533              	.LVL44:
 534              	.L4:
 535              	.LBE3:
 172:main.c        ****             }    
 173:main.c        ****         }    
 174:main.c        ****     }
 175:main.c        **** }
 536              		.loc 1 175 0 is_stmt 1
 537 024e 03B0     		add	sp, sp, #12
 538              		@ sp needed
 539 0250 3CBC     		pop	{r2, r3, r4, r5}
 540 0252 9046     		mov	r8, r2
 541 0254 9946     		mov	r9, r3
 542 0256 A246     		mov	r10, r4
 543 0258 AB46     		mov	fp, r5
 544 025a F0BD     		pop	{r4, r5, r6, r7, pc}
 545              	.L43:
 546              		.align	2
 547              	.L42:
 548 025c 00000000 		.word	.LANCHOR1
 549 0260 00000000 		.word	.LANCHOR0
 550 0264 00000000 		.word	.LANCHOR2
 551              		.cfi_endproc
 552              	.LFE38:
 553              		.size	out7seg, .-out7seg
 554              		.section	.text.rst_count,"ax",%progbits
ARM GAS  C:\Users\Lenovo\AppData\Local\Temp\ccFByrcS.s 			page 14


 555              		.align	2
 556              		.global	rst_count
 557              		.code	16
 558              		.thumb_func
 559              		.type	rst_count, %function
 560              	rst_count:
 561              	.LFB39:
 176:main.c        **** 
 177:main.c        **** // Added
 178:main.c        **** void rst_count(void){
 562              		.loc 1 178 0
 563              		.cfi_startproc
 564              		@ args = 0, pretend = 0, frame = 0
 565              		@ frame_needed = 0, uses_anonymous_args = 0
 566 0000 10B5     		push	{r4, lr}
 567              		.cfi_def_cfa_offset 8
 568              		.cfi_offset 4, -8
 569              		.cfi_offset 14, -4
 179:main.c        ****     uint8 prev_sys_state = CyEnterCriticalSection();
 570              		.loc 1 179 0
 571 0002 FFF7FEFF 		bl	CyEnterCriticalSection
 572              	.LVL45:
 573 0006 0400     		movs	r4, r0
 574              	.LVL46:
 180:main.c        ****     counter = 0; // reseting counter
 575              		.loc 1 180 0
 576 0008 094B     		ldr	r3, .L47
 577 000a 0022     		movs	r2, #0
 578 000c 9A80     		strh	r2, [r3, #4]
 181:main.c        ****     (floating_p_mode) ? out7seg(0, point_pos) : out7seg(0, 0); // if pos is invalid floating_p_mode
 579              		.loc 1 181 0
 580 000e 9B78     		ldrb	r3, [r3, #2]
 581 0010 002B     		cmp	r3, #0
 582 0012 05D0     		beq	.L45
 583              		.loc 1 181 0 is_stmt 0 discriminator 1
 584 0014 074B     		ldr	r3, .L47+4
 585 0016 197A     		ldrb	r1, [r3, #8]
 586 0018 0020     		movs	r0, #0
 587 001a FFF7FEFF 		bl	out7seg
 588              	.LVL47:
 589 001e 03E0     		b	.L46
 590              	.L45:
 591              		.loc 1 181 0 discriminator 2
 592 0020 0021     		movs	r1, #0
 593 0022 0020     		movs	r0, #0
 594 0024 FFF7FEFF 		bl	out7seg
 595              	.LVL48:
 596              	.L46:
 182:main.c        ****     CyExitCriticalSection(prev_sys_state);
 597              		.loc 1 182 0 is_stmt 1
 598 0028 2000     		movs	r0, r4
 599 002a FFF7FEFF 		bl	CyExitCriticalSection
 600              	.LVL49:
 183:main.c        **** }
 601              		.loc 1 183 0
 602              		@ sp needed
 603              	.LVL50:
ARM GAS  C:\Users\Lenovo\AppData\Local\Temp\ccFByrcS.s 			page 15


 604 002e 10BD     		pop	{r4, pc}
 605              	.L48:
 606              		.align	2
 607              	.L47:
 608 0030 00000000 		.word	.LANCHOR1
 609 0034 00000000 		.word	.LANCHOR0
 610              		.cfi_endproc
 611              	.LFE39:
 612              		.size	rst_count, .-rst_count
 613              		.section	.text.isr_CNT_RST,"ax",%progbits
 614              		.align	2
 615              		.global	isr_CNT_RST
 616              		.code	16
 617              		.thumb_func
 618              		.type	isr_CNT_RST, %function
 619              	isr_CNT_RST:
 620              	.LFB36:
  41:main.c        ****     // ISR to switch counter to (0 -> -999) mode
 621              		.loc 1 41 0
 622              		.cfi_startproc
 623              		@ args = 0, pretend = 0, frame = 0
 624              		@ frame_needed = 0, uses_anonymous_args = 0
 625 0000 10B5     		push	{r4, lr}
 626              		.cfi_def_cfa_offset 8
 627              		.cfi_offset 4, -8
 628              		.cfi_offset 14, -4
  43:main.c        ****     rst_count();
 629              		.loc 1 43 0
 630 0002 0022     		movs	r2, #0
 631 0004 034B     		ldr	r3, .L50
 632 0006 5A70     		strb	r2, [r3, #1]
  44:main.c        ****     Pin_B2_ClearInterrupt();
 633              		.loc 1 44 0
 634 0008 FFF7FEFF 		bl	rst_count
 635              	.LVL51:
  45:main.c        **** }
 636              		.loc 1 45 0
 637 000c FFF7FEFF 		bl	Pin_B2_ClearInterrupt
 638              	.LVL52:
  46:main.c        **** 
 639              		.loc 1 46 0
 640              		@ sp needed
 641 0010 10BD     		pop	{r4, pc}
 642              	.L51:
 643 0012 C046     		.align	2
 644              	.L50:
 645 0014 00000000 		.word	.LANCHOR1
 646              		.cfi_endproc
 647              	.LFE36:
 648              		.size	isr_CNT_RST, .-isr_CNT_RST
 649              		.section	.text.isr_CNT_NEG,"ax",%progbits
 650              		.align	2
 651              		.global	isr_CNT_NEG
 652              		.code	16
 653              		.thumb_func
 654              		.type	isr_CNT_NEG, %function
 655              	isr_CNT_NEG:
ARM GAS  C:\Users\Lenovo\AppData\Local\Temp\ccFByrcS.s 			page 16


 656              	.LFB37:
  49:main.c        ****     // ISR to switch counter to (0 -> 9999) mode
 657              		.loc 1 49 0
 658              		.cfi_startproc
 659              		@ args = 0, pretend = 0, frame = 0
 660              		@ frame_needed = 0, uses_anonymous_args = 0
 661 0000 10B5     		push	{r4, lr}
 662              		.cfi_def_cfa_offset 8
 663              		.cfi_offset 4, -8
 664              		.cfi_offset 14, -4
  51:main.c        ****     rst_count();
 665              		.loc 1 51 0
 666 0002 0122     		movs	r2, #1
 667 0004 034B     		ldr	r3, .L53
 668 0006 5A70     		strb	r2, [r3, #1]
  52:main.c        ****     Pin_B3_ClearInterrupt();
 669              		.loc 1 52 0
 670 0008 FFF7FEFF 		bl	rst_count
 671              	.LVL53:
  53:main.c        **** }
 672              		.loc 1 53 0
 673 000c FFF7FEFF 		bl	Pin_B3_ClearInterrupt
 674              	.LVL54:
  54:main.c        **** 
 675              		.loc 1 54 0
 676              		@ sp needed
 677 0010 10BD     		pop	{r4, pc}
 678              	.L54:
 679 0012 C046     		.align	2
 680              	.L53:
 681 0014 00000000 		.word	.LANCHOR1
 682              		.cfi_endproc
 683              	.LFE37:
 684              		.size	isr_CNT_NEG, .-isr_CNT_NEG
 685              		.section	.text.main,"ax",%progbits
 686              		.align	2
 687              		.global	main
 688              		.code	16
 689              		.thumb_func
 690              		.type	main, %function
 691              	main:
 692              	.LFB40:
 184:main.c        **** 
 185:main.c        **** int main(void)
 186:main.c        **** {   
 693              		.loc 1 186 0
 694              		.cfi_startproc
 695              		@ Volatile: function does not return.
 696              		@ args = 0, pretend = 0, frame = 0
 697              		@ frame_needed = 0, uses_anonymous_args = 0
 698 0000 10B5     		push	{r4, lr}
 699              		.cfi_def_cfa_offset 8
 700              		.cfi_offset 4, -8
 701              		.cfi_offset 14, -4
 187:main.c        ****     
 188:main.c        ****     CyGlobalIntEnable; /* Enable global interrupts. */
 702              		.loc 1 188 0
ARM GAS  C:\Users\Lenovo\AppData\Local\Temp\ccFByrcS.s 			page 17


 703              		.syntax divided
 704              	@ 188 "main.c" 1
 705 0002 62B6     		CPSIE   i
 706              	@ 0 "" 2
 189:main.c        ****     
 190:main.c        ****     SPIM_Start();
 707              		.loc 1 190 0
 708              		.thumb
 709              		.syntax unified
 710 0004 FFF7FEFF 		bl	SPIM_Start
 711              	.LVL55:
 191:main.c        ****     
 192:main.c        ****     isr_CNT_RST_StartEx(isr_CNT_RST); // assign ISR to the interrupt S2
 712              		.loc 1 192 0
 713 0008 1948     		ldr	r0, .L60
 714 000a FFF7FEFF 		bl	isr_CNT_RST_StartEx
 715              	.LVL56:
 193:main.c        ****     isr_CNT_NEG_StartEx(isr_CNT_NEG); // assign ISR to the interrupt S3
 716              		.loc 1 193 0
 717 000e 1948     		ldr	r0, .L60+4
 718 0010 FFF7FEFF 		bl	isr_CNT_NEG_StartEx
 719              	.LVL57:
 194:main.c        ****     isr_100Hz_StartEx(isr_100Hz);
 720              		.loc 1 194 0
 721 0014 1848     		ldr	r0, .L60+8
 722 0016 FFF7FEFF 		bl	isr_100Hz_StartEx
 723              	.LVL58:
 724              	.L58:
 195:main.c        **** 
 196:main.c        ****     for(;;)
 197:main.c        ****     {   
 198:main.c        ****         counter++;
 725              		.loc 1 198 0
 726 001a 184A     		ldr	r2, .L60+12
 727 001c 9388     		ldrh	r3, [r2, #4]
 728 001e 0133     		adds	r3, r3, #1
 729 0020 9BB2     		uxth	r3, r3
 730 0022 9380     		strh	r3, [r2, #4]
 199:main.c        ****         if (cnt_mode == 0)
 731              		.loc 1 199 0
 732 0024 5378     		ldrb	r3, [r2, #1]
 733 0026 002B     		cmp	r3, #0
 734 0028 07D1     		bne	.L56
 200:main.c        ****         {
 201:main.c        ****             if (counter > 9999)
 735              		.loc 1 201 0
 736 002a 9388     		ldrh	r3, [r2, #4]
 737 002c 9BB2     		uxth	r3, r3
 738 002e 144A     		ldr	r2, .L60+16
 739 0030 9342     		cmp	r3, r2
 740 0032 0AD9     		bls	.L57
 202:main.c        ****             {
 203:main.c        ****                 rst_count();          // count reset for positive numbers
 741              		.loc 1 203 0
 742 0034 FFF7FEFF 		bl	rst_count
 743              	.LVL59:
 744 0038 07E0     		b	.L57
ARM GAS  C:\Users\Lenovo\AppData\Local\Temp\ccFByrcS.s 			page 18


 745              	.L56:
 204:main.c        ****             }
 205:main.c        ****         }
 206:main.c        ****         else
 207:main.c        ****         {
 208:main.c        ****             if (counter > 999)
 746              		.loc 1 208 0
 747 003a 104B     		ldr	r3, .L60+12
 748 003c 9B88     		ldrh	r3, [r3, #4]
 749 003e 9BB2     		uxth	r3, r3
 750 0040 104A     		ldr	r2, .L60+20
 751 0042 9342     		cmp	r3, r2
 752 0044 01D9     		bls	.L57
 209:main.c        ****             {   
 210:main.c        ****                 rst_count();          // count reset for negative numbers
 753              		.loc 1 210 0
 754 0046 FFF7FEFF 		bl	rst_count
 755              	.LVL60:
 756              	.L57:
 211:main.c        ****             }
 212:main.c        ****         }
 213:main.c        ****         
 214:main.c        ****         out7seg(counter, point_pos);
 757              		.loc 1 214 0
 758 004a 0C4B     		ldr	r3, .L60+12
 759 004c 9888     		ldrh	r0, [r3, #4]
 760 004e 80B2     		uxth	r0, r0
 761 0050 0D4B     		ldr	r3, .L60+24
 762 0052 197A     		ldrb	r1, [r3, #8]
 763 0054 FFF7FEFF 		bl	out7seg
 764              	.LVL61:
 215:main.c        ****         
 216:main.c        ****         CyDelay(3);
 765              		.loc 1 216 0
 766 0058 0320     		movs	r0, #3
 767 005a FFF7FEFF 		bl	CyDelay
 768              	.LVL62:
 217:main.c        ****         
 218:main.c        ****         if (Pin_B1_Read() == 0)
 769              		.loc 1 218 0
 770 005e FFF7FEFF 		bl	Pin_B1_Read
 771              	.LVL63:
 772 0062 0028     		cmp	r0, #0
 773 0064 D9D1     		bne	.L58
 219:main.c        ****         {
 220:main.c        ****             CyDelay(700);
 774              		.loc 1 220 0
 775 0066 AF20     		movs	r0, #175
 776 0068 8000     		lsls	r0, r0, #2
 777 006a FFF7FEFF 		bl	CyDelay
 778              	.LVL64:
 779 006e D4E7     		b	.L58
 780              	.L61:
 781              		.align	2
 782              	.L60:
 783 0070 00000000 		.word	isr_CNT_RST
 784 0074 00000000 		.word	isr_CNT_NEG
ARM GAS  C:\Users\Lenovo\AppData\Local\Temp\ccFByrcS.s 			page 19


 785 0078 00000000 		.word	isr_100Hz
 786 007c 00000000 		.word	.LANCHOR1
 787 0080 0F270000 		.word	9999
 788 0084 E7030000 		.word	999
 789 0088 00000000 		.word	.LANCHOR0
 790              		.cfi_endproc
 791              	.LFE40:
 792              		.size	main, .-main
 793              		.global	point_pos
 794              		.global	floating_p_mode
 795              		.global	minus
 796              		.global	KOD7
 797              		.global	indyk
 798              		.global	cnt_mode
 799              		.global	counter
 800              		.section	.rodata
 801              		.align	2
 802              		.set	.LANCHOR2,. + 0
 803              		.type	KOD7, %object
 804              		.size	KOD7, 10
 805              	KOD7:
 806 0000 03       		.byte	3
 807 0001 9F       		.byte	-97
 808 0002 25       		.byte	37
 809 0003 0D       		.byte	13
 810 0004 99       		.byte	-103
 811 0005 49       		.byte	73
 812 0006 41       		.byte	65
 813 0007 1F       		.byte	31
 814 0008 01       		.byte	1
 815 0009 09       		.byte	9
 816              		.type	minus, %object
 817              		.size	minus, 2
 818              	minus:
 819 000a FD00     		.short	253
 820              		.data
 821              		.align	2
 822              		.set	.LANCHOR0,. + 0
 823              		.type	indyk, %object
 824              		.size	indyk, 8
 825              	indyk:
 826 0000 FF10     		.short	4351
 827 0002 FF20     		.short	8447
 828 0004 FF40     		.short	16639
 829 0006 FF80     		.short	-32513
 830              		.type	point_pos, %object
 831              		.size	point_pos, 1
 832              	point_pos:
 833 0008 01       		.byte	1
 834              		.bss
 835              		.align	1
 836              		.set	.LANCHOR1,. + 0
 837              		.type	N_indyk.5584, %object
 838              		.size	N_indyk.5584, 1
 839              	N_indyk.5584:
 840 0000 00       		.space	1
 841              		.type	cnt_mode, %object
ARM GAS  C:\Users\Lenovo\AppData\Local\Temp\ccFByrcS.s 			page 20


 842              		.size	cnt_mode, 1
 843              	cnt_mode:
 844 0001 00       		.space	1
 845              		.type	floating_p_mode, %object
 846              		.size	floating_p_mode, 1
 847              	floating_p_mode:
 848 0002 00       		.space	1
 849 0003 00       		.space	1
 850              		.type	counter, %object
 851              		.size	counter, 2
 852              	counter:
 853 0004 0000     		.space	2
 854              		.text
 855              	.Letext0:
 856              		.file 2 "Generated_Source\\PSoC4/cytypes.h"
 857              		.file 3 "Generated_Source\\PSoC4/SPIM.h"
 858              		.file 4 "Generated_Source\\PSoC4/CyLib.h"
 859              		.file 5 "Generated_Source\\PSoC4/Pin_B2.h"
 860              		.file 6 "Generated_Source\\PSoC4/Pin_B3.h"
 861              		.file 7 "Generated_Source\\PSoC4/isr_CNT_RST.h"
 862              		.file 8 "Generated_Source\\PSoC4/isr_CNT_NEG.h"
 863              		.file 9 "Generated_Source\\PSoC4/isr_100Hz.h"
 864              		.file 10 "Generated_Source\\PSoC4/Pin_B1.h"
 865              		.section	.debug_info,"",%progbits
 866              	.Ldebug_info0:
 867 0000 F1030000 		.4byte	0x3f1
 868 0004 0400     		.2byte	0x4
 869 0006 00000000 		.4byte	.Ldebug_abbrev0
 870 000a 04       		.byte	0x4
 871 000b 01       		.uleb128 0x1
 872 000c F3010000 		.4byte	.LASF44
 873 0010 0C       		.byte	0xc
 874 0011 B1020000 		.4byte	.LASF45
 875 0015 40010000 		.4byte	.LASF46
 876 0019 18000000 		.4byte	.Ldebug_ranges0+0x18
 877 001d 00000000 		.4byte	0
 878 0021 00000000 		.4byte	.Ldebug_line0
 879 0025 02       		.uleb128 0x2
 880 0026 01       		.byte	0x1
 881 0027 06       		.byte	0x6
 882 0028 EE020000 		.4byte	.LASF0
 883 002c 02       		.uleb128 0x2
 884 002d 01       		.byte	0x1
 885 002e 08       		.byte	0x8
 886 002f B1000000 		.4byte	.LASF1
 887 0033 02       		.uleb128 0x2
 888 0034 02       		.byte	0x2
 889 0035 05       		.byte	0x5
 890 0036 C5020000 		.4byte	.LASF2
 891 003a 02       		.uleb128 0x2
 892 003b 02       		.byte	0x2
 893 003c 07       		.byte	0x7
 894 003d 36000000 		.4byte	.LASF3
 895 0041 02       		.uleb128 0x2
 896 0042 04       		.byte	0x4
 897 0043 05       		.byte	0x5
 898 0044 CF020000 		.4byte	.LASF4
ARM GAS  C:\Users\Lenovo\AppData\Local\Temp\ccFByrcS.s 			page 21


 899 0048 02       		.uleb128 0x2
 900 0049 04       		.byte	0x4
 901 004a 07       		.byte	0x7
 902 004b D1000000 		.4byte	.LASF5
 903 004f 02       		.uleb128 0x2
 904 0050 08       		.byte	0x8
 905 0051 05       		.byte	0x5
 906 0052 A3020000 		.4byte	.LASF6
 907 0056 02       		.uleb128 0x2
 908 0057 08       		.byte	0x8
 909 0058 07       		.byte	0x7
 910 0059 86000000 		.4byte	.LASF7
 911 005d 03       		.uleb128 0x3
 912 005e 04       		.byte	0x4
 913 005f 05       		.byte	0x5
 914 0060 696E7400 		.ascii	"int\000"
 915 0064 02       		.uleb128 0x2
 916 0065 04       		.byte	0x4
 917 0066 07       		.byte	0x7
 918 0067 B4010000 		.4byte	.LASF8
 919 006b 04       		.uleb128 0x4
 920 006c E3000000 		.4byte	.LASF9
 921 0070 02       		.byte	0x2
 922 0071 E401     		.2byte	0x1e4
 923 0073 2C000000 		.4byte	0x2c
 924 0077 04       		.uleb128 0x4
 925 0078 1D010000 		.4byte	.LASF10
 926 007c 02       		.byte	0x2
 927 007d E501     		.2byte	0x1e5
 928 007f 3A000000 		.4byte	0x3a
 929 0083 02       		.uleb128 0x2
 930 0084 04       		.byte	0x4
 931 0085 04       		.byte	0x4
 932 0086 7B000000 		.4byte	.LASF11
 933 008a 02       		.uleb128 0x2
 934 008b 08       		.byte	0x8
 935 008c 04       		.byte	0x4
 936 008d 11010000 		.4byte	.LASF12
 937 0091 02       		.uleb128 0x2
 938 0092 01       		.byte	0x1
 939 0093 08       		.byte	0x8
 940 0094 D8020000 		.4byte	.LASF13
 941 0098 05       		.uleb128 0x5
 942 0099 6B000000 		.4byte	0x6b
 943 009d 05       		.uleb128 0x5
 944 009e 77000000 		.4byte	0x77
 945 00a2 02       		.uleb128 0x2
 946 00a3 08       		.byte	0x8
 947 00a4 04       		.byte	0x4
 948 00a5 E2020000 		.4byte	.LASF14
 949 00a9 02       		.uleb128 0x2
 950 00aa 04       		.byte	0x4
 951 00ab 07       		.byte	0x7
 952 00ac 8B020000 		.4byte	.LASF15
 953 00b0 06       		.uleb128 0x6
 954 00b1 49000000 		.4byte	.LASF16
 955 00b5 01       		.byte	0x1
ARM GAS  C:\Users\Lenovo\AppData\Local\Temp\ccFByrcS.s 			page 22


 956 00b6 1C       		.byte	0x1c
 957 00b7 00000000 		.4byte	.LFB35
 958 00bb 24000000 		.4byte	.LFE35-.LFB35
 959 00bf 01       		.uleb128 0x1
 960 00c0 9C       		.byte	0x9c
 961 00c1 E0000000 		.4byte	0xe0
 962 00c5 07       		.uleb128 0x7
 963 00c6 E9000000 		.4byte	.LASF19
 964 00ca 01       		.byte	0x1
 965 00cb 1F       		.byte	0x1f
 966 00cc 6B000000 		.4byte	0x6b
 967 00d0 05       		.uleb128 0x5
 968 00d1 03       		.byte	0x3
 969 00d2 00000000 		.4byte	N_indyk.5584
 970 00d6 08       		.uleb128 0x8
 971 00d7 10000000 		.4byte	.LVL0
 972 00db 7B030000 		.4byte	0x37b
 973 00df 00       		.byte	0
 974 00e0 09       		.uleb128 0x9
 975 00e1 BD020000 		.4byte	.LASF17
 976 00e5 01       		.byte	0x1
 977 00e6 39       		.byte	0x39
 978 00e7 00000000 		.4byte	.LFB38
 979 00eb 68020000 		.4byte	.LFE38-.LFB38
 980 00ef 01       		.uleb128 0x1
 981 00f0 9C       		.byte	0x9c
 982 00f1 6C010000 		.4byte	0x16c
 983 00f5 0A       		.uleb128 0xa
 984 00f6 81000000 		.4byte	.LASF18
 985 00fa 01       		.byte	0x1
 986 00fb 39       		.byte	0x39
 987 00fc 77000000 		.4byte	0x77
 988 0100 00000000 		.4byte	.LLST0
 989 0104 0B       		.uleb128 0xb
 990 0105 706F7300 		.ascii	"pos\000"
 991 0109 01       		.byte	0x1
 992 010a 39       		.byte	0x39
 993 010b 6B000000 		.4byte	0x6b
 994 010f 55000000 		.4byte	.LLST1
 995 0113 0C       		.uleb128 0xc
 996 0114 6900     		.ascii	"i\000"
 997 0116 01       		.byte	0x1
 998 0117 3B       		.byte	0x3b
 999 0118 6B000000 		.4byte	0x6b
 1000 011c A8000000 		.4byte	.LLST2
 1001 0120 0D       		.uleb128 0xd
 1002 0121 1A000000 		.4byte	.LBB2
 1003 0125 E4000000 		.4byte	.LBE2-.LBB2
 1004 0129 3D010000 		.4byte	0x13d
 1005 012d 0E       		.uleb128 0xe
 1006 012e B8020000 		.4byte	.LASF20
 1007 0132 01       		.byte	0x1
 1008 0133 3F       		.byte	0x3f
 1009 0134 6B000000 		.4byte	0x6b
 1010 0138 40010000 		.4byte	.LLST3
 1011 013c 00       		.byte	0
 1012 013d 0F       		.uleb128 0xf
ARM GAS  C:\Users\Lenovo\AppData\Local\Temp\ccFByrcS.s 			page 23


 1013 013e FE000000 		.4byte	.LBB3
 1014 0142 50010000 		.4byte	.LBE3-.LBB3
 1015 0146 0E       		.uleb128 0xe
 1016 0147 B8020000 		.4byte	.LASF20
 1017 014b 01       		.byte	0x1
 1018 014c 6C       		.byte	0x6c
 1019 014d 6B000000 		.4byte	0x6b
 1020 0151 53010000 		.4byte	.LLST4
 1021 0155 10       		.uleb128 0x10
 1022 0156 00000000 		.4byte	.Ldebug_ranges0+0
 1023 015a 0E       		.uleb128 0xe
 1024 015b EA010000 		.4byte	.LASF21
 1025 015f 01       		.byte	0x1
 1026 0160 7B       		.byte	0x7b
 1027 0161 6B000000 		.4byte	0x6b
 1028 0165 71010000 		.4byte	.LLST5
 1029 0169 00       		.byte	0
 1030 016a 00       		.byte	0
 1031 016b 00       		.byte	0
 1032 016c 06       		.uleb128 0x6
 1033 016d 81020000 		.4byte	.LASF22
 1034 0171 01       		.byte	0x1
 1035 0172 B2       		.byte	0xb2
 1036 0173 00000000 		.4byte	.LFB39
 1037 0177 38000000 		.4byte	.LFE39-.LFB39
 1038 017b 01       		.uleb128 0x1
 1039 017c 9C       		.byte	0x9c
 1040 017d D5010000 		.4byte	0x1d5
 1041 0181 0E       		.uleb128 0xe
 1042 0182 94020000 		.4byte	.LASF23
 1043 0186 01       		.byte	0x1
 1044 0187 B3       		.byte	0xb3
 1045 0188 6B000000 		.4byte	0x6b
 1046 018c B0010000 		.4byte	.LLST6
 1047 0190 08       		.uleb128 0x8
 1048 0191 06000000 		.4byte	.LVL45
 1049 0195 86030000 		.4byte	0x386
 1050 0199 11       		.uleb128 0x11
 1051 019a 1E000000 		.4byte	.LVL47
 1052 019e E0000000 		.4byte	0xe0
 1053 01a2 AC010000 		.4byte	0x1ac
 1054 01a6 12       		.uleb128 0x12
 1055 01a7 01       		.uleb128 0x1
 1056 01a8 50       		.byte	0x50
 1057 01a9 01       		.uleb128 0x1
 1058 01aa 30       		.byte	0x30
 1059 01ab 00       		.byte	0
 1060 01ac 11       		.uleb128 0x11
 1061 01ad 28000000 		.4byte	.LVL48
 1062 01b1 E0000000 		.4byte	0xe0
 1063 01b5 C4010000 		.4byte	0x1c4
 1064 01b9 12       		.uleb128 0x12
 1065 01ba 01       		.uleb128 0x1
 1066 01bb 50       		.byte	0x50
 1067 01bc 01       		.uleb128 0x1
 1068 01bd 30       		.byte	0x30
 1069 01be 12       		.uleb128 0x12
ARM GAS  C:\Users\Lenovo\AppData\Local\Temp\ccFByrcS.s 			page 24


 1070 01bf 01       		.uleb128 0x1
 1071 01c0 51       		.byte	0x51
 1072 01c1 01       		.uleb128 0x1
 1073 01c2 30       		.byte	0x30
 1074 01c3 00       		.byte	0
 1075 01c4 13       		.uleb128 0x13
 1076 01c5 2E000000 		.4byte	.LVL49
 1077 01c9 91030000 		.4byte	0x391
 1078 01cd 12       		.uleb128 0x12
 1079 01ce 01       		.uleb128 0x1
 1080 01cf 50       		.byte	0x50
 1081 01d0 02       		.uleb128 0x2
 1082 01d1 74       		.byte	0x74
 1083 01d2 00       		.sleb128 0
 1084 01d3 00       		.byte	0
 1085 01d4 00       		.byte	0
 1086 01d5 06       		.uleb128 0x6
 1087 01d6 11000000 		.4byte	.LASF24
 1088 01da 01       		.byte	0x1
 1089 01db 28       		.byte	0x28
 1090 01dc 00000000 		.4byte	.LFB36
 1091 01e0 18000000 		.4byte	.LFE36-.LFB36
 1092 01e4 01       		.uleb128 0x1
 1093 01e5 9C       		.byte	0x9c
 1094 01e6 FD010000 		.4byte	0x1fd
 1095 01ea 08       		.uleb128 0x8
 1096 01eb 0C000000 		.4byte	.LVL51
 1097 01ef 6C010000 		.4byte	0x16c
 1098 01f3 08       		.uleb128 0x8
 1099 01f4 10000000 		.4byte	.LVL52
 1100 01f8 9C030000 		.4byte	0x39c
 1101 01fc 00       		.byte	0
 1102 01fd 06       		.uleb128 0x6
 1103 01fe F1000000 		.4byte	.LASF25
 1104 0202 01       		.byte	0x1
 1105 0203 30       		.byte	0x30
 1106 0204 00000000 		.4byte	.LFB37
 1107 0208 18000000 		.4byte	.LFE37-.LFB37
 1108 020c 01       		.uleb128 0x1
 1109 020d 9C       		.byte	0x9c
 1110 020e 25020000 		.4byte	0x225
 1111 0212 08       		.uleb128 0x8
 1112 0213 0C000000 		.4byte	.LVL53
 1113 0217 6C010000 		.4byte	0x16c
 1114 021b 08       		.uleb128 0x8
 1115 021c 10000000 		.4byte	.LVL54
 1116 0220 A7030000 		.4byte	0x3a7
 1117 0224 00       		.byte	0
 1118 0225 14       		.uleb128 0x14
 1119 0226 18010000 		.4byte	.LASF47
 1120 022a 01       		.byte	0x1
 1121 022b B9       		.byte	0xb9
 1122 022c 5D000000 		.4byte	0x5d
 1123 0230 00000000 		.4byte	.LFB40
 1124 0234 8C000000 		.4byte	.LFE40-.LFB40
 1125 0238 01       		.uleb128 0x1
 1126 0239 9C       		.byte	0x9c
ARM GAS  C:\Users\Lenovo\AppData\Local\Temp\ccFByrcS.s 			page 25


 1127 023a D5020000 		.4byte	0x2d5
 1128 023e 08       		.uleb128 0x8
 1129 023f 08000000 		.4byte	.LVL55
 1130 0243 B2030000 		.4byte	0x3b2
 1131 0247 11       		.uleb128 0x11
 1132 0248 0E000000 		.4byte	.LVL56
 1133 024c BD030000 		.4byte	0x3bd
 1134 0250 5E020000 		.4byte	0x25e
 1135 0254 12       		.uleb128 0x12
 1136 0255 01       		.uleb128 0x1
 1137 0256 50       		.byte	0x50
 1138 0257 05       		.uleb128 0x5
 1139 0258 03       		.byte	0x3
 1140 0259 00000000 		.4byte	isr_CNT_RST
 1141 025d 00       		.byte	0
 1142 025e 11       		.uleb128 0x11
 1143 025f 14000000 		.4byte	.LVL57
 1144 0263 C8030000 		.4byte	0x3c8
 1145 0267 75020000 		.4byte	0x275
 1146 026b 12       		.uleb128 0x12
 1147 026c 01       		.uleb128 0x1
 1148 026d 50       		.byte	0x50
 1149 026e 05       		.uleb128 0x5
 1150 026f 03       		.byte	0x3
 1151 0270 00000000 		.4byte	isr_CNT_NEG
 1152 0274 00       		.byte	0
 1153 0275 11       		.uleb128 0x11
 1154 0276 1A000000 		.4byte	.LVL58
 1155 027a D3030000 		.4byte	0x3d3
 1156 027e 8C020000 		.4byte	0x28c
 1157 0282 12       		.uleb128 0x12
 1158 0283 01       		.uleb128 0x1
 1159 0284 50       		.byte	0x50
 1160 0285 05       		.uleb128 0x5
 1161 0286 03       		.byte	0x3
 1162 0287 00000000 		.4byte	isr_100Hz
 1163 028b 00       		.byte	0
 1164 028c 08       		.uleb128 0x8
 1165 028d 38000000 		.4byte	.LVL59
 1166 0291 6C010000 		.4byte	0x16c
 1167 0295 08       		.uleb128 0x8
 1168 0296 4A000000 		.4byte	.LVL60
 1169 029a 6C010000 		.4byte	0x16c
 1170 029e 08       		.uleb128 0x8
 1171 029f 58000000 		.4byte	.LVL61
 1172 02a3 E0000000 		.4byte	0xe0
 1173 02a7 11       		.uleb128 0x11
 1174 02a8 5E000000 		.4byte	.LVL62
 1175 02ac DE030000 		.4byte	0x3de
 1176 02b0 BA020000 		.4byte	0x2ba
 1177 02b4 12       		.uleb128 0x12
 1178 02b5 01       		.uleb128 0x1
 1179 02b6 50       		.byte	0x50
 1180 02b7 01       		.uleb128 0x1
 1181 02b8 33       		.byte	0x33
 1182 02b9 00       		.byte	0
 1183 02ba 08       		.uleb128 0x8
ARM GAS  C:\Users\Lenovo\AppData\Local\Temp\ccFByrcS.s 			page 26


 1184 02bb 62000000 		.4byte	.LVL63
 1185 02bf E9030000 		.4byte	0x3e9
 1186 02c3 13       		.uleb128 0x13
 1187 02c4 6E000000 		.4byte	.LVL64
 1188 02c8 DE030000 		.4byte	0x3de
 1189 02cc 12       		.uleb128 0x12
 1190 02cd 01       		.uleb128 0x1
 1191 02ce 50       		.byte	0x50
 1192 02cf 03       		.uleb128 0x3
 1193 02d0 0A       		.byte	0xa
 1194 02d1 BC02     		.2byte	0x2bc
 1195 02d3 00       		.byte	0
 1196 02d4 00       		.byte	0
 1197 02d5 15       		.uleb128 0x15
 1198 02d6 D7010000 		.4byte	.LASF26
 1199 02da 01       		.byte	0x1
 1200 02db 11       		.byte	0x11
 1201 02dc 9D000000 		.4byte	0x9d
 1202 02e0 05       		.uleb128 0x5
 1203 02e1 03       		.byte	0x3
 1204 02e2 00000000 		.4byte	counter
 1205 02e6 15       		.uleb128 0x15
 1206 02e7 1D000000 		.4byte	.LASF27
 1207 02eb 01       		.byte	0x1
 1208 02ec 12       		.byte	0x12
 1209 02ed 98000000 		.4byte	0x98
 1210 02f1 05       		.uleb128 0x5
 1211 02f2 03       		.byte	0x3
 1212 02f3 00000000 		.4byte	cnt_mode
 1213 02f7 16       		.uleb128 0x16
 1214 02f8 77000000 		.4byte	0x77
 1215 02fc 07030000 		.4byte	0x307
 1216 0300 17       		.uleb128 0x17
 1217 0301 A9000000 		.4byte	0xa9
 1218 0305 03       		.byte	0x3
 1219 0306 00       		.byte	0
 1220 0307 15       		.uleb128 0x15
 1221 0308 69000000 		.4byte	.LASF28
 1222 030c 01       		.byte	0x1
 1223 030d 15       		.byte	0x15
 1224 030e F7020000 		.4byte	0x2f7
 1225 0312 05       		.uleb128 0x5
 1226 0313 03       		.byte	0x3
 1227 0314 00000000 		.4byte	indyk
 1228 0318 16       		.uleb128 0x16
 1229 0319 28030000 		.4byte	0x328
 1230 031d 28030000 		.4byte	0x328
 1231 0321 17       		.uleb128 0x17
 1232 0322 A9000000 		.4byte	0xa9
 1233 0326 09       		.byte	0x9
 1234 0327 00       		.byte	0
 1235 0328 18       		.uleb128 0x18
 1236 0329 6B000000 		.4byte	0x6b
 1237 032d 15       		.uleb128 0x15
 1238 032e DD020000 		.4byte	.LASF29
 1239 0332 01       		.byte	0x1
 1240 0333 16       		.byte	0x16
ARM GAS  C:\Users\Lenovo\AppData\Local\Temp\ccFByrcS.s 			page 27


 1241 0334 3E030000 		.4byte	0x33e
 1242 0338 05       		.uleb128 0x5
 1243 0339 03       		.byte	0x3
 1244 033a 00000000 		.4byte	KOD7
 1245 033e 18       		.uleb128 0x18
 1246 033f 18030000 		.4byte	0x318
 1247 0343 15       		.uleb128 0x15
 1248 0344 3A010000 		.4byte	.LASF30
 1249 0348 01       		.byte	0x1
 1250 0349 17       		.byte	0x17
 1251 034a 54030000 		.4byte	0x354
 1252 034e 05       		.uleb128 0x5
 1253 034f 03       		.byte	0x3
 1254 0350 00000000 		.4byte	minus
 1255 0354 18       		.uleb128 0x18
 1256 0355 77000000 		.4byte	0x77
 1257 0359 15       		.uleb128 0x15
 1258 035a 26000000 		.4byte	.LASF31
 1259 035e 01       		.byte	0x1
 1260 035f 19       		.byte	0x19
 1261 0360 6B000000 		.4byte	0x6b
 1262 0364 05       		.uleb128 0x5
 1263 0365 03       		.byte	0x3
 1264 0366 00000000 		.4byte	floating_p_mode
 1265 036a 15       		.uleb128 0x15
 1266 036b FA020000 		.4byte	.LASF32
 1267 036f 01       		.byte	0x1
 1268 0370 1A       		.byte	0x1a
 1269 0371 6B000000 		.4byte	0x6b
 1270 0375 05       		.uleb128 0x5
 1271 0376 03       		.byte	0x3
 1272 0377 00000000 		.4byte	point_pos
 1273 037b 19       		.uleb128 0x19
 1274 037c 00000000 		.4byte	.LASF33
 1275 0380 00000000 		.4byte	.LASF33
 1276 0384 03       		.byte	0x3
 1277 0385 5E       		.byte	0x5e
 1278 0386 19       		.uleb128 0x19
 1279 0387 9D010000 		.4byte	.LASF34
 1280 038b 9D010000 		.4byte	.LASF34
 1281 038f 04       		.byte	0x4
 1282 0390 E5       		.byte	0xe5
 1283 0391 19       		.uleb128 0x19
 1284 0392 C1010000 		.4byte	.LASF35
 1285 0396 C1010000 		.4byte	.LASF35
 1286 039a 04       		.byte	0x4
 1287 039b E6       		.byte	0xe6
 1288 039c 19       		.uleb128 0x19
 1289 039d 53000000 		.4byte	.LASF36
 1290 03a1 53000000 		.4byte	.LASF36
 1291 03a5 05       		.byte	0x5
 1292 03a6 39       		.byte	0x39
 1293 03a7 19       		.uleb128 0x19
 1294 03a8 24010000 		.4byte	.LASF37
 1295 03ac 24010000 		.4byte	.LASF37
 1296 03b0 06       		.byte	0x6
 1297 03b1 39       		.byte	0x39
ARM GAS  C:\Users\Lenovo\AppData\Local\Temp\ccFByrcS.s 			page 28


 1298 03b2 19       		.uleb128 0x19
 1299 03b3 DF010000 		.4byte	.LASF38
 1300 03b7 DF010000 		.4byte	.LASF38
 1301 03bb 03       		.byte	0x3
 1302 03bc 4D       		.byte	0x4d
 1303 03bd 19       		.uleb128 0x19
 1304 03be 9D000000 		.4byte	.LASF39
 1305 03c2 9D000000 		.4byte	.LASF39
 1306 03c6 07       		.byte	0x7
 1307 03c7 18       		.byte	0x18
 1308 03c8 19       		.uleb128 0x19
 1309 03c9 FD000000 		.4byte	.LASF40
 1310 03cd FD000000 		.4byte	.LASF40
 1311 03d1 08       		.byte	0x8
 1312 03d2 18       		.byte	0x18
 1313 03d3 19       		.uleb128 0x19
 1314 03d4 BF000000 		.4byte	.LASF41
 1315 03d8 BF000000 		.4byte	.LASF41
 1316 03dc 09       		.byte	0x9
 1317 03dd 18       		.byte	0x18
 1318 03de 19       		.uleb128 0x19
 1319 03df 04030000 		.4byte	.LASF42
 1320 03e3 04030000 		.4byte	.LASF42
 1321 03e7 04       		.byte	0x4
 1322 03e8 D9       		.byte	0xd9
 1323 03e9 19       		.uleb128 0x19
 1324 03ea 6F000000 		.4byte	.LASF43
 1325 03ee 6F000000 		.4byte	.LASF43
 1326 03f2 0A       		.byte	0xa
 1327 03f3 32       		.byte	0x32
 1328 03f4 00       		.byte	0
 1329              		.section	.debug_abbrev,"",%progbits
 1330              	.Ldebug_abbrev0:
 1331 0000 01       		.uleb128 0x1
 1332 0001 11       		.uleb128 0x11
 1333 0002 01       		.byte	0x1
 1334 0003 25       		.uleb128 0x25
 1335 0004 0E       		.uleb128 0xe
 1336 0005 13       		.uleb128 0x13
 1337 0006 0B       		.uleb128 0xb
 1338 0007 03       		.uleb128 0x3
 1339 0008 0E       		.uleb128 0xe
 1340 0009 1B       		.uleb128 0x1b
 1341 000a 0E       		.uleb128 0xe
 1342 000b 55       		.uleb128 0x55
 1343 000c 17       		.uleb128 0x17
 1344 000d 11       		.uleb128 0x11
 1345 000e 01       		.uleb128 0x1
 1346 000f 10       		.uleb128 0x10
 1347 0010 17       		.uleb128 0x17
 1348 0011 00       		.byte	0
 1349 0012 00       		.byte	0
 1350 0013 02       		.uleb128 0x2
 1351 0014 24       		.uleb128 0x24
 1352 0015 00       		.byte	0
 1353 0016 0B       		.uleb128 0xb
 1354 0017 0B       		.uleb128 0xb
ARM GAS  C:\Users\Lenovo\AppData\Local\Temp\ccFByrcS.s 			page 29


 1355 0018 3E       		.uleb128 0x3e
 1356 0019 0B       		.uleb128 0xb
 1357 001a 03       		.uleb128 0x3
 1358 001b 0E       		.uleb128 0xe
 1359 001c 00       		.byte	0
 1360 001d 00       		.byte	0
 1361 001e 03       		.uleb128 0x3
 1362 001f 24       		.uleb128 0x24
 1363 0020 00       		.byte	0
 1364 0021 0B       		.uleb128 0xb
 1365 0022 0B       		.uleb128 0xb
 1366 0023 3E       		.uleb128 0x3e
 1367 0024 0B       		.uleb128 0xb
 1368 0025 03       		.uleb128 0x3
 1369 0026 08       		.uleb128 0x8
 1370 0027 00       		.byte	0
 1371 0028 00       		.byte	0
 1372 0029 04       		.uleb128 0x4
 1373 002a 16       		.uleb128 0x16
 1374 002b 00       		.byte	0
 1375 002c 03       		.uleb128 0x3
 1376 002d 0E       		.uleb128 0xe
 1377 002e 3A       		.uleb128 0x3a
 1378 002f 0B       		.uleb128 0xb
 1379 0030 3B       		.uleb128 0x3b
 1380 0031 05       		.uleb128 0x5
 1381 0032 49       		.uleb128 0x49
 1382 0033 13       		.uleb128 0x13
 1383 0034 00       		.byte	0
 1384 0035 00       		.byte	0
 1385 0036 05       		.uleb128 0x5
 1386 0037 35       		.uleb128 0x35
 1387 0038 00       		.byte	0
 1388 0039 49       		.uleb128 0x49
 1389 003a 13       		.uleb128 0x13
 1390 003b 00       		.byte	0
 1391 003c 00       		.byte	0
 1392 003d 06       		.uleb128 0x6
 1393 003e 2E       		.uleb128 0x2e
 1394 003f 01       		.byte	0x1
 1395 0040 3F       		.uleb128 0x3f
 1396 0041 19       		.uleb128 0x19
 1397 0042 03       		.uleb128 0x3
 1398 0043 0E       		.uleb128 0xe
 1399 0044 3A       		.uleb128 0x3a
 1400 0045 0B       		.uleb128 0xb
 1401 0046 3B       		.uleb128 0x3b
 1402 0047 0B       		.uleb128 0xb
 1403 0048 27       		.uleb128 0x27
 1404 0049 19       		.uleb128 0x19
 1405 004a 11       		.uleb128 0x11
 1406 004b 01       		.uleb128 0x1
 1407 004c 12       		.uleb128 0x12
 1408 004d 06       		.uleb128 0x6
 1409 004e 40       		.uleb128 0x40
 1410 004f 18       		.uleb128 0x18
 1411 0050 9742     		.uleb128 0x2117
ARM GAS  C:\Users\Lenovo\AppData\Local\Temp\ccFByrcS.s 			page 30


 1412 0052 19       		.uleb128 0x19
 1413 0053 01       		.uleb128 0x1
 1414 0054 13       		.uleb128 0x13
 1415 0055 00       		.byte	0
 1416 0056 00       		.byte	0
 1417 0057 07       		.uleb128 0x7
 1418 0058 34       		.uleb128 0x34
 1419 0059 00       		.byte	0
 1420 005a 03       		.uleb128 0x3
 1421 005b 0E       		.uleb128 0xe
 1422 005c 3A       		.uleb128 0x3a
 1423 005d 0B       		.uleb128 0xb
 1424 005e 3B       		.uleb128 0x3b
 1425 005f 0B       		.uleb128 0xb
 1426 0060 49       		.uleb128 0x49
 1427 0061 13       		.uleb128 0x13
 1428 0062 02       		.uleb128 0x2
 1429 0063 18       		.uleb128 0x18
 1430 0064 00       		.byte	0
 1431 0065 00       		.byte	0
 1432 0066 08       		.uleb128 0x8
 1433 0067 898201   		.uleb128 0x4109
 1434 006a 00       		.byte	0
 1435 006b 11       		.uleb128 0x11
 1436 006c 01       		.uleb128 0x1
 1437 006d 31       		.uleb128 0x31
 1438 006e 13       		.uleb128 0x13
 1439 006f 00       		.byte	0
 1440 0070 00       		.byte	0
 1441 0071 09       		.uleb128 0x9
 1442 0072 2E       		.uleb128 0x2e
 1443 0073 01       		.byte	0x1
 1444 0074 3F       		.uleb128 0x3f
 1445 0075 19       		.uleb128 0x19
 1446 0076 03       		.uleb128 0x3
 1447 0077 0E       		.uleb128 0xe
 1448 0078 3A       		.uleb128 0x3a
 1449 0079 0B       		.uleb128 0xb
 1450 007a 3B       		.uleb128 0x3b
 1451 007b 0B       		.uleb128 0xb
 1452 007c 27       		.uleb128 0x27
 1453 007d 19       		.uleb128 0x19
 1454 007e 11       		.uleb128 0x11
 1455 007f 01       		.uleb128 0x1
 1456 0080 12       		.uleb128 0x12
 1457 0081 06       		.uleb128 0x6
 1458 0082 40       		.uleb128 0x40
 1459 0083 18       		.uleb128 0x18
 1460 0084 9642     		.uleb128 0x2116
 1461 0086 19       		.uleb128 0x19
 1462 0087 01       		.uleb128 0x1
 1463 0088 13       		.uleb128 0x13
 1464 0089 00       		.byte	0
 1465 008a 00       		.byte	0
 1466 008b 0A       		.uleb128 0xa
 1467 008c 05       		.uleb128 0x5
 1468 008d 00       		.byte	0
ARM GAS  C:\Users\Lenovo\AppData\Local\Temp\ccFByrcS.s 			page 31


 1469 008e 03       		.uleb128 0x3
 1470 008f 0E       		.uleb128 0xe
 1471 0090 3A       		.uleb128 0x3a
 1472 0091 0B       		.uleb128 0xb
 1473 0092 3B       		.uleb128 0x3b
 1474 0093 0B       		.uleb128 0xb
 1475 0094 49       		.uleb128 0x49
 1476 0095 13       		.uleb128 0x13
 1477 0096 02       		.uleb128 0x2
 1478 0097 17       		.uleb128 0x17
 1479 0098 00       		.byte	0
 1480 0099 00       		.byte	0
 1481 009a 0B       		.uleb128 0xb
 1482 009b 05       		.uleb128 0x5
 1483 009c 00       		.byte	0
 1484 009d 03       		.uleb128 0x3
 1485 009e 08       		.uleb128 0x8
 1486 009f 3A       		.uleb128 0x3a
 1487 00a0 0B       		.uleb128 0xb
 1488 00a1 3B       		.uleb128 0x3b
 1489 00a2 0B       		.uleb128 0xb
 1490 00a3 49       		.uleb128 0x49
 1491 00a4 13       		.uleb128 0x13
 1492 00a5 02       		.uleb128 0x2
 1493 00a6 17       		.uleb128 0x17
 1494 00a7 00       		.byte	0
 1495 00a8 00       		.byte	0
 1496 00a9 0C       		.uleb128 0xc
 1497 00aa 34       		.uleb128 0x34
 1498 00ab 00       		.byte	0
 1499 00ac 03       		.uleb128 0x3
 1500 00ad 08       		.uleb128 0x8
 1501 00ae 3A       		.uleb128 0x3a
 1502 00af 0B       		.uleb128 0xb
 1503 00b0 3B       		.uleb128 0x3b
 1504 00b1 0B       		.uleb128 0xb
 1505 00b2 49       		.uleb128 0x49
 1506 00b3 13       		.uleb128 0x13
 1507 00b4 02       		.uleb128 0x2
 1508 00b5 17       		.uleb128 0x17
 1509 00b6 00       		.byte	0
 1510 00b7 00       		.byte	0
 1511 00b8 0D       		.uleb128 0xd
 1512 00b9 0B       		.uleb128 0xb
 1513 00ba 01       		.byte	0x1
 1514 00bb 11       		.uleb128 0x11
 1515 00bc 01       		.uleb128 0x1
 1516 00bd 12       		.uleb128 0x12
 1517 00be 06       		.uleb128 0x6
 1518 00bf 01       		.uleb128 0x1
 1519 00c0 13       		.uleb128 0x13
 1520 00c1 00       		.byte	0
 1521 00c2 00       		.byte	0
 1522 00c3 0E       		.uleb128 0xe
 1523 00c4 34       		.uleb128 0x34
 1524 00c5 00       		.byte	0
 1525 00c6 03       		.uleb128 0x3
ARM GAS  C:\Users\Lenovo\AppData\Local\Temp\ccFByrcS.s 			page 32


 1526 00c7 0E       		.uleb128 0xe
 1527 00c8 3A       		.uleb128 0x3a
 1528 00c9 0B       		.uleb128 0xb
 1529 00ca 3B       		.uleb128 0x3b
 1530 00cb 0B       		.uleb128 0xb
 1531 00cc 49       		.uleb128 0x49
 1532 00cd 13       		.uleb128 0x13
 1533 00ce 02       		.uleb128 0x2
 1534 00cf 17       		.uleb128 0x17
 1535 00d0 00       		.byte	0
 1536 00d1 00       		.byte	0
 1537 00d2 0F       		.uleb128 0xf
 1538 00d3 0B       		.uleb128 0xb
 1539 00d4 01       		.byte	0x1
 1540 00d5 11       		.uleb128 0x11
 1541 00d6 01       		.uleb128 0x1
 1542 00d7 12       		.uleb128 0x12
 1543 00d8 06       		.uleb128 0x6
 1544 00d9 00       		.byte	0
 1545 00da 00       		.byte	0
 1546 00db 10       		.uleb128 0x10
 1547 00dc 0B       		.uleb128 0xb
 1548 00dd 01       		.byte	0x1
 1549 00de 55       		.uleb128 0x55
 1550 00df 17       		.uleb128 0x17
 1551 00e0 00       		.byte	0
 1552 00e1 00       		.byte	0
 1553 00e2 11       		.uleb128 0x11
 1554 00e3 898201   		.uleb128 0x4109
 1555 00e6 01       		.byte	0x1
 1556 00e7 11       		.uleb128 0x11
 1557 00e8 01       		.uleb128 0x1
 1558 00e9 31       		.uleb128 0x31
 1559 00ea 13       		.uleb128 0x13
 1560 00eb 01       		.uleb128 0x1
 1561 00ec 13       		.uleb128 0x13
 1562 00ed 00       		.byte	0
 1563 00ee 00       		.byte	0
 1564 00ef 12       		.uleb128 0x12
 1565 00f0 8A8201   		.uleb128 0x410a
 1566 00f3 00       		.byte	0
 1567 00f4 02       		.uleb128 0x2
 1568 00f5 18       		.uleb128 0x18
 1569 00f6 9142     		.uleb128 0x2111
 1570 00f8 18       		.uleb128 0x18
 1571 00f9 00       		.byte	0
 1572 00fa 00       		.byte	0
 1573 00fb 13       		.uleb128 0x13
 1574 00fc 898201   		.uleb128 0x4109
 1575 00ff 01       		.byte	0x1
 1576 0100 11       		.uleb128 0x11
 1577 0101 01       		.uleb128 0x1
 1578 0102 31       		.uleb128 0x31
 1579 0103 13       		.uleb128 0x13
 1580 0104 00       		.byte	0
 1581 0105 00       		.byte	0
 1582 0106 14       		.uleb128 0x14
ARM GAS  C:\Users\Lenovo\AppData\Local\Temp\ccFByrcS.s 			page 33


 1583 0107 2E       		.uleb128 0x2e
 1584 0108 01       		.byte	0x1
 1585 0109 3F       		.uleb128 0x3f
 1586 010a 19       		.uleb128 0x19
 1587 010b 03       		.uleb128 0x3
 1588 010c 0E       		.uleb128 0xe
 1589 010d 3A       		.uleb128 0x3a
 1590 010e 0B       		.uleb128 0xb
 1591 010f 3B       		.uleb128 0x3b
 1592 0110 0B       		.uleb128 0xb
 1593 0111 27       		.uleb128 0x27
 1594 0112 19       		.uleb128 0x19
 1595 0113 49       		.uleb128 0x49
 1596 0114 13       		.uleb128 0x13
 1597 0115 8701     		.uleb128 0x87
 1598 0117 19       		.uleb128 0x19
 1599 0118 11       		.uleb128 0x11
 1600 0119 01       		.uleb128 0x1
 1601 011a 12       		.uleb128 0x12
 1602 011b 06       		.uleb128 0x6
 1603 011c 40       		.uleb128 0x40
 1604 011d 18       		.uleb128 0x18
 1605 011e 9742     		.uleb128 0x2117
 1606 0120 19       		.uleb128 0x19
 1607 0121 01       		.uleb128 0x1
 1608 0122 13       		.uleb128 0x13
 1609 0123 00       		.byte	0
 1610 0124 00       		.byte	0
 1611 0125 15       		.uleb128 0x15
 1612 0126 34       		.uleb128 0x34
 1613 0127 00       		.byte	0
 1614 0128 03       		.uleb128 0x3
 1615 0129 0E       		.uleb128 0xe
 1616 012a 3A       		.uleb128 0x3a
 1617 012b 0B       		.uleb128 0xb
 1618 012c 3B       		.uleb128 0x3b
 1619 012d 0B       		.uleb128 0xb
 1620 012e 49       		.uleb128 0x49
 1621 012f 13       		.uleb128 0x13
 1622 0130 3F       		.uleb128 0x3f
 1623 0131 19       		.uleb128 0x19
 1624 0132 02       		.uleb128 0x2
 1625 0133 18       		.uleb128 0x18
 1626 0134 00       		.byte	0
 1627 0135 00       		.byte	0
 1628 0136 16       		.uleb128 0x16
 1629 0137 01       		.uleb128 0x1
 1630 0138 01       		.byte	0x1
 1631 0139 49       		.uleb128 0x49
 1632 013a 13       		.uleb128 0x13
 1633 013b 01       		.uleb128 0x1
 1634 013c 13       		.uleb128 0x13
 1635 013d 00       		.byte	0
 1636 013e 00       		.byte	0
 1637 013f 17       		.uleb128 0x17
 1638 0140 21       		.uleb128 0x21
 1639 0141 00       		.byte	0
ARM GAS  C:\Users\Lenovo\AppData\Local\Temp\ccFByrcS.s 			page 34


 1640 0142 49       		.uleb128 0x49
 1641 0143 13       		.uleb128 0x13
 1642 0144 2F       		.uleb128 0x2f
 1643 0145 0B       		.uleb128 0xb
 1644 0146 00       		.byte	0
 1645 0147 00       		.byte	0
 1646 0148 18       		.uleb128 0x18
 1647 0149 26       		.uleb128 0x26
 1648 014a 00       		.byte	0
 1649 014b 49       		.uleb128 0x49
 1650 014c 13       		.uleb128 0x13
 1651 014d 00       		.byte	0
 1652 014e 00       		.byte	0
 1653 014f 19       		.uleb128 0x19
 1654 0150 2E       		.uleb128 0x2e
 1655 0151 00       		.byte	0
 1656 0152 3F       		.uleb128 0x3f
 1657 0153 19       		.uleb128 0x19
 1658 0154 3C       		.uleb128 0x3c
 1659 0155 19       		.uleb128 0x19
 1660 0156 6E       		.uleb128 0x6e
 1661 0157 0E       		.uleb128 0xe
 1662 0158 03       		.uleb128 0x3
 1663 0159 0E       		.uleb128 0xe
 1664 015a 3A       		.uleb128 0x3a
 1665 015b 0B       		.uleb128 0xb
 1666 015c 3B       		.uleb128 0x3b
 1667 015d 0B       		.uleb128 0xb
 1668 015e 00       		.byte	0
 1669 015f 00       		.byte	0
 1670 0160 00       		.byte	0
 1671              		.section	.debug_loc,"",%progbits
 1672              	.Ldebug_loc0:
 1673              	.LLST0:
 1674 0000 00000000 		.4byte	.LVL1
 1675 0004 3E000000 		.4byte	.LVL3
 1676 0008 0100     		.2byte	0x1
 1677 000a 50       		.byte	0x50
 1678 000b 3E000000 		.4byte	.LVL3
 1679 000f FE000000 		.4byte	.LVL13
 1680 0013 0100     		.2byte	0x1
 1681 0015 55       		.byte	0x55
 1682 0016 FE000000 		.4byte	.LVL13
 1683 001a 24010000 		.4byte	.LVL15
 1684 001e 0100     		.2byte	0x1
 1685 0020 50       		.byte	0x50
 1686 0021 24010000 		.4byte	.LVL15
 1687 0025 72010000 		.4byte	.LVL21
 1688 0029 0100     		.2byte	0x1
 1689 002b 55       		.byte	0x55
 1690 002c 72010000 		.4byte	.LVL21
 1691 0030 74010000 		.4byte	.LVL22
 1692 0034 0100     		.2byte	0x1
 1693 0036 50       		.byte	0x50
 1694 0037 74010000 		.4byte	.LVL22
 1695 003b 7E010000 		.4byte	.LVL25
 1696 003f 0100     		.2byte	0x1
ARM GAS  C:\Users\Lenovo\AppData\Local\Temp\ccFByrcS.s 			page 35


 1697 0041 55       		.byte	0x55
 1698 0042 DC010000 		.4byte	.LVL35
 1699 0046 4E020000 		.4byte	.LVL44
 1700 004a 0100     		.2byte	0x1
 1701 004c 55       		.byte	0x55
 1702 004d 00000000 		.4byte	0
 1703 0051 00000000 		.4byte	0
 1704              	.LLST1:
 1705 0055 00000000 		.4byte	.LVL1
 1706 0059 3E000000 		.4byte	.LVL3
 1707 005d 0100     		.2byte	0x1
 1708 005f 51       		.byte	0x51
 1709 0060 3E000000 		.4byte	.LVL3
 1710 0064 FE000000 		.4byte	.LVL13
 1711 0068 0400     		.2byte	0x4
 1712 006a F3       		.byte	0xf3
 1713 006b 01       		.uleb128 0x1
 1714 006c 51       		.byte	0x51
 1715 006d 9F       		.byte	0x9f
 1716 006e FE000000 		.4byte	.LVL13
 1717 0072 24010000 		.4byte	.LVL15
 1718 0076 0100     		.2byte	0x1
 1719 0078 51       		.byte	0x51
 1720 0079 24010000 		.4byte	.LVL15
 1721 007d 72010000 		.4byte	.LVL21
 1722 0081 0400     		.2byte	0x4
 1723 0083 F3       		.byte	0xf3
 1724 0084 01       		.uleb128 0x1
 1725 0085 51       		.byte	0x51
 1726 0086 9F       		.byte	0x9f
 1727 0087 72010000 		.4byte	.LVL21
 1728 008b 74010000 		.4byte	.LVL22
 1729 008f 0100     		.2byte	0x1
 1730 0091 51       		.byte	0x51
 1731 0092 74010000 		.4byte	.LVL22
 1732 0096 68020000 		.4byte	.LFE38
 1733 009a 0400     		.2byte	0x4
 1734 009c F3       		.byte	0xf3
 1735 009d 01       		.uleb128 0x1
 1736 009e 51       		.byte	0x51
 1737 009f 9F       		.byte	0x9f
 1738 00a0 00000000 		.4byte	0
 1739 00a4 00000000 		.4byte	0
 1740              	.LLST2:
 1741 00a8 3A000000 		.4byte	.LVL2
 1742 00ac 3E000000 		.4byte	.LVL3
 1743 00b0 0200     		.2byte	0x2
 1744 00b2 30       		.byte	0x30
 1745 00b3 9F       		.byte	0x9f
 1746 00b4 3E000000 		.4byte	.LVL3
 1747 00b8 9E000000 		.4byte	.LVL7
 1748 00bc 0100     		.2byte	0x1
 1749 00be 54       		.byte	0x54
 1750 00bf A0000000 		.4byte	.LVL8
 1751 00c3 A6000000 		.4byte	.LVL9
 1752 00c7 0100     		.2byte	0x1
 1753 00c9 54       		.byte	0x54
ARM GAS  C:\Users\Lenovo\AppData\Local\Temp\ccFByrcS.s 			page 36


 1754 00ca A8000000 		.4byte	.LVL10
 1755 00ce F6000000 		.4byte	.LVL11
 1756 00d2 0100     		.2byte	0x1
 1757 00d4 53       		.byte	0x53
 1758 00d5 F8000000 		.4byte	.LVL12
 1759 00d9 FE000000 		.4byte	.LVL13
 1760 00dd 0100     		.2byte	0x1
 1761 00df 53       		.byte	0x53
 1762 00e0 24010000 		.4byte	.LVL15
 1763 00e4 6E010000 		.4byte	.LVL19
 1764 00e8 0100     		.2byte	0x1
 1765 00ea 54       		.byte	0x54
 1766 00eb 70010000 		.4byte	.LVL20
 1767 00ef 72010000 		.4byte	.LVL21
 1768 00f3 0100     		.2byte	0x1
 1769 00f5 54       		.byte	0x54
 1770 00f6 74010000 		.4byte	.LVL22
 1771 00fa 7C010000 		.4byte	.LVL24
 1772 00fe 0100     		.2byte	0x1
 1773 0100 54       		.byte	0x54
 1774 0101 7C010000 		.4byte	.LVL24
 1775 0105 D4010000 		.4byte	.LVL33
 1776 0109 0100     		.2byte	0x1
 1777 010b 53       		.byte	0x53
 1778 010c D6010000 		.4byte	.LVL34
 1779 0110 DC010000 		.4byte	.LVL35
 1780 0114 0100     		.2byte	0x1
 1781 0116 53       		.byte	0x53
 1782 0117 DC010000 		.4byte	.LVL35
 1783 011b 38020000 		.4byte	.LVL41
 1784 011f 0100     		.2byte	0x1
 1785 0121 54       		.byte	0x54
 1786 0122 38020000 		.4byte	.LVL41
 1787 0126 48020000 		.4byte	.LVL42
 1788 012a 0100     		.2byte	0x1
 1789 012c 53       		.byte	0x53
 1790 012d 4A020000 		.4byte	.LVL43
 1791 0131 68020000 		.4byte	.LFE38
 1792 0135 0100     		.2byte	0x1
 1793 0137 53       		.byte	0x53
 1794 0138 00000000 		.4byte	0
 1795 013c 00000000 		.4byte	0
 1796              	.LLST3:
 1797 0140 3A000000 		.4byte	.LVL2
 1798 0144 FE000000 		.4byte	.LVL13
 1799 0148 0100     		.2byte	0x1
 1800 014a 57       		.byte	0x57
 1801 014b 00000000 		.4byte	0
 1802 014f 00000000 		.4byte	0
 1803              	.LLST4:
 1804 0153 1C010000 		.4byte	.LVL14
 1805 0157 24010000 		.4byte	.LVL15
 1806 015b 0100     		.2byte	0x1
 1807 015d 53       		.byte	0x53
 1808 015e 72010000 		.4byte	.LVL21
 1809 0162 74010000 		.4byte	.LVL22
 1810 0166 0100     		.2byte	0x1
ARM GAS  C:\Users\Lenovo\AppData\Local\Temp\ccFByrcS.s 			page 37


 1811 0168 53       		.byte	0x53
 1812 0169 00000000 		.4byte	0
 1813 016d 00000000 		.4byte	0
 1814              	.LLST5:
 1815 0171 78010000 		.4byte	.LVL23
 1816 0175 86010000 		.4byte	.LVL26
 1817 0179 0100     		.2byte	0x1
 1818 017b 54       		.byte	0x54
 1819 017c 92010000 		.4byte	.LVL27
 1820 0180 96010000 		.4byte	.LVL28
 1821 0184 0100     		.2byte	0x1
 1822 0186 53       		.byte	0x53
 1823 0187 96010000 		.4byte	.LVL28
 1824 018b A2010000 		.4byte	.LVL29
 1825 018f 0100     		.2byte	0x1
 1826 0191 54       		.byte	0x54
 1827 0192 AA010000 		.4byte	.LVL30
 1828 0196 AE010000 		.4byte	.LVL31
 1829 019a 0100     		.2byte	0x1
 1830 019c 53       		.byte	0x53
 1831 019d AE010000 		.4byte	.LVL31
 1832 01a1 DC010000 		.4byte	.LVL35
 1833 01a5 0100     		.2byte	0x1
 1834 01a7 54       		.byte	0x54
 1835 01a8 00000000 		.4byte	0
 1836 01ac 00000000 		.4byte	0
 1837              	.LLST6:
 1838 01b0 08000000 		.4byte	.LVL46
 1839 01b4 2E000000 		.4byte	.LVL50
 1840 01b8 0100     		.2byte	0x1
 1841 01ba 54       		.byte	0x54
 1842 01bb 00000000 		.4byte	0
 1843 01bf 00000000 		.4byte	0
 1844              		.section	.debug_aranges,"",%progbits
 1845 0000 44000000 		.4byte	0x44
 1846 0004 0200     		.2byte	0x2
 1847 0006 00000000 		.4byte	.Ldebug_info0
 1848 000a 04       		.byte	0x4
 1849 000b 00       		.byte	0
 1850 000c 0000     		.2byte	0
 1851 000e 0000     		.2byte	0
 1852 0010 00000000 		.4byte	.LFB35
 1853 0014 24000000 		.4byte	.LFE35-.LFB35
 1854 0018 00000000 		.4byte	.LFB38
 1855 001c 68020000 		.4byte	.LFE38-.LFB38
 1856 0020 00000000 		.4byte	.LFB39
 1857 0024 38000000 		.4byte	.LFE39-.LFB39
 1858 0028 00000000 		.4byte	.LFB36
 1859 002c 18000000 		.4byte	.LFE36-.LFB36
 1860 0030 00000000 		.4byte	.LFB37
 1861 0034 18000000 		.4byte	.LFE37-.LFB37
 1862 0038 00000000 		.4byte	.LFB40
 1863 003c 8C000000 		.4byte	.LFE40-.LFB40
 1864 0040 00000000 		.4byte	0
 1865 0044 00000000 		.4byte	0
 1866              		.section	.debug_ranges,"",%progbits
 1867              	.Ldebug_ranges0:
ARM GAS  C:\Users\Lenovo\AppData\Local\Temp\ccFByrcS.s 			page 38


 1868 0000 24010000 		.4byte	.LBB4
 1869 0004 72010000 		.4byte	.LBE4
 1870 0008 74010000 		.4byte	.LBB5
 1871 000c DC010000 		.4byte	.LBE5
 1872 0010 00000000 		.4byte	0
 1873 0014 00000000 		.4byte	0
 1874 0018 00000000 		.4byte	.LFB35
 1875 001c 24000000 		.4byte	.LFE35
 1876 0020 00000000 		.4byte	.LFB38
 1877 0024 68020000 		.4byte	.LFE38
 1878 0028 00000000 		.4byte	.LFB39
 1879 002c 38000000 		.4byte	.LFE39
 1880 0030 00000000 		.4byte	.LFB36
 1881 0034 18000000 		.4byte	.LFE36
 1882 0038 00000000 		.4byte	.LFB37
 1883 003c 18000000 		.4byte	.LFE37
 1884 0040 00000000 		.4byte	.LFB40
 1885 0044 8C000000 		.4byte	.LFE40
 1886 0048 00000000 		.4byte	0
 1887 004c 00000000 		.4byte	0
 1888              		.section	.debug_line,"",%progbits
 1889              	.Ldebug_line0:
 1890 0000 F0010000 		.section	.debug_str,"MS",%progbits,1
 1890      0200AB00 
 1890      00000201 
 1890      FB0E0D00 
 1890      01010101 
 1891              	.LASF33:
 1892 0000 5350494D 		.ascii	"SPIM_WriteTxData\000"
 1892      5F577269 
 1892      74655478 
 1892      44617461 
 1892      00
 1893              	.LASF24:
 1894 0011 6973725F 		.ascii	"isr_CNT_RST\000"
 1894      434E545F 
 1894      52535400 
 1895              	.LASF27:
 1896 001d 636E745F 		.ascii	"cnt_mode\000"
 1896      6D6F6465 
 1896      00
 1897              	.LASF31:
 1898 0026 666C6F61 		.ascii	"floating_p_mode\000"
 1898      74696E67 
 1898      5F705F6D 
 1898      6F646500 
 1899              	.LASF3:
 1900 0036 73686F72 		.ascii	"short unsigned int\000"
 1900      7420756E 
 1900      7369676E 
 1900      65642069 
 1900      6E7400
 1901              	.LASF16:
 1902 0049 6973725F 		.ascii	"isr_100Hz\000"
 1902      31303048 
 1902      7A00
 1903              	.LASF36:
ARM GAS  C:\Users\Lenovo\AppData\Local\Temp\ccFByrcS.s 			page 39


 1904 0053 50696E5F 		.ascii	"Pin_B2_ClearInterrupt\000"
 1904      42325F43 
 1904      6C656172 
 1904      496E7465 
 1904      72727570 
 1905              	.LASF28:
 1906 0069 696E6479 		.ascii	"indyk\000"
 1906      6B00
 1907              	.LASF43:
 1908 006f 50696E5F 		.ascii	"Pin_B1_Read\000"
 1908      42315F52 
 1908      65616400 
 1909              	.LASF11:
 1910 007b 666C6F61 		.ascii	"float\000"
 1910      7400
 1911              	.LASF18:
 1912 0081 64617461 		.ascii	"data\000"
 1912      00
 1913              	.LASF7:
 1914 0086 6C6F6E67 		.ascii	"long long unsigned int\000"
 1914      206C6F6E 
 1914      6720756E 
 1914      7369676E 
 1914      65642069 
 1915              	.LASF39:
 1916 009d 6973725F 		.ascii	"isr_CNT_RST_StartEx\000"
 1916      434E545F 
 1916      5253545F 
 1916      53746172 
 1916      74457800 
 1917              	.LASF1:
 1918 00b1 756E7369 		.ascii	"unsigned char\000"
 1918      676E6564 
 1918      20636861 
 1918      7200
 1919              	.LASF41:
 1920 00bf 6973725F 		.ascii	"isr_100Hz_StartEx\000"
 1920      31303048 
 1920      7A5F5374 
 1920      61727445 
 1920      7800
 1921              	.LASF5:
 1922 00d1 6C6F6E67 		.ascii	"long unsigned int\000"
 1922      20756E73 
 1922      69676E65 
 1922      6420696E 
 1922      7400
 1923              	.LASF9:
 1924 00e3 75696E74 		.ascii	"uint8\000"
 1924      3800
 1925              	.LASF19:
 1926 00e9 4E5F696E 		.ascii	"N_indyk\000"
 1926      64796B00 
 1927              	.LASF25:
 1928 00f1 6973725F 		.ascii	"isr_CNT_NEG\000"
 1928      434E545F 
 1928      4E454700 
ARM GAS  C:\Users\Lenovo\AppData\Local\Temp\ccFByrcS.s 			page 40


 1929              	.LASF40:
 1930 00fd 6973725F 		.ascii	"isr_CNT_NEG_StartEx\000"
 1930      434E545F 
 1930      4E45475F 
 1930      53746172 
 1930      74457800 
 1931              	.LASF12:
 1932 0111 646F7562 		.ascii	"double\000"
 1932      6C6500
 1933              	.LASF47:
 1934 0118 6D61696E 		.ascii	"main\000"
 1934      00
 1935              	.LASF10:
 1936 011d 75696E74 		.ascii	"uint16\000"
 1936      313600
 1937              	.LASF37:
 1938 0124 50696E5F 		.ascii	"Pin_B3_ClearInterrupt\000"
 1938      42335F43 
 1938      6C656172 
 1938      496E7465 
 1938      72727570 
 1939              	.LASF30:
 1940 013a 6D696E75 		.ascii	"minus\000"
 1940      7300
 1941              	.LASF46:
 1942 0140 443A5C55 		.ascii	"D:\\UCU\\POC\\PSoC_Projects_Embedded\\PSoC_LAB1\\la"
 1942      43555C50 
 1942      4F435C50 
 1942      536F435F 
 1942      50726F6A 
 1943 016e 62362D70 		.ascii	"b6-psoc-1-shevchuk_lykhanskyi\\Lab_2_7SEG.cydsn\000"
 1943      736F632D 
 1943      312D7368 
 1943      65766368 
 1943      756B5F6C 
 1944              	.LASF34:
 1945 019d 4379456E 		.ascii	"CyEnterCriticalSection\000"
 1945      74657243 
 1945      72697469 
 1945      63616C53 
 1945      65637469 
 1946              	.LASF8:
 1947 01b4 756E7369 		.ascii	"unsigned int\000"
 1947      676E6564 
 1947      20696E74 
 1947      00
 1948              	.LASF35:
 1949 01c1 43794578 		.ascii	"CyExitCriticalSection\000"
 1949      69744372 
 1949      69746963 
 1949      616C5365 
 1949      6374696F 
 1950              	.LASF26:
 1951 01d7 636F756E 		.ascii	"counter\000"
 1951      74657200 
 1952              	.LASF38:
 1953 01df 5350494D 		.ascii	"SPIM_Start\000"
ARM GAS  C:\Users\Lenovo\AppData\Local\Temp\ccFByrcS.s 			page 41


 1953      5F537461 
 1953      727400
 1954              	.LASF21:
 1955 01ea 6C617374 		.ascii	"last_ind\000"
 1955      5F696E64 
 1955      00
 1956              	.LASF44:
 1957 01f3 474E5520 		.ascii	"GNU C11 5.4.1 20160609 (release) [ARM/embedded-5-br"
 1957      43313120 
 1957      352E342E 
 1957      31203230 
 1957      31363036 
 1958 0226 616E6368 		.ascii	"anch revision 237715] -mcpu=cortex-m0 -mthumb -g -O"
 1958      20726576 
 1958      6973696F 
 1958      6E203233 
 1958      37373135 
 1959 0259 67202D66 		.ascii	"g -ffunction-sections -ffat-lto-objects\000"
 1959      66756E63 
 1959      74696F6E 
 1959      2D736563 
 1959      74696F6E 
 1960              	.LASF22:
 1961 0281 7273745F 		.ascii	"rst_count\000"
 1961      636F756E 
 1961      7400
 1962              	.LASF15:
 1963 028b 73697A65 		.ascii	"sizetype\000"
 1963      74797065 
 1963      00
 1964              	.LASF23:
 1965 0294 70726576 		.ascii	"prev_sys_state\000"
 1965      5F737973 
 1965      5F737461 
 1965      746500
 1966              	.LASF6:
 1967 02a3 6C6F6E67 		.ascii	"long long int\000"
 1967      206C6F6E 
 1967      6720696E 
 1967      7400
 1968              	.LASF45:
 1969 02b1 6D61696E 		.ascii	"main.c\000"
 1969      2E6300
 1970              	.LASF20:
 1971 02b8 636F6E64 		.ascii	"cond\000"
 1971      00
 1972              	.LASF17:
 1973 02bd 6F757437 		.ascii	"out7seg\000"
 1973      73656700 
 1974              	.LASF2:
 1975 02c5 73686F72 		.ascii	"short int\000"
 1975      7420696E 
 1975      7400
 1976              	.LASF4:
 1977 02cf 6C6F6E67 		.ascii	"long int\000"
 1977      20696E74 
 1977      00
ARM GAS  C:\Users\Lenovo\AppData\Local\Temp\ccFByrcS.s 			page 42


 1978              	.LASF13:
 1979 02d8 63686172 		.ascii	"char\000"
 1979      00
 1980              	.LASF29:
 1981 02dd 4B4F4437 		.ascii	"KOD7\000"
 1981      00
 1982              	.LASF14:
 1983 02e2 6C6F6E67 		.ascii	"long double\000"
 1983      20646F75 
 1983      626C6500 
 1984              	.LASF0:
 1985 02ee 7369676E 		.ascii	"signed char\000"
 1985      65642063 
 1985      68617200 
 1986              	.LASF32:
 1987 02fa 706F696E 		.ascii	"point_pos\000"
 1987      745F706F 
 1987      7300
 1988              	.LASF42:
 1989 0304 43794465 		.ascii	"CyDelay\000"
 1989      6C617900 
 1990              		.ident	"GCC: (GNU Tools for ARM Embedded Processors) 5.4.1 20160609 (release) [ARM/embedded-5-bran
