ARM GAS  C:\Users\Admin\AppData\Local\Temp\ccpwdrYG.s 			page 1


   1              		.syntax unified
   2              		.cpu cortex-m0
   3              		.fpu softvfp
   4              		.eabi_attribute 20, 1
   5              		.eabi_attribute 21, 1
   6              		.eabi_attribute 23, 3
   7              		.eabi_attribute 24, 1
   8              		.eabi_attribute 25, 1
   9              		.eabi_attribute 26, 1
  10              		.eabi_attribute 30, 6
  11              		.eabi_attribute 34, 0
  12              		.eabi_attribute 18, 4
  13              		.thumb
  14              		.syntax unified
  15              		.file	"cyfitter_cfg.c"
  16              		.text
  17              	.Ltext0:
  18              		.cfi_sections	.debug_frame
  19              		.section	.text.CYMEMZERO,"ax",%progbits
  20              		.align	2
  21              		.code	16
  22              		.thumb_func
  23              		.type	CYMEMZERO, %function
  24              	CYMEMZERO:
  25              	.LFB2:
  26              		.file 1 "Generated_Source\\PSoC4\\cyfitter_cfg.c"
   1:Generated_Source\PSoC4/cyfitter_cfg.c **** 
   2:Generated_Source\PSoC4/cyfitter_cfg.c **** /*******************************************************************************
   3:Generated_Source\PSoC4/cyfitter_cfg.c **** * File Name: cyfitter_cfg.c
   4:Generated_Source\PSoC4/cyfitter_cfg.c **** * 
   5:Generated_Source\PSoC4/cyfitter_cfg.c **** * PSoC Creator  4.4
   6:Generated_Source\PSoC4/cyfitter_cfg.c **** *
   7:Generated_Source\PSoC4/cyfitter_cfg.c **** * Description:
   8:Generated_Source\PSoC4/cyfitter_cfg.c **** * This file contains device initialization code.
   9:Generated_Source\PSoC4/cyfitter_cfg.c **** * Except for the user defined sections in CyClockStartupError(), this file should not be modified.
  10:Generated_Source\PSoC4/cyfitter_cfg.c **** * This file is automatically generated by PSoC Creator.
  11:Generated_Source\PSoC4/cyfitter_cfg.c **** *
  12:Generated_Source\PSoC4/cyfitter_cfg.c **** ********************************************************************************
  13:Generated_Source\PSoC4/cyfitter_cfg.c **** * Copyright (c) 2007-2020 Cypress Semiconductor.  All rights reserved.
  14:Generated_Source\PSoC4/cyfitter_cfg.c **** * You may use this file only in accordance with the license, terms, conditions, 
  15:Generated_Source\PSoC4/cyfitter_cfg.c **** * disclaimers, and limitations in the end user license agreement accompanying 
  16:Generated_Source\PSoC4/cyfitter_cfg.c **** * the software package with which this file was provided.
  17:Generated_Source\PSoC4/cyfitter_cfg.c **** ********************************************************************************/
  18:Generated_Source\PSoC4/cyfitter_cfg.c **** 
  19:Generated_Source\PSoC4/cyfitter_cfg.c **** #include <string.h>
  20:Generated_Source\PSoC4/cyfitter_cfg.c **** #include "cytypes.h"
  21:Generated_Source\PSoC4/cyfitter_cfg.c **** #include "cydevice_trm.h"
  22:Generated_Source\PSoC4/cyfitter_cfg.c **** #include "cyfitter.h"
  23:Generated_Source\PSoC4/cyfitter_cfg.c **** #include "CyLib.h"
  24:Generated_Source\PSoC4/cyfitter_cfg.c **** #include "cyfitter_cfg.h"
  25:Generated_Source\PSoC4/cyfitter_cfg.c **** #include "cyapicallbacks.h"
  26:Generated_Source\PSoC4/cyfitter_cfg.c **** 
  27:Generated_Source\PSoC4/cyfitter_cfg.c **** 
  28:Generated_Source\PSoC4/cyfitter_cfg.c **** #if defined(__GNUC__) || defined(__ARMCC_VERSION)
  29:Generated_Source\PSoC4/cyfitter_cfg.c ****     #define CYPACKED 
  30:Generated_Source\PSoC4/cyfitter_cfg.c ****     #define CYPACKED_ATTR __attribute__ ((packed))
  31:Generated_Source\PSoC4/cyfitter_cfg.c ****     #define CYALIGNED __attribute__ ((aligned))
ARM GAS  C:\Users\Admin\AppData\Local\Temp\ccpwdrYG.s 			page 2


  32:Generated_Source\PSoC4/cyfitter_cfg.c ****     #define CY_CFG_UNUSED __attribute__ ((unused))
  33:Generated_Source\PSoC4/cyfitter_cfg.c ****     #ifndef CY_CFG_SECTION
  34:Generated_Source\PSoC4/cyfitter_cfg.c ****         #define CY_CFG_SECTION __attribute__ ((section(".psocinit")))
  35:Generated_Source\PSoC4/cyfitter_cfg.c ****     #endif
  36:Generated_Source\PSoC4/cyfitter_cfg.c ****     
  37:Generated_Source\PSoC4/cyfitter_cfg.c ****     #if defined(__ARMCC_VERSION)
  38:Generated_Source\PSoC4/cyfitter_cfg.c ****         #define CY_CFG_MEMORY_BARRIER() __memory_changed()
  39:Generated_Source\PSoC4/cyfitter_cfg.c ****     #else
  40:Generated_Source\PSoC4/cyfitter_cfg.c ****         #define CY_CFG_MEMORY_BARRIER() __sync_synchronize()
  41:Generated_Source\PSoC4/cyfitter_cfg.c ****     #endif
  42:Generated_Source\PSoC4/cyfitter_cfg.c ****     
  43:Generated_Source\PSoC4/cyfitter_cfg.c **** #elif defined(__ICCARM__)
  44:Generated_Source\PSoC4/cyfitter_cfg.c ****     #include <intrinsics.h>
  45:Generated_Source\PSoC4/cyfitter_cfg.c **** 
  46:Generated_Source\PSoC4/cyfitter_cfg.c ****     #define CYPACKED __packed
  47:Generated_Source\PSoC4/cyfitter_cfg.c ****     #define CYPACKED_ATTR 
  48:Generated_Source\PSoC4/cyfitter_cfg.c ****     #define CYALIGNED _Pragma("data_alignment=4")
  49:Generated_Source\PSoC4/cyfitter_cfg.c ****     #define CY_CFG_UNUSED _Pragma("diag_suppress=Pe177")
  50:Generated_Source\PSoC4/cyfitter_cfg.c ****     #define CY_CFG_SECTION _Pragma("location=\".psocinit\"")
  51:Generated_Source\PSoC4/cyfitter_cfg.c ****     
  52:Generated_Source\PSoC4/cyfitter_cfg.c ****     #define CY_CFG_MEMORY_BARRIER() __DMB()
  53:Generated_Source\PSoC4/cyfitter_cfg.c ****     
  54:Generated_Source\PSoC4/cyfitter_cfg.c **** #else
  55:Generated_Source\PSoC4/cyfitter_cfg.c ****     #error Unsupported toolchain
  56:Generated_Source\PSoC4/cyfitter_cfg.c **** #endif
  57:Generated_Source\PSoC4/cyfitter_cfg.c **** 
  58:Generated_Source\PSoC4/cyfitter_cfg.c **** #ifndef CYCODE
  59:Generated_Source\PSoC4/cyfitter_cfg.c ****     #define CYCODE
  60:Generated_Source\PSoC4/cyfitter_cfg.c **** #endif
  61:Generated_Source\PSoC4/cyfitter_cfg.c **** #ifndef CYDATA
  62:Generated_Source\PSoC4/cyfitter_cfg.c ****     #define CYDATA
  63:Generated_Source\PSoC4/cyfitter_cfg.c **** #endif
  64:Generated_Source\PSoC4/cyfitter_cfg.c **** #ifndef CYFAR
  65:Generated_Source\PSoC4/cyfitter_cfg.c ****     #define CYFAR
  66:Generated_Source\PSoC4/cyfitter_cfg.c **** #endif
  67:Generated_Source\PSoC4/cyfitter_cfg.c **** #ifndef CYXDATA
  68:Generated_Source\PSoC4/cyfitter_cfg.c ****     #define CYXDATA
  69:Generated_Source\PSoC4/cyfitter_cfg.c **** #endif
  70:Generated_Source\PSoC4/cyfitter_cfg.c **** 
  71:Generated_Source\PSoC4/cyfitter_cfg.c **** 
  72:Generated_Source\PSoC4/cyfitter_cfg.c **** CY_CFG_UNUSED
  73:Generated_Source\PSoC4/cyfitter_cfg.c **** static void CYMEMZERO(void *s, size_t n);
  74:Generated_Source\PSoC4/cyfitter_cfg.c **** CY_CFG_UNUSED
  75:Generated_Source\PSoC4/cyfitter_cfg.c **** static void CYMEMZERO(void *s, size_t n)
  76:Generated_Source\PSoC4/cyfitter_cfg.c **** {
  27              		.loc 1 76 0
  28              		.cfi_startproc
  29              		@ args = 0, pretend = 0, frame = 8
  30              		@ frame_needed = 1, uses_anonymous_args = 0
  31 0000 80B5     		push	{r7, lr}
  32              		.cfi_def_cfa_offset 8
  33              		.cfi_offset 7, -8
  34              		.cfi_offset 14, -4
  35 0002 82B0     		sub	sp, sp, #8
  36              		.cfi_def_cfa_offset 16
  37 0004 00AF     		add	r7, sp, #0
  38              		.cfi_def_cfa_register 7
ARM GAS  C:\Users\Admin\AppData\Local\Temp\ccpwdrYG.s 			page 3


  39 0006 7860     		str	r0, [r7, #4]
  40 0008 3960     		str	r1, [r7]
  77:Generated_Source\PSoC4/cyfitter_cfg.c **** 	(void)memset(s, 0, n);
  41              		.loc 1 77 0
  42 000a 3A68     		ldr	r2, [r7]
  43 000c 7B68     		ldr	r3, [r7, #4]
  44 000e 0021     		movs	r1, #0
  45 0010 1800     		movs	r0, r3
  46 0012 FFF7FEFF 		bl	memset
  78:Generated_Source\PSoC4/cyfitter_cfg.c **** }
  47              		.loc 1 78 0
  48 0016 C046     		nop
  49 0018 BD46     		mov	sp, r7
  50 001a 02B0     		add	sp, sp, #8
  51              		@ sp needed
  52 001c 80BD     		pop	{r7, pc}
  53              		.cfi_endproc
  54              	.LFE2:
  55              		.size	CYMEMZERO, .-CYMEMZERO
  56 001e C046     		.section	.text.CYCONFIGCPY,"ax",%progbits
  57              		.align	2
  58              		.code	16
  59              		.thumb_func
  60              		.type	CYCONFIGCPY, %function
  61              	CYCONFIGCPY:
  62              	.LFB3:
  79:Generated_Source\PSoC4/cyfitter_cfg.c **** CY_CFG_UNUSED
  80:Generated_Source\PSoC4/cyfitter_cfg.c **** static void CYCONFIGCPY(void *dest, const void *src, size_t n);
  81:Generated_Source\PSoC4/cyfitter_cfg.c **** CY_CFG_UNUSED
  82:Generated_Source\PSoC4/cyfitter_cfg.c **** static void CYCONFIGCPY(void *dest, const void *src, size_t n)
  83:Generated_Source\PSoC4/cyfitter_cfg.c **** {
  63              		.loc 1 83 0
  64              		.cfi_startproc
  65              		@ args = 0, pretend = 0, frame = 16
  66              		@ frame_needed = 1, uses_anonymous_args = 0
  67 0000 80B5     		push	{r7, lr}
  68              		.cfi_def_cfa_offset 8
  69              		.cfi_offset 7, -8
  70              		.cfi_offset 14, -4
  71 0002 84B0     		sub	sp, sp, #16
  72              		.cfi_def_cfa_offset 24
  73 0004 00AF     		add	r7, sp, #0
  74              		.cfi_def_cfa_register 7
  75 0006 F860     		str	r0, [r7, #12]
  76 0008 B960     		str	r1, [r7, #8]
  77 000a 7A60     		str	r2, [r7, #4]
  84:Generated_Source\PSoC4/cyfitter_cfg.c **** 	(void)memcpy(dest, src, n);
  78              		.loc 1 84 0
  79 000c 7A68     		ldr	r2, [r7, #4]
  80 000e B968     		ldr	r1, [r7, #8]
  81 0010 FB68     		ldr	r3, [r7, #12]
  82 0012 1800     		movs	r0, r3
  83 0014 FFF7FEFF 		bl	memcpy
  85:Generated_Source\PSoC4/cyfitter_cfg.c **** }
  84              		.loc 1 85 0
  85 0018 C046     		nop
  86 001a BD46     		mov	sp, r7
ARM GAS  C:\Users\Admin\AppData\Local\Temp\ccpwdrYG.s 			page 4


  87 001c 04B0     		add	sp, sp, #16
  88              		@ sp needed
  89 001e 80BD     		pop	{r7, pc}
  90              		.cfi_endproc
  91              	.LFE3:
  92              		.size	CYCONFIGCPY, .-CYCONFIGCPY
  93              		.section	.text.CYCONFIGCPYCODE,"ax",%progbits
  94              		.align	2
  95              		.code	16
  96              		.thumb_func
  97              		.type	CYCONFIGCPYCODE, %function
  98              	CYCONFIGCPYCODE:
  99              	.LFB4:
  86:Generated_Source\PSoC4/cyfitter_cfg.c **** CY_CFG_UNUSED
  87:Generated_Source\PSoC4/cyfitter_cfg.c **** static void CYCONFIGCPYCODE(void *dest, const void *src, size_t n);
  88:Generated_Source\PSoC4/cyfitter_cfg.c **** CY_CFG_UNUSED
  89:Generated_Source\PSoC4/cyfitter_cfg.c **** static void CYCONFIGCPYCODE(void *dest, const void *src, size_t n)
  90:Generated_Source\PSoC4/cyfitter_cfg.c **** {
 100              		.loc 1 90 0
 101              		.cfi_startproc
 102              		@ args = 0, pretend = 0, frame = 16
 103              		@ frame_needed = 1, uses_anonymous_args = 0
 104 0000 80B5     		push	{r7, lr}
 105              		.cfi_def_cfa_offset 8
 106              		.cfi_offset 7, -8
 107              		.cfi_offset 14, -4
 108 0002 84B0     		sub	sp, sp, #16
 109              		.cfi_def_cfa_offset 24
 110 0004 00AF     		add	r7, sp, #0
 111              		.cfi_def_cfa_register 7
 112 0006 F860     		str	r0, [r7, #12]
 113 0008 B960     		str	r1, [r7, #8]
 114 000a 7A60     		str	r2, [r7, #4]
  91:Generated_Source\PSoC4/cyfitter_cfg.c **** 	(void)memcpy(dest, src, n);
 115              		.loc 1 91 0
 116 000c 7A68     		ldr	r2, [r7, #4]
 117 000e B968     		ldr	r1, [r7, #8]
 118 0010 FB68     		ldr	r3, [r7, #12]
 119 0012 1800     		movs	r0, r3
 120 0014 FFF7FEFF 		bl	memcpy
  92:Generated_Source\PSoC4/cyfitter_cfg.c **** }
 121              		.loc 1 92 0
 122 0018 C046     		nop
 123 001a BD46     		mov	sp, r7
 124 001c 04B0     		add	sp, sp, #16
 125              		@ sp needed
 126 001e 80BD     		pop	{r7, pc}
 127              		.cfi_endproc
 128              	.LFE4:
 129              		.size	CYCONFIGCPYCODE, .-CYCONFIGCPYCODE
 130              		.section	.text.cfg_write_bytes32,"ax",%progbits
 131              		.align	2
 132              		.code	16
 133              		.thumb_func
 134              		.type	cfg_write_bytes32, %function
 135              	cfg_write_bytes32:
 136              	.LFB5:
ARM GAS  C:\Users\Admin\AppData\Local\Temp\ccpwdrYG.s 			page 5


  93:Generated_Source\PSoC4/cyfitter_cfg.c **** 
  94:Generated_Source\PSoC4/cyfitter_cfg.c **** 
  95:Generated_Source\PSoC4/cyfitter_cfg.c **** 
  96:Generated_Source\PSoC4/cyfitter_cfg.c **** 
  97:Generated_Source\PSoC4/cyfitter_cfg.c **** /* Clock startup error codes                                                   */
  98:Generated_Source\PSoC4/cyfitter_cfg.c **** #define CYCLOCKSTART_NO_ERROR    0u
  99:Generated_Source\PSoC4/cyfitter_cfg.c **** #define CYCLOCKSTART_XTAL_ERROR  1u
 100:Generated_Source\PSoC4/cyfitter_cfg.c **** #define CYCLOCKSTART_32KHZ_ERROR 2u
 101:Generated_Source\PSoC4/cyfitter_cfg.c **** #define CYCLOCKSTART_PLL_ERROR   3u
 102:Generated_Source\PSoC4/cyfitter_cfg.c **** #define CYCLOCKSTART_FLL_ERROR   4u
 103:Generated_Source\PSoC4/cyfitter_cfg.c **** #define CYCLOCKSTART_WCO_ERROR   5u
 104:Generated_Source\PSoC4/cyfitter_cfg.c **** 
 105:Generated_Source\PSoC4/cyfitter_cfg.c **** 
 106:Generated_Source\PSoC4/cyfitter_cfg.c **** #ifdef CY_NEED_CYCLOCKSTARTUPERROR
 107:Generated_Source\PSoC4/cyfitter_cfg.c **** /*******************************************************************************
 108:Generated_Source\PSoC4/cyfitter_cfg.c **** * Function Name: CyClockStartupError
 109:Generated_Source\PSoC4/cyfitter_cfg.c **** ********************************************************************************
 110:Generated_Source\PSoC4/cyfitter_cfg.c **** * Summary:
 111:Generated_Source\PSoC4/cyfitter_cfg.c **** *  If an error is encountered during clock configuration (crystal startup error,
 112:Generated_Source\PSoC4/cyfitter_cfg.c **** *  PLL lock error, etc.), the system will end up here.  Unless reimplemented by
 113:Generated_Source\PSoC4/cyfitter_cfg.c **** *  the customer, this function will stop in an infinite loop.
 114:Generated_Source\PSoC4/cyfitter_cfg.c **** *
 115:Generated_Source\PSoC4/cyfitter_cfg.c **** * Parameters:
 116:Generated_Source\PSoC4/cyfitter_cfg.c **** *   void
 117:Generated_Source\PSoC4/cyfitter_cfg.c **** *
 118:Generated_Source\PSoC4/cyfitter_cfg.c **** * Return:
 119:Generated_Source\PSoC4/cyfitter_cfg.c **** *   void
 120:Generated_Source\PSoC4/cyfitter_cfg.c **** *
 121:Generated_Source\PSoC4/cyfitter_cfg.c **** *******************************************************************************/
 122:Generated_Source\PSoC4/cyfitter_cfg.c **** CY_CFG_UNUSED
 123:Generated_Source\PSoC4/cyfitter_cfg.c **** static void CyClockStartupError(uint8 errorCode);
 124:Generated_Source\PSoC4/cyfitter_cfg.c **** CY_CFG_UNUSED
 125:Generated_Source\PSoC4/cyfitter_cfg.c **** static void CyClockStartupError(uint8 errorCode)
 126:Generated_Source\PSoC4/cyfitter_cfg.c **** {
 127:Generated_Source\PSoC4/cyfitter_cfg.c ****     /* To remove the compiler warning if errorCode not used.                */
 128:Generated_Source\PSoC4/cyfitter_cfg.c ****     errorCode = errorCode;
 129:Generated_Source\PSoC4/cyfitter_cfg.c **** 
 130:Generated_Source\PSoC4/cyfitter_cfg.c ****     /* If we have a clock startup error (bad MHz crystal, PLL lock, etc.),  */
 131:Generated_Source\PSoC4/cyfitter_cfg.c ****     /* we will end up here to allow the customer to implement something to  */
 132:Generated_Source\PSoC4/cyfitter_cfg.c ****     /* deal with the clock condition.                                       */
 133:Generated_Source\PSoC4/cyfitter_cfg.c **** 
 134:Generated_Source\PSoC4/cyfitter_cfg.c **** #ifdef CY_CFG_CLOCK_STARTUP_ERROR_CALLBACK
 135:Generated_Source\PSoC4/cyfitter_cfg.c ****     CY_CFG_Clock_Startup_ErrorCallback();
 136:Generated_Source\PSoC4/cyfitter_cfg.c **** #else
 137:Generated_Source\PSoC4/cyfitter_cfg.c ****     /*  If not using CY_CFG_CLOCK_STARTUP_ERROR_CALLBACK, place your clock startup code here. */
 138:Generated_Source\PSoC4/cyfitter_cfg.c ****     /* `#START CyClockStartupError` */
 139:Generated_Source\PSoC4/cyfitter_cfg.c **** 
 140:Generated_Source\PSoC4/cyfitter_cfg.c **** 
 141:Generated_Source\PSoC4/cyfitter_cfg.c **** 
 142:Generated_Source\PSoC4/cyfitter_cfg.c ****     /* `#END` */
 143:Generated_Source\PSoC4/cyfitter_cfg.c **** 
 144:Generated_Source\PSoC4/cyfitter_cfg.c ****     while(1) {}
 145:Generated_Source\PSoC4/cyfitter_cfg.c **** #endif /* CY_CFG_CLOCK_STARTUP_ERROR_CALLBACK */
 146:Generated_Source\PSoC4/cyfitter_cfg.c **** }
 147:Generated_Source\PSoC4/cyfitter_cfg.c **** #endif
 148:Generated_Source\PSoC4/cyfitter_cfg.c **** 
 149:Generated_Source\PSoC4/cyfitter_cfg.c **** #define CY_CFG_BASE_ADDR_COUNT 1u
ARM GAS  C:\Users\Admin\AppData\Local\Temp\ccpwdrYG.s 			page 6


 150:Generated_Source\PSoC4/cyfitter_cfg.c **** CYPACKED typedef struct
 151:Generated_Source\PSoC4/cyfitter_cfg.c **** {
 152:Generated_Source\PSoC4/cyfitter_cfg.c **** 	uint8 offset;
 153:Generated_Source\PSoC4/cyfitter_cfg.c **** 	uint8 value;
 154:Generated_Source\PSoC4/cyfitter_cfg.c **** } CYPACKED_ATTR cy_cfg_addrvalue_t;
 155:Generated_Source\PSoC4/cyfitter_cfg.c **** 
 156:Generated_Source\PSoC4/cyfitter_cfg.c **** 
 157:Generated_Source\PSoC4/cyfitter_cfg.c **** 
 158:Generated_Source\PSoC4/cyfitter_cfg.c **** /*******************************************************************************
 159:Generated_Source\PSoC4/cyfitter_cfg.c **** * Function Name: cfg_write_bytes32
 160:Generated_Source\PSoC4/cyfitter_cfg.c **** ********************************************************************************
 161:Generated_Source\PSoC4/cyfitter_cfg.c **** * Summary:
 162:Generated_Source\PSoC4/cyfitter_cfg.c **** *  This function is used for setting up the chip configuration areas that
 163:Generated_Source\PSoC4/cyfitter_cfg.c **** *  contain relatively sparse data.
 164:Generated_Source\PSoC4/cyfitter_cfg.c **** *
 165:Generated_Source\PSoC4/cyfitter_cfg.c **** * Parameters:
 166:Generated_Source\PSoC4/cyfitter_cfg.c **** *   void
 167:Generated_Source\PSoC4/cyfitter_cfg.c **** *
 168:Generated_Source\PSoC4/cyfitter_cfg.c **** * Return:
 169:Generated_Source\PSoC4/cyfitter_cfg.c **** *   void
 170:Generated_Source\PSoC4/cyfitter_cfg.c **** *
 171:Generated_Source\PSoC4/cyfitter_cfg.c **** *******************************************************************************/
 172:Generated_Source\PSoC4/cyfitter_cfg.c **** static void cfg_write_bytes32(const uint32 addr_table[], const cy_cfg_addrvalue_t data_table[]);
 173:Generated_Source\PSoC4/cyfitter_cfg.c **** static void cfg_write_bytes32(const uint32 addr_table[], const cy_cfg_addrvalue_t data_table[])
 174:Generated_Source\PSoC4/cyfitter_cfg.c **** {
 137              		.loc 1 174 0
 138              		.cfi_startproc
 139              		@ args = 0, pretend = 0, frame = 24
 140              		@ frame_needed = 1, uses_anonymous_args = 0
 141 0000 80B5     		push	{r7, lr}
 142              		.cfi_def_cfa_offset 8
 143              		.cfi_offset 7, -8
 144              		.cfi_offset 14, -4
 145 0002 86B0     		sub	sp, sp, #24
 146              		.cfi_def_cfa_offset 32
 147 0004 00AF     		add	r7, sp, #0
 148              		.cfi_def_cfa_register 7
 149 0006 7860     		str	r0, [r7, #4]
 150 0008 3960     		str	r1, [r7]
 175:Generated_Source\PSoC4/cyfitter_cfg.c **** 	/* For 32-bit little-endian architectures */
 176:Generated_Source\PSoC4/cyfitter_cfg.c **** 	uint32 i, j = 0u;
 151              		.loc 1 176 0
 152 000a 0023     		movs	r3, #0
 153 000c 3B61     		str	r3, [r7, #16]
 177:Generated_Source\PSoC4/cyfitter_cfg.c **** 	for (i = 0u; i < CY_CFG_BASE_ADDR_COUNT; i++)
 154              		.loc 1 177 0
 155 000e 0023     		movs	r3, #0
 156 0010 7B61     		str	r3, [r7, #20]
 157 0012 2FE0     		b	.L5
 158              	.L8:
 159              	.LBB2:
 178:Generated_Source\PSoC4/cyfitter_cfg.c **** 	{
 179:Generated_Source\PSoC4/cyfitter_cfg.c **** 		uint32 baseAddr = addr_table[i];
 160              		.loc 1 179 0
 161 0014 7B69     		ldr	r3, [r7, #20]
 162 0016 9B00     		lsls	r3, r3, #2
 163 0018 7A68     		ldr	r2, [r7, #4]
ARM GAS  C:\Users\Admin\AppData\Local\Temp\ccpwdrYG.s 			page 7


 164 001a D318     		adds	r3, r2, r3
 165 001c 1B68     		ldr	r3, [r3]
 166 001e BB60     		str	r3, [r7, #8]
 180:Generated_Source\PSoC4/cyfitter_cfg.c **** 		uint8 count = (uint8)baseAddr;
 167              		.loc 1 180 0
 168 0020 0F23     		movs	r3, #15
 169 0022 FB18     		adds	r3, r7, r3
 170 0024 BA68     		ldr	r2, [r7, #8]
 171 0026 1A70     		strb	r2, [r3]
 181:Generated_Source\PSoC4/cyfitter_cfg.c **** 		baseAddr &= 0xFFFFFF00u;
 172              		.loc 1 181 0
 173 0028 BB68     		ldr	r3, [r7, #8]
 174 002a FF22     		movs	r2, #255
 175 002c 9343     		bics	r3, r2
 176 002e BB60     		str	r3, [r7, #8]
 182:Generated_Source\PSoC4/cyfitter_cfg.c **** 		while (count != 0u)
 177              		.loc 1 182 0
 178 0030 18E0     		b	.L6
 179              	.L7:
 183:Generated_Source\PSoC4/cyfitter_cfg.c **** 		{
 184:Generated_Source\PSoC4/cyfitter_cfg.c **** 			CY_SET_REG8((void *)(baseAddr + data_table[j].offset), data_table[j].value);
 180              		.loc 1 184 0
 181 0032 3B69     		ldr	r3, [r7, #16]
 182 0034 5B00     		lsls	r3, r3, #1
 183 0036 3A68     		ldr	r2, [r7]
 184 0038 D318     		adds	r3, r2, r3
 185 003a 1B78     		ldrb	r3, [r3]
 186 003c 1A00     		movs	r2, r3
 187 003e BB68     		ldr	r3, [r7, #8]
 188 0040 D318     		adds	r3, r2, r3
 189 0042 1900     		movs	r1, r3
 190 0044 3B69     		ldr	r3, [r7, #16]
 191 0046 5B00     		lsls	r3, r3, #1
 192 0048 3A68     		ldr	r2, [r7]
 193 004a D318     		adds	r3, r2, r3
 194 004c 5B78     		ldrb	r3, [r3, #1]
 195 004e 0B70     		strb	r3, [r1]
 185:Generated_Source\PSoC4/cyfitter_cfg.c **** 			j++;
 196              		.loc 1 185 0
 197 0050 3B69     		ldr	r3, [r7, #16]
 198 0052 0133     		adds	r3, r3, #1
 199 0054 3B61     		str	r3, [r7, #16]
 186:Generated_Source\PSoC4/cyfitter_cfg.c **** 			count--;
 200              		.loc 1 186 0
 201 0056 0F23     		movs	r3, #15
 202 0058 FB18     		adds	r3, r7, r3
 203 005a 1A78     		ldrb	r2, [r3]
 204 005c 0F23     		movs	r3, #15
 205 005e FB18     		adds	r3, r7, r3
 206 0060 013A     		subs	r2, r2, #1
 207 0062 1A70     		strb	r2, [r3]
 208              	.L6:
 182:Generated_Source\PSoC4/cyfitter_cfg.c **** 		{
 209              		.loc 1 182 0
 210 0064 0F23     		movs	r3, #15
 211 0066 FB18     		adds	r3, r7, r3
 212 0068 1B78     		ldrb	r3, [r3]
ARM GAS  C:\Users\Admin\AppData\Local\Temp\ccpwdrYG.s 			page 8


 213 006a 002B     		cmp	r3, #0
 214 006c E1D1     		bne	.L7
 215              	.LBE2:
 177:Generated_Source\PSoC4/cyfitter_cfg.c **** 	{
 216              		.loc 1 177 0 discriminator 2
 217 006e 7B69     		ldr	r3, [r7, #20]
 218 0070 0133     		adds	r3, r3, #1
 219 0072 7B61     		str	r3, [r7, #20]
 220              	.L5:
 177:Generated_Source\PSoC4/cyfitter_cfg.c **** 	{
 221              		.loc 1 177 0 is_stmt 0 discriminator 1
 222 0074 7B69     		ldr	r3, [r7, #20]
 223 0076 002B     		cmp	r3, #0
 224 0078 CCD0     		beq	.L8
 187:Generated_Source\PSoC4/cyfitter_cfg.c **** 		}
 188:Generated_Source\PSoC4/cyfitter_cfg.c **** 	}
 189:Generated_Source\PSoC4/cyfitter_cfg.c **** }
 225              		.loc 1 189 0 is_stmt 1
 226 007a C046     		nop
 227 007c BD46     		mov	sp, r7
 228 007e 06B0     		add	sp, sp, #24
 229              		@ sp needed
 230 0080 80BD     		pop	{r7, pc}
 231              		.cfi_endproc
 232              	.LFE5:
 233              		.size	cfg_write_bytes32, .-cfg_write_bytes32
 234 0082 C046     		.section	.psocinit,"ax",%progbits
 235              		.align	2
 236              		.code	16
 237              		.thumb_func
 238              		.type	ClockSetup, %function
 239              	ClockSetup:
 240              	.LFB6:
 190:Generated_Source\PSoC4/cyfitter_cfg.c **** 
 191:Generated_Source\PSoC4/cyfitter_cfg.c **** 
 192:Generated_Source\PSoC4/cyfitter_cfg.c **** /*******************************************************************************
 193:Generated_Source\PSoC4/cyfitter_cfg.c **** * Function Name: ClockSetup
 194:Generated_Source\PSoC4/cyfitter_cfg.c **** ********************************************************************************
 195:Generated_Source\PSoC4/cyfitter_cfg.c **** *
 196:Generated_Source\PSoC4/cyfitter_cfg.c **** * Summary:
 197:Generated_Source\PSoC4/cyfitter_cfg.c **** *   Performs the initialization of all of the clocks in the device based on the
 198:Generated_Source\PSoC4/cyfitter_cfg.c **** *   settings in the Clock tab of the DWR.  This includes enabling the requested
 199:Generated_Source\PSoC4/cyfitter_cfg.c **** *   clocks and setting the necessary dividers to produce the desired frequency. 
 200:Generated_Source\PSoC4/cyfitter_cfg.c **** *
 201:Generated_Source\PSoC4/cyfitter_cfg.c **** * Parameters:
 202:Generated_Source\PSoC4/cyfitter_cfg.c **** *   void
 203:Generated_Source\PSoC4/cyfitter_cfg.c **** *
 204:Generated_Source\PSoC4/cyfitter_cfg.c **** * Return:
 205:Generated_Source\PSoC4/cyfitter_cfg.c **** *   void
 206:Generated_Source\PSoC4/cyfitter_cfg.c **** *
 207:Generated_Source\PSoC4/cyfitter_cfg.c **** *******************************************************************************/
 208:Generated_Source\PSoC4/cyfitter_cfg.c **** static void ClockSetup(void);
 209:Generated_Source\PSoC4/cyfitter_cfg.c **** CY_CFG_SECTION
 210:Generated_Source\PSoC4/cyfitter_cfg.c **** static void ClockSetup(void)
 211:Generated_Source\PSoC4/cyfitter_cfg.c **** {
 241              		.loc 1 211 0
 242              		.cfi_startproc
ARM GAS  C:\Users\Admin\AppData\Local\Temp\ccpwdrYG.s 			page 9


 243              		@ args = 0, pretend = 0, frame = 0
 244              		@ frame_needed = 1, uses_anonymous_args = 0
 245 0000 80B5     		push	{r7, lr}
 246              		.cfi_def_cfa_offset 8
 247              		.cfi_offset 7, -8
 248              		.cfi_offset 14, -4
 249 0002 00AF     		add	r7, sp, #0
 250              		.cfi_def_cfa_register 7
 212:Generated_Source\PSoC4/cyfitter_cfg.c **** 
 213:Generated_Source\PSoC4/cyfitter_cfg.c **** 	/* Set Flash Cycles based on max possible frequency in case a glitch occurs during ClockSetup(). *
 214:Generated_Source\PSoC4/cyfitter_cfg.c **** 	CY_SET_REG32((void CYXDATA *)(CYREG_CPUSS_FLASH_CTL), (0x0012u));
 251              		.loc 1 214 0
 252 0004 204B     		ldr	r3, .L10
 253 0006 1222     		movs	r2, #18
 254 0008 1A60     		str	r2, [r3]
 215:Generated_Source\PSoC4/cyfitter_cfg.c **** 
 216:Generated_Source\PSoC4/cyfitter_cfg.c **** 	/* Start the WCO */
 217:Generated_Source\PSoC4/cyfitter_cfg.c **** 	CySysClkWcoStart();
 255              		.loc 1 217 0
 256 000a FFF7FEFF 		bl	CySysClkWcoStart
 218:Generated_Source\PSoC4/cyfitter_cfg.c **** 	(void)CySysClkWcoSetPowerMode(CY_SYS_CLK_WCO_LPM);    /* Switch to the low power mode */
 257              		.loc 1 218 0
 258 000e 0120     		movs	r0, #1
 259 0010 FFF7FEFF 		bl	CySysClkWcoSetPowerMode
 219:Generated_Source\PSoC4/cyfitter_cfg.c **** 
 220:Generated_Source\PSoC4/cyfitter_cfg.c **** 	/* Setup and trim IMO based on desired frequency. */
 221:Generated_Source\PSoC4/cyfitter_cfg.c **** 	CySysClkWriteImoFreq(3u);
 260              		.loc 1 221 0
 261 0014 0320     		movs	r0, #3
 262 0016 FFF7FEFF 		bl	CySysClkWriteImoFreq
 222:Generated_Source\PSoC4/cyfitter_cfg.c **** 	/* CYDEV_CLK_ILO_CONFIG Starting address: CYDEV_CLK_ILO_CONFIG */
 223:Generated_Source\PSoC4/cyfitter_cfg.c **** 	CY_SET_REG32((void *)(CYREG_CLK_ILO_CONFIG), 0x80000006u);
 263              		.loc 1 223 0
 264 001a 1C4B     		ldr	r3, .L10+4
 265 001c 1C4A     		ldr	r2, .L10+8
 266 001e 1A60     		str	r2, [r3]
 224:Generated_Source\PSoC4/cyfitter_cfg.c **** 
 225:Generated_Source\PSoC4/cyfitter_cfg.c **** 
 226:Generated_Source\PSoC4/cyfitter_cfg.c **** 	/* Enable fast start mode for XO */
 227:Generated_Source\PSoC4/cyfitter_cfg.c **** 	CY_SET_REG32((void*)CYREG_BLE_BLERD_BB_XO, CY_GET_REG32((void*)CYREG_BLE_BLERD_BB_XO) | (uint32)0x
 267              		.loc 1 227 0
 268 0020 1C4B     		ldr	r3, .L10+12
 269 0022 1C4A     		ldr	r2, .L10+12
 270 0024 1268     		ldr	r2, [r2]
 271 0026 0221     		movs	r1, #2
 272 0028 0A43     		orrs	r2, r1
 273 002a 1A60     		str	r2, [r3]
 228:Generated_Source\PSoC4/cyfitter_cfg.c **** 	CY_SET_REG32((void *)(CYREG_BLE_BLERD_BB_XO_CAPTRIM), 0x00003E2Du);
 274              		.loc 1 228 0
 275 002c 1A4B     		ldr	r3, .L10+16
 276 002e 1B4A     		ldr	r2, .L10+20
 277 0030 1A60     		str	r2, [r3]
 229:Generated_Source\PSoC4/cyfitter_cfg.c **** 	/*Set XTAL(ECO) divider*/
 230:Generated_Source\PSoC4/cyfitter_cfg.c **** 	CY_SET_REG32((void *)(CYREG_BLE_BLESS_XTAL_CLK_DIV_CONFIG), 0x00000000u);
 278              		.loc 1 230 0
 279 0032 1B4B     		ldr	r3, .L10+24
 280 0034 0022     		movs	r2, #0
ARM GAS  C:\Users\Admin\AppData\Local\Temp\ccpwdrYG.s 			page 10


 281 0036 1A60     		str	r2, [r3]
 231:Generated_Source\PSoC4/cyfitter_cfg.c **** 	/* Disable Crystal Stable Interrupt before enabling ECO */
 232:Generated_Source\PSoC4/cyfitter_cfg.c **** 	CY_SET_REG32((void*)CYREG_BLE_BLESS_LL_DSM_CTRL, CY_GET_REG32((void*)CYREG_BLE_BLESS_LL_DSM_CTRL) 
 282              		.loc 1 232 0
 283 0038 1A4B     		ldr	r3, .L10+28
 284 003a 1A4A     		ldr	r2, .L10+28
 285 003c 1268     		ldr	r2, [r2]
 286 003e 0821     		movs	r1, #8
 287 0040 8A43     		bics	r2, r1
 288 0042 1A60     		str	r2, [r3]
 233:Generated_Source\PSoC4/cyfitter_cfg.c **** 	/* Start the ECO and do not check status since it is not needed for HFCLK */
 234:Generated_Source\PSoC4/cyfitter_cfg.c **** 	(void)CySysClkEcoStart(2000u);
 289              		.loc 1 234 0
 290 0044 FA23     		movs	r3, #250
 291 0046 DB00     		lsls	r3, r3, #3
 292 0048 1800     		movs	r0, r3
 293 004a FFF7FEFF 		bl	CySysClkEcoStart
 235:Generated_Source\PSoC4/cyfitter_cfg.c **** 	CyDelayUs(1500u); /* Wait to stabilize */
 294              		.loc 1 235 0
 295 004e 164B     		ldr	r3, .L10+32
 296 0050 1800     		movs	r0, r3
 297 0052 FFF7FEFF 		bl	CyDelayUs
 236:Generated_Source\PSoC4/cyfitter_cfg.c **** 
 237:Generated_Source\PSoC4/cyfitter_cfg.c **** 	/* Setup phase aligned clocks */
 238:Generated_Source\PSoC4/cyfitter_cfg.c **** 	CY_SET_REG32((void *)CYREG_PERI_DIV_16_CTL0, 0x00000000u);
 298              		.loc 1 238 0
 299 0056 154B     		ldr	r3, .L10+36
 300 0058 0022     		movs	r2, #0
 301 005a 1A60     		str	r2, [r3]
 239:Generated_Source\PSoC4/cyfitter_cfg.c **** 	CY_SET_REG32((void *)CYREG_PERI_DIV_CMD, 0x8000FF40u);
 302              		.loc 1 239 0
 303 005c 144B     		ldr	r3, .L10+40
 304 005e 154A     		ldr	r2, .L10+44
 305 0060 1A60     		str	r2, [r3]
 240:Generated_Source\PSoC4/cyfitter_cfg.c **** 
 241:Generated_Source\PSoC4/cyfitter_cfg.c **** 	/* CYDEV_CLK_IMO_CONFIG Starting address: CYDEV_CLK_IMO_CONFIG */
 242:Generated_Source\PSoC4/cyfitter_cfg.c **** 	CY_SET_REG32((void *)(CYREG_CLK_IMO_CONFIG), 0x80000000u);
 306              		.loc 1 242 0
 307 0062 154B     		ldr	r3, .L10+48
 308 0064 8022     		movs	r2, #128
 309 0066 1206     		lsls	r2, r2, #24
 310 0068 1A60     		str	r2, [r3]
 243:Generated_Source\PSoC4/cyfitter_cfg.c **** 
 244:Generated_Source\PSoC4/cyfitter_cfg.c **** 	/* CYDEV_CLK_SELECT Starting address: CYDEV_CLK_SELECT */
 245:Generated_Source\PSoC4/cyfitter_cfg.c **** 	CY_SET_REG32((void *)(CYREG_CLK_SELECT), 0x00000000u);
 311              		.loc 1 245 0
 312 006a 144B     		ldr	r3, .L10+52
 313 006c 0022     		movs	r2, #0
 314 006e 1A60     		str	r2, [r3]
 246:Generated_Source\PSoC4/cyfitter_cfg.c **** 
 247:Generated_Source\PSoC4/cyfitter_cfg.c **** 	/* CYDEV_PERI_PCLK_CTL7 Starting address: CYDEV_PERI_PCLK_CTL7 */
 248:Generated_Source\PSoC4/cyfitter_cfg.c **** 	CY_SET_REG32((void *)(CYREG_PERI_PCLK_CTL7), 0x00000040u);
 315              		.loc 1 248 0
 316 0070 134B     		ldr	r3, .L10+56
 317 0072 4022     		movs	r2, #64
 318 0074 1A60     		str	r2, [r3]
 249:Generated_Source\PSoC4/cyfitter_cfg.c **** 
ARM GAS  C:\Users\Admin\AppData\Local\Temp\ccpwdrYG.s 			page 11


 250:Generated_Source\PSoC4/cyfitter_cfg.c **** 	CY_SET_REG32((void *)(CYREG_WDT_CONFIG), 0x00000000u);
 319              		.loc 1 250 0
 320 0076 134B     		ldr	r3, .L10+60
 321 0078 0022     		movs	r2, #0
 322 007a 1A60     		str	r2, [r3]
 251:Generated_Source\PSoC4/cyfitter_cfg.c **** 	/* Set Flash Cycles based on newly configured 3.00MHz HFCLK. */
 252:Generated_Source\PSoC4/cyfitter_cfg.c **** 	CY_SET_REG32((void CYXDATA *)(CYREG_CPUSS_FLASH_CTL), (0x0000u));
 323              		.loc 1 252 0
 324 007c 024B     		ldr	r3, .L10
 325 007e 0022     		movs	r2, #0
 326 0080 1A60     		str	r2, [r3]
 253:Generated_Source\PSoC4/cyfitter_cfg.c **** }
 327              		.loc 1 253 0
 328 0082 C046     		nop
 329 0084 BD46     		mov	sp, r7
 330              		@ sp needed
 331 0086 80BD     		pop	{r7, pc}
 332              	.L11:
 333              		.align	2
 334              	.L10:
 335 0088 30001040 		.word	1074790448
 336 008c 04010B40 		.word	1074462980
 337 0090 06000080 		.word	-2147483642
 338 0094 78002E40 		.word	1076756600
 339 0098 7C002E40 		.word	1076756604
 340 009c 2D3E0000 		.word	15917
 341 00a0 64F02E40 		.word	1076818020
 342 00a4 6CF02E40 		.word	1076818028
 343 00a8 DC050000 		.word	1500
 344 00ac 00030140 		.word	1073808128
 345 00b0 00000140 		.word	1073807360
 346 00b4 40FF0080 		.word	-2147418304
 347 00b8 08010B40 		.word	1074462984
 348 00bc 00010B40 		.word	1074462976
 349 00c0 1C010140 		.word	1073807644
 350 00c4 0C020B40 		.word	1074463244
 351              		.cfi_endproc
 352              	.LFE6:
 353              		.size	ClockSetup, .-ClockSetup
 354              		.section	.text.AnalogSetDefault,"ax",%progbits
 355              		.align	2
 356              		.code	16
 357              		.thumb_func
 358              		.type	AnalogSetDefault, %function
 359              	AnalogSetDefault:
 360              	.LFB7:
 254:Generated_Source\PSoC4/cyfitter_cfg.c **** 
 255:Generated_Source\PSoC4/cyfitter_cfg.c **** 
 256:Generated_Source\PSoC4/cyfitter_cfg.c **** /* Analog API Functions */
 257:Generated_Source\PSoC4/cyfitter_cfg.c **** 
 258:Generated_Source\PSoC4/cyfitter_cfg.c **** 
 259:Generated_Source\PSoC4/cyfitter_cfg.c **** /*******************************************************************************
 260:Generated_Source\PSoC4/cyfitter_cfg.c **** * Function Name: AnalogSetDefault
 261:Generated_Source\PSoC4/cyfitter_cfg.c **** ********************************************************************************
 262:Generated_Source\PSoC4/cyfitter_cfg.c **** *
 263:Generated_Source\PSoC4/cyfitter_cfg.c **** * Summary:
 264:Generated_Source\PSoC4/cyfitter_cfg.c **** *  Sets up the analog portions of the chip to default values based on chip
ARM GAS  C:\Users\Admin\AppData\Local\Temp\ccpwdrYG.s 			page 12


 265:Generated_Source\PSoC4/cyfitter_cfg.c **** *  configuration options from the project.
 266:Generated_Source\PSoC4/cyfitter_cfg.c **** *
 267:Generated_Source\PSoC4/cyfitter_cfg.c **** * Parameters:
 268:Generated_Source\PSoC4/cyfitter_cfg.c **** *  void
 269:Generated_Source\PSoC4/cyfitter_cfg.c **** *
 270:Generated_Source\PSoC4/cyfitter_cfg.c **** * Return:
 271:Generated_Source\PSoC4/cyfitter_cfg.c **** *  void
 272:Generated_Source\PSoC4/cyfitter_cfg.c **** *
 273:Generated_Source\PSoC4/cyfitter_cfg.c **** *******************************************************************************/
 274:Generated_Source\PSoC4/cyfitter_cfg.c **** static void AnalogSetDefault(void);
 275:Generated_Source\PSoC4/cyfitter_cfg.c **** static void AnalogSetDefault(void)
 276:Generated_Source\PSoC4/cyfitter_cfg.c **** {
 361              		.loc 1 276 0
 362              		.cfi_startproc
 363              		@ args = 0, pretend = 0, frame = 0
 364              		@ frame_needed = 1, uses_anonymous_args = 0
 365 0000 80B5     		push	{r7, lr}
 366              		.cfi_def_cfa_offset 8
 367              		.cfi_offset 7, -8
 368              		.cfi_offset 14, -4
 369 0002 00AF     		add	r7, sp, #0
 370              		.cfi_def_cfa_register 7
 277:Generated_Source\PSoC4/cyfitter_cfg.c **** 	CY_SET_XTND_REG32((void CYFAR *)CYREG_CTBM0_DFT_CTRL, 0x00000003u);
 371              		.loc 1 277 0
 372 0004 054B     		ldr	r3, .L13
 373 0006 0322     		movs	r2, #3
 374 0008 1A60     		str	r2, [r3]
 278:Generated_Source\PSoC4/cyfitter_cfg.c **** 	CY_SET_XTND_REG32((void CYFAR *)CYREG_CTBM1_DFT_CTRL, 0x00000003u);
 375              		.loc 1 278 0
 376 000a 054B     		ldr	r3, .L13+4
 377 000c 0322     		movs	r2, #3
 378 000e 1A60     		str	r2, [r3]
 279:Generated_Source\PSoC4/cyfitter_cfg.c **** 	CY_SET_XTND_REG32((void CYFAR *)CYREG_PASS_DSAB_DSAB_CTRL, 0x00000000u);
 379              		.loc 1 279 0
 380 0010 044B     		ldr	r3, .L13+8
 381 0012 0022     		movs	r2, #0
 382 0014 1A60     		str	r2, [r3]
 280:Generated_Source\PSoC4/cyfitter_cfg.c **** }
 383              		.loc 1 280 0
 384 0016 C046     		nop
 385 0018 BD46     		mov	sp, r7
 386              		@ sp needed
 387 001a 80BD     		pop	{r7, pc}
 388              	.L14:
 389              		.align	2
 390              	.L13:
 391 001c 30003040 		.word	1076887600
 392 0020 30003140 		.word	1076953136
 393 0024 000E3F40 		.word	1077874176
 394              		.cfi_endproc
 395              	.LFE7:
 396              		.size	AnalogSetDefault, .-AnalogSetDefault
 397              		.section	.psocinit
 398              		.align	2
 399              		.global	cyfitter_cfg
 400              		.code	16
 401              		.thumb_func
ARM GAS  C:\Users\Admin\AppData\Local\Temp\ccpwdrYG.s 			page 13


 402              		.type	cyfitter_cfg, %function
 403              	cyfitter_cfg:
 404              	.LFB8:
 281:Generated_Source\PSoC4/cyfitter_cfg.c **** 
 282:Generated_Source\PSoC4/cyfitter_cfg.c **** 
 283:Generated_Source\PSoC4/cyfitter_cfg.c **** 
 284:Generated_Source\PSoC4/cyfitter_cfg.c **** 
 285:Generated_Source\PSoC4/cyfitter_cfg.c **** /*******************************************************************************
 286:Generated_Source\PSoC4/cyfitter_cfg.c **** * Function Name: cyfitter_cfg
 287:Generated_Source\PSoC4/cyfitter_cfg.c **** ********************************************************************************
 288:Generated_Source\PSoC4/cyfitter_cfg.c **** * Summary:
 289:Generated_Source\PSoC4/cyfitter_cfg.c **** *  This function is called by the start-up code for the selected device. It
 290:Generated_Source\PSoC4/cyfitter_cfg.c **** *  performs all of the necessary device configuration based on the design
 291:Generated_Source\PSoC4/cyfitter_cfg.c **** *  settings.  This includes settings from the Design Wide Resources (DWR) such
 292:Generated_Source\PSoC4/cyfitter_cfg.c **** *  as Clocks and Pins as well as any component configuration that is necessary.
 293:Generated_Source\PSoC4/cyfitter_cfg.c **** *
 294:Generated_Source\PSoC4/cyfitter_cfg.c **** * Parameters:
 295:Generated_Source\PSoC4/cyfitter_cfg.c **** *   void
 296:Generated_Source\PSoC4/cyfitter_cfg.c **** *
 297:Generated_Source\PSoC4/cyfitter_cfg.c **** * Return:
 298:Generated_Source\PSoC4/cyfitter_cfg.c **** *   void
 299:Generated_Source\PSoC4/cyfitter_cfg.c **** *
 300:Generated_Source\PSoC4/cyfitter_cfg.c **** *******************************************************************************/
 301:Generated_Source\PSoC4/cyfitter_cfg.c **** CY_CFG_SECTION
 302:Generated_Source\PSoC4/cyfitter_cfg.c **** void cyfitter_cfg(void)
 303:Generated_Source\PSoC4/cyfitter_cfg.c **** {
 405              		.loc 1 303 0
 406              		.cfi_startproc
 407              		@ args = 0, pretend = 0, frame = 8
 408              		@ frame_needed = 1, uses_anonymous_args = 0
 409 00c8 80B5     		push	{r7, lr}
 410              		.cfi_def_cfa_offset 8
 411              		.cfi_offset 7, -8
 412              		.cfi_offset 14, -4
 413 00ca 82B0     		sub	sp, sp, #8
 414              		.cfi_def_cfa_offset 16
 415 00cc 00AF     		add	r7, sp, #0
 416              		.cfi_def_cfa_register 7
 304:Generated_Source\PSoC4/cyfitter_cfg.c **** 	/* Disable interrupts by default. Let user enable if/when they want. */
 305:Generated_Source\PSoC4/cyfitter_cfg.c **** 	CyGlobalIntDisable;
 417              		.loc 1 305 0
 418              		.syntax divided
 419              	@ 305 "Generated_Source\PSoC4\cyfitter_cfg.c" 1
 420 00ce 72B6     		CPSID   i
 421              	@ 0 "" 2
 306:Generated_Source\PSoC4/cyfitter_cfg.c **** 
 307:Generated_Source\PSoC4/cyfitter_cfg.c **** 	CY_SET_REG32((void *)(CYREG_BLE_BLESS_LL_DSM_CTRL), 0x00000000u);
 422              		.loc 1 307 0
 423              		.thumb
 424              		.syntax unified
 425 00d0 324B     		ldr	r3, .L18
 426 00d2 0022     		movs	r2, #0
 427 00d4 1A60     		str	r2, [r3]
 428              	.LBB3:
 308:Generated_Source\PSoC4/cyfitter_cfg.c **** 
 309:Generated_Source\PSoC4/cyfitter_cfg.c **** 	{
 310:Generated_Source\PSoC4/cyfitter_cfg.c **** 		static const uint32 CYCODE cy_cfg_addr_table[] = {
ARM GAS  C:\Users\Admin\AppData\Local\Temp\ccpwdrYG.s 			page 14


 311:Generated_Source\PSoC4/cyfitter_cfg.c **** 			0x400F4204u, /* Base address: 0x400F4200 Count: 4 */
 312:Generated_Source\PSoC4/cyfitter_cfg.c **** 		};
 313:Generated_Source\PSoC4/cyfitter_cfg.c **** 
 314:Generated_Source\PSoC4/cyfitter_cfg.c **** 		static const cy_cfg_addrvalue_t CYCODE cy_cfg_data_table[] = {
 315:Generated_Source\PSoC4/cyfitter_cfg.c **** 			{0x11u, 0x01u},
 316:Generated_Source\PSoC4/cyfitter_cfg.c **** 			{0x5Du, 0x01u},
 317:Generated_Source\PSoC4/cyfitter_cfg.c **** 			{0xC4u, 0x08u},
 318:Generated_Source\PSoC4/cyfitter_cfg.c **** 			{0xD6u, 0x01u},
 319:Generated_Source\PSoC4/cyfitter_cfg.c **** 		};
 320:Generated_Source\PSoC4/cyfitter_cfg.c **** 
 321:Generated_Source\PSoC4/cyfitter_cfg.c **** 
 322:Generated_Source\PSoC4/cyfitter_cfg.c **** 
 323:Generated_Source\PSoC4/cyfitter_cfg.c **** 		CYPACKED typedef struct {
 324:Generated_Source\PSoC4/cyfitter_cfg.c **** 			void CYFAR *address;
 325:Generated_Source\PSoC4/cyfitter_cfg.c **** 			uint16 size;
 326:Generated_Source\PSoC4/cyfitter_cfg.c **** 		} CYPACKED_ATTR cfg_memset_t;
 327:Generated_Source\PSoC4/cyfitter_cfg.c **** 
 328:Generated_Source\PSoC4/cyfitter_cfg.c **** 		static const cfg_memset_t CYCODE cfg_memset_list[] = {
 329:Generated_Source\PSoC4/cyfitter_cfg.c **** 			/* address, size */
 330:Generated_Source\PSoC4/cyfitter_cfg.c **** 			{(void CYFAR *)(CYDEV_UDB_P0_U0_BASE), 1024u},
 331:Generated_Source\PSoC4/cyfitter_cfg.c **** 			{(void CYFAR *)(CYDEV_UDB_DSI0_BASE), 1024u},
 332:Generated_Source\PSoC4/cyfitter_cfg.c **** 		};
 333:Generated_Source\PSoC4/cyfitter_cfg.c **** 
 334:Generated_Source\PSoC4/cyfitter_cfg.c **** 		uint8 CYDATA i;
 335:Generated_Source\PSoC4/cyfitter_cfg.c **** 
 336:Generated_Source\PSoC4/cyfitter_cfg.c **** 		/* Zero out critical memory blocks before beginning configuration */
 337:Generated_Source\PSoC4/cyfitter_cfg.c **** 		for (i = 0u; i < (sizeof(cfg_memset_list)/sizeof(cfg_memset_list[0])); i++)
 429              		.loc 1 337 0
 430 00d6 FB1D     		adds	r3, r7, #7
 431 00d8 0022     		movs	r2, #0
 432 00da 1A70     		strb	r2, [r3]
 433 00dc 22E0     		b	.L16
 434              	.L17:
 435              	.LBB4:
 338:Generated_Source\PSoC4/cyfitter_cfg.c **** 		{
 339:Generated_Source\PSoC4/cyfitter_cfg.c **** 			const cfg_memset_t CYCODE * CYDATA ms = &cfg_memset_list[i];
 436              		.loc 1 339 0 discriminator 3
 437 00de FB1D     		adds	r3, r7, #7
 438 00e0 1A78     		ldrb	r2, [r3]
 439 00e2 1300     		movs	r3, r2
 440 00e4 5B00     		lsls	r3, r3, #1
 441 00e6 9B18     		adds	r3, r3, r2
 442 00e8 5B00     		lsls	r3, r3, #1
 443 00ea 2D4A     		ldr	r2, .L18+4
 444 00ec 9B18     		adds	r3, r3, r2
 445 00ee 3B60     		str	r3, [r7]
 340:Generated_Source\PSoC4/cyfitter_cfg.c **** 			CYMEMZERO(ms->address, (size_t)(uint32)(ms->size));
 446              		.loc 1 340 0 discriminator 3
 447 00f0 3B68     		ldr	r3, [r7]
 448 00f2 1A78     		ldrb	r2, [r3]
 449 00f4 5978     		ldrb	r1, [r3, #1]
 450 00f6 0902     		lsls	r1, r1, #8
 451 00f8 0A43     		orrs	r2, r1
 452 00fa 9978     		ldrb	r1, [r3, #2]
 453 00fc 0904     		lsls	r1, r1, #16
 454 00fe 0A43     		orrs	r2, r1
 455 0100 DB78     		ldrb	r3, [r3, #3]
ARM GAS  C:\Users\Admin\AppData\Local\Temp\ccpwdrYG.s 			page 15


 456 0102 1B06     		lsls	r3, r3, #24
 457 0104 1343     		orrs	r3, r2
 458 0106 1800     		movs	r0, r3
 459 0108 3B68     		ldr	r3, [r7]
 460 010a 1A79     		ldrb	r2, [r3, #4]
 461 010c 5B79     		ldrb	r3, [r3, #5]
 462 010e 1B02     		lsls	r3, r3, #8
 463 0110 1343     		orrs	r3, r2
 464 0112 9BB2     		uxth	r3, r3
 465 0114 1900     		movs	r1, r3
 466 0116 FFF7FEFF 		bl	CYMEMZERO
 467              	.LBE4:
 337:Generated_Source\PSoC4/cyfitter_cfg.c **** 		{
 468              		.loc 1 337 0 discriminator 3
 469 011a FB1D     		adds	r3, r7, #7
 470 011c 1A78     		ldrb	r2, [r3]
 471 011e FB1D     		adds	r3, r7, #7
 472 0120 0132     		adds	r2, r2, #1
 473 0122 1A70     		strb	r2, [r3]
 474              	.L16:
 337:Generated_Source\PSoC4/cyfitter_cfg.c **** 		{
 475              		.loc 1 337 0 is_stmt 0 discriminator 1
 476 0124 FB1D     		adds	r3, r7, #7
 477 0126 1B78     		ldrb	r3, [r3]
 478 0128 012B     		cmp	r3, #1
 479 012a D8D9     		bls	.L17
 341:Generated_Source\PSoC4/cyfitter_cfg.c **** 		}
 342:Generated_Source\PSoC4/cyfitter_cfg.c **** 
 343:Generated_Source\PSoC4/cyfitter_cfg.c **** 		cfg_write_bytes32(cy_cfg_addr_table, cy_cfg_data_table);
 480              		.loc 1 343 0 is_stmt 1
 481 012c 1D4A     		ldr	r2, .L18+8
 482 012e 1E4B     		ldr	r3, .L18+12
 483 0130 1100     		movs	r1, r2
 484 0132 1800     		movs	r0, r3
 485 0134 FFF7FEFF 		bl	cfg_write_bytes32
 344:Generated_Source\PSoC4/cyfitter_cfg.c **** 
 345:Generated_Source\PSoC4/cyfitter_cfg.c **** 		/* HSIOM Starting address: CYDEV_HSIOM_BASE */
 346:Generated_Source\PSoC4/cyfitter_cfg.c **** 		CY_SET_REG32((void *)(CYREG_HSIOM_PORT_SEL2), 0x03000000u);
 486              		.loc 1 346 0
 487 0138 1C4B     		ldr	r3, .L18+16
 488 013a C022     		movs	r2, #192
 489 013c 9204     		lsls	r2, r2, #18
 490 013e 1A60     		str	r2, [r3]
 347:Generated_Source\PSoC4/cyfitter_cfg.c **** 
 348:Generated_Source\PSoC4/cyfitter_cfg.c **** 		/* FORCED_HSIOM Starting address: CYDEV_HSIOM_PORT_SEL0 */
 349:Generated_Source\PSoC4/cyfitter_cfg.c **** 		CY_SET_REG32((void *)(CYREG_HSIOM_PORT_SEL0), 0x00000000u);
 491              		.loc 1 349 0
 492 0140 1B4B     		ldr	r3, .L18+20
 493 0142 0022     		movs	r2, #0
 494 0144 1A60     		str	r2, [r3]
 350:Generated_Source\PSoC4/cyfitter_cfg.c **** 
 351:Generated_Source\PSoC4/cyfitter_cfg.c **** 		/* IOPINS0_0 Starting address: CYDEV_GPIO_PRT0_PC */
 352:Generated_Source\PSoC4/cyfitter_cfg.c **** 		CY_SET_REG32((void *)(CYREG_GPIO_PRT0_PC), 0x00000000u);
 495              		.loc 1 352 0
 496 0146 1B4B     		ldr	r3, .L18+24
 497 0148 0022     		movs	r2, #0
 498 014a 1A60     		str	r2, [r3]
ARM GAS  C:\Users\Admin\AppData\Local\Temp\ccpwdrYG.s 			page 16


 353:Generated_Source\PSoC4/cyfitter_cfg.c **** 
 354:Generated_Source\PSoC4/cyfitter_cfg.c **** 		/* UDB_PA_2 Starting address: CYDEV_UDB_PA2_BASE */
 355:Generated_Source\PSoC4/cyfitter_cfg.c **** 		CY_SET_REG32((void *)(CYDEV_UDB_PA2_BASE), 0x00990000u);
 499              		.loc 1 355 0
 500 014c 1A4B     		ldr	r3, .L18+28
 501 014e 9922     		movs	r2, #153
 502 0150 1204     		lsls	r2, r2, #16
 503 0152 1A60     		str	r2, [r3]
 356:Generated_Source\PSoC4/cyfitter_cfg.c **** 		CY_SET_REG32((void *)(CYREG_UDB_PA2_CFG8), 0x10000000u);
 504              		.loc 1 356 0
 505 0154 194B     		ldr	r3, .L18+32
 506 0156 8022     		movs	r2, #128
 507 0158 5205     		lsls	r2, r2, #21
 508 015a 1A60     		str	r2, [r3]
 357:Generated_Source\PSoC4/cyfitter_cfg.c **** 
 358:Generated_Source\PSoC4/cyfitter_cfg.c **** 		/* UDB_PA_3 Starting address: CYDEV_UDB_PA3_BASE */
 359:Generated_Source\PSoC4/cyfitter_cfg.c **** 		CY_SET_REG32((void *)(CYDEV_UDB_PA3_BASE), 0x00990000u);
 509              		.loc 1 359 0
 510 015c 184B     		ldr	r3, .L18+36
 511 015e 9922     		movs	r2, #153
 512 0160 1204     		lsls	r2, r2, #16
 513 0162 1A60     		str	r2, [r3]
 360:Generated_Source\PSoC4/cyfitter_cfg.c **** 
 361:Generated_Source\PSoC4/cyfitter_cfg.c **** 		/* Enable digital routing */
 362:Generated_Source\PSoC4/cyfitter_cfg.c **** 		CY_SET_XTND_REG8((void *)CYREG_UDB_UDBIF_BANK_CTL, (uint8)(CY_GET_XTND_REG8((void *)CYREG_UDB_UDB
 514              		.loc 1 362 0
 515 0164 174A     		ldr	r2, .L18+40
 516 0166 174B     		ldr	r3, .L18+40
 517 0168 1B78     		ldrb	r3, [r3]
 518 016a DBB2     		uxtb	r3, r3
 519 016c 0621     		movs	r1, #6
 520 016e 0B43     		orrs	r3, r1
 521 0170 DBB2     		uxtb	r3, r3
 522 0172 1370     		strb	r3, [r2]
 523              	.LBE3:
 363:Generated_Source\PSoC4/cyfitter_cfg.c **** 	}
 364:Generated_Source\PSoC4/cyfitter_cfg.c **** 
 365:Generated_Source\PSoC4/cyfitter_cfg.c **** 	/* Perform second pass device configuration. These items must be configured in specific order afte
 366:Generated_Source\PSoC4/cyfitter_cfg.c **** 	/* IOPINS0_2 Starting address: CYDEV_GPIO_PRT2_BASE */
 367:Generated_Source\PSoC4/cyfitter_cfg.c **** 	CY_SET_REG32((void *)(CYDEV_GPIO_PRT2_BASE), 0x00000040u);
 524              		.loc 1 367 0
 525 0174 144B     		ldr	r3, .L18+44
 526 0176 4022     		movs	r2, #64
 527 0178 1A60     		str	r2, [r3]
 368:Generated_Source\PSoC4/cyfitter_cfg.c **** 	CY_SET_REG32((void *)(CYREG_GPIO_PRT2_PC), 0x00180000u);
 528              		.loc 1 368 0
 529 017a 144B     		ldr	r3, .L18+48
 530 017c C022     		movs	r2, #192
 531 017e 5203     		lsls	r2, r2, #13
 532 0180 1A60     		str	r2, [r3]
 369:Generated_Source\PSoC4/cyfitter_cfg.c **** 
 370:Generated_Source\PSoC4/cyfitter_cfg.c **** 	/* IOPINS0_3 Starting address: CYDEV_GPIO_PRT3_BASE */
 371:Generated_Source\PSoC4/cyfitter_cfg.c **** 	CY_SET_REG32((void *)(CYREG_GPIO_PRT3_PC), 0x00D80000u);
 533              		.loc 1 371 0
 534 0182 134B     		ldr	r3, .L18+52
 535 0184 D822     		movs	r2, #216
 536 0186 1204     		lsls	r2, r2, #16
ARM GAS  C:\Users\Admin\AppData\Local\Temp\ccpwdrYG.s 			page 17


 537 0188 1A60     		str	r2, [r3]
 372:Generated_Source\PSoC4/cyfitter_cfg.c **** 
 373:Generated_Source\PSoC4/cyfitter_cfg.c **** 
 374:Generated_Source\PSoC4/cyfitter_cfg.c **** 	/* Setup clocks based on selections from Clock DWR */
 375:Generated_Source\PSoC4/cyfitter_cfg.c **** 	ClockSetup();
 538              		.loc 1 375 0
 539 018a FFF739FF 		bl	ClockSetup
 376:Generated_Source\PSoC4/cyfitter_cfg.c **** 
 377:Generated_Source\PSoC4/cyfitter_cfg.c **** 	/* Perform basic analog initialization to defaults */
 378:Generated_Source\PSoC4/cyfitter_cfg.c **** 	AnalogSetDefault();
 540              		.loc 1 378 0
 541 018e FFF7FEFF 		bl	AnalogSetDefault
 379:Generated_Source\PSoC4/cyfitter_cfg.c **** 
 380:Generated_Source\PSoC4/cyfitter_cfg.c **** }
 542              		.loc 1 380 0
 543 0192 C046     		nop
 544 0194 BD46     		mov	sp, r7
 545 0196 02B0     		add	sp, sp, #8
 546              		@ sp needed
 547 0198 80BD     		pop	{r7, pc}
 548              	.L19:
 549 019a C046     		.align	2
 550              	.L18:
 551 019c 6CF02E40 		.word	1076818028
 552 01a0 00000000 		.word	cfg_memset_list.4916
 553 01a4 10000000 		.word	cy_cfg_data_table.4911
 554 01a8 0C000000 		.word	cy_cfg_addr_table.4910
 555 01ac 00020240 		.word	1073873408
 556 01b0 00000240 		.word	1073872896
 557 01b4 08000440 		.word	1074003976
 558 01b8 20500F40 		.word	1074745376
 559 01bc 28500F40 		.word	1074745384
 560 01c0 30500F40 		.word	1074745392
 561 01c4 00700F40 		.word	1074753536
 562 01c8 00020440 		.word	1074004480
 563 01cc 08020440 		.word	1074004488
 564 01d0 08030440 		.word	1074004744
 565              		.cfi_endproc
 566              	.LFE8:
 567              		.size	cyfitter_cfg, .-cyfitter_cfg
 568              		.section	.rodata
 569              		.align	2
 570              		.type	cfg_memset_list.4916, %object
 571              		.size	cfg_memset_list.4916, 12
 572              	cfg_memset_list.4916:
 573 0000 00300F40 		.word	1074737152
 574 0004 0004     		.short	1024
 575 0006 00400F40 		.4byte	1074741248
 576 000a 0004     		.short	1024
 577              		.align	2
 578              		.type	cy_cfg_addr_table.4910, %object
 579              		.size	cy_cfg_addr_table.4910, 4
 580              	cy_cfg_addr_table.4910:
 581 000c 04420F40 		.word	1074741764
 582              		.align	2
 583              		.type	cy_cfg_data_table.4911, %object
 584              		.size	cy_cfg_data_table.4911, 8
ARM GAS  C:\Users\Admin\AppData\Local\Temp\ccpwdrYG.s 			page 18


 585              	cy_cfg_data_table.4911:
 586 0010 11       		.byte	17
 587 0011 01       		.byte	1
 588 0012 5D       		.byte	93
 589 0013 01       		.byte	1
 590 0014 C4       		.byte	-60
 591 0015 08       		.byte	8
 592 0016 D6       		.byte	-42
 593 0017 01       		.byte	1
 594              		.text
 595              	.Letext0:
 596              		.file 2 "c:\\program files (x86)\\cypress\\psoc creator\\4.4\\psoc creator\\import\\gnu\\arm\\5.4.
 597              		.file 3 "Generated_Source\\PSoC4\\cytypes.h"
 598              		.section	.debug_info,"",%progbits
 599              	.Ldebug_info0:
 600 0000 5A030000 		.4byte	0x35a
 601 0004 0400     		.2byte	0x4
 602 0006 00000000 		.4byte	.Ldebug_abbrev0
 603 000a 04       		.byte	0x4
 604 000b 01       		.uleb128 0x1
 605 000c D0000000 		.4byte	.LASF40
 606 0010 0C       		.byte	0xc
 607 0011 72020000 		.4byte	.LASF41
 608 0015 90000000 		.4byte	.LASF42
 609 0019 00000000 		.4byte	.Ldebug_ranges0+0
 610 001d 00000000 		.4byte	0
 611 0021 00000000 		.4byte	.Ldebug_line0
 612 0025 02       		.uleb128 0x2
 613 0026 04       		.byte	0x4
 614 0027 05       		.byte	0x5
 615 0028 696E7400 		.ascii	"int\000"
 616 002c 03       		.uleb128 0x3
 617 002d 06000000 		.4byte	.LASF12
 618 0031 02       		.byte	0x2
 619 0032 D8       		.byte	0xd8
 620 0033 37000000 		.4byte	0x37
 621 0037 04       		.uleb128 0x4
 622 0038 04       		.byte	0x4
 623 0039 07       		.byte	0x7
 624 003a B6010000 		.4byte	.LASF0
 625 003e 04       		.uleb128 0x4
 626 003f 08       		.byte	0x8
 627 0040 05       		.byte	0x5
 628 0041 14020000 		.4byte	.LASF1
 629 0045 04       		.uleb128 0x4
 630 0046 08       		.byte	0x8
 631 0047 04       		.byte	0x4
 632 0048 5A020000 		.4byte	.LASF2
 633 004c 04       		.uleb128 0x4
 634 004d 01       		.byte	0x1
 635 004e 06       		.byte	0x6
 636 004f 66020000 		.4byte	.LASF3
 637 0053 04       		.uleb128 0x4
 638 0054 01       		.byte	0x1
 639 0055 08       		.byte	0x8
 640 0056 5E010000 		.4byte	.LASF4
 641 005a 04       		.uleb128 0x4
ARM GAS  C:\Users\Admin\AppData\Local\Temp\ccpwdrYG.s 			page 19


 642 005b 02       		.byte	0x2
 643 005c 05       		.byte	0x5
 644 005d 41020000 		.4byte	.LASF5
 645 0061 04       		.uleb128 0x4
 646 0062 02       		.byte	0x2
 647 0063 07       		.byte	0x7
 648 0064 01020000 		.4byte	.LASF6
 649 0068 04       		.uleb128 0x4
 650 0069 04       		.byte	0x4
 651 006a 05       		.byte	0x5
 652 006b 51020000 		.4byte	.LASF7
 653 006f 04       		.uleb128 0x4
 654 0070 04       		.byte	0x4
 655 0071 07       		.byte	0x7
 656 0072 7E000000 		.4byte	.LASF8
 657 0076 04       		.uleb128 0x4
 658 0077 08       		.byte	0x8
 659 0078 07       		.byte	0x7
 660 0079 CB010000 		.4byte	.LASF9
 661 007d 04       		.uleb128 0x4
 662 007e 04       		.byte	0x4
 663 007f 07       		.byte	0x7
 664 0080 F8010000 		.4byte	.LASF10
 665 0084 05       		.uleb128 0x5
 666 0085 04       		.byte	0x4
 667 0086 04       		.uleb128 0x4
 668 0087 01       		.byte	0x1
 669 0088 08       		.byte	0x8
 670 0089 22020000 		.4byte	.LASF11
 671 008d 06       		.uleb128 0x6
 672 008e 4B020000 		.4byte	.LASF13
 673 0092 03       		.byte	0x3
 674 0093 E401     		.2byte	0x1e4
 675 0095 53000000 		.4byte	0x53
 676 0099 06       		.uleb128 0x6
 677 009a 9D010000 		.4byte	.LASF14
 678 009e 03       		.byte	0x3
 679 009f E501     		.2byte	0x1e5
 680 00a1 61000000 		.4byte	0x61
 681 00a5 06       		.uleb128 0x6
 682 00a6 AF010000 		.4byte	.LASF15
 683 00aa 03       		.byte	0x3
 684 00ab E601     		.2byte	0x1e6
 685 00ad 6F000000 		.4byte	0x6f
 686 00b1 04       		.uleb128 0x4
 687 00b2 04       		.byte	0x4
 688 00b3 04       		.byte	0x4
 689 00b4 59000000 		.4byte	.LASF16
 690 00b8 04       		.uleb128 0x4
 691 00b9 08       		.byte	0x8
 692 00ba 04       		.byte	0x4
 693 00bb 6C010000 		.4byte	.LASF17
 694 00bf 06       		.uleb128 0x6
 695 00c0 79000000 		.4byte	.LASF18
 696 00c4 03       		.byte	0x3
 697 00c5 8E02     		.2byte	0x28e
 698 00c7 CB000000 		.4byte	0xcb
ARM GAS  C:\Users\Admin\AppData\Local\Temp\ccpwdrYG.s 			page 20


 699 00cb 07       		.uleb128 0x7
 700 00cc 8D000000 		.4byte	0x8d
 701 00d0 06       		.uleb128 0x6
 702 00d1 00000000 		.4byte	.LASF19
 703 00d5 03       		.byte	0x3
 704 00d6 9002     		.2byte	0x290
 705 00d8 DC000000 		.4byte	0xdc
 706 00dc 07       		.uleb128 0x7
 707 00dd A5000000 		.4byte	0xa5
 708 00e1 08       		.uleb128 0x8
 709 00e2 02       		.byte	0x2
 710 00e3 01       		.byte	0x1
 711 00e4 96       		.byte	0x96
 712 00e5 02010000 		.4byte	0x102
 713 00e9 09       		.uleb128 0x9
 714 00ea 3A020000 		.4byte	.LASF20
 715 00ee 01       		.byte	0x1
 716 00ef 98       		.byte	0x98
 717 00f0 8D000000 		.4byte	0x8d
 718 00f4 00       		.byte	0
 719 00f5 09       		.uleb128 0x9
 720 00f6 1E000000 		.4byte	.LASF21
 721 00fa 01       		.byte	0x1
 722 00fb 99       		.byte	0x99
 723 00fc 8D000000 		.4byte	0x8d
 724 0100 01       		.byte	0x1
 725 0101 00       		.byte	0
 726 0102 03       		.uleb128 0x3
 727 0103 27020000 		.4byte	.LASF22
 728 0107 01       		.byte	0x1
 729 0108 9A       		.byte	0x9a
 730 0109 E1000000 		.4byte	0xe1
 731 010d 0A       		.uleb128 0xa
 732 010e C6000000 		.4byte	.LASF23
 733 0112 01       		.byte	0x1
 734 0113 4B       		.byte	0x4b
 735 0114 00000000 		.4byte	.LFB2
 736 0118 1E000000 		.4byte	.LFE2-.LFB2
 737 011c 01       		.uleb128 0x1
 738 011d 9C       		.byte	0x9c
 739 011e 3B010000 		.4byte	0x13b
 740 0122 0B       		.uleb128 0xb
 741 0123 7300     		.ascii	"s\000"
 742 0125 01       		.byte	0x1
 743 0126 4B       		.byte	0x4b
 744 0127 84000000 		.4byte	0x84
 745 012b 02       		.uleb128 0x2
 746 012c 91       		.byte	0x91
 747 012d 74       		.sleb128 -12
 748 012e 0B       		.uleb128 0xb
 749 012f 6E00     		.ascii	"n\000"
 750 0131 01       		.byte	0x1
 751 0132 4B       		.byte	0x4b
 752 0133 2C000000 		.4byte	0x2c
 753 0137 02       		.uleb128 0x2
 754 0138 91       		.byte	0x91
 755 0139 70       		.sleb128 -16
ARM GAS  C:\Users\Admin\AppData\Local\Temp\ccpwdrYG.s 			page 21


 756 013a 00       		.byte	0
 757 013b 0A       		.uleb128 0xa
 758 013c A8020000 		.4byte	.LASF24
 759 0140 01       		.byte	0x1
 760 0141 52       		.byte	0x52
 761 0142 00000000 		.4byte	.LFB3
 762 0146 20000000 		.4byte	.LFE3-.LFB3
 763 014a 01       		.uleb128 0x1
 764 014b 9C       		.byte	0x9c
 765 014c 79010000 		.4byte	0x179
 766 0150 0C       		.uleb128 0xc
 767 0151 5F000000 		.4byte	.LASF25
 768 0155 01       		.byte	0x1
 769 0156 52       		.byte	0x52
 770 0157 84000000 		.4byte	0x84
 771 015b 02       		.uleb128 0x2
 772 015c 91       		.byte	0x91
 773 015d 74       		.sleb128 -12
 774 015e 0B       		.uleb128 0xb
 775 015f 73726300 		.ascii	"src\000"
 776 0163 01       		.byte	0x1
 777 0164 52       		.byte	0x52
 778 0165 79010000 		.4byte	0x179
 779 0169 02       		.uleb128 0x2
 780 016a 91       		.byte	0x91
 781 016b 70       		.sleb128 -16
 782 016c 0B       		.uleb128 0xb
 783 016d 6E00     		.ascii	"n\000"
 784 016f 01       		.byte	0x1
 785 0170 52       		.byte	0x52
 786 0171 2C000000 		.4byte	0x2c
 787 0175 02       		.uleb128 0x2
 788 0176 91       		.byte	0x91
 789 0177 6C       		.sleb128 -20
 790 0178 00       		.byte	0
 791 0179 0D       		.uleb128 0xd
 792 017a 04       		.byte	0x4
 793 017b 7F010000 		.4byte	0x17f
 794 017f 0E       		.uleb128 0xe
 795 0180 0A       		.uleb128 0xa
 796 0181 98020000 		.4byte	.LASF26
 797 0185 01       		.byte	0x1
 798 0186 59       		.byte	0x59
 799 0187 00000000 		.4byte	.LFB4
 800 018b 20000000 		.4byte	.LFE4-.LFB4
 801 018f 01       		.uleb128 0x1
 802 0190 9C       		.byte	0x9c
 803 0191 BE010000 		.4byte	0x1be
 804 0195 0C       		.uleb128 0xc
 805 0196 5F000000 		.4byte	.LASF25
 806 019a 01       		.byte	0x1
 807 019b 59       		.byte	0x59
 808 019c 84000000 		.4byte	0x84
 809 01a0 02       		.uleb128 0x2
 810 01a1 91       		.byte	0x91
 811 01a2 74       		.sleb128 -12
 812 01a3 0B       		.uleb128 0xb
ARM GAS  C:\Users\Admin\AppData\Local\Temp\ccpwdrYG.s 			page 22


 813 01a4 73726300 		.ascii	"src\000"
 814 01a8 01       		.byte	0x1
 815 01a9 59       		.byte	0x59
 816 01aa 79010000 		.4byte	0x179
 817 01ae 02       		.uleb128 0x2
 818 01af 91       		.byte	0x91
 819 01b0 70       		.sleb128 -16
 820 01b1 0B       		.uleb128 0xb
 821 01b2 6E00     		.ascii	"n\000"
 822 01b4 01       		.byte	0x1
 823 01b5 59       		.byte	0x59
 824 01b6 2C000000 		.4byte	0x2c
 825 01ba 02       		.uleb128 0x2
 826 01bb 91       		.byte	0x91
 827 01bc 6C       		.sleb128 -20
 828 01bd 00       		.byte	0
 829 01be 0F       		.uleb128 0xf
 830 01bf 73010000 		.4byte	.LASF27
 831 01c3 01       		.byte	0x1
 832 01c4 AD       		.byte	0xad
 833 01c5 00000000 		.4byte	.LFB5
 834 01c9 82000000 		.4byte	.LFE5-.LFB5
 835 01cd 01       		.uleb128 0x1
 836 01ce 9C       		.byte	0x9c
 837 01cf 2E020000 		.4byte	0x22e
 838 01d3 0C       		.uleb128 0xc
 839 01d4 92010000 		.4byte	.LASF28
 840 01d8 01       		.byte	0x1
 841 01d9 AD       		.byte	0xad
 842 01da 2E020000 		.4byte	0x22e
 843 01de 02       		.uleb128 0x2
 844 01df 91       		.byte	0x91
 845 01e0 64       		.sleb128 -28
 846 01e1 0C       		.uleb128 0xc
 847 01e2 A4010000 		.4byte	.LASF29
 848 01e6 01       		.byte	0x1
 849 01e7 AD       		.byte	0xad
 850 01e8 39020000 		.4byte	0x239
 851 01ec 02       		.uleb128 0x2
 852 01ed 91       		.byte	0x91
 853 01ee 60       		.sleb128 -32
 854 01ef 10       		.uleb128 0x10
 855 01f0 6900     		.ascii	"i\000"
 856 01f2 01       		.byte	0x1
 857 01f3 B0       		.byte	0xb0
 858 01f4 A5000000 		.4byte	0xa5
 859 01f8 02       		.uleb128 0x2
 860 01f9 91       		.byte	0x91
 861 01fa 74       		.sleb128 -12
 862 01fb 10       		.uleb128 0x10
 863 01fc 6A00     		.ascii	"j\000"
 864 01fe 01       		.byte	0x1
 865 01ff B0       		.byte	0xb0
 866 0200 A5000000 		.4byte	0xa5
 867 0204 02       		.uleb128 0x2
 868 0205 91       		.byte	0x91
 869 0206 70       		.sleb128 -16
ARM GAS  C:\Users\Admin\AppData\Local\Temp\ccpwdrYG.s 			page 23


 870 0207 11       		.uleb128 0x11
 871 0208 14000000 		.4byte	.LBB2
 872 020c 5A000000 		.4byte	.LBE2-.LBB2
 873 0210 12       		.uleb128 0x12
 874 0211 EF010000 		.4byte	.LASF30
 875 0215 01       		.byte	0x1
 876 0216 B3       		.byte	0xb3
 877 0217 A5000000 		.4byte	0xa5
 878 021b 02       		.uleb128 0x2
 879 021c 91       		.byte	0x91
 880 021d 68       		.sleb128 -24
 881 021e 12       		.uleb128 0x12
 882 021f 24000000 		.4byte	.LASF31
 883 0223 01       		.byte	0x1
 884 0224 B4       		.byte	0xb4
 885 0225 8D000000 		.4byte	0x8d
 886 0229 02       		.uleb128 0x2
 887 022a 91       		.byte	0x91
 888 022b 6F       		.sleb128 -17
 889 022c 00       		.byte	0
 890 022d 00       		.byte	0
 891 022e 0D       		.uleb128 0xd
 892 022f 04       		.byte	0x4
 893 0230 34020000 		.4byte	0x234
 894 0234 13       		.uleb128 0x13
 895 0235 A5000000 		.4byte	0xa5
 896 0239 0D       		.uleb128 0xd
 897 023a 04       		.byte	0x4
 898 023b 3F020000 		.4byte	0x23f
 899 023f 13       		.uleb128 0x13
 900 0240 02010000 		.4byte	0x102
 901 0244 14       		.uleb128 0x14
 902 0245 2A000000 		.4byte	.LASF32
 903 0249 01       		.byte	0x1
 904 024a D2       		.byte	0xd2
 905 024b 00000000 		.4byte	.LFB6
 906 024f C8000000 		.4byte	.LFE6-.LFB6
 907 0253 01       		.uleb128 0x1
 908 0254 9C       		.byte	0x9c
 909 0255 15       		.uleb128 0x15
 910 0256 0D000000 		.4byte	.LASF33
 911 025a 01       		.byte	0x1
 912 025b 1301     		.2byte	0x113
 913 025d 00000000 		.4byte	.LFB7
 914 0261 28000000 		.4byte	.LFE7-.LFB7
 915 0265 01       		.uleb128 0x1
 916 0266 9C       		.byte	0x9c
 917 0267 16       		.uleb128 0x16
 918 0268 85010000 		.4byte	.LASF43
 919 026c 01       		.byte	0x1
 920 026d 2E01     		.2byte	0x12e
 921 026f C8000000 		.4byte	.LFB8
 922 0273 0C010000 		.4byte	.LFE8-.LFB8
 923 0277 01       		.uleb128 0x1
 924 0278 9C       		.byte	0x9c
 925 0279 33030000 		.4byte	0x333
 926 027d 11       		.uleb128 0x11
ARM GAS  C:\Users\Admin\AppData\Local\Temp\ccpwdrYG.s 			page 24


 927 027e D6000000 		.4byte	.LBB3
 928 0282 9E000000 		.4byte	.LBE3-.LBB3
 929 0286 17       		.uleb128 0x17
 930 0287 35000000 		.4byte	.LASF34
 931 028b 01       		.byte	0x1
 932 028c 3601     		.2byte	0x136
 933 028e 43030000 		.4byte	0x343
 934 0292 05       		.uleb128 0x5
 935 0293 03       		.byte	0x3
 936 0294 0C000000 		.4byte	cy_cfg_addr_table.4910
 937 0298 17       		.uleb128 0x17
 938 0299 47000000 		.4byte	.LASF35
 939 029d 01       		.byte	0x1
 940 029e 3A01     		.2byte	0x13a
 941 02a0 58030000 		.4byte	0x358
 942 02a4 05       		.uleb128 0x5
 943 02a5 03       		.byte	0x3
 944 02a6 10000000 		.4byte	cy_cfg_data_table.4911
 945 02aa 18       		.uleb128 0x18
 946 02ab 06       		.byte	0x6
 947 02ac 01       		.byte	0x1
 948 02ad 4301     		.2byte	0x143
 949 02af CE020000 		.4byte	0x2ce
 950 02b3 19       		.uleb128 0x19
 951 02b4 C3010000 		.4byte	.LASF36
 952 02b8 01       		.byte	0x1
 953 02b9 4401     		.2byte	0x144
 954 02bb 84000000 		.4byte	0x84
 955 02bf 00       		.byte	0
 956 02c0 19       		.uleb128 0x19
 957 02c1 74000000 		.4byte	.LASF37
 958 02c5 01       		.byte	0x1
 959 02c6 4501     		.2byte	0x145
 960 02c8 99000000 		.4byte	0x99
 961 02cc 04       		.byte	0x4
 962 02cd 00       		.byte	0
 963 02ce 06       		.uleb128 0x6
 964 02cf E2010000 		.4byte	.LASF38
 965 02d3 01       		.byte	0x1
 966 02d4 4601     		.2byte	0x146
 967 02d6 AA020000 		.4byte	0x2aa
 968 02da 1A       		.uleb128 0x1a
 969 02db EA020000 		.4byte	0x2ea
 970 02df EA020000 		.4byte	0x2ea
 971 02e3 1B       		.uleb128 0x1b
 972 02e4 7D000000 		.4byte	0x7d
 973 02e8 01       		.byte	0x1
 974 02e9 00       		.byte	0
 975 02ea 13       		.uleb128 0x13
 976 02eb CE020000 		.4byte	0x2ce
 977 02ef 17       		.uleb128 0x17
 978 02f0 64000000 		.4byte	.LASF39
 979 02f4 01       		.byte	0x1
 980 02f5 4801     		.2byte	0x148
 981 02f7 01030000 		.4byte	0x301
 982 02fb 05       		.uleb128 0x5
 983 02fc 03       		.byte	0x3
ARM GAS  C:\Users\Admin\AppData\Local\Temp\ccpwdrYG.s 			page 25


 984 02fd 00000000 		.4byte	cfg_memset_list.4916
 985 0301 13       		.uleb128 0x13
 986 0302 DA020000 		.4byte	0x2da
 987 0306 1C       		.uleb128 0x1c
 988 0307 6900     		.ascii	"i\000"
 989 0309 01       		.byte	0x1
 990 030a 4E01     		.2byte	0x14e
 991 030c 8D000000 		.4byte	0x8d
 992 0310 02       		.uleb128 0x2
 993 0311 91       		.byte	0x91
 994 0312 77       		.sleb128 -9
 995 0313 11       		.uleb128 0x11
 996 0314 DE000000 		.4byte	.LBB4
 997 0318 3C000000 		.4byte	.LBE4-.LBB4
 998 031c 1C       		.uleb128 0x1c
 999 031d 6D7300   		.ascii	"ms\000"
 1000 0320 01       		.byte	0x1
 1001 0321 5301     		.2byte	0x153
 1002 0323 2A030000 		.4byte	0x32a
 1003 0327 02       		.uleb128 0x2
 1004 0328 91       		.byte	0x91
 1005 0329 70       		.sleb128 -16
 1006 032a 0D       		.uleb128 0xd
 1007 032b 04       		.byte	0x4
 1008 032c EA020000 		.4byte	0x2ea
 1009 0330 00       		.byte	0
 1010 0331 00       		.byte	0
 1011 0332 00       		.byte	0
 1012 0333 1A       		.uleb128 0x1a
 1013 0334 34020000 		.4byte	0x234
 1014 0338 43030000 		.4byte	0x343
 1015 033c 1B       		.uleb128 0x1b
 1016 033d 7D000000 		.4byte	0x7d
 1017 0341 00       		.byte	0
 1018 0342 00       		.byte	0
 1019 0343 13       		.uleb128 0x13
 1020 0344 33030000 		.4byte	0x333
 1021 0348 1A       		.uleb128 0x1a
 1022 0349 3F020000 		.4byte	0x23f
 1023 034d 58030000 		.4byte	0x358
 1024 0351 1B       		.uleb128 0x1b
 1025 0352 7D000000 		.4byte	0x7d
 1026 0356 03       		.byte	0x3
 1027 0357 00       		.byte	0
 1028 0358 13       		.uleb128 0x13
 1029 0359 48030000 		.4byte	0x348
 1030 035d 00       		.byte	0
 1031              		.section	.debug_abbrev,"",%progbits
 1032              	.Ldebug_abbrev0:
 1033 0000 01       		.uleb128 0x1
 1034 0001 11       		.uleb128 0x11
 1035 0002 01       		.byte	0x1
 1036 0003 25       		.uleb128 0x25
 1037 0004 0E       		.uleb128 0xe
 1038 0005 13       		.uleb128 0x13
 1039 0006 0B       		.uleb128 0xb
 1040 0007 03       		.uleb128 0x3
ARM GAS  C:\Users\Admin\AppData\Local\Temp\ccpwdrYG.s 			page 26


 1041 0008 0E       		.uleb128 0xe
 1042 0009 1B       		.uleb128 0x1b
 1043 000a 0E       		.uleb128 0xe
 1044 000b 55       		.uleb128 0x55
 1045 000c 17       		.uleb128 0x17
 1046 000d 11       		.uleb128 0x11
 1047 000e 01       		.uleb128 0x1
 1048 000f 10       		.uleb128 0x10
 1049 0010 17       		.uleb128 0x17
 1050 0011 00       		.byte	0
 1051 0012 00       		.byte	0
 1052 0013 02       		.uleb128 0x2
 1053 0014 24       		.uleb128 0x24
 1054 0015 00       		.byte	0
 1055 0016 0B       		.uleb128 0xb
 1056 0017 0B       		.uleb128 0xb
 1057 0018 3E       		.uleb128 0x3e
 1058 0019 0B       		.uleb128 0xb
 1059 001a 03       		.uleb128 0x3
 1060 001b 08       		.uleb128 0x8
 1061 001c 00       		.byte	0
 1062 001d 00       		.byte	0
 1063 001e 03       		.uleb128 0x3
 1064 001f 16       		.uleb128 0x16
 1065 0020 00       		.byte	0
 1066 0021 03       		.uleb128 0x3
 1067 0022 0E       		.uleb128 0xe
 1068 0023 3A       		.uleb128 0x3a
 1069 0024 0B       		.uleb128 0xb
 1070 0025 3B       		.uleb128 0x3b
 1071 0026 0B       		.uleb128 0xb
 1072 0027 49       		.uleb128 0x49
 1073 0028 13       		.uleb128 0x13
 1074 0029 00       		.byte	0
 1075 002a 00       		.byte	0
 1076 002b 04       		.uleb128 0x4
 1077 002c 24       		.uleb128 0x24
 1078 002d 00       		.byte	0
 1079 002e 0B       		.uleb128 0xb
 1080 002f 0B       		.uleb128 0xb
 1081 0030 3E       		.uleb128 0x3e
 1082 0031 0B       		.uleb128 0xb
 1083 0032 03       		.uleb128 0x3
 1084 0033 0E       		.uleb128 0xe
 1085 0034 00       		.byte	0
 1086 0035 00       		.byte	0
 1087 0036 05       		.uleb128 0x5
 1088 0037 0F       		.uleb128 0xf
 1089 0038 00       		.byte	0
 1090 0039 0B       		.uleb128 0xb
 1091 003a 0B       		.uleb128 0xb
 1092 003b 00       		.byte	0
 1093 003c 00       		.byte	0
 1094 003d 06       		.uleb128 0x6
 1095 003e 16       		.uleb128 0x16
 1096 003f 00       		.byte	0
 1097 0040 03       		.uleb128 0x3
ARM GAS  C:\Users\Admin\AppData\Local\Temp\ccpwdrYG.s 			page 27


 1098 0041 0E       		.uleb128 0xe
 1099 0042 3A       		.uleb128 0x3a
 1100 0043 0B       		.uleb128 0xb
 1101 0044 3B       		.uleb128 0x3b
 1102 0045 05       		.uleb128 0x5
 1103 0046 49       		.uleb128 0x49
 1104 0047 13       		.uleb128 0x13
 1105 0048 00       		.byte	0
 1106 0049 00       		.byte	0
 1107 004a 07       		.uleb128 0x7
 1108 004b 35       		.uleb128 0x35
 1109 004c 00       		.byte	0
 1110 004d 49       		.uleb128 0x49
 1111 004e 13       		.uleb128 0x13
 1112 004f 00       		.byte	0
 1113 0050 00       		.byte	0
 1114 0051 08       		.uleb128 0x8
 1115 0052 13       		.uleb128 0x13
 1116 0053 01       		.byte	0x1
 1117 0054 0B       		.uleb128 0xb
 1118 0055 0B       		.uleb128 0xb
 1119 0056 3A       		.uleb128 0x3a
 1120 0057 0B       		.uleb128 0xb
 1121 0058 3B       		.uleb128 0x3b
 1122 0059 0B       		.uleb128 0xb
 1123 005a 01       		.uleb128 0x1
 1124 005b 13       		.uleb128 0x13
 1125 005c 00       		.byte	0
 1126 005d 00       		.byte	0
 1127 005e 09       		.uleb128 0x9
 1128 005f 0D       		.uleb128 0xd
 1129 0060 00       		.byte	0
 1130 0061 03       		.uleb128 0x3
 1131 0062 0E       		.uleb128 0xe
 1132 0063 3A       		.uleb128 0x3a
 1133 0064 0B       		.uleb128 0xb
 1134 0065 3B       		.uleb128 0x3b
 1135 0066 0B       		.uleb128 0xb
 1136 0067 49       		.uleb128 0x49
 1137 0068 13       		.uleb128 0x13
 1138 0069 38       		.uleb128 0x38
 1139 006a 0B       		.uleb128 0xb
 1140 006b 00       		.byte	0
 1141 006c 00       		.byte	0
 1142 006d 0A       		.uleb128 0xa
 1143 006e 2E       		.uleb128 0x2e
 1144 006f 01       		.byte	0x1
 1145 0070 03       		.uleb128 0x3
 1146 0071 0E       		.uleb128 0xe
 1147 0072 3A       		.uleb128 0x3a
 1148 0073 0B       		.uleb128 0xb
 1149 0074 3B       		.uleb128 0x3b
 1150 0075 0B       		.uleb128 0xb
 1151 0076 27       		.uleb128 0x27
 1152 0077 19       		.uleb128 0x19
 1153 0078 11       		.uleb128 0x11
 1154 0079 01       		.uleb128 0x1
ARM GAS  C:\Users\Admin\AppData\Local\Temp\ccpwdrYG.s 			page 28


 1155 007a 12       		.uleb128 0x12
 1156 007b 06       		.uleb128 0x6
 1157 007c 40       		.uleb128 0x40
 1158 007d 18       		.uleb128 0x18
 1159 007e 9642     		.uleb128 0x2116
 1160 0080 19       		.uleb128 0x19
 1161 0081 01       		.uleb128 0x1
 1162 0082 13       		.uleb128 0x13
 1163 0083 00       		.byte	0
 1164 0084 00       		.byte	0
 1165 0085 0B       		.uleb128 0xb
 1166 0086 05       		.uleb128 0x5
 1167 0087 00       		.byte	0
 1168 0088 03       		.uleb128 0x3
 1169 0089 08       		.uleb128 0x8
 1170 008a 3A       		.uleb128 0x3a
 1171 008b 0B       		.uleb128 0xb
 1172 008c 3B       		.uleb128 0x3b
 1173 008d 0B       		.uleb128 0xb
 1174 008e 49       		.uleb128 0x49
 1175 008f 13       		.uleb128 0x13
 1176 0090 02       		.uleb128 0x2
 1177 0091 18       		.uleb128 0x18
 1178 0092 00       		.byte	0
 1179 0093 00       		.byte	0
 1180 0094 0C       		.uleb128 0xc
 1181 0095 05       		.uleb128 0x5
 1182 0096 00       		.byte	0
 1183 0097 03       		.uleb128 0x3
 1184 0098 0E       		.uleb128 0xe
 1185 0099 3A       		.uleb128 0x3a
 1186 009a 0B       		.uleb128 0xb
 1187 009b 3B       		.uleb128 0x3b
 1188 009c 0B       		.uleb128 0xb
 1189 009d 49       		.uleb128 0x49
 1190 009e 13       		.uleb128 0x13
 1191 009f 02       		.uleb128 0x2
 1192 00a0 18       		.uleb128 0x18
 1193 00a1 00       		.byte	0
 1194 00a2 00       		.byte	0
 1195 00a3 0D       		.uleb128 0xd
 1196 00a4 0F       		.uleb128 0xf
 1197 00a5 00       		.byte	0
 1198 00a6 0B       		.uleb128 0xb
 1199 00a7 0B       		.uleb128 0xb
 1200 00a8 49       		.uleb128 0x49
 1201 00a9 13       		.uleb128 0x13
 1202 00aa 00       		.byte	0
 1203 00ab 00       		.byte	0
 1204 00ac 0E       		.uleb128 0xe
 1205 00ad 26       		.uleb128 0x26
 1206 00ae 00       		.byte	0
 1207 00af 00       		.byte	0
 1208 00b0 00       		.byte	0
 1209 00b1 0F       		.uleb128 0xf
 1210 00b2 2E       		.uleb128 0x2e
 1211 00b3 01       		.byte	0x1
ARM GAS  C:\Users\Admin\AppData\Local\Temp\ccpwdrYG.s 			page 29


 1212 00b4 03       		.uleb128 0x3
 1213 00b5 0E       		.uleb128 0xe
 1214 00b6 3A       		.uleb128 0x3a
 1215 00b7 0B       		.uleb128 0xb
 1216 00b8 3B       		.uleb128 0x3b
 1217 00b9 0B       		.uleb128 0xb
 1218 00ba 27       		.uleb128 0x27
 1219 00bb 19       		.uleb128 0x19
 1220 00bc 11       		.uleb128 0x11
 1221 00bd 01       		.uleb128 0x1
 1222 00be 12       		.uleb128 0x12
 1223 00bf 06       		.uleb128 0x6
 1224 00c0 40       		.uleb128 0x40
 1225 00c1 18       		.uleb128 0x18
 1226 00c2 9742     		.uleb128 0x2117
 1227 00c4 19       		.uleb128 0x19
 1228 00c5 01       		.uleb128 0x1
 1229 00c6 13       		.uleb128 0x13
 1230 00c7 00       		.byte	0
 1231 00c8 00       		.byte	0
 1232 00c9 10       		.uleb128 0x10
 1233 00ca 34       		.uleb128 0x34
 1234 00cb 00       		.byte	0
 1235 00cc 03       		.uleb128 0x3
 1236 00cd 08       		.uleb128 0x8
 1237 00ce 3A       		.uleb128 0x3a
 1238 00cf 0B       		.uleb128 0xb
 1239 00d0 3B       		.uleb128 0x3b
 1240 00d1 0B       		.uleb128 0xb
 1241 00d2 49       		.uleb128 0x49
 1242 00d3 13       		.uleb128 0x13
 1243 00d4 02       		.uleb128 0x2
 1244 00d5 18       		.uleb128 0x18
 1245 00d6 00       		.byte	0
 1246 00d7 00       		.byte	0
 1247 00d8 11       		.uleb128 0x11
 1248 00d9 0B       		.uleb128 0xb
 1249 00da 01       		.byte	0x1
 1250 00db 11       		.uleb128 0x11
 1251 00dc 01       		.uleb128 0x1
 1252 00dd 12       		.uleb128 0x12
 1253 00de 06       		.uleb128 0x6
 1254 00df 00       		.byte	0
 1255 00e0 00       		.byte	0
 1256 00e1 12       		.uleb128 0x12
 1257 00e2 34       		.uleb128 0x34
 1258 00e3 00       		.byte	0
 1259 00e4 03       		.uleb128 0x3
 1260 00e5 0E       		.uleb128 0xe
 1261 00e6 3A       		.uleb128 0x3a
 1262 00e7 0B       		.uleb128 0xb
 1263 00e8 3B       		.uleb128 0x3b
 1264 00e9 0B       		.uleb128 0xb
 1265 00ea 49       		.uleb128 0x49
 1266 00eb 13       		.uleb128 0x13
 1267 00ec 02       		.uleb128 0x2
 1268 00ed 18       		.uleb128 0x18
ARM GAS  C:\Users\Admin\AppData\Local\Temp\ccpwdrYG.s 			page 30


 1269 00ee 00       		.byte	0
 1270 00ef 00       		.byte	0
 1271 00f0 13       		.uleb128 0x13
 1272 00f1 26       		.uleb128 0x26
 1273 00f2 00       		.byte	0
 1274 00f3 49       		.uleb128 0x49
 1275 00f4 13       		.uleb128 0x13
 1276 00f5 00       		.byte	0
 1277 00f6 00       		.byte	0
 1278 00f7 14       		.uleb128 0x14
 1279 00f8 2E       		.uleb128 0x2e
 1280 00f9 00       		.byte	0
 1281 00fa 03       		.uleb128 0x3
 1282 00fb 0E       		.uleb128 0xe
 1283 00fc 3A       		.uleb128 0x3a
 1284 00fd 0B       		.uleb128 0xb
 1285 00fe 3B       		.uleb128 0x3b
 1286 00ff 0B       		.uleb128 0xb
 1287 0100 27       		.uleb128 0x27
 1288 0101 19       		.uleb128 0x19
 1289 0102 11       		.uleb128 0x11
 1290 0103 01       		.uleb128 0x1
 1291 0104 12       		.uleb128 0x12
 1292 0105 06       		.uleb128 0x6
 1293 0106 40       		.uleb128 0x40
 1294 0107 18       		.uleb128 0x18
 1295 0108 9642     		.uleb128 0x2116
 1296 010a 19       		.uleb128 0x19
 1297 010b 00       		.byte	0
 1298 010c 00       		.byte	0
 1299 010d 15       		.uleb128 0x15
 1300 010e 2E       		.uleb128 0x2e
 1301 010f 00       		.byte	0
 1302 0110 03       		.uleb128 0x3
 1303 0111 0E       		.uleb128 0xe
 1304 0112 3A       		.uleb128 0x3a
 1305 0113 0B       		.uleb128 0xb
 1306 0114 3B       		.uleb128 0x3b
 1307 0115 05       		.uleb128 0x5
 1308 0116 27       		.uleb128 0x27
 1309 0117 19       		.uleb128 0x19
 1310 0118 11       		.uleb128 0x11
 1311 0119 01       		.uleb128 0x1
 1312 011a 12       		.uleb128 0x12
 1313 011b 06       		.uleb128 0x6
 1314 011c 40       		.uleb128 0x40
 1315 011d 18       		.uleb128 0x18
 1316 011e 9742     		.uleb128 0x2117
 1317 0120 19       		.uleb128 0x19
 1318 0121 00       		.byte	0
 1319 0122 00       		.byte	0
 1320 0123 16       		.uleb128 0x16
 1321 0124 2E       		.uleb128 0x2e
 1322 0125 01       		.byte	0x1
 1323 0126 3F       		.uleb128 0x3f
 1324 0127 19       		.uleb128 0x19
 1325 0128 03       		.uleb128 0x3
ARM GAS  C:\Users\Admin\AppData\Local\Temp\ccpwdrYG.s 			page 31


 1326 0129 0E       		.uleb128 0xe
 1327 012a 3A       		.uleb128 0x3a
 1328 012b 0B       		.uleb128 0xb
 1329 012c 3B       		.uleb128 0x3b
 1330 012d 05       		.uleb128 0x5
 1331 012e 27       		.uleb128 0x27
 1332 012f 19       		.uleb128 0x19
 1333 0130 11       		.uleb128 0x11
 1334 0131 01       		.uleb128 0x1
 1335 0132 12       		.uleb128 0x12
 1336 0133 06       		.uleb128 0x6
 1337 0134 40       		.uleb128 0x40
 1338 0135 18       		.uleb128 0x18
 1339 0136 9642     		.uleb128 0x2116
 1340 0138 19       		.uleb128 0x19
 1341 0139 01       		.uleb128 0x1
 1342 013a 13       		.uleb128 0x13
 1343 013b 00       		.byte	0
 1344 013c 00       		.byte	0
 1345 013d 17       		.uleb128 0x17
 1346 013e 34       		.uleb128 0x34
 1347 013f 00       		.byte	0
 1348 0140 03       		.uleb128 0x3
 1349 0141 0E       		.uleb128 0xe
 1350 0142 3A       		.uleb128 0x3a
 1351 0143 0B       		.uleb128 0xb
 1352 0144 3B       		.uleb128 0x3b
 1353 0145 05       		.uleb128 0x5
 1354 0146 49       		.uleb128 0x49
 1355 0147 13       		.uleb128 0x13
 1356 0148 02       		.uleb128 0x2
 1357 0149 18       		.uleb128 0x18
 1358 014a 00       		.byte	0
 1359 014b 00       		.byte	0
 1360 014c 18       		.uleb128 0x18
 1361 014d 13       		.uleb128 0x13
 1362 014e 01       		.byte	0x1
 1363 014f 0B       		.uleb128 0xb
 1364 0150 0B       		.uleb128 0xb
 1365 0151 3A       		.uleb128 0x3a
 1366 0152 0B       		.uleb128 0xb
 1367 0153 3B       		.uleb128 0x3b
 1368 0154 05       		.uleb128 0x5
 1369 0155 01       		.uleb128 0x1
 1370 0156 13       		.uleb128 0x13
 1371 0157 00       		.byte	0
 1372 0158 00       		.byte	0
 1373 0159 19       		.uleb128 0x19
 1374 015a 0D       		.uleb128 0xd
 1375 015b 00       		.byte	0
 1376 015c 03       		.uleb128 0x3
 1377 015d 0E       		.uleb128 0xe
 1378 015e 3A       		.uleb128 0x3a
 1379 015f 0B       		.uleb128 0xb
 1380 0160 3B       		.uleb128 0x3b
 1381 0161 05       		.uleb128 0x5
 1382 0162 49       		.uleb128 0x49
ARM GAS  C:\Users\Admin\AppData\Local\Temp\ccpwdrYG.s 			page 32


 1383 0163 13       		.uleb128 0x13
 1384 0164 38       		.uleb128 0x38
 1385 0165 0B       		.uleb128 0xb
 1386 0166 00       		.byte	0
 1387 0167 00       		.byte	0
 1388 0168 1A       		.uleb128 0x1a
 1389 0169 01       		.uleb128 0x1
 1390 016a 01       		.byte	0x1
 1391 016b 49       		.uleb128 0x49
 1392 016c 13       		.uleb128 0x13
 1393 016d 01       		.uleb128 0x1
 1394 016e 13       		.uleb128 0x13
 1395 016f 00       		.byte	0
 1396 0170 00       		.byte	0
 1397 0171 1B       		.uleb128 0x1b
 1398 0172 21       		.uleb128 0x21
 1399 0173 00       		.byte	0
 1400 0174 49       		.uleb128 0x49
 1401 0175 13       		.uleb128 0x13
 1402 0176 2F       		.uleb128 0x2f
 1403 0177 0B       		.uleb128 0xb
 1404 0178 00       		.byte	0
 1405 0179 00       		.byte	0
 1406 017a 1C       		.uleb128 0x1c
 1407 017b 34       		.uleb128 0x34
 1408 017c 00       		.byte	0
 1409 017d 03       		.uleb128 0x3
 1410 017e 08       		.uleb128 0x8
 1411 017f 3A       		.uleb128 0x3a
 1412 0180 0B       		.uleb128 0xb
 1413 0181 3B       		.uleb128 0x3b
 1414 0182 05       		.uleb128 0x5
 1415 0183 49       		.uleb128 0x49
 1416 0184 13       		.uleb128 0x13
 1417 0185 02       		.uleb128 0x2
 1418 0186 18       		.uleb128 0x18
 1419 0187 00       		.byte	0
 1420 0188 00       		.byte	0
 1421 0189 00       		.byte	0
 1422              		.section	.debug_aranges,"",%progbits
 1423 0000 4C000000 		.4byte	0x4c
 1424 0004 0200     		.2byte	0x2
 1425 0006 00000000 		.4byte	.Ldebug_info0
 1426 000a 04       		.byte	0x4
 1427 000b 00       		.byte	0
 1428 000c 0000     		.2byte	0
 1429 000e 0000     		.2byte	0
 1430 0010 00000000 		.4byte	.LFB2
 1431 0014 1E000000 		.4byte	.LFE2-.LFB2
 1432 0018 00000000 		.4byte	.LFB3
 1433 001c 20000000 		.4byte	.LFE3-.LFB3
 1434 0020 00000000 		.4byte	.LFB4
 1435 0024 20000000 		.4byte	.LFE4-.LFB4
 1436 0028 00000000 		.4byte	.LFB5
 1437 002c 82000000 		.4byte	.LFE5-.LFB5
 1438 0030 00000000 		.4byte	.LFB6
 1439 0034 C8000000 		.4byte	.LFE6-.LFB6
ARM GAS  C:\Users\Admin\AppData\Local\Temp\ccpwdrYG.s 			page 33


 1440 0038 00000000 		.4byte	.LFB7
 1441 003c 28000000 		.4byte	.LFE7-.LFB7
 1442 0040 C8000000 		.4byte	.LFB8
 1443 0044 0C010000 		.4byte	.LFE8-.LFB8
 1444 0048 00000000 		.4byte	0
 1445 004c 00000000 		.4byte	0
 1446              		.section	.debug_ranges,"",%progbits
 1447              	.Ldebug_ranges0:
 1448 0000 00000000 		.4byte	.LFB2
 1449 0004 1E000000 		.4byte	.LFE2
 1450 0008 00000000 		.4byte	.LFB3
 1451 000c 20000000 		.4byte	.LFE3
 1452 0010 00000000 		.4byte	.LFB4
 1453 0014 20000000 		.4byte	.LFE4
 1454 0018 00000000 		.4byte	.LFB5
 1455 001c 82000000 		.4byte	.LFE5
 1456 0020 00000000 		.4byte	.LFB6
 1457 0024 C8000000 		.4byte	.LFE6
 1458 0028 00000000 		.4byte	.LFB7
 1459 002c 28000000 		.4byte	.LFE7
 1460 0030 C8000000 		.4byte	.LFB8
 1461 0034 D4010000 		.4byte	.LFE8
 1462 0038 00000000 		.4byte	0
 1463 003c 00000000 		.4byte	0
 1464              		.section	.debug_line,"",%progbits
 1465              	.Ldebug_line0:
 1466 0000 96010000 		.section	.debug_str,"MS",%progbits,1
 1466      0200CB00 
 1466      00000201 
 1466      FB0E0D00 
 1466      01010101 
 1467              	.LASF19:
 1468 0000 72656733 		.ascii	"reg32\000"
 1468      3200
 1469              	.LASF12:
 1470 0006 73697A65 		.ascii	"size_t\000"
 1470      5F7400
 1471              	.LASF33:
 1472 000d 416E616C 		.ascii	"AnalogSetDefault\000"
 1472      6F675365 
 1472      74446566 
 1472      61756C74 
 1472      00
 1473              	.LASF21:
 1474 001e 76616C75 		.ascii	"value\000"
 1474      6500
 1475              	.LASF31:
 1476 0024 636F756E 		.ascii	"count\000"
 1476      7400
 1477              	.LASF32:
 1478 002a 436C6F63 		.ascii	"ClockSetup\000"
 1478      6B536574 
 1478      757000
 1479              	.LASF34:
 1480 0035 63795F63 		.ascii	"cy_cfg_addr_table\000"
 1480      66675F61 
 1480      6464725F 
ARM GAS  C:\Users\Admin\AppData\Local\Temp\ccpwdrYG.s 			page 34


 1480      7461626C 
 1480      6500
 1481              	.LASF35:
 1482 0047 63795F63 		.ascii	"cy_cfg_data_table\000"
 1482      66675F64 
 1482      6174615F 
 1482      7461626C 
 1482      6500
 1483              	.LASF16:
 1484 0059 666C6F61 		.ascii	"float\000"
 1484      7400
 1485              	.LASF25:
 1486 005f 64657374 		.ascii	"dest\000"
 1486      00
 1487              	.LASF39:
 1488 0064 6366675F 		.ascii	"cfg_memset_list\000"
 1488      6D656D73 
 1488      65745F6C 
 1488      69737400 
 1489              	.LASF37:
 1490 0074 73697A65 		.ascii	"size\000"
 1490      00
 1491              	.LASF18:
 1492 0079 72656738 		.ascii	"reg8\000"
 1492      00
 1493              	.LASF8:
 1494 007e 6C6F6E67 		.ascii	"long unsigned int\000"
 1494      20756E73 
 1494      69676E65 
 1494      6420696E 
 1494      7400
 1495              	.LASF42:
 1496 0090 443A5C4C 		.ascii	"D:\\LABs_BLE\\LABs_BLE\\Lab_1_1_LED_additional_red."
 1496      4142735F 
 1496      424C455C 
 1496      4C414273 
 1496      5F424C45 
 1497 00c0 63796473 		.ascii	"cydsn\000"
 1497      6E00
 1498              	.LASF23:
 1499 00c6 43594D45 		.ascii	"CYMEMZERO\000"
 1499      4D5A4552 
 1499      4F00
 1500              	.LASF40:
 1501 00d0 474E5520 		.ascii	"GNU C11 5.4.1 20160609 (release) [ARM/embedded-5-br"
 1501      43313120 
 1501      352E342E 
 1501      31203230 
 1501      31363036 
 1502 0103 616E6368 		.ascii	"anch revision 237715] -mcpu=cortex-m0 -mthumb -g -O"
 1502      20726576 
 1502      6973696F 
 1502      6E203233 
 1502      37373135 
 1503 0136 30202D66 		.ascii	"0 -ffunction-sections -ffat-lto-objects\000"
 1503      66756E63 
 1503      74696F6E 
ARM GAS  C:\Users\Admin\AppData\Local\Temp\ccpwdrYG.s 			page 35


 1503      2D736563 
 1503      74696F6E 
 1504              	.LASF4:
 1505 015e 756E7369 		.ascii	"unsigned char\000"
 1505      676E6564 
 1505      20636861 
 1505      7200
 1506              	.LASF17:
 1507 016c 646F7562 		.ascii	"double\000"
 1507      6C6500
 1508              	.LASF27:
 1509 0173 6366675F 		.ascii	"cfg_write_bytes32\000"
 1509      77726974 
 1509      655F6279 
 1509      74657333 
 1509      3200
 1510              	.LASF43:
 1511 0185 63796669 		.ascii	"cyfitter_cfg\000"
 1511      74746572 
 1511      5F636667 
 1511      00
 1512              	.LASF28:
 1513 0192 61646472 		.ascii	"addr_table\000"
 1513      5F746162 
 1513      6C6500
 1514              	.LASF14:
 1515 019d 75696E74 		.ascii	"uint16\000"
 1515      313600
 1516              	.LASF29:
 1517 01a4 64617461 		.ascii	"data_table\000"
 1517      5F746162 
 1517      6C6500
 1518              	.LASF15:
 1519 01af 75696E74 		.ascii	"uint32\000"
 1519      333200
 1520              	.LASF0:
 1521 01b6 756E7369 		.ascii	"unsigned int\000"
 1521      676E6564 
 1521      20696E74 
 1521      00
 1522              	.LASF36:
 1523 01c3 61646472 		.ascii	"address\000"
 1523      65737300 
 1524              	.LASF9:
 1525 01cb 6C6F6E67 		.ascii	"long long unsigned int\000"
 1525      206C6F6E 
 1525      6720756E 
 1525      7369676E 
 1525      65642069 
 1526              	.LASF38:
 1527 01e2 6366675F 		.ascii	"cfg_memset_t\000"
 1527      6D656D73 
 1527      65745F74 
 1527      00
 1528              	.LASF30:
 1529 01ef 62617365 		.ascii	"baseAddr\000"
 1529      41646472 
ARM GAS  C:\Users\Admin\AppData\Local\Temp\ccpwdrYG.s 			page 36


 1529      00
 1530              	.LASF10:
 1531 01f8 73697A65 		.ascii	"sizetype\000"
 1531      74797065 
 1531      00
 1532              	.LASF6:
 1533 0201 73686F72 		.ascii	"short unsigned int\000"
 1533      7420756E 
 1533      7369676E 
 1533      65642069 
 1533      6E7400
 1534              	.LASF1:
 1535 0214 6C6F6E67 		.ascii	"long long int\000"
 1535      206C6F6E 
 1535      6720696E 
 1535      7400
 1536              	.LASF11:
 1537 0222 63686172 		.ascii	"char\000"
 1537      00
 1538              	.LASF22:
 1539 0227 63795F63 		.ascii	"cy_cfg_addrvalue_t\000"
 1539      66675F61 
 1539      64647276 
 1539      616C7565 
 1539      5F7400
 1540              	.LASF20:
 1541 023a 6F666673 		.ascii	"offset\000"
 1541      657400
 1542              	.LASF5:
 1543 0241 73686F72 		.ascii	"short int\000"
 1543      7420696E 
 1543      7400
 1544              	.LASF13:
 1545 024b 75696E74 		.ascii	"uint8\000"
 1545      3800
 1546              	.LASF7:
 1547 0251 6C6F6E67 		.ascii	"long int\000"
 1547      20696E74 
 1547      00
 1548              	.LASF2:
 1549 025a 6C6F6E67 		.ascii	"long double\000"
 1549      20646F75 
 1549      626C6500 
 1550              	.LASF3:
 1551 0266 7369676E 		.ascii	"signed char\000"
 1551      65642063 
 1551      68617200 
 1552              	.LASF41:
 1553 0272 47656E65 		.ascii	"Generated_Source\\PSoC4\\cyfitter_cfg.c\000"
 1553      72617465 
 1553      645F536F 
 1553      75726365 
 1553      5C50536F 
 1554              	.LASF26:
 1555 0298 4359434F 		.ascii	"CYCONFIGCPYCODE\000"
 1555      4E464947 
 1555      43505943 
ARM GAS  C:\Users\Admin\AppData\Local\Temp\ccpwdrYG.s 			page 37


 1555      4F444500 
 1556              	.LASF24:
 1557 02a8 4359434F 		.ascii	"CYCONFIGCPY\000"
 1557      4E464947 
 1557      43505900 
 1558              		.ident	"GCC: (GNU Tools for ARM Embedded Processors) 5.4.1 20160609 (release) [ARM/embedded-5-bran
