ARM GAS  C:\Users\Admin\AppData\Local\Temp\cc6R4BBF.s 			page 1


   1              		.syntax unified
   2              		.cpu cortex-m0
   3              		.fpu softvfp
   4              		.eabi_attribute 20, 1
   5              		.eabi_attribute 21, 1
   6              		.eabi_attribute 23, 3
   7              		.eabi_attribute 24, 1
   8              		.eabi_attribute 25, 1
   9              		.eabi_attribute 26, 1
  10              		.eabi_attribute 30, 1
  11              		.eabi_attribute 34, 0
  12              		.eabi_attribute 18, 4
  13              		.thumb
  14              		.syntax unified
  15              		.file	"cyfitter_cfg.c"
  16              		.text
  17              	.Ltext0:
  18              		.cfi_sections	.debug_frame
  19              		.section	.text.AnalogSetDefault,"ax",%progbits
  20              		.align	2
  21              		.code	16
  22              		.thumb_func
  23              		.type	AnalogSetDefault, %function
  24              	AnalogSetDefault:
  25              	.LFB6:
  26              		.file 1 "Generated_Source\\PSoC4\\cyfitter_cfg.c"
   1:Generated_Source\PSoC4/cyfitter_cfg.c **** 
   2:Generated_Source\PSoC4/cyfitter_cfg.c **** /*******************************************************************************
   3:Generated_Source\PSoC4/cyfitter_cfg.c **** * File Name: cyfitter_cfg.c
   4:Generated_Source\PSoC4/cyfitter_cfg.c **** * 
   5:Generated_Source\PSoC4/cyfitter_cfg.c **** * PSoC Creator  4.4
   6:Generated_Source\PSoC4/cyfitter_cfg.c **** *
   7:Generated_Source\PSoC4/cyfitter_cfg.c **** * Description:
   8:Generated_Source\PSoC4/cyfitter_cfg.c **** * This file contains device initialization code.
   9:Generated_Source\PSoC4/cyfitter_cfg.c **** * Except for the user defined sections in CyClockStartupError(), this file should not be modified.
  10:Generated_Source\PSoC4/cyfitter_cfg.c **** * This file is automatically generated by PSoC Creator.
  11:Generated_Source\PSoC4/cyfitter_cfg.c **** *
  12:Generated_Source\PSoC4/cyfitter_cfg.c **** ********************************************************************************
  13:Generated_Source\PSoC4/cyfitter_cfg.c **** * Copyright (c) 2007-2020 Cypress Semiconductor.  All rights reserved.
  14:Generated_Source\PSoC4/cyfitter_cfg.c **** * You may use this file only in accordance with the license, terms, conditions, 
  15:Generated_Source\PSoC4/cyfitter_cfg.c **** * disclaimers, and limitations in the end user license agreement accompanying 
  16:Generated_Source\PSoC4/cyfitter_cfg.c **** * the software package with which this file was provided.
  17:Generated_Source\PSoC4/cyfitter_cfg.c **** ********************************************************************************/
  18:Generated_Source\PSoC4/cyfitter_cfg.c **** 
  19:Generated_Source\PSoC4/cyfitter_cfg.c **** #include <string.h>
  20:Generated_Source\PSoC4/cyfitter_cfg.c **** #include "cytypes.h"
  21:Generated_Source\PSoC4/cyfitter_cfg.c **** #include "cydevice_trm.h"
  22:Generated_Source\PSoC4/cyfitter_cfg.c **** #include "cyfitter.h"
  23:Generated_Source\PSoC4/cyfitter_cfg.c **** #include "CyLib.h"
  24:Generated_Source\PSoC4/cyfitter_cfg.c **** #include "CyLFClk.h"
  25:Generated_Source\PSoC4/cyfitter_cfg.c **** #include "cyfitter_cfg.h"
  26:Generated_Source\PSoC4/cyfitter_cfg.c **** #include "cyapicallbacks.h"
  27:Generated_Source\PSoC4/cyfitter_cfg.c **** 
  28:Generated_Source\PSoC4/cyfitter_cfg.c **** 
  29:Generated_Source\PSoC4/cyfitter_cfg.c **** #if defined(__GNUC__) || defined(__ARMCC_VERSION)
  30:Generated_Source\PSoC4/cyfitter_cfg.c ****     #define CYPACKED 
  31:Generated_Source\PSoC4/cyfitter_cfg.c ****     #define CYPACKED_ATTR __attribute__ ((packed))
ARM GAS  C:\Users\Admin\AppData\Local\Temp\cc6R4BBF.s 			page 2


  32:Generated_Source\PSoC4/cyfitter_cfg.c ****     #define CYALIGNED __attribute__ ((aligned))
  33:Generated_Source\PSoC4/cyfitter_cfg.c ****     #define CY_CFG_UNUSED __attribute__ ((unused))
  34:Generated_Source\PSoC4/cyfitter_cfg.c ****     #ifndef CY_CFG_SECTION
  35:Generated_Source\PSoC4/cyfitter_cfg.c ****         #define CY_CFG_SECTION __attribute__ ((section(".psocinit")))
  36:Generated_Source\PSoC4/cyfitter_cfg.c ****     #endif
  37:Generated_Source\PSoC4/cyfitter_cfg.c ****     
  38:Generated_Source\PSoC4/cyfitter_cfg.c ****     #if defined(__ARMCC_VERSION)
  39:Generated_Source\PSoC4/cyfitter_cfg.c ****         #define CY_CFG_MEMORY_BARRIER() __memory_changed()
  40:Generated_Source\PSoC4/cyfitter_cfg.c ****     #else
  41:Generated_Source\PSoC4/cyfitter_cfg.c ****         #define CY_CFG_MEMORY_BARRIER() __sync_synchronize()
  42:Generated_Source\PSoC4/cyfitter_cfg.c ****     #endif
  43:Generated_Source\PSoC4/cyfitter_cfg.c ****     
  44:Generated_Source\PSoC4/cyfitter_cfg.c **** #elif defined(__ICCARM__)
  45:Generated_Source\PSoC4/cyfitter_cfg.c ****     #include <intrinsics.h>
  46:Generated_Source\PSoC4/cyfitter_cfg.c **** 
  47:Generated_Source\PSoC4/cyfitter_cfg.c ****     #define CYPACKED __packed
  48:Generated_Source\PSoC4/cyfitter_cfg.c ****     #define CYPACKED_ATTR 
  49:Generated_Source\PSoC4/cyfitter_cfg.c ****     #define CYALIGNED _Pragma("data_alignment=4")
  50:Generated_Source\PSoC4/cyfitter_cfg.c ****     #define CY_CFG_UNUSED _Pragma("diag_suppress=Pe177")
  51:Generated_Source\PSoC4/cyfitter_cfg.c ****     #define CY_CFG_SECTION _Pragma("location=\".psocinit\"")
  52:Generated_Source\PSoC4/cyfitter_cfg.c ****     
  53:Generated_Source\PSoC4/cyfitter_cfg.c ****     #define CY_CFG_MEMORY_BARRIER() __DMB()
  54:Generated_Source\PSoC4/cyfitter_cfg.c ****     
  55:Generated_Source\PSoC4/cyfitter_cfg.c **** #else
  56:Generated_Source\PSoC4/cyfitter_cfg.c ****     #error Unsupported toolchain
  57:Generated_Source\PSoC4/cyfitter_cfg.c **** #endif
  58:Generated_Source\PSoC4/cyfitter_cfg.c **** 
  59:Generated_Source\PSoC4/cyfitter_cfg.c **** #ifndef CYCODE
  60:Generated_Source\PSoC4/cyfitter_cfg.c ****     #define CYCODE
  61:Generated_Source\PSoC4/cyfitter_cfg.c **** #endif
  62:Generated_Source\PSoC4/cyfitter_cfg.c **** #ifndef CYDATA
  63:Generated_Source\PSoC4/cyfitter_cfg.c ****     #define CYDATA
  64:Generated_Source\PSoC4/cyfitter_cfg.c **** #endif
  65:Generated_Source\PSoC4/cyfitter_cfg.c **** #ifndef CYFAR
  66:Generated_Source\PSoC4/cyfitter_cfg.c ****     #define CYFAR
  67:Generated_Source\PSoC4/cyfitter_cfg.c **** #endif
  68:Generated_Source\PSoC4/cyfitter_cfg.c **** #ifndef CYXDATA
  69:Generated_Source\PSoC4/cyfitter_cfg.c ****     #define CYXDATA
  70:Generated_Source\PSoC4/cyfitter_cfg.c **** #endif
  71:Generated_Source\PSoC4/cyfitter_cfg.c **** 
  72:Generated_Source\PSoC4/cyfitter_cfg.c **** 
  73:Generated_Source\PSoC4/cyfitter_cfg.c **** CY_CFG_UNUSED
  74:Generated_Source\PSoC4/cyfitter_cfg.c **** static void CYMEMZERO(void *s, size_t n);
  75:Generated_Source\PSoC4/cyfitter_cfg.c **** CY_CFG_UNUSED
  76:Generated_Source\PSoC4/cyfitter_cfg.c **** static void CYMEMZERO(void *s, size_t n)
  77:Generated_Source\PSoC4/cyfitter_cfg.c **** {
  78:Generated_Source\PSoC4/cyfitter_cfg.c **** 	(void)memset(s, 0, n);
  79:Generated_Source\PSoC4/cyfitter_cfg.c **** }
  80:Generated_Source\PSoC4/cyfitter_cfg.c **** CY_CFG_UNUSED
  81:Generated_Source\PSoC4/cyfitter_cfg.c **** static void CYCONFIGCPY(void *dest, const void *src, size_t n);
  82:Generated_Source\PSoC4/cyfitter_cfg.c **** CY_CFG_UNUSED
  83:Generated_Source\PSoC4/cyfitter_cfg.c **** static void CYCONFIGCPY(void *dest, const void *src, size_t n)
  84:Generated_Source\PSoC4/cyfitter_cfg.c **** {
  85:Generated_Source\PSoC4/cyfitter_cfg.c **** 	(void)memcpy(dest, src, n);
  86:Generated_Source\PSoC4/cyfitter_cfg.c **** }
  87:Generated_Source\PSoC4/cyfitter_cfg.c **** CY_CFG_UNUSED
  88:Generated_Source\PSoC4/cyfitter_cfg.c **** static void CYCONFIGCPYCODE(void *dest, const void *src, size_t n);
ARM GAS  C:\Users\Admin\AppData\Local\Temp\cc6R4BBF.s 			page 3


  89:Generated_Source\PSoC4/cyfitter_cfg.c **** CY_CFG_UNUSED
  90:Generated_Source\PSoC4/cyfitter_cfg.c **** static void CYCONFIGCPYCODE(void *dest, const void *src, size_t n)
  91:Generated_Source\PSoC4/cyfitter_cfg.c **** {
  92:Generated_Source\PSoC4/cyfitter_cfg.c **** 	(void)memcpy(dest, src, n);
  93:Generated_Source\PSoC4/cyfitter_cfg.c **** }
  94:Generated_Source\PSoC4/cyfitter_cfg.c **** 
  95:Generated_Source\PSoC4/cyfitter_cfg.c **** 
  96:Generated_Source\PSoC4/cyfitter_cfg.c **** 
  97:Generated_Source\PSoC4/cyfitter_cfg.c **** 
  98:Generated_Source\PSoC4/cyfitter_cfg.c **** /* Clock startup error codes                                                   */
  99:Generated_Source\PSoC4/cyfitter_cfg.c **** #define CYCLOCKSTART_NO_ERROR    0u
 100:Generated_Source\PSoC4/cyfitter_cfg.c **** #define CYCLOCKSTART_XTAL_ERROR  1u
 101:Generated_Source\PSoC4/cyfitter_cfg.c **** #define CYCLOCKSTART_32KHZ_ERROR 2u
 102:Generated_Source\PSoC4/cyfitter_cfg.c **** #define CYCLOCKSTART_PLL_ERROR   3u
 103:Generated_Source\PSoC4/cyfitter_cfg.c **** #define CYCLOCKSTART_FLL_ERROR   4u
 104:Generated_Source\PSoC4/cyfitter_cfg.c **** #define CYCLOCKSTART_WCO_ERROR   5u
 105:Generated_Source\PSoC4/cyfitter_cfg.c **** 
 106:Generated_Source\PSoC4/cyfitter_cfg.c **** 
 107:Generated_Source\PSoC4/cyfitter_cfg.c **** #ifdef CY_NEED_CYCLOCKSTARTUPERROR
 108:Generated_Source\PSoC4/cyfitter_cfg.c **** /*******************************************************************************
 109:Generated_Source\PSoC4/cyfitter_cfg.c **** * Function Name: CyClockStartupError
 110:Generated_Source\PSoC4/cyfitter_cfg.c **** ********************************************************************************
 111:Generated_Source\PSoC4/cyfitter_cfg.c **** * Summary:
 112:Generated_Source\PSoC4/cyfitter_cfg.c **** *  If an error is encountered during clock configuration (crystal startup error,
 113:Generated_Source\PSoC4/cyfitter_cfg.c **** *  PLL lock error, etc.), the system will end up here.  Unless reimplemented by
 114:Generated_Source\PSoC4/cyfitter_cfg.c **** *  the customer, this function will stop in an infinite loop.
 115:Generated_Source\PSoC4/cyfitter_cfg.c **** *
 116:Generated_Source\PSoC4/cyfitter_cfg.c **** * Parameters:
 117:Generated_Source\PSoC4/cyfitter_cfg.c **** *   void
 118:Generated_Source\PSoC4/cyfitter_cfg.c **** *
 119:Generated_Source\PSoC4/cyfitter_cfg.c **** * Return:
 120:Generated_Source\PSoC4/cyfitter_cfg.c **** *   void
 121:Generated_Source\PSoC4/cyfitter_cfg.c **** *
 122:Generated_Source\PSoC4/cyfitter_cfg.c **** *******************************************************************************/
 123:Generated_Source\PSoC4/cyfitter_cfg.c **** CY_CFG_UNUSED
 124:Generated_Source\PSoC4/cyfitter_cfg.c **** static void CyClockStartupError(uint8 errorCode);
 125:Generated_Source\PSoC4/cyfitter_cfg.c **** CY_CFG_UNUSED
 126:Generated_Source\PSoC4/cyfitter_cfg.c **** static void CyClockStartupError(uint8 errorCode)
 127:Generated_Source\PSoC4/cyfitter_cfg.c **** {
 128:Generated_Source\PSoC4/cyfitter_cfg.c ****     /* To remove the compiler warning if errorCode not used.                */
 129:Generated_Source\PSoC4/cyfitter_cfg.c ****     errorCode = errorCode;
 130:Generated_Source\PSoC4/cyfitter_cfg.c **** 
 131:Generated_Source\PSoC4/cyfitter_cfg.c ****     /* If we have a clock startup error (bad MHz crystal, PLL lock, etc.),  */
 132:Generated_Source\PSoC4/cyfitter_cfg.c ****     /* we will end up here to allow the customer to implement something to  */
 133:Generated_Source\PSoC4/cyfitter_cfg.c ****     /* deal with the clock condition.                                       */
 134:Generated_Source\PSoC4/cyfitter_cfg.c **** 
 135:Generated_Source\PSoC4/cyfitter_cfg.c **** #ifdef CY_CFG_CLOCK_STARTUP_ERROR_CALLBACK
 136:Generated_Source\PSoC4/cyfitter_cfg.c ****     CY_CFG_Clock_Startup_ErrorCallback();
 137:Generated_Source\PSoC4/cyfitter_cfg.c **** #else
 138:Generated_Source\PSoC4/cyfitter_cfg.c ****     /*  If not using CY_CFG_CLOCK_STARTUP_ERROR_CALLBACK, place your clock startup code here. */
 139:Generated_Source\PSoC4/cyfitter_cfg.c ****     /* `#START CyClockStartupError` */
 140:Generated_Source\PSoC4/cyfitter_cfg.c **** 
 141:Generated_Source\PSoC4/cyfitter_cfg.c **** 
 142:Generated_Source\PSoC4/cyfitter_cfg.c **** 
 143:Generated_Source\PSoC4/cyfitter_cfg.c ****     /* `#END` */
 144:Generated_Source\PSoC4/cyfitter_cfg.c **** 
 145:Generated_Source\PSoC4/cyfitter_cfg.c ****     while(1) {}
ARM GAS  C:\Users\Admin\AppData\Local\Temp\cc6R4BBF.s 			page 4


 146:Generated_Source\PSoC4/cyfitter_cfg.c **** #endif /* CY_CFG_CLOCK_STARTUP_ERROR_CALLBACK */
 147:Generated_Source\PSoC4/cyfitter_cfg.c **** }
 148:Generated_Source\PSoC4/cyfitter_cfg.c **** #endif
 149:Generated_Source\PSoC4/cyfitter_cfg.c **** 
 150:Generated_Source\PSoC4/cyfitter_cfg.c **** 
 151:Generated_Source\PSoC4/cyfitter_cfg.c **** 
 152:Generated_Source\PSoC4/cyfitter_cfg.c **** /*******************************************************************************
 153:Generated_Source\PSoC4/cyfitter_cfg.c **** * Function Name: ClockSetup
 154:Generated_Source\PSoC4/cyfitter_cfg.c **** ********************************************************************************
 155:Generated_Source\PSoC4/cyfitter_cfg.c **** *
 156:Generated_Source\PSoC4/cyfitter_cfg.c **** * Summary:
 157:Generated_Source\PSoC4/cyfitter_cfg.c **** *   Performs the initialization of all of the clocks in the device based on the
 158:Generated_Source\PSoC4/cyfitter_cfg.c **** *   settings in the Clock tab of the DWR.  This includes enabling the requested
 159:Generated_Source\PSoC4/cyfitter_cfg.c **** *   clocks and setting the necessary dividers to produce the desired frequency. 
 160:Generated_Source\PSoC4/cyfitter_cfg.c **** *
 161:Generated_Source\PSoC4/cyfitter_cfg.c **** * Parameters:
 162:Generated_Source\PSoC4/cyfitter_cfg.c **** *   void
 163:Generated_Source\PSoC4/cyfitter_cfg.c **** *
 164:Generated_Source\PSoC4/cyfitter_cfg.c **** * Return:
 165:Generated_Source\PSoC4/cyfitter_cfg.c **** *   void
 166:Generated_Source\PSoC4/cyfitter_cfg.c **** *
 167:Generated_Source\PSoC4/cyfitter_cfg.c **** *******************************************************************************/
 168:Generated_Source\PSoC4/cyfitter_cfg.c **** static void ClockSetup(void);
 169:Generated_Source\PSoC4/cyfitter_cfg.c **** CY_CFG_SECTION
 170:Generated_Source\PSoC4/cyfitter_cfg.c **** static void ClockSetup(void)
 171:Generated_Source\PSoC4/cyfitter_cfg.c **** {
 172:Generated_Source\PSoC4/cyfitter_cfg.c **** 
 173:Generated_Source\PSoC4/cyfitter_cfg.c **** 	/* Set Flash Cycles based on max possible frequency in case a glitch occurs during ClockSetup(). *
 174:Generated_Source\PSoC4/cyfitter_cfg.c **** 	CY_SET_REG32((void CYXDATA *)(CYREG_CPUSS_FLASH_CTL), (0x0012u));
 175:Generated_Source\PSoC4/cyfitter_cfg.c **** 
 176:Generated_Source\PSoC4/cyfitter_cfg.c **** 	/* Start the WCO */
 177:Generated_Source\PSoC4/cyfitter_cfg.c **** 	CySysClkWcoStart();
 178:Generated_Source\PSoC4/cyfitter_cfg.c **** 	(void)CySysClkWcoSetPowerMode(CY_SYS_CLK_WCO_LPM);    /* Switch to the low power mode */
 179:Generated_Source\PSoC4/cyfitter_cfg.c **** 
 180:Generated_Source\PSoC4/cyfitter_cfg.c **** 	/* Setup and trim IMO based on desired frequency. */
 181:Generated_Source\PSoC4/cyfitter_cfg.c **** 	CySysClkWriteImoFreq(24u);
 182:Generated_Source\PSoC4/cyfitter_cfg.c **** 	/* CYDEV_CLK_ILO_CONFIG Starting address: CYDEV_CLK_ILO_CONFIG */
 183:Generated_Source\PSoC4/cyfitter_cfg.c **** 	CY_SET_REG32((void *)(CYREG_CLK_ILO_CONFIG), 0x80000006u);
 184:Generated_Source\PSoC4/cyfitter_cfg.c **** 
 185:Generated_Source\PSoC4/cyfitter_cfg.c **** 
 186:Generated_Source\PSoC4/cyfitter_cfg.c **** 	/* Enable fast start mode for XO */
 187:Generated_Source\PSoC4/cyfitter_cfg.c **** 	CY_SET_REG32((void*)CYREG_BLE_BLERD_BB_XO, CY_GET_REG32((void*)CYREG_BLE_BLERD_BB_XO) | (uint32)0x
 188:Generated_Source\PSoC4/cyfitter_cfg.c **** 	CY_SET_REG32((void *)(CYREG_BLE_BLERD_BB_XO_CAPTRIM), 0x00003E2Du);
 189:Generated_Source\PSoC4/cyfitter_cfg.c **** 	/*Set XTAL(ECO) divider*/
 190:Generated_Source\PSoC4/cyfitter_cfg.c **** 	CY_SET_REG32((void *)(CYREG_BLE_BLESS_XTAL_CLK_DIV_CONFIG), 0x00000000u);
 191:Generated_Source\PSoC4/cyfitter_cfg.c **** 	/* Disable Crystal Stable Interrupt before enabling ECO */
 192:Generated_Source\PSoC4/cyfitter_cfg.c **** 	CY_SET_REG32((void*)CYREG_BLE_BLESS_LL_DSM_CTRL, CY_GET_REG32((void*)CYREG_BLE_BLESS_LL_DSM_CTRL) 
 193:Generated_Source\PSoC4/cyfitter_cfg.c **** 	/* Start the ECO and do not check status since it is not needed for HFCLK */
 194:Generated_Source\PSoC4/cyfitter_cfg.c **** 	(void)CySysClkEcoStart(2000u);
 195:Generated_Source\PSoC4/cyfitter_cfg.c **** 	CyDelayUs(1500u); /* Wait to stabilize */
 196:Generated_Source\PSoC4/cyfitter_cfg.c **** 
 197:Generated_Source\PSoC4/cyfitter_cfg.c **** 	/* Setup phase aligned clocks */
 198:Generated_Source\PSoC4/cyfitter_cfg.c **** 
 199:Generated_Source\PSoC4/cyfitter_cfg.c **** 	/* CYDEV_CLK_IMO_CONFIG Starting address: CYDEV_CLK_IMO_CONFIG */
 200:Generated_Source\PSoC4/cyfitter_cfg.c **** 	CY_SET_REG32((void *)(CYREG_CLK_IMO_CONFIG), 0x80000000u);
 201:Generated_Source\PSoC4/cyfitter_cfg.c **** 
 202:Generated_Source\PSoC4/cyfitter_cfg.c **** 	/* CYDEV_CLK_SELECT Starting address: CYDEV_CLK_SELECT */
ARM GAS  C:\Users\Admin\AppData\Local\Temp\cc6R4BBF.s 			page 5


 203:Generated_Source\PSoC4/cyfitter_cfg.c **** 	CY_SET_REG32((void *)(CYREG_CLK_SELECT), 0x00000000u);
 204:Generated_Source\PSoC4/cyfitter_cfg.c **** 
 205:Generated_Source\PSoC4/cyfitter_cfg.c **** 	(void)CyIntSetVector(8u, &CySysWdtIsr);
 206:Generated_Source\PSoC4/cyfitter_cfg.c **** 	CyIntEnable(8u);
 207:Generated_Source\PSoC4/cyfitter_cfg.c **** 	CY_SET_REG32((void *)(CYREG_WDT_CONFIG), 0x00000000u);
 208:Generated_Source\PSoC4/cyfitter_cfg.c **** 	/* Set Flash Cycles based on newly configured 24.00MHz HFCLK. */
 209:Generated_Source\PSoC4/cyfitter_cfg.c **** 	CY_SET_REG32((void CYXDATA *)(CYREG_CPUSS_FLASH_CTL), (0x0011u));
 210:Generated_Source\PSoC4/cyfitter_cfg.c **** }
 211:Generated_Source\PSoC4/cyfitter_cfg.c **** 
 212:Generated_Source\PSoC4/cyfitter_cfg.c **** 
 213:Generated_Source\PSoC4/cyfitter_cfg.c **** /* Analog API Functions */
 214:Generated_Source\PSoC4/cyfitter_cfg.c **** 
 215:Generated_Source\PSoC4/cyfitter_cfg.c **** 
 216:Generated_Source\PSoC4/cyfitter_cfg.c **** /*******************************************************************************
 217:Generated_Source\PSoC4/cyfitter_cfg.c **** * Function Name: AnalogSetDefault
 218:Generated_Source\PSoC4/cyfitter_cfg.c **** ********************************************************************************
 219:Generated_Source\PSoC4/cyfitter_cfg.c **** *
 220:Generated_Source\PSoC4/cyfitter_cfg.c **** * Summary:
 221:Generated_Source\PSoC4/cyfitter_cfg.c **** *  Sets up the analog portions of the chip to default values based on chip
 222:Generated_Source\PSoC4/cyfitter_cfg.c **** *  configuration options from the project.
 223:Generated_Source\PSoC4/cyfitter_cfg.c **** *
 224:Generated_Source\PSoC4/cyfitter_cfg.c **** * Parameters:
 225:Generated_Source\PSoC4/cyfitter_cfg.c **** *  void
 226:Generated_Source\PSoC4/cyfitter_cfg.c **** *
 227:Generated_Source\PSoC4/cyfitter_cfg.c **** * Return:
 228:Generated_Source\PSoC4/cyfitter_cfg.c **** *  void
 229:Generated_Source\PSoC4/cyfitter_cfg.c **** *
 230:Generated_Source\PSoC4/cyfitter_cfg.c **** *******************************************************************************/
 231:Generated_Source\PSoC4/cyfitter_cfg.c **** static void AnalogSetDefault(void);
 232:Generated_Source\PSoC4/cyfitter_cfg.c **** static void AnalogSetDefault(void)
 233:Generated_Source\PSoC4/cyfitter_cfg.c **** {
  27              		.loc 1 233 0
  28              		.cfi_startproc
  29              		@ args = 0, pretend = 0, frame = 0
  30              		@ frame_needed = 0, uses_anonymous_args = 0
  31              		@ link register save eliminated.
 234:Generated_Source\PSoC4/cyfitter_cfg.c **** 	CY_SET_XTND_REG32((void CYFAR *)CYREG_CTBM0_DFT_CTRL, 0x00000003u);
  32              		.loc 1 234 0
  33 0000 0323     		movs	r3, #3
  34 0002 044A     		ldr	r2, .L2
  35 0004 1360     		str	r3, [r2]
 235:Generated_Source\PSoC4/cyfitter_cfg.c **** 	CY_SET_XTND_REG32((void CYFAR *)CYREG_CTBM1_DFT_CTRL, 0x00000003u);
  36              		.loc 1 235 0
  37 0006 044A     		ldr	r2, .L2+4
  38 0008 1360     		str	r3, [r2]
 236:Generated_Source\PSoC4/cyfitter_cfg.c **** 	CY_SET_XTND_REG32((void CYFAR *)CYREG_PASS_DSAB_DSAB_CTRL, 0x00000000u);
  39              		.loc 1 236 0
  40 000a 0022     		movs	r2, #0
  41 000c 034B     		ldr	r3, .L2+8
  42 000e 1A60     		str	r2, [r3]
 237:Generated_Source\PSoC4/cyfitter_cfg.c **** }
  43              		.loc 1 237 0
  44              		@ sp needed
  45 0010 7047     		bx	lr
  46              	.L3:
  47 0012 C046     		.align	2
  48              	.L2:
ARM GAS  C:\Users\Admin\AppData\Local\Temp\cc6R4BBF.s 			page 6


  49 0014 30003040 		.word	1076887600
  50 0018 30003140 		.word	1076953136
  51 001c 000E3F40 		.word	1077874176
  52              		.cfi_endproc
  53              	.LFE6:
  54              		.size	AnalogSetDefault, .-AnalogSetDefault
  55              		.section	.text.CYMEMZERO,"ax",%progbits
  56              		.align	2
  57              		.code	16
  58              		.thumb_func
  59              		.type	CYMEMZERO, %function
  60              	CYMEMZERO:
  61              	.LFB2:
  77:Generated_Source\PSoC4/cyfitter_cfg.c **** 	(void)memset(s, 0, n);
  62              		.loc 1 77 0
  63              		.cfi_startproc
  64              		@ args = 0, pretend = 0, frame = 0
  65              		@ frame_needed = 0, uses_anonymous_args = 0
  66              	.LVL0:
  67 0000 10B5     		push	{r4, lr}
  68              		.cfi_def_cfa_offset 8
  69              		.cfi_offset 4, -8
  70              		.cfi_offset 14, -4
  71 0002 0A00     		movs	r2, r1
  78:Generated_Source\PSoC4/cyfitter_cfg.c **** }
  72              		.loc 1 78 0
  73 0004 0021     		movs	r1, #0
  74              	.LVL1:
  75 0006 FFF7FEFF 		bl	memset
  76              	.LVL2:
  79:Generated_Source\PSoC4/cyfitter_cfg.c **** CY_CFG_UNUSED
  77              		.loc 1 79 0
  78              		@ sp needed
  79 000a 10BD     		pop	{r4, pc}
  80              		.cfi_endproc
  81              	.LFE2:
  82              		.size	CYMEMZERO, .-CYMEMZERO
  83              		.section	.psocinit,"ax",%progbits
  84              		.align	2
  85              		.code	16
  86              		.thumb_func
  87              		.type	ClockSetup, %function
  88              	ClockSetup:
  89              	.LFB5:
 171:Generated_Source\PSoC4/cyfitter_cfg.c **** 
  90              		.loc 1 171 0
  91              		.cfi_startproc
  92              		@ args = 0, pretend = 0, frame = 0
  93              		@ frame_needed = 0, uses_anonymous_args = 0
  94 0000 70B5     		push	{r4, r5, r6, lr}
  95              		.cfi_def_cfa_offset 16
  96              		.cfi_offset 4, -16
  97              		.cfi_offset 5, -12
  98              		.cfi_offset 6, -8
  99              		.cfi_offset 14, -4
 174:Generated_Source\PSoC4/cyfitter_cfg.c **** 
 100              		.loc 1 174 0
ARM GAS  C:\Users\Admin\AppData\Local\Temp\cc6R4BBF.s 			page 7


 101 0002 1B4D     		ldr	r5, .L6
 102 0004 1223     		movs	r3, #18
 103 0006 2B60     		str	r3, [r5]
 177:Generated_Source\PSoC4/cyfitter_cfg.c **** 	(void)CySysClkWcoSetPowerMode(CY_SYS_CLK_WCO_LPM);    /* Switch to the low power mode */
 104              		.loc 1 177 0
 105 0008 FFF7FEFF 		bl	CySysClkWcoStart
 106              	.LVL3:
 178:Generated_Source\PSoC4/cyfitter_cfg.c **** 
 107              		.loc 1 178 0
 108 000c 0120     		movs	r0, #1
 109 000e FFF7FEFF 		bl	CySysClkWcoSetPowerMode
 110              	.LVL4:
 181:Generated_Source\PSoC4/cyfitter_cfg.c **** 	/* CYDEV_CLK_ILO_CONFIG Starting address: CYDEV_CLK_ILO_CONFIG */
 111              		.loc 1 181 0
 112 0012 1820     		movs	r0, #24
 113 0014 FFF7FEFF 		bl	CySysClkWriteImoFreq
 114              	.LVL5:
 183:Generated_Source\PSoC4/cyfitter_cfg.c **** 
 115              		.loc 1 183 0
 116 0018 164A     		ldr	r2, .L6+4
 117 001a 174B     		ldr	r3, .L6+8
 118 001c 1A60     		str	r2, [r3]
 187:Generated_Source\PSoC4/cyfitter_cfg.c **** 	CY_SET_REG32((void *)(CYREG_BLE_BLERD_BB_XO_CAPTRIM), 0x00003E2Du);
 119              		.loc 1 187 0
 120 001e 174A     		ldr	r2, .L6+12
 121 0020 1168     		ldr	r1, [r2]
 122 0022 0223     		movs	r3, #2
 123 0024 0B43     		orrs	r3, r1
 124 0026 1360     		str	r3, [r2]
 188:Generated_Source\PSoC4/cyfitter_cfg.c **** 	/*Set XTAL(ECO) divider*/
 125              		.loc 1 188 0
 126 0028 154A     		ldr	r2, .L6+16
 127 002a 164B     		ldr	r3, .L6+20
 128 002c 1A60     		str	r2, [r3]
 190:Generated_Source\PSoC4/cyfitter_cfg.c **** 	/* Disable Crystal Stable Interrupt before enabling ECO */
 129              		.loc 1 190 0
 130 002e 0024     		movs	r4, #0
 131 0030 154B     		ldr	r3, .L6+24
 132 0032 1C60     		str	r4, [r3]
 192:Generated_Source\PSoC4/cyfitter_cfg.c **** 	/* Start the ECO and do not check status since it is not needed for HFCLK */
 133              		.loc 1 192 0
 134 0034 154A     		ldr	r2, .L6+28
 135 0036 1368     		ldr	r3, [r2]
 136 0038 0821     		movs	r1, #8
 137 003a 8B43     		bics	r3, r1
 138 003c 1360     		str	r3, [r2]
 194:Generated_Source\PSoC4/cyfitter_cfg.c **** 	CyDelayUs(1500u); /* Wait to stabilize */
 139              		.loc 1 194 0
 140 003e FA20     		movs	r0, #250
 141 0040 C000     		lsls	r0, r0, #3
 142 0042 FFF7FEFF 		bl	CySysClkEcoStart
 143              	.LVL6:
 195:Generated_Source\PSoC4/cyfitter_cfg.c **** 
 144              		.loc 1 195 0
 145 0046 1248     		ldr	r0, .L6+32
 146 0048 FFF7FEFF 		bl	CyDelayUs
 147              	.LVL7:
ARM GAS  C:\Users\Admin\AppData\Local\Temp\cc6R4BBF.s 			page 8


 200:Generated_Source\PSoC4/cyfitter_cfg.c **** 
 148              		.loc 1 200 0
 149 004c 8022     		movs	r2, #128
 150 004e 1206     		lsls	r2, r2, #24
 151 0050 104B     		ldr	r3, .L6+36
 152 0052 1A60     		str	r2, [r3]
 203:Generated_Source\PSoC4/cyfitter_cfg.c **** 
 153              		.loc 1 203 0
 154 0054 104B     		ldr	r3, .L6+40
 155 0056 1C60     		str	r4, [r3]
 205:Generated_Source\PSoC4/cyfitter_cfg.c **** 	CyIntEnable(8u);
 156              		.loc 1 205 0
 157 0058 1049     		ldr	r1, .L6+44
 158 005a 0820     		movs	r0, #8
 159 005c FFF7FEFF 		bl	CyIntSetVector
 160              	.LVL8:
 206:Generated_Source\PSoC4/cyfitter_cfg.c **** 	CY_SET_REG32((void *)(CYREG_WDT_CONFIG), 0x00000000u);
 161              		.loc 1 206 0
 162 0060 0820     		movs	r0, #8
 163 0062 FFF7FEFF 		bl	CyIntEnable
 164              	.LVL9:
 207:Generated_Source\PSoC4/cyfitter_cfg.c **** 	/* Set Flash Cycles based on newly configured 24.00MHz HFCLK. */
 165              		.loc 1 207 0
 166 0066 0E4B     		ldr	r3, .L6+48
 167 0068 1C60     		str	r4, [r3]
 209:Generated_Source\PSoC4/cyfitter_cfg.c **** }
 168              		.loc 1 209 0
 169 006a 1123     		movs	r3, #17
 170 006c 2B60     		str	r3, [r5]
 210:Generated_Source\PSoC4/cyfitter_cfg.c **** 
 171              		.loc 1 210 0
 172              		@ sp needed
 173 006e 70BD     		pop	{r4, r5, r6, pc}
 174              	.L7:
 175              		.align	2
 176              	.L6:
 177 0070 30001040 		.word	1074790448
 178 0074 06000080 		.word	-2147483642
 179 0078 04010B40 		.word	1074462980
 180 007c 78002E40 		.word	1076756600
 181 0080 2D3E0000 		.word	15917
 182 0084 7C002E40 		.word	1076756604
 183 0088 64F02E40 		.word	1076818020
 184 008c 6CF02E40 		.word	1076818028
 185 0090 DC050000 		.word	1500
 186 0094 08010B40 		.word	1074462984
 187 0098 00010B40 		.word	1074462976
 188 009c 00000000 		.word	CySysWdtIsr
 189 00a0 0C020B40 		.word	1074463244
 190              		.cfi_endproc
 191              	.LFE5:
 192              		.size	ClockSetup, .-ClockSetup
 193              		.align	2
 194              		.global	cyfitter_cfg
 195              		.code	16
 196              		.thumb_func
 197              		.type	cyfitter_cfg, %function
ARM GAS  C:\Users\Admin\AppData\Local\Temp\cc6R4BBF.s 			page 9


 198              	cyfitter_cfg:
 199              	.LFB7:
 238:Generated_Source\PSoC4/cyfitter_cfg.c **** 
 239:Generated_Source\PSoC4/cyfitter_cfg.c **** 
 240:Generated_Source\PSoC4/cyfitter_cfg.c **** 
 241:Generated_Source\PSoC4/cyfitter_cfg.c **** 
 242:Generated_Source\PSoC4/cyfitter_cfg.c **** /*******************************************************************************
 243:Generated_Source\PSoC4/cyfitter_cfg.c **** * Function Name: cyfitter_cfg
 244:Generated_Source\PSoC4/cyfitter_cfg.c **** ********************************************************************************
 245:Generated_Source\PSoC4/cyfitter_cfg.c **** * Summary:
 246:Generated_Source\PSoC4/cyfitter_cfg.c **** *  This function is called by the start-up code for the selected device. It
 247:Generated_Source\PSoC4/cyfitter_cfg.c **** *  performs all of the necessary device configuration based on the design
 248:Generated_Source\PSoC4/cyfitter_cfg.c **** *  settings.  This includes settings from the Design Wide Resources (DWR) such
 249:Generated_Source\PSoC4/cyfitter_cfg.c **** *  as Clocks and Pins as well as any component configuration that is necessary.
 250:Generated_Source\PSoC4/cyfitter_cfg.c **** *
 251:Generated_Source\PSoC4/cyfitter_cfg.c **** * Parameters:
 252:Generated_Source\PSoC4/cyfitter_cfg.c **** *   void
 253:Generated_Source\PSoC4/cyfitter_cfg.c **** *
 254:Generated_Source\PSoC4/cyfitter_cfg.c **** * Return:
 255:Generated_Source\PSoC4/cyfitter_cfg.c **** *   void
 256:Generated_Source\PSoC4/cyfitter_cfg.c **** *
 257:Generated_Source\PSoC4/cyfitter_cfg.c **** *******************************************************************************/
 258:Generated_Source\PSoC4/cyfitter_cfg.c **** CY_CFG_SECTION
 259:Generated_Source\PSoC4/cyfitter_cfg.c **** void cyfitter_cfg(void)
 260:Generated_Source\PSoC4/cyfitter_cfg.c **** {
 200              		.loc 1 260 0
 201              		.cfi_startproc
 202              		@ args = 0, pretend = 0, frame = 0
 203              		@ frame_needed = 0, uses_anonymous_args = 0
 204 00a4 10B5     		push	{r4, lr}
 205              		.cfi_def_cfa_offset 8
 206              		.cfi_offset 4, -8
 207              		.cfi_offset 14, -4
 261:Generated_Source\PSoC4/cyfitter_cfg.c **** 	/* Disable interrupts by default. Let user enable if/when they want. */
 262:Generated_Source\PSoC4/cyfitter_cfg.c **** 	CyGlobalIntDisable;
 208              		.loc 1 262 0
 209              		.syntax divided
 210              	@ 262 "Generated_Source\PSoC4\cyfitter_cfg.c" 1
 211 00a6 72B6     		CPSID   i
 212              	@ 0 "" 2
 263:Generated_Source\PSoC4/cyfitter_cfg.c **** 
 264:Generated_Source\PSoC4/cyfitter_cfg.c **** 	CY_SET_REG32((void *)(CYREG_BLE_BLESS_LL_DSM_CTRL), 0x00000000u);
 213              		.loc 1 264 0
 214              		.thumb
 215              		.syntax unified
 216 00a8 0022     		movs	r2, #0
 217 00aa 1C4B     		ldr	r3, .L11
 218 00ac 1A60     		str	r2, [r3]
 219              	.LVL10:
 220              	.LBB2:
 265:Generated_Source\PSoC4/cyfitter_cfg.c **** 
 266:Generated_Source\PSoC4/cyfitter_cfg.c **** 	{
 267:Generated_Source\PSoC4/cyfitter_cfg.c **** 
 268:Generated_Source\PSoC4/cyfitter_cfg.c **** 		CYPACKED typedef struct {
 269:Generated_Source\PSoC4/cyfitter_cfg.c **** 			void CYFAR *address;
 270:Generated_Source\PSoC4/cyfitter_cfg.c **** 			uint16 size;
 271:Generated_Source\PSoC4/cyfitter_cfg.c **** 		} CYPACKED_ATTR cfg_memset_t;
ARM GAS  C:\Users\Admin\AppData\Local\Temp\cc6R4BBF.s 			page 10


 272:Generated_Source\PSoC4/cyfitter_cfg.c **** 
 273:Generated_Source\PSoC4/cyfitter_cfg.c **** 		static const cfg_memset_t CYCODE cfg_memset_list[] = {
 274:Generated_Source\PSoC4/cyfitter_cfg.c **** 			/* address, size */
 275:Generated_Source\PSoC4/cyfitter_cfg.c **** 			{(void CYFAR *)(CYDEV_UDB_P0_U0_BASE), 1024u},
 276:Generated_Source\PSoC4/cyfitter_cfg.c **** 			{(void CYFAR *)(CYDEV_UDB_DSI0_BASE), 1024u},
 277:Generated_Source\PSoC4/cyfitter_cfg.c **** 		};
 278:Generated_Source\PSoC4/cyfitter_cfg.c **** 
 279:Generated_Source\PSoC4/cyfitter_cfg.c **** 		uint8 CYDATA i;
 280:Generated_Source\PSoC4/cyfitter_cfg.c **** 
 281:Generated_Source\PSoC4/cyfitter_cfg.c **** 		/* Zero out critical memory blocks before beginning configuration */
 282:Generated_Source\PSoC4/cyfitter_cfg.c **** 		for (i = 0u; i < (sizeof(cfg_memset_list)/sizeof(cfg_memset_list[0])); i++)
 221              		.loc 1 282 0
 222 00ae 0024     		movs	r4, #0
 223 00b0 0FE0     		b	.L9
 224              	.LVL11:
 225              	.L10:
 226              	.LBB3:
 283:Generated_Source\PSoC4/cyfitter_cfg.c **** 		{
 284:Generated_Source\PSoC4/cyfitter_cfg.c **** 			const cfg_memset_t CYCODE * CYDATA ms = &cfg_memset_list[i];
 285:Generated_Source\PSoC4/cyfitter_cfg.c **** 			CYMEMZERO(ms->address, (size_t)(uint32)(ms->size));
 227              		.loc 1 285 0 discriminator 3
 228 00b2 1B48     		ldr	r0, .L11+4
 229 00b4 6200     		lsls	r2, r4, #1
 230 00b6 1319     		adds	r3, r2, r4
 231 00b8 5900     		lsls	r1, r3, #1
 232 00ba 0B00     		movs	r3, r1
 233 00bc 4118     		adds	r1, r0, r1
 234 00be 8988     		ldrh	r1, [r1, #4]
 235 00c0 1A5A     		ldrh	r2, [r3, r0]
 236 00c2 C318     		adds	r3, r0, r3
 237 00c4 5888     		ldrh	r0, [r3, #2]
 238 00c6 0004     		lsls	r0, r0, #16
 239 00c8 1043     		orrs	r0, r2
 240 00ca FFF7FEFF 		bl	CYMEMZERO
 241              	.LVL12:
 242              	.LBE3:
 282:Generated_Source\PSoC4/cyfitter_cfg.c **** 		{
 243              		.loc 1 282 0 discriminator 3
 244 00ce 0134     		adds	r4, r4, #1
 245              	.LVL13:
 246 00d0 E4B2     		uxtb	r4, r4
 247              	.LVL14:
 248              	.L9:
 282:Generated_Source\PSoC4/cyfitter_cfg.c **** 		{
 249              		.loc 1 282 0 is_stmt 0 discriminator 1
 250 00d2 012C     		cmp	r4, #1
 251 00d4 EDD9     		bls	.L10
 286:Generated_Source\PSoC4/cyfitter_cfg.c **** 		}
 287:Generated_Source\PSoC4/cyfitter_cfg.c **** 
 288:Generated_Source\PSoC4/cyfitter_cfg.c **** 		/* HSIOM Starting address: CYDEV_HSIOM_BASE */
 289:Generated_Source\PSoC4/cyfitter_cfg.c **** 		CY_SET_REG32((void *)(CYDEV_HSIOM_BASE), 0xEE000000u);
 252              		.loc 1 289 0 is_stmt 1
 253 00d6 EE22     		movs	r2, #238
 254 00d8 1206     		lsls	r2, r2, #24
 255 00da 124B     		ldr	r3, .L11+8
 256 00dc 1A60     		str	r2, [r3]
 290:Generated_Source\PSoC4/cyfitter_cfg.c **** 
ARM GAS  C:\Users\Admin\AppData\Local\Temp\cc6R4BBF.s 			page 11


 291:Generated_Source\PSoC4/cyfitter_cfg.c **** 		/* UDB_PA_0 Starting address: CYDEV_UDB_PA0_BASE */
 292:Generated_Source\PSoC4/cyfitter_cfg.c **** 		CY_SET_REG32((void *)(CYDEV_UDB_PA0_BASE), 0x00990000u);
 257              		.loc 1 292 0
 258 00de 9923     		movs	r3, #153
 259 00e0 1B04     		lsls	r3, r3, #16
 260 00e2 114A     		ldr	r2, .L11+12
 261 00e4 1360     		str	r3, [r2]
 293:Generated_Source\PSoC4/cyfitter_cfg.c **** 
 294:Generated_Source\PSoC4/cyfitter_cfg.c **** 		/* UDB_PA_3 Starting address: CYDEV_UDB_PA3_BASE */
 295:Generated_Source\PSoC4/cyfitter_cfg.c **** 		CY_SET_REG32((void *)(CYDEV_UDB_PA3_BASE), 0x00990000u);
 262              		.loc 1 295 0
 263 00e6 114A     		ldr	r2, .L11+16
 264 00e8 1360     		str	r3, [r2]
 296:Generated_Source\PSoC4/cyfitter_cfg.c **** 
 297:Generated_Source\PSoC4/cyfitter_cfg.c **** 		/* Enable digital routing */
 298:Generated_Source\PSoC4/cyfitter_cfg.c **** 		CY_SET_XTND_REG8((void *)CYREG_UDB_UDBIF_BANK_CTL, (uint8)(CY_GET_XTND_REG8((void *)CYREG_UDB_UDB
 265              		.loc 1 298 0
 266 00ea 114A     		ldr	r2, .L11+20
 267 00ec 1178     		ldrb	r1, [r2]
 268 00ee 0623     		movs	r3, #6
 269 00f0 0B43     		orrs	r3, r1
 270 00f2 DBB2     		uxtb	r3, r3
 271 00f4 1370     		strb	r3, [r2]
 272              	.LBE2:
 299:Generated_Source\PSoC4/cyfitter_cfg.c **** 	}
 300:Generated_Source\PSoC4/cyfitter_cfg.c **** 
 301:Generated_Source\PSoC4/cyfitter_cfg.c **** 	/* Perform second pass device configuration. These items must be configured in specific order afte
 302:Generated_Source\PSoC4/cyfitter_cfg.c **** 	/* IOPINS0_0 Starting address: CYDEV_GPIO_PRT0_BASE */
 303:Generated_Source\PSoC4/cyfitter_cfg.c **** 	CY_SET_REG32((void *)(CYDEV_GPIO_PRT0_BASE), 0x00000008u);
 273              		.loc 1 303 0
 274 00f6 0822     		movs	r2, #8
 275 00f8 0E4B     		ldr	r3, .L11+24
 276 00fa 1A60     		str	r2, [r3]
 304:Generated_Source\PSoC4/cyfitter_cfg.c **** 	CY_SET_REG32((void *)(CYREG_GPIO_PRT0_PC), 0x00D80C00u);
 277              		.loc 1 304 0
 278 00fc 0E4A     		ldr	r2, .L11+28
 279 00fe 0F4B     		ldr	r3, .L11+32
 280 0100 1A60     		str	r2, [r3]
 305:Generated_Source\PSoC4/cyfitter_cfg.c **** 
 306:Generated_Source\PSoC4/cyfitter_cfg.c **** 	/* IOPINS0_3 Starting address: CYDEV_GPIO_PRT3_BASE */
 307:Generated_Source\PSoC4/cyfitter_cfg.c **** 	CY_SET_REG32((void *)(CYDEV_GPIO_PRT3_BASE), 0x00000040u);
 281              		.loc 1 307 0
 282 0102 4022     		movs	r2, #64
 283 0104 0E4B     		ldr	r3, .L11+36
 284 0106 1A60     		str	r2, [r3]
 308:Generated_Source\PSoC4/cyfitter_cfg.c **** 	CY_SET_REG32((void *)(CYREG_GPIO_PRT3_PC), 0x00D80000u);
 285              		.loc 1 308 0
 286 0108 D822     		movs	r2, #216
 287 010a 1204     		lsls	r2, r2, #16
 288 010c 0D4B     		ldr	r3, .L11+40
 289 010e 1A60     		str	r2, [r3]
 309:Generated_Source\PSoC4/cyfitter_cfg.c **** 
 310:Generated_Source\PSoC4/cyfitter_cfg.c **** 
 311:Generated_Source\PSoC4/cyfitter_cfg.c **** 	/* Setup clocks based on selections from Clock DWR */
 312:Generated_Source\PSoC4/cyfitter_cfg.c **** 	ClockSetup();
 290              		.loc 1 312 0
 291 0110 FFF776FF 		bl	ClockSetup
ARM GAS  C:\Users\Admin\AppData\Local\Temp\cc6R4BBF.s 			page 12


 292              	.LVL15:
 313:Generated_Source\PSoC4/cyfitter_cfg.c **** 
 314:Generated_Source\PSoC4/cyfitter_cfg.c **** 	/* Perform basic analog initialization to defaults */
 315:Generated_Source\PSoC4/cyfitter_cfg.c **** 	AnalogSetDefault();
 293              		.loc 1 315 0
 294 0114 FFF7FEFF 		bl	AnalogSetDefault
 295              	.LVL16:
 316:Generated_Source\PSoC4/cyfitter_cfg.c **** 
 317:Generated_Source\PSoC4/cyfitter_cfg.c **** }
 296              		.loc 1 317 0
 297              		@ sp needed
 298              	.LVL17:
 299 0118 10BD     		pop	{r4, pc}
 300              	.L12:
 301 011a C046     		.align	2
 302              	.L11:
 303 011c 6CF02E40 		.word	1076818028
 304 0120 00000000 		.word	.LANCHOR0
 305 0124 00000240 		.word	1073872896
 306 0128 00500F40 		.word	1074745344
 307 012c 30500F40 		.word	1074745392
 308 0130 00700F40 		.word	1074753536
 309 0134 00000440 		.word	1074003968
 310 0138 000CD800 		.word	14158848
 311 013c 08000440 		.word	1074003976
 312 0140 00030440 		.word	1074004736
 313 0144 08030440 		.word	1074004744
 314              		.cfi_endproc
 315              	.LFE7:
 316              		.size	cyfitter_cfg, .-cyfitter_cfg
 317              		.section	.rodata
 318              		.align	2
 319              		.set	.LANCHOR0,. + 0
 320              		.type	cfg_memset_list.4893, %object
 321              		.size	cfg_memset_list.4893, 12
 322              	cfg_memset_list.4893:
 323 0000 00300F40 		.word	1074737152
 324 0004 0004     		.short	1024
 325 0006 00400F40 		.4byte	1074741248
 326 000a 0004     		.short	1024
 327              		.text
 328              	.Letext0:
 329              		.file 2 "c:\\program files (x86)\\cypress\\psoc creator\\4.4\\psoc creator\\import\\gnu\\arm\\5.4.
 330              		.file 3 "Generated_Source\\PSoC4\\cytypes.h"
 331              		.file 4 "Generated_Source\\PSoC4\\CyLFClk.h"
 332              		.file 5 "Generated_Source\\PSoC4\\CyLib.h"
 333              		.section	.debug_info,"",%progbits
 334              	.Ldebug_info0:
 335 0000 06030000 		.4byte	0x306
 336 0004 0400     		.2byte	0x4
 337 0006 00000000 		.4byte	.Ldebug_abbrev0
 338 000a 04       		.byte	0x4
 339 000b 01       		.uleb128 0x1
 340 000c 4C010000 		.4byte	.LASF33
 341 0010 0C       		.byte	0xc
 342 0011 5E020000 		.4byte	.LASF34
 343 0015 5B000000 		.4byte	.LASF35
ARM GAS  C:\Users\Admin\AppData\Local\Temp\cc6R4BBF.s 			page 13


 344 0019 00000000 		.4byte	.Ldebug_ranges0+0
 345 001d 00000000 		.4byte	0
 346 0021 00000000 		.4byte	.Ldebug_line0
 347 0025 02       		.uleb128 0x2
 348 0026 04       		.byte	0x4
 349 0027 05       		.byte	0x5
 350 0028 696E7400 		.ascii	"int\000"
 351 002c 03       		.uleb128 0x3
 352 002d 06000000 		.4byte	.LASF12
 353 0031 02       		.byte	0x2
 354 0032 D8       		.byte	0xd8
 355 0033 37000000 		.4byte	0x37
 356 0037 04       		.uleb128 0x4
 357 0038 04       		.byte	0x4
 358 0039 07       		.byte	0x7
 359 003a 13010000 		.4byte	.LASF0
 360 003e 04       		.uleb128 0x4
 361 003f 08       		.byte	0x8
 362 0040 05       		.byte	0x5
 363 0041 F0010000 		.4byte	.LASF1
 364 0045 04       		.uleb128 0x4
 365 0046 08       		.byte	0x8
 366 0047 04       		.byte	0x4
 367 0048 46020000 		.4byte	.LASF2
 368 004c 04       		.uleb128 0x4
 369 004d 01       		.byte	0x1
 370 004e 06       		.byte	0x6
 371 004f 52020000 		.4byte	.LASF3
 372 0053 04       		.uleb128 0x4
 373 0054 01       		.byte	0x1
 374 0055 08       		.byte	0x8
 375 0056 DD000000 		.4byte	.LASF4
 376 005a 04       		.uleb128 0x4
 377 005b 02       		.byte	0x2
 378 005c 05       		.byte	0x5
 379 005d 1E020000 		.4byte	.LASF5
 380 0061 04       		.uleb128 0x4
 381 0062 02       		.byte	0x2
 382 0063 07       		.byte	0x7
 383 0064 48000000 		.4byte	.LASF6
 384 0068 04       		.uleb128 0x4
 385 0069 04       		.byte	0x4
 386 006a 05       		.byte	0x5
 387 006b 3D020000 		.4byte	.LASF7
 388 006f 04       		.uleb128 0x4
 389 0070 04       		.byte	0x4
 390 0071 07       		.byte	0x7
 391 0072 AA000000 		.4byte	.LASF8
 392 0076 04       		.uleb128 0x4
 393 0077 08       		.byte	0x8
 394 0078 07       		.byte	0x7
 395 0079 35010000 		.4byte	.LASF9
 396 007d 04       		.uleb128 0x4
 397 007e 04       		.byte	0x4
 398 007f 07       		.byte	0x7
 399 0080 E7010000 		.4byte	.LASF10
 400 0084 05       		.uleb128 0x5
ARM GAS  C:\Users\Admin\AppData\Local\Temp\cc6R4BBF.s 			page 14


 401 0085 04       		.byte	0x4
 402 0086 04       		.uleb128 0x4
 403 0087 01       		.byte	0x1
 404 0088 08       		.byte	0x8
 405 0089 08020000 		.4byte	.LASF11
 406 008d 06       		.uleb128 0x6
 407 008e BC000000 		.4byte	.LASF13
 408 0092 03       		.byte	0x3
 409 0093 E401     		.2byte	0x1e4
 410 0095 53000000 		.4byte	0x53
 411 0099 06       		.uleb128 0x6
 412 009a 05010000 		.4byte	.LASF14
 413 009e 03       		.byte	0x3
 414 009f E501     		.2byte	0x1e5
 415 00a1 61000000 		.4byte	0x61
 416 00a5 06       		.uleb128 0x6
 417 00a6 0C010000 		.4byte	.LASF15
 418 00aa 03       		.byte	0x3
 419 00ab E601     		.2byte	0x1e6
 420 00ad 6F000000 		.4byte	0x6f
 421 00b1 04       		.uleb128 0x4
 422 00b2 04       		.byte	0x4
 423 00b3 04       		.byte	0x4
 424 00b4 82000000 		.4byte	.LASF16
 425 00b8 04       		.uleb128 0x4
 426 00b9 08       		.byte	0x8
 427 00ba 04       		.byte	0x4
 428 00bb F2000000 		.4byte	.LASF17
 429 00bf 06       		.uleb128 0x6
 430 00c0 A5000000 		.4byte	.LASF18
 431 00c4 03       		.byte	0x3
 432 00c5 8E02     		.2byte	0x28e
 433 00c7 CB000000 		.4byte	0xcb
 434 00cb 07       		.uleb128 0x7
 435 00cc 8D000000 		.4byte	0x8d
 436 00d0 06       		.uleb128 0x6
 437 00d1 00000000 		.4byte	.LASF19
 438 00d5 03       		.byte	0x3
 439 00d6 9002     		.2byte	0x290
 440 00d8 DC000000 		.4byte	0xdc
 441 00dc 07       		.uleb128 0x7
 442 00dd A5000000 		.4byte	0xa5
 443 00e1 08       		.uleb128 0x8
 444 00e2 0D000000 		.4byte	.LASF36
 445 00e6 01       		.byte	0x1
 446 00e7 E8       		.byte	0xe8
 447 00e8 00000000 		.4byte	.LFB6
 448 00ec 20000000 		.4byte	.LFE6-.LFB6
 449 00f0 01       		.uleb128 0x1
 450 00f1 9C       		.byte	0x9c
 451 00f2 09       		.uleb128 0x9
 452 00f3 D3000000 		.4byte	.LASF20
 453 00f7 01       		.byte	0x1
 454 00f8 4C       		.byte	0x4c
 455 00f9 00000000 		.4byte	.LFB2
 456 00fd 0C000000 		.4byte	.LFE2-.LFB2
 457 0101 01       		.uleb128 0x1
ARM GAS  C:\Users\Admin\AppData\Local\Temp\cc6R4BBF.s 			page 15


 458 0102 9C       		.byte	0x9c
 459 0103 3F010000 		.4byte	0x13f
 460 0107 0A       		.uleb128 0xa
 461 0108 7300     		.ascii	"s\000"
 462 010a 01       		.byte	0x1
 463 010b 4C       		.byte	0x4c
 464 010c 84000000 		.4byte	0x84
 465 0110 00000000 		.4byte	.LLST0
 466 0114 0A       		.uleb128 0xa
 467 0115 6E00     		.ascii	"n\000"
 468 0117 01       		.byte	0x1
 469 0118 4C       		.byte	0x4c
 470 0119 2C000000 		.4byte	0x2c
 471 011d 21000000 		.4byte	.LLST1
 472 0121 0B       		.uleb128 0xb
 473 0122 0A000000 		.4byte	.LVL2
 474 0126 B3020000 		.4byte	0x2b3
 475 012a 0C       		.uleb128 0xc
 476 012b 01       		.uleb128 0x1
 477 012c 50       		.byte	0x50
 478 012d 03       		.uleb128 0x3
 479 012e F3       		.byte	0xf3
 480 012f 01       		.uleb128 0x1
 481 0130 50       		.byte	0x50
 482 0131 0C       		.uleb128 0xc
 483 0132 01       		.uleb128 0x1
 484 0133 51       		.byte	0x51
 485 0134 01       		.uleb128 0x1
 486 0135 30       		.byte	0x30
 487 0136 0C       		.uleb128 0xc
 488 0137 01       		.uleb128 0x1
 489 0138 52       		.byte	0x52
 490 0139 03       		.uleb128 0x3
 491 013a F3       		.byte	0xf3
 492 013b 01       		.uleb128 0x1
 493 013c 51       		.byte	0x51
 494 013d 00       		.byte	0
 495 013e 00       		.byte	0
 496 013f 09       		.uleb128 0x9
 497 0140 3D000000 		.4byte	.LASF21
 498 0144 01       		.byte	0x1
 499 0145 AA       		.byte	0xaa
 500 0146 00000000 		.4byte	.LFB5
 501 014a A4000000 		.4byte	.LFE5-.LFB5
 502 014e 01       		.uleb128 0x1
 503 014f 9C       		.byte	0x9c
 504 0150 D0010000 		.4byte	0x1d0
 505 0154 0D       		.uleb128 0xd
 506 0155 0C000000 		.4byte	.LVL3
 507 0159 BC020000 		.4byte	0x2bc
 508 015d 0E       		.uleb128 0xe
 509 015e 12000000 		.4byte	.LVL4
 510 0162 C7020000 		.4byte	0x2c7
 511 0166 70010000 		.4byte	0x170
 512 016a 0C       		.uleb128 0xc
 513 016b 01       		.uleb128 0x1
 514 016c 50       		.byte	0x50
ARM GAS  C:\Users\Admin\AppData\Local\Temp\cc6R4BBF.s 			page 16


 515 016d 01       		.uleb128 0x1
 516 016e 31       		.byte	0x31
 517 016f 00       		.byte	0
 518 0170 0E       		.uleb128 0xe
 519 0171 18000000 		.4byte	.LVL5
 520 0175 D2020000 		.4byte	0x2d2
 521 0179 83010000 		.4byte	0x183
 522 017d 0C       		.uleb128 0xc
 523 017e 01       		.uleb128 0x1
 524 017f 50       		.byte	0x50
 525 0180 01       		.uleb128 0x1
 526 0181 48       		.byte	0x48
 527 0182 00       		.byte	0
 528 0183 0E       		.uleb128 0xe
 529 0184 46000000 		.4byte	.LVL6
 530 0188 DD020000 		.4byte	0x2dd
 531 018c 98010000 		.4byte	0x198
 532 0190 0C       		.uleb128 0xc
 533 0191 01       		.uleb128 0x1
 534 0192 50       		.byte	0x50
 535 0193 03       		.uleb128 0x3
 536 0194 0A       		.byte	0xa
 537 0195 D007     		.2byte	0x7d0
 538 0197 00       		.byte	0
 539 0198 0E       		.uleb128 0xe
 540 0199 4C000000 		.4byte	.LVL7
 541 019d E8020000 		.4byte	0x2e8
 542 01a1 AD010000 		.4byte	0x1ad
 543 01a5 0C       		.uleb128 0xc
 544 01a6 01       		.uleb128 0x1
 545 01a7 50       		.byte	0x50
 546 01a8 03       		.uleb128 0x3
 547 01a9 0A       		.byte	0xa
 548 01aa DC05     		.2byte	0x5dc
 549 01ac 00       		.byte	0
 550 01ad 0E       		.uleb128 0xe
 551 01ae 60000000 		.4byte	.LVL8
 552 01b2 F3020000 		.4byte	0x2f3
 553 01b6 C0010000 		.4byte	0x1c0
 554 01ba 0C       		.uleb128 0xc
 555 01bb 01       		.uleb128 0x1
 556 01bc 50       		.byte	0x50
 557 01bd 01       		.uleb128 0x1
 558 01be 38       		.byte	0x38
 559 01bf 00       		.byte	0
 560 01c0 0B       		.uleb128 0xb
 561 01c1 66000000 		.4byte	.LVL9
 562 01c5 FE020000 		.4byte	0x2fe
 563 01c9 0C       		.uleb128 0xc
 564 01ca 01       		.uleb128 0x1
 565 01cb 50       		.byte	0x50
 566 01cc 01       		.uleb128 0x1
 567 01cd 38       		.byte	0x38
 568 01ce 00       		.byte	0
 569 01cf 00       		.byte	0
 570 01d0 0F       		.uleb128 0xf
 571 01d1 20010000 		.4byte	.LASF37
ARM GAS  C:\Users\Admin\AppData\Local\Temp\cc6R4BBF.s 			page 17


 572 01d5 01       		.byte	0x1
 573 01d6 0301     		.2byte	0x103
 574 01d8 A4000000 		.4byte	.LFB7
 575 01dc A4000000 		.4byte	.LFE7-.LFB7
 576 01e0 01       		.uleb128 0x1
 577 01e1 9C       		.byte	0x9c
 578 01e2 B3020000 		.4byte	0x2b3
 579 01e6 10       		.uleb128 0x10
 580 01e7 AE000000 		.4byte	.LBB2
 581 01eb 48000000 		.4byte	.LBE2-.LBB2
 582 01ef A0020000 		.4byte	0x2a0
 583 01f3 11       		.uleb128 0x11
 584 01f4 06       		.byte	0x6
 585 01f5 01       		.byte	0x1
 586 01f6 0C01     		.2byte	0x10c
 587 01f8 17020000 		.4byte	0x217
 588 01fc 12       		.uleb128 0x12
 589 01fd 2D010000 		.4byte	.LASF22
 590 0201 01       		.byte	0x1
 591 0202 0D01     		.2byte	0x10d
 592 0204 84000000 		.4byte	0x84
 593 0208 00       		.byte	0
 594 0209 12       		.uleb128 0x12
 595 020a 88000000 		.4byte	.LASF23
 596 020e 01       		.byte	0x1
 597 020f 0E01     		.2byte	0x10e
 598 0211 99000000 		.4byte	0x99
 599 0215 04       		.byte	0x4
 600 0216 00       		.byte	0
 601 0217 06       		.uleb128 0x6
 602 0218 DA010000 		.4byte	.LASF24
 603 021c 01       		.byte	0x1
 604 021d 0F01     		.2byte	0x10f
 605 021f F3010000 		.4byte	0x1f3
 606 0223 13       		.uleb128 0x13
 607 0224 33020000 		.4byte	0x233
 608 0228 33020000 		.4byte	0x233
 609 022c 14       		.uleb128 0x14
 610 022d 7D000000 		.4byte	0x7d
 611 0231 01       		.byte	0x1
 612 0232 00       		.byte	0
 613 0233 15       		.uleb128 0x15
 614 0234 17020000 		.4byte	0x217
 615 0238 16       		.uleb128 0x16
 616 0239 2D000000 		.4byte	.LASF25
 617 023d 01       		.byte	0x1
 618 023e 1101     		.2byte	0x111
 619 0240 4A020000 		.4byte	0x24a
 620 0244 05       		.uleb128 0x5
 621 0245 03       		.byte	0x3
 622 0246 00000000 		.4byte	cfg_memset_list.4893
 623 024a 15       		.uleb128 0x15
 624 024b 23020000 		.4byte	0x223
 625 024f 17       		.uleb128 0x17
 626 0250 6900     		.ascii	"i\000"
 627 0252 01       		.byte	0x1
 628 0253 1701     		.2byte	0x117
ARM GAS  C:\Users\Admin\AppData\Local\Temp\cc6R4BBF.s 			page 18


 629 0255 8D000000 		.4byte	0x8d
 630 0259 4D000000 		.4byte	.LLST2
 631 025d 18       		.uleb128 0x18
 632 025e B2000000 		.4byte	.LBB3
 633 0262 1C000000 		.4byte	.LBE3-.LBB3
 634 0266 17       		.uleb128 0x17
 635 0267 6D7300   		.ascii	"ms\000"
 636 026a 01       		.byte	0x1
 637 026b 1C01     		.2byte	0x11c
 638 026d 75020000 		.4byte	0x275
 639 0271 77000000 		.4byte	.LLST3
 640 0275 19       		.uleb128 0x19
 641 0276 04       		.byte	0x4
 642 0277 33020000 		.4byte	0x233
 643 027b 0B       		.uleb128 0xb
 644 027c CE000000 		.4byte	.LVL12
 645 0280 F2000000 		.4byte	0xf2
 646 0284 0C       		.uleb128 0xc
 647 0285 01       		.uleb128 0x1
 648 0286 51       		.byte	0x51
 649 0287 15       		.uleb128 0x15
 650 0288 74       		.byte	0x74
 651 0289 00       		.sleb128 0
 652 028a 31       		.byte	0x31
 653 028b 24       		.byte	0x24
 654 028c 74       		.byte	0x74
 655 028d 00       		.sleb128 0
 656 028e 22       		.byte	0x22
 657 028f 31       		.byte	0x31
 658 0290 24       		.byte	0x24
 659 0291 03       		.byte	0x3
 660 0292 04000000 		.4byte	.LANCHOR0+4
 661 0296 22       		.byte	0x22
 662 0297 94       		.byte	0x94
 663 0298 02       		.byte	0x2
 664 0299 0A       		.byte	0xa
 665 029a FFFF     		.2byte	0xffff
 666 029c 1A       		.byte	0x1a
 667 029d 00       		.byte	0
 668 029e 00       		.byte	0
 669 029f 00       		.byte	0
 670 02a0 0D       		.uleb128 0xd
 671 02a1 14010000 		.4byte	.LVL15
 672 02a5 3F010000 		.4byte	0x13f
 673 02a9 0D       		.uleb128 0xd
 674 02aa 18010000 		.4byte	.LVL16
 675 02ae E1000000 		.4byte	0xe1
 676 02b2 00       		.byte	0
 677 02b3 1A       		.uleb128 0x1a
 678 02b4 EB000000 		.4byte	.LASF38
 679 02b8 EB000000 		.4byte	.LASF38
 680 02bc 1B       		.uleb128 0x1b
 681 02bd C2000000 		.4byte	.LASF26
 682 02c1 C2000000 		.4byte	.LASF26
 683 02c5 04       		.byte	0x4
 684 02c6 4E       		.byte	0x4e
 685 02c7 1B       		.uleb128 0x1b
ARM GAS  C:\Users\Admin\AppData\Local\Temp\cc6R4BBF.s 			page 19


 686 02c8 8D000000 		.4byte	.LASF27
 687 02cc 8D000000 		.4byte	.LASF27
 688 02d0 04       		.byte	0x4
 689 02d1 50       		.byte	0x50
 690 02d2 1B       		.uleb128 0x1b
 691 02d3 28020000 		.4byte	.LASF28
 692 02d7 28020000 		.4byte	.LASF28
 693 02db 05       		.byte	0x5
 694 02dc 6C       		.byte	0x6c
 695 02dd 1B       		.uleb128 0x1b
 696 02de 0D020000 		.4byte	.LASF29
 697 02e2 0D020000 		.4byte	.LASF29
 698 02e6 05       		.byte	0x5
 699 02e7 84       		.byte	0x84
 700 02e8 1B       		.uleb128 0x1b
 701 02e9 FE010000 		.4byte	.LASF30
 702 02ed FE010000 		.4byte	.LASF30
 703 02f1 05       		.byte	0x5
 704 02f2 DA       		.byte	0xda
 705 02f3 1B       		.uleb128 0x1b
 706 02f4 1E000000 		.4byte	.LASF31
 707 02f8 1E000000 		.4byte	.LASF31
 708 02fc 05       		.byte	0x5
 709 02fd BD       		.byte	0xbd
 710 02fe 1B       		.uleb128 0x1b
 711 02ff F9000000 		.4byte	.LASF32
 712 0303 F9000000 		.4byte	.LASF32
 713 0307 05       		.byte	0x5
 714 0308 C3       		.byte	0xc3
 715 0309 00       		.byte	0
 716              		.section	.debug_abbrev,"",%progbits
 717              	.Ldebug_abbrev0:
 718 0000 01       		.uleb128 0x1
 719 0001 11       		.uleb128 0x11
 720 0002 01       		.byte	0x1
 721 0003 25       		.uleb128 0x25
 722 0004 0E       		.uleb128 0xe
 723 0005 13       		.uleb128 0x13
 724 0006 0B       		.uleb128 0xb
 725 0007 03       		.uleb128 0x3
 726 0008 0E       		.uleb128 0xe
 727 0009 1B       		.uleb128 0x1b
 728 000a 0E       		.uleb128 0xe
 729 000b 55       		.uleb128 0x55
 730 000c 17       		.uleb128 0x17
 731 000d 11       		.uleb128 0x11
 732 000e 01       		.uleb128 0x1
 733 000f 10       		.uleb128 0x10
 734 0010 17       		.uleb128 0x17
 735 0011 00       		.byte	0
 736 0012 00       		.byte	0
 737 0013 02       		.uleb128 0x2
 738 0014 24       		.uleb128 0x24
 739 0015 00       		.byte	0
 740 0016 0B       		.uleb128 0xb
 741 0017 0B       		.uleb128 0xb
 742 0018 3E       		.uleb128 0x3e
ARM GAS  C:\Users\Admin\AppData\Local\Temp\cc6R4BBF.s 			page 20


 743 0019 0B       		.uleb128 0xb
 744 001a 03       		.uleb128 0x3
 745 001b 08       		.uleb128 0x8
 746 001c 00       		.byte	0
 747 001d 00       		.byte	0
 748 001e 03       		.uleb128 0x3
 749 001f 16       		.uleb128 0x16
 750 0020 00       		.byte	0
 751 0021 03       		.uleb128 0x3
 752 0022 0E       		.uleb128 0xe
 753 0023 3A       		.uleb128 0x3a
 754 0024 0B       		.uleb128 0xb
 755 0025 3B       		.uleb128 0x3b
 756 0026 0B       		.uleb128 0xb
 757 0027 49       		.uleb128 0x49
 758 0028 13       		.uleb128 0x13
 759 0029 00       		.byte	0
 760 002a 00       		.byte	0
 761 002b 04       		.uleb128 0x4
 762 002c 24       		.uleb128 0x24
 763 002d 00       		.byte	0
 764 002e 0B       		.uleb128 0xb
 765 002f 0B       		.uleb128 0xb
 766 0030 3E       		.uleb128 0x3e
 767 0031 0B       		.uleb128 0xb
 768 0032 03       		.uleb128 0x3
 769 0033 0E       		.uleb128 0xe
 770 0034 00       		.byte	0
 771 0035 00       		.byte	0
 772 0036 05       		.uleb128 0x5
 773 0037 0F       		.uleb128 0xf
 774 0038 00       		.byte	0
 775 0039 0B       		.uleb128 0xb
 776 003a 0B       		.uleb128 0xb
 777 003b 00       		.byte	0
 778 003c 00       		.byte	0
 779 003d 06       		.uleb128 0x6
 780 003e 16       		.uleb128 0x16
 781 003f 00       		.byte	0
 782 0040 03       		.uleb128 0x3
 783 0041 0E       		.uleb128 0xe
 784 0042 3A       		.uleb128 0x3a
 785 0043 0B       		.uleb128 0xb
 786 0044 3B       		.uleb128 0x3b
 787 0045 05       		.uleb128 0x5
 788 0046 49       		.uleb128 0x49
 789 0047 13       		.uleb128 0x13
 790 0048 00       		.byte	0
 791 0049 00       		.byte	0
 792 004a 07       		.uleb128 0x7
 793 004b 35       		.uleb128 0x35
 794 004c 00       		.byte	0
 795 004d 49       		.uleb128 0x49
 796 004e 13       		.uleb128 0x13
 797 004f 00       		.byte	0
 798 0050 00       		.byte	0
 799 0051 08       		.uleb128 0x8
ARM GAS  C:\Users\Admin\AppData\Local\Temp\cc6R4BBF.s 			page 21


 800 0052 2E       		.uleb128 0x2e
 801 0053 00       		.byte	0
 802 0054 03       		.uleb128 0x3
 803 0055 0E       		.uleb128 0xe
 804 0056 3A       		.uleb128 0x3a
 805 0057 0B       		.uleb128 0xb
 806 0058 3B       		.uleb128 0x3b
 807 0059 0B       		.uleb128 0xb
 808 005a 27       		.uleb128 0x27
 809 005b 19       		.uleb128 0x19
 810 005c 11       		.uleb128 0x11
 811 005d 01       		.uleb128 0x1
 812 005e 12       		.uleb128 0x12
 813 005f 06       		.uleb128 0x6
 814 0060 40       		.uleb128 0x40
 815 0061 18       		.uleb128 0x18
 816 0062 9742     		.uleb128 0x2117
 817 0064 19       		.uleb128 0x19
 818 0065 00       		.byte	0
 819 0066 00       		.byte	0
 820 0067 09       		.uleb128 0x9
 821 0068 2E       		.uleb128 0x2e
 822 0069 01       		.byte	0x1
 823 006a 03       		.uleb128 0x3
 824 006b 0E       		.uleb128 0xe
 825 006c 3A       		.uleb128 0x3a
 826 006d 0B       		.uleb128 0xb
 827 006e 3B       		.uleb128 0x3b
 828 006f 0B       		.uleb128 0xb
 829 0070 27       		.uleb128 0x27
 830 0071 19       		.uleb128 0x19
 831 0072 11       		.uleb128 0x11
 832 0073 01       		.uleb128 0x1
 833 0074 12       		.uleb128 0x12
 834 0075 06       		.uleb128 0x6
 835 0076 40       		.uleb128 0x40
 836 0077 18       		.uleb128 0x18
 837 0078 9742     		.uleb128 0x2117
 838 007a 19       		.uleb128 0x19
 839 007b 01       		.uleb128 0x1
 840 007c 13       		.uleb128 0x13
 841 007d 00       		.byte	0
 842 007e 00       		.byte	0
 843 007f 0A       		.uleb128 0xa
 844 0080 05       		.uleb128 0x5
 845 0081 00       		.byte	0
 846 0082 03       		.uleb128 0x3
 847 0083 08       		.uleb128 0x8
 848 0084 3A       		.uleb128 0x3a
 849 0085 0B       		.uleb128 0xb
 850 0086 3B       		.uleb128 0x3b
 851 0087 0B       		.uleb128 0xb
 852 0088 49       		.uleb128 0x49
 853 0089 13       		.uleb128 0x13
 854 008a 02       		.uleb128 0x2
 855 008b 17       		.uleb128 0x17
 856 008c 00       		.byte	0
ARM GAS  C:\Users\Admin\AppData\Local\Temp\cc6R4BBF.s 			page 22


 857 008d 00       		.byte	0
 858 008e 0B       		.uleb128 0xb
 859 008f 898201   		.uleb128 0x4109
 860 0092 01       		.byte	0x1
 861 0093 11       		.uleb128 0x11
 862 0094 01       		.uleb128 0x1
 863 0095 31       		.uleb128 0x31
 864 0096 13       		.uleb128 0x13
 865 0097 00       		.byte	0
 866 0098 00       		.byte	0
 867 0099 0C       		.uleb128 0xc
 868 009a 8A8201   		.uleb128 0x410a
 869 009d 00       		.byte	0
 870 009e 02       		.uleb128 0x2
 871 009f 18       		.uleb128 0x18
 872 00a0 9142     		.uleb128 0x2111
 873 00a2 18       		.uleb128 0x18
 874 00a3 00       		.byte	0
 875 00a4 00       		.byte	0
 876 00a5 0D       		.uleb128 0xd
 877 00a6 898201   		.uleb128 0x4109
 878 00a9 00       		.byte	0
 879 00aa 11       		.uleb128 0x11
 880 00ab 01       		.uleb128 0x1
 881 00ac 31       		.uleb128 0x31
 882 00ad 13       		.uleb128 0x13
 883 00ae 00       		.byte	0
 884 00af 00       		.byte	0
 885 00b0 0E       		.uleb128 0xe
 886 00b1 898201   		.uleb128 0x4109
 887 00b4 01       		.byte	0x1
 888 00b5 11       		.uleb128 0x11
 889 00b6 01       		.uleb128 0x1
 890 00b7 31       		.uleb128 0x31
 891 00b8 13       		.uleb128 0x13
 892 00b9 01       		.uleb128 0x1
 893 00ba 13       		.uleb128 0x13
 894 00bb 00       		.byte	0
 895 00bc 00       		.byte	0
 896 00bd 0F       		.uleb128 0xf
 897 00be 2E       		.uleb128 0x2e
 898 00bf 01       		.byte	0x1
 899 00c0 3F       		.uleb128 0x3f
 900 00c1 19       		.uleb128 0x19
 901 00c2 03       		.uleb128 0x3
 902 00c3 0E       		.uleb128 0xe
 903 00c4 3A       		.uleb128 0x3a
 904 00c5 0B       		.uleb128 0xb
 905 00c6 3B       		.uleb128 0x3b
 906 00c7 05       		.uleb128 0x5
 907 00c8 27       		.uleb128 0x27
 908 00c9 19       		.uleb128 0x19
 909 00ca 11       		.uleb128 0x11
 910 00cb 01       		.uleb128 0x1
 911 00cc 12       		.uleb128 0x12
 912 00cd 06       		.uleb128 0x6
 913 00ce 40       		.uleb128 0x40
ARM GAS  C:\Users\Admin\AppData\Local\Temp\cc6R4BBF.s 			page 23


 914 00cf 18       		.uleb128 0x18
 915 00d0 9742     		.uleb128 0x2117
 916 00d2 19       		.uleb128 0x19
 917 00d3 01       		.uleb128 0x1
 918 00d4 13       		.uleb128 0x13
 919 00d5 00       		.byte	0
 920 00d6 00       		.byte	0
 921 00d7 10       		.uleb128 0x10
 922 00d8 0B       		.uleb128 0xb
 923 00d9 01       		.byte	0x1
 924 00da 11       		.uleb128 0x11
 925 00db 01       		.uleb128 0x1
 926 00dc 12       		.uleb128 0x12
 927 00dd 06       		.uleb128 0x6
 928 00de 01       		.uleb128 0x1
 929 00df 13       		.uleb128 0x13
 930 00e0 00       		.byte	0
 931 00e1 00       		.byte	0
 932 00e2 11       		.uleb128 0x11
 933 00e3 13       		.uleb128 0x13
 934 00e4 01       		.byte	0x1
 935 00e5 0B       		.uleb128 0xb
 936 00e6 0B       		.uleb128 0xb
 937 00e7 3A       		.uleb128 0x3a
 938 00e8 0B       		.uleb128 0xb
 939 00e9 3B       		.uleb128 0x3b
 940 00ea 05       		.uleb128 0x5
 941 00eb 01       		.uleb128 0x1
 942 00ec 13       		.uleb128 0x13
 943 00ed 00       		.byte	0
 944 00ee 00       		.byte	0
 945 00ef 12       		.uleb128 0x12
 946 00f0 0D       		.uleb128 0xd
 947 00f1 00       		.byte	0
 948 00f2 03       		.uleb128 0x3
 949 00f3 0E       		.uleb128 0xe
 950 00f4 3A       		.uleb128 0x3a
 951 00f5 0B       		.uleb128 0xb
 952 00f6 3B       		.uleb128 0x3b
 953 00f7 05       		.uleb128 0x5
 954 00f8 49       		.uleb128 0x49
 955 00f9 13       		.uleb128 0x13
 956 00fa 38       		.uleb128 0x38
 957 00fb 0B       		.uleb128 0xb
 958 00fc 00       		.byte	0
 959 00fd 00       		.byte	0
 960 00fe 13       		.uleb128 0x13
 961 00ff 01       		.uleb128 0x1
 962 0100 01       		.byte	0x1
 963 0101 49       		.uleb128 0x49
 964 0102 13       		.uleb128 0x13
 965 0103 01       		.uleb128 0x1
 966 0104 13       		.uleb128 0x13
 967 0105 00       		.byte	0
 968 0106 00       		.byte	0
 969 0107 14       		.uleb128 0x14
 970 0108 21       		.uleb128 0x21
ARM GAS  C:\Users\Admin\AppData\Local\Temp\cc6R4BBF.s 			page 24


 971 0109 00       		.byte	0
 972 010a 49       		.uleb128 0x49
 973 010b 13       		.uleb128 0x13
 974 010c 2F       		.uleb128 0x2f
 975 010d 0B       		.uleb128 0xb
 976 010e 00       		.byte	0
 977 010f 00       		.byte	0
 978 0110 15       		.uleb128 0x15
 979 0111 26       		.uleb128 0x26
 980 0112 00       		.byte	0
 981 0113 49       		.uleb128 0x49
 982 0114 13       		.uleb128 0x13
 983 0115 00       		.byte	0
 984 0116 00       		.byte	0
 985 0117 16       		.uleb128 0x16
 986 0118 34       		.uleb128 0x34
 987 0119 00       		.byte	0
 988 011a 03       		.uleb128 0x3
 989 011b 0E       		.uleb128 0xe
 990 011c 3A       		.uleb128 0x3a
 991 011d 0B       		.uleb128 0xb
 992 011e 3B       		.uleb128 0x3b
 993 011f 05       		.uleb128 0x5
 994 0120 49       		.uleb128 0x49
 995 0121 13       		.uleb128 0x13
 996 0122 02       		.uleb128 0x2
 997 0123 18       		.uleb128 0x18
 998 0124 00       		.byte	0
 999 0125 00       		.byte	0
 1000 0126 17       		.uleb128 0x17
 1001 0127 34       		.uleb128 0x34
 1002 0128 00       		.byte	0
 1003 0129 03       		.uleb128 0x3
 1004 012a 08       		.uleb128 0x8
 1005 012b 3A       		.uleb128 0x3a
 1006 012c 0B       		.uleb128 0xb
 1007 012d 3B       		.uleb128 0x3b
 1008 012e 05       		.uleb128 0x5
 1009 012f 49       		.uleb128 0x49
 1010 0130 13       		.uleb128 0x13
 1011 0131 02       		.uleb128 0x2
 1012 0132 17       		.uleb128 0x17
 1013 0133 00       		.byte	0
 1014 0134 00       		.byte	0
 1015 0135 18       		.uleb128 0x18
 1016 0136 0B       		.uleb128 0xb
 1017 0137 01       		.byte	0x1
 1018 0138 11       		.uleb128 0x11
 1019 0139 01       		.uleb128 0x1
 1020 013a 12       		.uleb128 0x12
 1021 013b 06       		.uleb128 0x6
 1022 013c 00       		.byte	0
 1023 013d 00       		.byte	0
 1024 013e 19       		.uleb128 0x19
 1025 013f 0F       		.uleb128 0xf
 1026 0140 00       		.byte	0
 1027 0141 0B       		.uleb128 0xb
ARM GAS  C:\Users\Admin\AppData\Local\Temp\cc6R4BBF.s 			page 25


 1028 0142 0B       		.uleb128 0xb
 1029 0143 49       		.uleb128 0x49
 1030 0144 13       		.uleb128 0x13
 1031 0145 00       		.byte	0
 1032 0146 00       		.byte	0
 1033 0147 1A       		.uleb128 0x1a
 1034 0148 2E       		.uleb128 0x2e
 1035 0149 00       		.byte	0
 1036 014a 3F       		.uleb128 0x3f
 1037 014b 19       		.uleb128 0x19
 1038 014c 3C       		.uleb128 0x3c
 1039 014d 19       		.uleb128 0x19
 1040 014e 6E       		.uleb128 0x6e
 1041 014f 0E       		.uleb128 0xe
 1042 0150 03       		.uleb128 0x3
 1043 0151 0E       		.uleb128 0xe
 1044 0152 00       		.byte	0
 1045 0153 00       		.byte	0
 1046 0154 1B       		.uleb128 0x1b
 1047 0155 2E       		.uleb128 0x2e
 1048 0156 00       		.byte	0
 1049 0157 3F       		.uleb128 0x3f
 1050 0158 19       		.uleb128 0x19
 1051 0159 3C       		.uleb128 0x3c
 1052 015a 19       		.uleb128 0x19
 1053 015b 6E       		.uleb128 0x6e
 1054 015c 0E       		.uleb128 0xe
 1055 015d 03       		.uleb128 0x3
 1056 015e 0E       		.uleb128 0xe
 1057 015f 3A       		.uleb128 0x3a
 1058 0160 0B       		.uleb128 0xb
 1059 0161 3B       		.uleb128 0x3b
 1060 0162 0B       		.uleb128 0xb
 1061 0163 00       		.byte	0
 1062 0164 00       		.byte	0
 1063 0165 00       		.byte	0
 1064              		.section	.debug_loc,"",%progbits
 1065              	.Ldebug_loc0:
 1066              	.LLST0:
 1067 0000 00000000 		.4byte	.LVL0
 1068 0004 09000000 		.4byte	.LVL2-1
 1069 0008 0100     		.2byte	0x1
 1070 000a 50       		.byte	0x50
 1071 000b 09000000 		.4byte	.LVL2-1
 1072 000f 0C000000 		.4byte	.LFE2
 1073 0013 0400     		.2byte	0x4
 1074 0015 F3       		.byte	0xf3
 1075 0016 01       		.uleb128 0x1
 1076 0017 50       		.byte	0x50
 1077 0018 9F       		.byte	0x9f
 1078 0019 00000000 		.4byte	0
 1079 001d 00000000 		.4byte	0
 1080              	.LLST1:
 1081 0021 00000000 		.4byte	.LVL0
 1082 0025 06000000 		.4byte	.LVL1
 1083 0029 0100     		.2byte	0x1
 1084 002b 51       		.byte	0x51
ARM GAS  C:\Users\Admin\AppData\Local\Temp\cc6R4BBF.s 			page 26


 1085 002c 06000000 		.4byte	.LVL1
 1086 0030 09000000 		.4byte	.LVL2-1
 1087 0034 0100     		.2byte	0x1
 1088 0036 52       		.byte	0x52
 1089 0037 09000000 		.4byte	.LVL2-1
 1090 003b 0C000000 		.4byte	.LFE2
 1091 003f 0400     		.2byte	0x4
 1092 0041 F3       		.byte	0xf3
 1093 0042 01       		.uleb128 0x1
 1094 0043 51       		.byte	0x51
 1095 0044 9F       		.byte	0x9f
 1096 0045 00000000 		.4byte	0
 1097 0049 00000000 		.4byte	0
 1098              	.LLST2:
 1099 004d AE000000 		.4byte	.LVL10
 1100 0051 B2000000 		.4byte	.LVL11
 1101 0055 0200     		.2byte	0x2
 1102 0057 30       		.byte	0x30
 1103 0058 9F       		.byte	0x9f
 1104 0059 B2000000 		.4byte	.LVL11
 1105 005d D0000000 		.4byte	.LVL13
 1106 0061 0100     		.2byte	0x1
 1107 0063 54       		.byte	0x54
 1108 0064 D2000000 		.4byte	.LVL14
 1109 0068 18010000 		.4byte	.LVL17
 1110 006c 0100     		.2byte	0x1
 1111 006e 54       		.byte	0x54
 1112 006f 00000000 		.4byte	0
 1113 0073 00000000 		.4byte	0
 1114              	.LLST3:
 1115 0077 B2000000 		.4byte	.LVL11
 1116 007b D0000000 		.4byte	.LVL13
 1117 007f 0B00     		.2byte	0xb
 1118 0081 74       		.byte	0x74
 1119 0082 00       		.sleb128 0
 1120 0083 36       		.byte	0x36
 1121 0084 1E       		.byte	0x1e
 1122 0085 03       		.byte	0x3
 1123 0086 00000000 		.4byte	cfg_memset_list.4893
 1124 008a 22       		.byte	0x22
 1125 008b 9F       		.byte	0x9f
 1126 008c D0000000 		.4byte	.LVL13
 1127 0090 D2000000 		.4byte	.LVL14
 1128 0094 0B00     		.2byte	0xb
 1129 0096 74       		.byte	0x74
 1130 0097 7F       		.sleb128 -1
 1131 0098 36       		.byte	0x36
 1132 0099 1E       		.byte	0x1e
 1133 009a 03       		.byte	0x3
 1134 009b 00000000 		.4byte	cfg_memset_list.4893
 1135 009f 22       		.byte	0x22
 1136 00a0 9F       		.byte	0x9f
 1137 00a1 00000000 		.4byte	0
 1138 00a5 00000000 		.4byte	0
 1139              		.section	.debug_aranges,"",%progbits
 1140 0000 34000000 		.4byte	0x34
 1141 0004 0200     		.2byte	0x2
ARM GAS  C:\Users\Admin\AppData\Local\Temp\cc6R4BBF.s 			page 27


 1142 0006 00000000 		.4byte	.Ldebug_info0
 1143 000a 04       		.byte	0x4
 1144 000b 00       		.byte	0
 1145 000c 0000     		.2byte	0
 1146 000e 0000     		.2byte	0
 1147 0010 00000000 		.4byte	.LFB6
 1148 0014 20000000 		.4byte	.LFE6-.LFB6
 1149 0018 00000000 		.4byte	.LFB2
 1150 001c 0C000000 		.4byte	.LFE2-.LFB2
 1151 0020 00000000 		.4byte	.LFB5
 1152 0024 A4000000 		.4byte	.LFE5-.LFB5
 1153 0028 A4000000 		.4byte	.LFB7
 1154 002c A4000000 		.4byte	.LFE7-.LFB7
 1155 0030 00000000 		.4byte	0
 1156 0034 00000000 		.4byte	0
 1157              		.section	.debug_ranges,"",%progbits
 1158              	.Ldebug_ranges0:
 1159 0000 00000000 		.4byte	.LFB6
 1160 0004 20000000 		.4byte	.LFE6
 1161 0008 00000000 		.4byte	.LFB2
 1162 000c 0C000000 		.4byte	.LFE2
 1163 0010 00000000 		.4byte	.LFB5
 1164 0014 A4000000 		.4byte	.LFE5
 1165 0018 A4000000 		.4byte	.LFB7
 1166 001c 48010000 		.4byte	.LFE7
 1167 0020 00000000 		.4byte	0
 1168 0024 00000000 		.4byte	0
 1169              		.section	.debug_line,"",%progbits
 1170              	.Ldebug_line0:
 1171 0000 56010000 		.section	.debug_str,"MS",%progbits,1
 1171      0200E300 
 1171      00000201 
 1171      FB0E0D00 
 1171      01010101 
 1172              	.LASF19:
 1173 0000 72656733 		.ascii	"reg32\000"
 1173      3200
 1174              	.LASF12:
 1175 0006 73697A65 		.ascii	"size_t\000"
 1175      5F7400
 1176              	.LASF36:
 1177 000d 416E616C 		.ascii	"AnalogSetDefault\000"
 1177      6F675365 
 1177      74446566 
 1177      61756C74 
 1177      00
 1178              	.LASF31:
 1179 001e 4379496E 		.ascii	"CyIntSetVector\000"
 1179      74536574 
 1179      56656374 
 1179      6F7200
 1180              	.LASF25:
 1181 002d 6366675F 		.ascii	"cfg_memset_list\000"
 1181      6D656D73 
 1181      65745F6C 
 1181      69737400 
 1182              	.LASF21:
ARM GAS  C:\Users\Admin\AppData\Local\Temp\cc6R4BBF.s 			page 28


 1183 003d 436C6F63 		.ascii	"ClockSetup\000"
 1183      6B536574 
 1183      757000
 1184              	.LASF6:
 1185 0048 73686F72 		.ascii	"short unsigned int\000"
 1185      7420756E 
 1185      7369676E 
 1185      65642069 
 1185      6E7400
 1186              	.LASF35:
 1187 005b 443A5C4C 		.ascii	"D:\\LABs_BLE\\LABs_BLE\\Lab_1_2_LED.cydsn\000"
 1187      4142735F 
 1187      424C455C 
 1187      4C414273 
 1187      5F424C45 
 1188              	.LASF16:
 1189 0082 666C6F61 		.ascii	"float\000"
 1189      7400
 1190              	.LASF23:
 1191 0088 73697A65 		.ascii	"size\000"
 1191      00
 1192              	.LASF27:
 1193 008d 43795379 		.ascii	"CySysClkWcoSetPowerMode\000"
 1193      73436C6B 
 1193      57636F53 
 1193      6574506F 
 1193      7765724D 
 1194              	.LASF18:
 1195 00a5 72656738 		.ascii	"reg8\000"
 1195      00
 1196              	.LASF8:
 1197 00aa 6C6F6E67 		.ascii	"long unsigned int\000"
 1197      20756E73 
 1197      69676E65 
 1197      6420696E 
 1197      7400
 1198              	.LASF13:
 1199 00bc 75696E74 		.ascii	"uint8\000"
 1199      3800
 1200              	.LASF26:
 1201 00c2 43795379 		.ascii	"CySysClkWcoStart\000"
 1201      73436C6B 
 1201      57636F53 
 1201      74617274 
 1201      00
 1202              	.LASF20:
 1203 00d3 43594D45 		.ascii	"CYMEMZERO\000"
 1203      4D5A4552 
 1203      4F00
 1204              	.LASF4:
 1205 00dd 756E7369 		.ascii	"unsigned char\000"
 1205      676E6564 
 1205      20636861 
 1205      7200
 1206              	.LASF38:
 1207 00eb 6D656D73 		.ascii	"memset\000"
 1207      657400
ARM GAS  C:\Users\Admin\AppData\Local\Temp\cc6R4BBF.s 			page 29


 1208              	.LASF17:
 1209 00f2 646F7562 		.ascii	"double\000"
 1209      6C6500
 1210              	.LASF32:
 1211 00f9 4379496E 		.ascii	"CyIntEnable\000"
 1211      74456E61 
 1211      626C6500 
 1212              	.LASF14:
 1213 0105 75696E74 		.ascii	"uint16\000"
 1213      313600
 1214              	.LASF15:
 1215 010c 75696E74 		.ascii	"uint32\000"
 1215      333200
 1216              	.LASF0:
 1217 0113 756E7369 		.ascii	"unsigned int\000"
 1217      676E6564 
 1217      20696E74 
 1217      00
 1218              	.LASF37:
 1219 0120 63796669 		.ascii	"cyfitter_cfg\000"
 1219      74746572 
 1219      5F636667 
 1219      00
 1220              	.LASF22:
 1221 012d 61646472 		.ascii	"address\000"
 1221      65737300 
 1222              	.LASF9:
 1223 0135 6C6F6E67 		.ascii	"long long unsigned int\000"
 1223      206C6F6E 
 1223      6720756E 
 1223      7369676E 
 1223      65642069 
 1224              	.LASF33:
 1225 014c 474E5520 		.ascii	"GNU C11 5.4.1 20160609 (release) [ARM/embedded-5-br"
 1225      43313120 
 1225      352E342E 
 1225      31203230 
 1225      31363036 
 1226 017f 616E6368 		.ascii	"anch revision 237715] -mcpu=cortex-m0 -mthumb -g -O"
 1226      20726576 
 1226      6973696F 
 1226      6E203233 
 1226      37373135 
 1227 01b2 67202D66 		.ascii	"g -ffunction-sections -ffat-lto-objects\000"
 1227      66756E63 
 1227      74696F6E 
 1227      2D736563 
 1227      74696F6E 
 1228              	.LASF24:
 1229 01da 6366675F 		.ascii	"cfg_memset_t\000"
 1229      6D656D73 
 1229      65745F74 
 1229      00
 1230              	.LASF10:
 1231 01e7 73697A65 		.ascii	"sizetype\000"
 1231      74797065 
 1231      00
ARM GAS  C:\Users\Admin\AppData\Local\Temp\cc6R4BBF.s 			page 30


 1232              	.LASF1:
 1233 01f0 6C6F6E67 		.ascii	"long long int\000"
 1233      206C6F6E 
 1233      6720696E 
 1233      7400
 1234              	.LASF30:
 1235 01fe 43794465 		.ascii	"CyDelayUs\000"
 1235      6C617955 
 1235      7300
 1236              	.LASF11:
 1237 0208 63686172 		.ascii	"char\000"
 1237      00
 1238              	.LASF29:
 1239 020d 43795379 		.ascii	"CySysClkEcoStart\000"
 1239      73436C6B 
 1239      45636F53 
 1239      74617274 
 1239      00
 1240              	.LASF5:
 1241 021e 73686F72 		.ascii	"short int\000"
 1241      7420696E 
 1241      7400
 1242              	.LASF28:
 1243 0228 43795379 		.ascii	"CySysClkWriteImoFreq\000"
 1243      73436C6B 
 1243      57726974 
 1243      65496D6F 
 1243      46726571 
 1244              	.LASF7:
 1245 023d 6C6F6E67 		.ascii	"long int\000"
 1245      20696E74 
 1245      00
 1246              	.LASF2:
 1247 0246 6C6F6E67 		.ascii	"long double\000"
 1247      20646F75 
 1247      626C6500 
 1248              	.LASF3:
 1249 0252 7369676E 		.ascii	"signed char\000"
 1249      65642063 
 1249      68617200 
 1250              	.LASF34:
 1251 025e 47656E65 		.ascii	"Generated_Source\\PSoC4\\cyfitter_cfg.c\000"
 1251      72617465 
 1251      645F536F 
 1251      75726365 
 1251      5C50536F 
 1252              		.ident	"GCC: (GNU Tools for ARM Embedded Processors) 5.4.1 20160609 (release) [ARM/embedded-5-bran
