ARM GAS  C:\Users\Admin\AppData\Local\Temp\cc9myyAV.s 			page 1


   1              		.syntax unified
   2              		.cpu cortex-m0
   3              		.fpu softvfp
   4              		.eabi_attribute 20, 1
   5              		.eabi_attribute 21, 1
   6              		.eabi_attribute 23, 3
   7              		.eabi_attribute 24, 1
   8              		.eabi_attribute 25, 1
   9              		.eabi_attribute 26, 1
  10              		.eabi_attribute 30, 6
  11              		.eabi_attribute 34, 0
  12              		.eabi_attribute 18, 4
  13              		.thumb
  14              		.syntax unified
  15              		.file	"cyfitter_cfg.c"
  16              		.text
  17              	.Ltext0:
  18              		.cfi_sections	.debug_frame
  19              		.section	.text.CYMEMZERO,"ax",%progbits
  20              		.align	2
  21              		.code	16
  22              		.thumb_func
  23              		.type	CYMEMZERO, %function
  24              	CYMEMZERO:
  25              	.LFB2:
  26              		.file 1 "Generated_Source\\PSoC4\\cyfitter_cfg.c"
   1:Generated_Source\PSoC4/cyfitter_cfg.c **** 
   2:Generated_Source\PSoC4/cyfitter_cfg.c **** /*******************************************************************************
   3:Generated_Source\PSoC4/cyfitter_cfg.c **** * File Name: cyfitter_cfg.c
   4:Generated_Source\PSoC4/cyfitter_cfg.c **** * 
   5:Generated_Source\PSoC4/cyfitter_cfg.c **** * PSoC Creator  4.4
   6:Generated_Source\PSoC4/cyfitter_cfg.c **** *
   7:Generated_Source\PSoC4/cyfitter_cfg.c **** * Description:
   8:Generated_Source\PSoC4/cyfitter_cfg.c **** * This file contains device initialization code.
   9:Generated_Source\PSoC4/cyfitter_cfg.c **** * Except for the user defined sections in CyClockStartupError(), this file should not be modified.
  10:Generated_Source\PSoC4/cyfitter_cfg.c **** * This file is automatically generated by PSoC Creator.
  11:Generated_Source\PSoC4/cyfitter_cfg.c **** *
  12:Generated_Source\PSoC4/cyfitter_cfg.c **** ********************************************************************************
  13:Generated_Source\PSoC4/cyfitter_cfg.c **** * Copyright (c) 2007-2020 Cypress Semiconductor.  All rights reserved.
  14:Generated_Source\PSoC4/cyfitter_cfg.c **** * You may use this file only in accordance with the license, terms, conditions, 
  15:Generated_Source\PSoC4/cyfitter_cfg.c **** * disclaimers, and limitations in the end user license agreement accompanying 
  16:Generated_Source\PSoC4/cyfitter_cfg.c **** * the software package with which this file was provided.
  17:Generated_Source\PSoC4/cyfitter_cfg.c **** ********************************************************************************/
  18:Generated_Source\PSoC4/cyfitter_cfg.c **** 
  19:Generated_Source\PSoC4/cyfitter_cfg.c **** #include <string.h>
  20:Generated_Source\PSoC4/cyfitter_cfg.c **** #include "cytypes.h"
  21:Generated_Source\PSoC4/cyfitter_cfg.c **** #include "cydevice_trm.h"
  22:Generated_Source\PSoC4/cyfitter_cfg.c **** #include "cyfitter.h"
  23:Generated_Source\PSoC4/cyfitter_cfg.c **** #include "CyLib.h"
  24:Generated_Source\PSoC4/cyfitter_cfg.c **** #include "CyLFClk.h"
  25:Generated_Source\PSoC4/cyfitter_cfg.c **** #include "cyfitter_cfg.h"
  26:Generated_Source\PSoC4/cyfitter_cfg.c **** #include "cyapicallbacks.h"
  27:Generated_Source\PSoC4/cyfitter_cfg.c **** 
  28:Generated_Source\PSoC4/cyfitter_cfg.c **** 
  29:Generated_Source\PSoC4/cyfitter_cfg.c **** #if defined(__GNUC__) || defined(__ARMCC_VERSION)
  30:Generated_Source\PSoC4/cyfitter_cfg.c ****     #define CYPACKED 
  31:Generated_Source\PSoC4/cyfitter_cfg.c ****     #define CYPACKED_ATTR __attribute__ ((packed))
ARM GAS  C:\Users\Admin\AppData\Local\Temp\cc9myyAV.s 			page 2


  32:Generated_Source\PSoC4/cyfitter_cfg.c ****     #define CYALIGNED __attribute__ ((aligned))
  33:Generated_Source\PSoC4/cyfitter_cfg.c ****     #define CY_CFG_UNUSED __attribute__ ((unused))
  34:Generated_Source\PSoC4/cyfitter_cfg.c ****     #ifndef CY_CFG_SECTION
  35:Generated_Source\PSoC4/cyfitter_cfg.c ****         #define CY_CFG_SECTION __attribute__ ((section(".psocinit")))
  36:Generated_Source\PSoC4/cyfitter_cfg.c ****     #endif
  37:Generated_Source\PSoC4/cyfitter_cfg.c ****     
  38:Generated_Source\PSoC4/cyfitter_cfg.c ****     #if defined(__ARMCC_VERSION)
  39:Generated_Source\PSoC4/cyfitter_cfg.c ****         #define CY_CFG_MEMORY_BARRIER() __memory_changed()
  40:Generated_Source\PSoC4/cyfitter_cfg.c ****     #else
  41:Generated_Source\PSoC4/cyfitter_cfg.c ****         #define CY_CFG_MEMORY_BARRIER() __sync_synchronize()
  42:Generated_Source\PSoC4/cyfitter_cfg.c ****     #endif
  43:Generated_Source\PSoC4/cyfitter_cfg.c ****     
  44:Generated_Source\PSoC4/cyfitter_cfg.c **** #elif defined(__ICCARM__)
  45:Generated_Source\PSoC4/cyfitter_cfg.c ****     #include <intrinsics.h>
  46:Generated_Source\PSoC4/cyfitter_cfg.c **** 
  47:Generated_Source\PSoC4/cyfitter_cfg.c ****     #define CYPACKED __packed
  48:Generated_Source\PSoC4/cyfitter_cfg.c ****     #define CYPACKED_ATTR 
  49:Generated_Source\PSoC4/cyfitter_cfg.c ****     #define CYALIGNED _Pragma("data_alignment=4")
  50:Generated_Source\PSoC4/cyfitter_cfg.c ****     #define CY_CFG_UNUSED _Pragma("diag_suppress=Pe177")
  51:Generated_Source\PSoC4/cyfitter_cfg.c ****     #define CY_CFG_SECTION _Pragma("location=\".psocinit\"")
  52:Generated_Source\PSoC4/cyfitter_cfg.c ****     
  53:Generated_Source\PSoC4/cyfitter_cfg.c ****     #define CY_CFG_MEMORY_BARRIER() __DMB()
  54:Generated_Source\PSoC4/cyfitter_cfg.c ****     
  55:Generated_Source\PSoC4/cyfitter_cfg.c **** #else
  56:Generated_Source\PSoC4/cyfitter_cfg.c ****     #error Unsupported toolchain
  57:Generated_Source\PSoC4/cyfitter_cfg.c **** #endif
  58:Generated_Source\PSoC4/cyfitter_cfg.c **** 
  59:Generated_Source\PSoC4/cyfitter_cfg.c **** #ifndef CYCODE
  60:Generated_Source\PSoC4/cyfitter_cfg.c ****     #define CYCODE
  61:Generated_Source\PSoC4/cyfitter_cfg.c **** #endif
  62:Generated_Source\PSoC4/cyfitter_cfg.c **** #ifndef CYDATA
  63:Generated_Source\PSoC4/cyfitter_cfg.c ****     #define CYDATA
  64:Generated_Source\PSoC4/cyfitter_cfg.c **** #endif
  65:Generated_Source\PSoC4/cyfitter_cfg.c **** #ifndef CYFAR
  66:Generated_Source\PSoC4/cyfitter_cfg.c ****     #define CYFAR
  67:Generated_Source\PSoC4/cyfitter_cfg.c **** #endif
  68:Generated_Source\PSoC4/cyfitter_cfg.c **** #ifndef CYXDATA
  69:Generated_Source\PSoC4/cyfitter_cfg.c ****     #define CYXDATA
  70:Generated_Source\PSoC4/cyfitter_cfg.c **** #endif
  71:Generated_Source\PSoC4/cyfitter_cfg.c **** 
  72:Generated_Source\PSoC4/cyfitter_cfg.c **** 
  73:Generated_Source\PSoC4/cyfitter_cfg.c **** CY_CFG_UNUSED
  74:Generated_Source\PSoC4/cyfitter_cfg.c **** static void CYMEMZERO(void *s, size_t n);
  75:Generated_Source\PSoC4/cyfitter_cfg.c **** CY_CFG_UNUSED
  76:Generated_Source\PSoC4/cyfitter_cfg.c **** static void CYMEMZERO(void *s, size_t n)
  77:Generated_Source\PSoC4/cyfitter_cfg.c **** {
  27              		.loc 1 77 0
  28              		.cfi_startproc
  29              		@ args = 0, pretend = 0, frame = 8
  30              		@ frame_needed = 1, uses_anonymous_args = 0
  31 0000 80B5     		push	{r7, lr}
  32              		.cfi_def_cfa_offset 8
  33              		.cfi_offset 7, -8
  34              		.cfi_offset 14, -4
  35 0002 82B0     		sub	sp, sp, #8
  36              		.cfi_def_cfa_offset 16
  37 0004 00AF     		add	r7, sp, #0
ARM GAS  C:\Users\Admin\AppData\Local\Temp\cc9myyAV.s 			page 3


  38              		.cfi_def_cfa_register 7
  39 0006 7860     		str	r0, [r7, #4]
  40 0008 3960     		str	r1, [r7]
  78:Generated_Source\PSoC4/cyfitter_cfg.c **** 	(void)memset(s, 0, n);
  41              		.loc 1 78 0
  42 000a 3A68     		ldr	r2, [r7]
  43 000c 7B68     		ldr	r3, [r7, #4]
  44 000e 0021     		movs	r1, #0
  45 0010 1800     		movs	r0, r3
  46 0012 FFF7FEFF 		bl	memset
  79:Generated_Source\PSoC4/cyfitter_cfg.c **** }
  47              		.loc 1 79 0
  48 0016 C046     		nop
  49 0018 BD46     		mov	sp, r7
  50 001a 02B0     		add	sp, sp, #8
  51              		@ sp needed
  52 001c 80BD     		pop	{r7, pc}
  53              		.cfi_endproc
  54              	.LFE2:
  55              		.size	CYMEMZERO, .-CYMEMZERO
  56 001e C046     		.section	.text.CYCONFIGCPY,"ax",%progbits
  57              		.align	2
  58              		.code	16
  59              		.thumb_func
  60              		.type	CYCONFIGCPY, %function
  61              	CYCONFIGCPY:
  62              	.LFB3:
  80:Generated_Source\PSoC4/cyfitter_cfg.c **** CY_CFG_UNUSED
  81:Generated_Source\PSoC4/cyfitter_cfg.c **** static void CYCONFIGCPY(void *dest, const void *src, size_t n);
  82:Generated_Source\PSoC4/cyfitter_cfg.c **** CY_CFG_UNUSED
  83:Generated_Source\PSoC4/cyfitter_cfg.c **** static void CYCONFIGCPY(void *dest, const void *src, size_t n)
  84:Generated_Source\PSoC4/cyfitter_cfg.c **** {
  63              		.loc 1 84 0
  64              		.cfi_startproc
  65              		@ args = 0, pretend = 0, frame = 16
  66              		@ frame_needed = 1, uses_anonymous_args = 0
  67 0000 80B5     		push	{r7, lr}
  68              		.cfi_def_cfa_offset 8
  69              		.cfi_offset 7, -8
  70              		.cfi_offset 14, -4
  71 0002 84B0     		sub	sp, sp, #16
  72              		.cfi_def_cfa_offset 24
  73 0004 00AF     		add	r7, sp, #0
  74              		.cfi_def_cfa_register 7
  75 0006 F860     		str	r0, [r7, #12]
  76 0008 B960     		str	r1, [r7, #8]
  77 000a 7A60     		str	r2, [r7, #4]
  85:Generated_Source\PSoC4/cyfitter_cfg.c **** 	(void)memcpy(dest, src, n);
  78              		.loc 1 85 0
  79 000c 7A68     		ldr	r2, [r7, #4]
  80 000e B968     		ldr	r1, [r7, #8]
  81 0010 FB68     		ldr	r3, [r7, #12]
  82 0012 1800     		movs	r0, r3
  83 0014 FFF7FEFF 		bl	memcpy
  86:Generated_Source\PSoC4/cyfitter_cfg.c **** }
  84              		.loc 1 86 0
  85 0018 C046     		nop
ARM GAS  C:\Users\Admin\AppData\Local\Temp\cc9myyAV.s 			page 4


  86 001a BD46     		mov	sp, r7
  87 001c 04B0     		add	sp, sp, #16
  88              		@ sp needed
  89 001e 80BD     		pop	{r7, pc}
  90              		.cfi_endproc
  91              	.LFE3:
  92              		.size	CYCONFIGCPY, .-CYCONFIGCPY
  93              		.section	.text.CYCONFIGCPYCODE,"ax",%progbits
  94              		.align	2
  95              		.code	16
  96              		.thumb_func
  97              		.type	CYCONFIGCPYCODE, %function
  98              	CYCONFIGCPYCODE:
  99              	.LFB4:
  87:Generated_Source\PSoC4/cyfitter_cfg.c **** CY_CFG_UNUSED
  88:Generated_Source\PSoC4/cyfitter_cfg.c **** static void CYCONFIGCPYCODE(void *dest, const void *src, size_t n);
  89:Generated_Source\PSoC4/cyfitter_cfg.c **** CY_CFG_UNUSED
  90:Generated_Source\PSoC4/cyfitter_cfg.c **** static void CYCONFIGCPYCODE(void *dest, const void *src, size_t n)
  91:Generated_Source\PSoC4/cyfitter_cfg.c **** {
 100              		.loc 1 91 0
 101              		.cfi_startproc
 102              		@ args = 0, pretend = 0, frame = 16
 103              		@ frame_needed = 1, uses_anonymous_args = 0
 104 0000 80B5     		push	{r7, lr}
 105              		.cfi_def_cfa_offset 8
 106              		.cfi_offset 7, -8
 107              		.cfi_offset 14, -4
 108 0002 84B0     		sub	sp, sp, #16
 109              		.cfi_def_cfa_offset 24
 110 0004 00AF     		add	r7, sp, #0
 111              		.cfi_def_cfa_register 7
 112 0006 F860     		str	r0, [r7, #12]
 113 0008 B960     		str	r1, [r7, #8]
 114 000a 7A60     		str	r2, [r7, #4]
  92:Generated_Source\PSoC4/cyfitter_cfg.c **** 	(void)memcpy(dest, src, n);
 115              		.loc 1 92 0
 116 000c 7A68     		ldr	r2, [r7, #4]
 117 000e B968     		ldr	r1, [r7, #8]
 118 0010 FB68     		ldr	r3, [r7, #12]
 119 0012 1800     		movs	r0, r3
 120 0014 FFF7FEFF 		bl	memcpy
  93:Generated_Source\PSoC4/cyfitter_cfg.c **** }
 121              		.loc 1 93 0
 122 0018 C046     		nop
 123 001a BD46     		mov	sp, r7
 124 001c 04B0     		add	sp, sp, #16
 125              		@ sp needed
 126 001e 80BD     		pop	{r7, pc}
 127              		.cfi_endproc
 128              	.LFE4:
 129              		.size	CYCONFIGCPYCODE, .-CYCONFIGCPYCODE
 130              		.section	.text.cfg_write_bytes32,"ax",%progbits
 131              		.align	2
 132              		.code	16
 133              		.thumb_func
 134              		.type	cfg_write_bytes32, %function
 135              	cfg_write_bytes32:
ARM GAS  C:\Users\Admin\AppData\Local\Temp\cc9myyAV.s 			page 5


 136              	.LFB5:
  94:Generated_Source\PSoC4/cyfitter_cfg.c **** 
  95:Generated_Source\PSoC4/cyfitter_cfg.c **** 
  96:Generated_Source\PSoC4/cyfitter_cfg.c **** 
  97:Generated_Source\PSoC4/cyfitter_cfg.c **** 
  98:Generated_Source\PSoC4/cyfitter_cfg.c **** /* Clock startup error codes                                                   */
  99:Generated_Source\PSoC4/cyfitter_cfg.c **** #define CYCLOCKSTART_NO_ERROR    0u
 100:Generated_Source\PSoC4/cyfitter_cfg.c **** #define CYCLOCKSTART_XTAL_ERROR  1u
 101:Generated_Source\PSoC4/cyfitter_cfg.c **** #define CYCLOCKSTART_32KHZ_ERROR 2u
 102:Generated_Source\PSoC4/cyfitter_cfg.c **** #define CYCLOCKSTART_PLL_ERROR   3u
 103:Generated_Source\PSoC4/cyfitter_cfg.c **** #define CYCLOCKSTART_FLL_ERROR   4u
 104:Generated_Source\PSoC4/cyfitter_cfg.c **** #define CYCLOCKSTART_WCO_ERROR   5u
 105:Generated_Source\PSoC4/cyfitter_cfg.c **** 
 106:Generated_Source\PSoC4/cyfitter_cfg.c **** 
 107:Generated_Source\PSoC4/cyfitter_cfg.c **** #ifdef CY_NEED_CYCLOCKSTARTUPERROR
 108:Generated_Source\PSoC4/cyfitter_cfg.c **** /*******************************************************************************
 109:Generated_Source\PSoC4/cyfitter_cfg.c **** * Function Name: CyClockStartupError
 110:Generated_Source\PSoC4/cyfitter_cfg.c **** ********************************************************************************
 111:Generated_Source\PSoC4/cyfitter_cfg.c **** * Summary:
 112:Generated_Source\PSoC4/cyfitter_cfg.c **** *  If an error is encountered during clock configuration (crystal startup error,
 113:Generated_Source\PSoC4/cyfitter_cfg.c **** *  PLL lock error, etc.), the system will end up here.  Unless reimplemented by
 114:Generated_Source\PSoC4/cyfitter_cfg.c **** *  the customer, this function will stop in an infinite loop.
 115:Generated_Source\PSoC4/cyfitter_cfg.c **** *
 116:Generated_Source\PSoC4/cyfitter_cfg.c **** * Parameters:
 117:Generated_Source\PSoC4/cyfitter_cfg.c **** *   void
 118:Generated_Source\PSoC4/cyfitter_cfg.c **** *
 119:Generated_Source\PSoC4/cyfitter_cfg.c **** * Return:
 120:Generated_Source\PSoC4/cyfitter_cfg.c **** *   void
 121:Generated_Source\PSoC4/cyfitter_cfg.c **** *
 122:Generated_Source\PSoC4/cyfitter_cfg.c **** *******************************************************************************/
 123:Generated_Source\PSoC4/cyfitter_cfg.c **** CY_CFG_UNUSED
 124:Generated_Source\PSoC4/cyfitter_cfg.c **** static void CyClockStartupError(uint8 errorCode);
 125:Generated_Source\PSoC4/cyfitter_cfg.c **** CY_CFG_UNUSED
 126:Generated_Source\PSoC4/cyfitter_cfg.c **** static void CyClockStartupError(uint8 errorCode)
 127:Generated_Source\PSoC4/cyfitter_cfg.c **** {
 128:Generated_Source\PSoC4/cyfitter_cfg.c ****     /* To remove the compiler warning if errorCode not used.                */
 129:Generated_Source\PSoC4/cyfitter_cfg.c ****     errorCode = errorCode;
 130:Generated_Source\PSoC4/cyfitter_cfg.c **** 
 131:Generated_Source\PSoC4/cyfitter_cfg.c ****     /* If we have a clock startup error (bad MHz crystal, PLL lock, etc.),  */
 132:Generated_Source\PSoC4/cyfitter_cfg.c ****     /* we will end up here to allow the customer to implement something to  */
 133:Generated_Source\PSoC4/cyfitter_cfg.c ****     /* deal with the clock condition.                                       */
 134:Generated_Source\PSoC4/cyfitter_cfg.c **** 
 135:Generated_Source\PSoC4/cyfitter_cfg.c **** #ifdef CY_CFG_CLOCK_STARTUP_ERROR_CALLBACK
 136:Generated_Source\PSoC4/cyfitter_cfg.c ****     CY_CFG_Clock_Startup_ErrorCallback();
 137:Generated_Source\PSoC4/cyfitter_cfg.c **** #else
 138:Generated_Source\PSoC4/cyfitter_cfg.c ****     /*  If not using CY_CFG_CLOCK_STARTUP_ERROR_CALLBACK, place your clock startup code here. */
 139:Generated_Source\PSoC4/cyfitter_cfg.c ****     /* `#START CyClockStartupError` */
 140:Generated_Source\PSoC4/cyfitter_cfg.c **** 
 141:Generated_Source\PSoC4/cyfitter_cfg.c **** 
 142:Generated_Source\PSoC4/cyfitter_cfg.c **** 
 143:Generated_Source\PSoC4/cyfitter_cfg.c ****     /* `#END` */
 144:Generated_Source\PSoC4/cyfitter_cfg.c **** 
 145:Generated_Source\PSoC4/cyfitter_cfg.c ****     while(1) {}
 146:Generated_Source\PSoC4/cyfitter_cfg.c **** #endif /* CY_CFG_CLOCK_STARTUP_ERROR_CALLBACK */
 147:Generated_Source\PSoC4/cyfitter_cfg.c **** }
 148:Generated_Source\PSoC4/cyfitter_cfg.c **** #endif
 149:Generated_Source\PSoC4/cyfitter_cfg.c **** 
ARM GAS  C:\Users\Admin\AppData\Local\Temp\cc9myyAV.s 			page 6


 150:Generated_Source\PSoC4/cyfitter_cfg.c **** #define CY_CFG_BASE_ADDR_COUNT 2u
 151:Generated_Source\PSoC4/cyfitter_cfg.c **** CYPACKED typedef struct
 152:Generated_Source\PSoC4/cyfitter_cfg.c **** {
 153:Generated_Source\PSoC4/cyfitter_cfg.c **** 	uint8 offset;
 154:Generated_Source\PSoC4/cyfitter_cfg.c **** 	uint8 value;
 155:Generated_Source\PSoC4/cyfitter_cfg.c **** } CYPACKED_ATTR cy_cfg_addrvalue_t;
 156:Generated_Source\PSoC4/cyfitter_cfg.c **** 
 157:Generated_Source\PSoC4/cyfitter_cfg.c **** 
 158:Generated_Source\PSoC4/cyfitter_cfg.c **** 
 159:Generated_Source\PSoC4/cyfitter_cfg.c **** /*******************************************************************************
 160:Generated_Source\PSoC4/cyfitter_cfg.c **** * Function Name: cfg_write_bytes32
 161:Generated_Source\PSoC4/cyfitter_cfg.c **** ********************************************************************************
 162:Generated_Source\PSoC4/cyfitter_cfg.c **** * Summary:
 163:Generated_Source\PSoC4/cyfitter_cfg.c **** *  This function is used for setting up the chip configuration areas that
 164:Generated_Source\PSoC4/cyfitter_cfg.c **** *  contain relatively sparse data.
 165:Generated_Source\PSoC4/cyfitter_cfg.c **** *
 166:Generated_Source\PSoC4/cyfitter_cfg.c **** * Parameters:
 167:Generated_Source\PSoC4/cyfitter_cfg.c **** *   void
 168:Generated_Source\PSoC4/cyfitter_cfg.c **** *
 169:Generated_Source\PSoC4/cyfitter_cfg.c **** * Return:
 170:Generated_Source\PSoC4/cyfitter_cfg.c **** *   void
 171:Generated_Source\PSoC4/cyfitter_cfg.c **** *
 172:Generated_Source\PSoC4/cyfitter_cfg.c **** *******************************************************************************/
 173:Generated_Source\PSoC4/cyfitter_cfg.c **** static void cfg_write_bytes32(const uint32 addr_table[], const cy_cfg_addrvalue_t data_table[]);
 174:Generated_Source\PSoC4/cyfitter_cfg.c **** static void cfg_write_bytes32(const uint32 addr_table[], const cy_cfg_addrvalue_t data_table[])
 175:Generated_Source\PSoC4/cyfitter_cfg.c **** {
 137              		.loc 1 175 0
 138              		.cfi_startproc
 139              		@ args = 0, pretend = 0, frame = 24
 140              		@ frame_needed = 1, uses_anonymous_args = 0
 141 0000 80B5     		push	{r7, lr}
 142              		.cfi_def_cfa_offset 8
 143              		.cfi_offset 7, -8
 144              		.cfi_offset 14, -4
 145 0002 86B0     		sub	sp, sp, #24
 146              		.cfi_def_cfa_offset 32
 147 0004 00AF     		add	r7, sp, #0
 148              		.cfi_def_cfa_register 7
 149 0006 7860     		str	r0, [r7, #4]
 150 0008 3960     		str	r1, [r7]
 176:Generated_Source\PSoC4/cyfitter_cfg.c **** 	/* For 32-bit little-endian architectures */
 177:Generated_Source\PSoC4/cyfitter_cfg.c **** 	uint32 i, j = 0u;
 151              		.loc 1 177 0
 152 000a 0023     		movs	r3, #0
 153 000c 3B61     		str	r3, [r7, #16]
 178:Generated_Source\PSoC4/cyfitter_cfg.c **** 	for (i = 0u; i < CY_CFG_BASE_ADDR_COUNT; i++)
 154              		.loc 1 178 0
 155 000e 0023     		movs	r3, #0
 156 0010 7B61     		str	r3, [r7, #20]
 157 0012 2FE0     		b	.L5
 158              	.L8:
 159              	.LBB2:
 179:Generated_Source\PSoC4/cyfitter_cfg.c **** 	{
 180:Generated_Source\PSoC4/cyfitter_cfg.c **** 		uint32 baseAddr = addr_table[i];
 160              		.loc 1 180 0
 161 0014 7B69     		ldr	r3, [r7, #20]
 162 0016 9B00     		lsls	r3, r3, #2
ARM GAS  C:\Users\Admin\AppData\Local\Temp\cc9myyAV.s 			page 7


 163 0018 7A68     		ldr	r2, [r7, #4]
 164 001a D318     		adds	r3, r2, r3
 165 001c 1B68     		ldr	r3, [r3]
 166 001e BB60     		str	r3, [r7, #8]
 181:Generated_Source\PSoC4/cyfitter_cfg.c **** 		uint8 count = (uint8)baseAddr;
 167              		.loc 1 181 0
 168 0020 0F23     		movs	r3, #15
 169 0022 FB18     		adds	r3, r7, r3
 170 0024 BA68     		ldr	r2, [r7, #8]
 171 0026 1A70     		strb	r2, [r3]
 182:Generated_Source\PSoC4/cyfitter_cfg.c **** 		baseAddr &= 0xFFFFFF00u;
 172              		.loc 1 182 0
 173 0028 BB68     		ldr	r3, [r7, #8]
 174 002a FF22     		movs	r2, #255
 175 002c 9343     		bics	r3, r2
 176 002e BB60     		str	r3, [r7, #8]
 183:Generated_Source\PSoC4/cyfitter_cfg.c **** 		while (count != 0u)
 177              		.loc 1 183 0
 178 0030 18E0     		b	.L6
 179              	.L7:
 184:Generated_Source\PSoC4/cyfitter_cfg.c **** 		{
 185:Generated_Source\PSoC4/cyfitter_cfg.c **** 			CY_SET_REG8((void *)(baseAddr + data_table[j].offset), data_table[j].value);
 180              		.loc 1 185 0
 181 0032 3B69     		ldr	r3, [r7, #16]
 182 0034 5B00     		lsls	r3, r3, #1
 183 0036 3A68     		ldr	r2, [r7]
 184 0038 D318     		adds	r3, r2, r3
 185 003a 1B78     		ldrb	r3, [r3]
 186 003c 1A00     		movs	r2, r3
 187 003e BB68     		ldr	r3, [r7, #8]
 188 0040 D318     		adds	r3, r2, r3
 189 0042 1900     		movs	r1, r3
 190 0044 3B69     		ldr	r3, [r7, #16]
 191 0046 5B00     		lsls	r3, r3, #1
 192 0048 3A68     		ldr	r2, [r7]
 193 004a D318     		adds	r3, r2, r3
 194 004c 5B78     		ldrb	r3, [r3, #1]
 195 004e 0B70     		strb	r3, [r1]
 186:Generated_Source\PSoC4/cyfitter_cfg.c **** 			j++;
 196              		.loc 1 186 0
 197 0050 3B69     		ldr	r3, [r7, #16]
 198 0052 0133     		adds	r3, r3, #1
 199 0054 3B61     		str	r3, [r7, #16]
 187:Generated_Source\PSoC4/cyfitter_cfg.c **** 			count--;
 200              		.loc 1 187 0
 201 0056 0F23     		movs	r3, #15
 202 0058 FB18     		adds	r3, r7, r3
 203 005a 1A78     		ldrb	r2, [r3]
 204 005c 0F23     		movs	r3, #15
 205 005e FB18     		adds	r3, r7, r3
 206 0060 013A     		subs	r2, r2, #1
 207 0062 1A70     		strb	r2, [r3]
 208              	.L6:
 183:Generated_Source\PSoC4/cyfitter_cfg.c **** 		{
 209              		.loc 1 183 0
 210 0064 0F23     		movs	r3, #15
 211 0066 FB18     		adds	r3, r7, r3
ARM GAS  C:\Users\Admin\AppData\Local\Temp\cc9myyAV.s 			page 8


 212 0068 1B78     		ldrb	r3, [r3]
 213 006a 002B     		cmp	r3, #0
 214 006c E1D1     		bne	.L7
 215              	.LBE2:
 178:Generated_Source\PSoC4/cyfitter_cfg.c **** 	{
 216              		.loc 1 178 0 discriminator 2
 217 006e 7B69     		ldr	r3, [r7, #20]
 218 0070 0133     		adds	r3, r3, #1
 219 0072 7B61     		str	r3, [r7, #20]
 220              	.L5:
 178:Generated_Source\PSoC4/cyfitter_cfg.c **** 	{
 221              		.loc 1 178 0 is_stmt 0 discriminator 1
 222 0074 7B69     		ldr	r3, [r7, #20]
 223 0076 012B     		cmp	r3, #1
 224 0078 CCD9     		bls	.L8
 188:Generated_Source\PSoC4/cyfitter_cfg.c **** 		}
 189:Generated_Source\PSoC4/cyfitter_cfg.c **** 	}
 190:Generated_Source\PSoC4/cyfitter_cfg.c **** }
 225              		.loc 1 190 0 is_stmt 1
 226 007a C046     		nop
 227 007c BD46     		mov	sp, r7
 228 007e 06B0     		add	sp, sp, #24
 229              		@ sp needed
 230 0080 80BD     		pop	{r7, pc}
 231              		.cfi_endproc
 232              	.LFE5:
 233              		.size	cfg_write_bytes32, .-cfg_write_bytes32
 234 0082 C046     		.section	.psocinit,"ax",%progbits
 235              		.align	2
 236              		.code	16
 237              		.thumb_func
 238              		.type	ClockSetup, %function
 239              	ClockSetup:
 240              	.LFB6:
 191:Generated_Source\PSoC4/cyfitter_cfg.c **** 
 192:Generated_Source\PSoC4/cyfitter_cfg.c **** 
 193:Generated_Source\PSoC4/cyfitter_cfg.c **** /*******************************************************************************
 194:Generated_Source\PSoC4/cyfitter_cfg.c **** * Function Name: ClockSetup
 195:Generated_Source\PSoC4/cyfitter_cfg.c **** ********************************************************************************
 196:Generated_Source\PSoC4/cyfitter_cfg.c **** *
 197:Generated_Source\PSoC4/cyfitter_cfg.c **** * Summary:
 198:Generated_Source\PSoC4/cyfitter_cfg.c **** *   Performs the initialization of all of the clocks in the device based on the
 199:Generated_Source\PSoC4/cyfitter_cfg.c **** *   settings in the Clock tab of the DWR.  This includes enabling the requested
 200:Generated_Source\PSoC4/cyfitter_cfg.c **** *   clocks and setting the necessary dividers to produce the desired frequency. 
 201:Generated_Source\PSoC4/cyfitter_cfg.c **** *
 202:Generated_Source\PSoC4/cyfitter_cfg.c **** * Parameters:
 203:Generated_Source\PSoC4/cyfitter_cfg.c **** *   void
 204:Generated_Source\PSoC4/cyfitter_cfg.c **** *
 205:Generated_Source\PSoC4/cyfitter_cfg.c **** * Return:
 206:Generated_Source\PSoC4/cyfitter_cfg.c **** *   void
 207:Generated_Source\PSoC4/cyfitter_cfg.c **** *
 208:Generated_Source\PSoC4/cyfitter_cfg.c **** *******************************************************************************/
 209:Generated_Source\PSoC4/cyfitter_cfg.c **** static void ClockSetup(void);
 210:Generated_Source\PSoC4/cyfitter_cfg.c **** CY_CFG_SECTION
 211:Generated_Source\PSoC4/cyfitter_cfg.c **** static void ClockSetup(void)
 212:Generated_Source\PSoC4/cyfitter_cfg.c **** {
 241              		.loc 1 212 0
ARM GAS  C:\Users\Admin\AppData\Local\Temp\cc9myyAV.s 			page 9


 242              		.cfi_startproc
 243              		@ args = 0, pretend = 0, frame = 0
 244              		@ frame_needed = 1, uses_anonymous_args = 0
 245 0000 80B5     		push	{r7, lr}
 246              		.cfi_def_cfa_offset 8
 247              		.cfi_offset 7, -8
 248              		.cfi_offset 14, -4
 249 0002 00AF     		add	r7, sp, #0
 250              		.cfi_def_cfa_register 7
 213:Generated_Source\PSoC4/cyfitter_cfg.c **** 
 214:Generated_Source\PSoC4/cyfitter_cfg.c **** 	/* Set Flash Cycles based on max possible frequency in case a glitch occurs during ClockSetup(). *
 215:Generated_Source\PSoC4/cyfitter_cfg.c **** 	CY_SET_REG32((void CYXDATA *)(CYREG_CPUSS_FLASH_CTL), (0x0012u));
 251              		.loc 1 215 0
 252 0004 284B     		ldr	r3, .L10
 253 0006 1222     		movs	r2, #18
 254 0008 1A60     		str	r2, [r3]
 216:Generated_Source\PSoC4/cyfitter_cfg.c **** 
 217:Generated_Source\PSoC4/cyfitter_cfg.c **** 	/* Start the WCO */
 218:Generated_Source\PSoC4/cyfitter_cfg.c **** 	CySysClkWcoStart();
 255              		.loc 1 218 0
 256 000a FFF7FEFF 		bl	CySysClkWcoStart
 219:Generated_Source\PSoC4/cyfitter_cfg.c **** 	CyDelayCycles(12000000u); /* WCO may take up to 500ms to start */
 257              		.loc 1 219 0
 258 000e 274B     		ldr	r3, .L10+4
 259 0010 1800     		movs	r0, r3
 260 0012 FFF7FEFF 		bl	CyDelayCycles
 220:Generated_Source\PSoC4/cyfitter_cfg.c **** 	(void)CySysClkWcoSetPowerMode(CY_SYS_CLK_WCO_LPM);    /* Switch to the low power mode */
 261              		.loc 1 220 0
 262 0016 0120     		movs	r0, #1
 263 0018 FFF7FEFF 		bl	CySysClkWcoSetPowerMode
 221:Generated_Source\PSoC4/cyfitter_cfg.c **** 
 222:Generated_Source\PSoC4/cyfitter_cfg.c **** 	/* Setup and trim IMO based on desired frequency. */
 223:Generated_Source\PSoC4/cyfitter_cfg.c **** 	CySysClkWriteImoFreq(48u);
 264              		.loc 1 223 0
 265 001c 3020     		movs	r0, #48
 266 001e FFF7FEFF 		bl	CySysClkWriteImoFreq
 224:Generated_Source\PSoC4/cyfitter_cfg.c **** 	/* CYDEV_CLK_ILO_CONFIG Starting address: CYDEV_CLK_ILO_CONFIG */
 225:Generated_Source\PSoC4/cyfitter_cfg.c **** 	CY_SET_REG32((void *)(CYREG_CLK_ILO_CONFIG), 0x80000006u);
 267              		.loc 1 225 0
 268 0022 234B     		ldr	r3, .L10+8
 269 0024 234A     		ldr	r2, .L10+12
 270 0026 1A60     		str	r2, [r3]
 226:Generated_Source\PSoC4/cyfitter_cfg.c **** 
 227:Generated_Source\PSoC4/cyfitter_cfg.c **** 	/* CYDEV_WDT_CONFIG Starting address: CYDEV_WDT_CONFIG */
 228:Generated_Source\PSoC4/cyfitter_cfg.c **** 	CY_SET_REG32((void *)(CYREG_WDT_CONFIG), 0x40000000u);
 271              		.loc 1 228 0
 272 0028 234B     		ldr	r3, .L10+16
 273 002a 8022     		movs	r2, #128
 274 002c D205     		lsls	r2, r2, #23
 275 002e 1A60     		str	r2, [r3]
 229:Generated_Source\PSoC4/cyfitter_cfg.c **** 
 230:Generated_Source\PSoC4/cyfitter_cfg.c **** 
 231:Generated_Source\PSoC4/cyfitter_cfg.c **** 	/* Enable fast start mode for XO */
 232:Generated_Source\PSoC4/cyfitter_cfg.c **** 	CY_SET_REG32((void*)CYREG_BLE_BLERD_BB_XO, CY_GET_REG32((void*)CYREG_BLE_BLERD_BB_XO) | (uint32)0x
 276              		.loc 1 232 0
 277 0030 224B     		ldr	r3, .L10+20
 278 0032 224A     		ldr	r2, .L10+20
ARM GAS  C:\Users\Admin\AppData\Local\Temp\cc9myyAV.s 			page 10


 279 0034 1268     		ldr	r2, [r2]
 280 0036 0221     		movs	r1, #2
 281 0038 0A43     		orrs	r2, r1
 282 003a 1A60     		str	r2, [r3]
 233:Generated_Source\PSoC4/cyfitter_cfg.c **** 	CY_SET_REG32((void *)(CYREG_BLE_BLERD_BB_XO_CAPTRIM), 0x0000BCBCu);
 283              		.loc 1 233 0
 284 003c 204B     		ldr	r3, .L10+24
 285 003e 214A     		ldr	r2, .L10+28
 286 0040 1A60     		str	r2, [r3]
 234:Generated_Source\PSoC4/cyfitter_cfg.c **** 	/*Set XTAL(ECO) divider*/
 235:Generated_Source\PSoC4/cyfitter_cfg.c **** 	CY_SET_REG32((void *)(CYREG_BLE_BLESS_XTAL_CLK_DIV_CONFIG), 0x00000000u);
 287              		.loc 1 235 0
 288 0042 214B     		ldr	r3, .L10+32
 289 0044 0022     		movs	r2, #0
 290 0046 1A60     		str	r2, [r3]
 236:Generated_Source\PSoC4/cyfitter_cfg.c **** 	/* Disable Crystal Stable Interrupt before enabling ECO */
 237:Generated_Source\PSoC4/cyfitter_cfg.c **** 	CY_SET_REG32((void*)CYREG_BLE_BLESS_LL_DSM_CTRL, CY_GET_REG32((void*)CYREG_BLE_BLESS_LL_DSM_CTRL) 
 291              		.loc 1 237 0
 292 0048 204B     		ldr	r3, .L10+36
 293 004a 204A     		ldr	r2, .L10+36
 294 004c 1268     		ldr	r2, [r2]
 295 004e 0821     		movs	r1, #8
 296 0050 8A43     		bics	r2, r1
 297 0052 1A60     		str	r2, [r3]
 238:Generated_Source\PSoC4/cyfitter_cfg.c **** 	/* Start the ECO and do not check status since it is not needed for HFCLK */
 239:Generated_Source\PSoC4/cyfitter_cfg.c **** 	(void)CySysClkEcoStart(2000u);
 298              		.loc 1 239 0
 299 0054 FA23     		movs	r3, #250
 300 0056 DB00     		lsls	r3, r3, #3
 301 0058 1800     		movs	r0, r3
 302 005a FFF7FEFF 		bl	CySysClkEcoStart
 240:Generated_Source\PSoC4/cyfitter_cfg.c **** 	CyDelayUs(1500u); /* Wait to stabilize */
 303              		.loc 1 240 0
 304 005e 1C4B     		ldr	r3, .L10+40
 305 0060 1800     		movs	r0, r3
 306 0062 FFF7FEFF 		bl	CyDelayUs
 241:Generated_Source\PSoC4/cyfitter_cfg.c **** 
 242:Generated_Source\PSoC4/cyfitter_cfg.c **** 	/* Setup phase aligned clocks */
 243:Generated_Source\PSoC4/cyfitter_cfg.c **** 	CY_SET_REG32((void *)CYREG_PERI_DIV_16_CTL0, 0x00000F00u);
 307              		.loc 1 243 0
 308 0066 1B4B     		ldr	r3, .L10+44
 309 0068 F022     		movs	r2, #240
 310 006a 1201     		lsls	r2, r2, #4
 311 006c 1A60     		str	r2, [r3]
 244:Generated_Source\PSoC4/cyfitter_cfg.c **** 	CY_SET_REG32((void *)CYREG_PERI_DIV_CMD, 0x8000FF40u);
 312              		.loc 1 244 0
 313 006e 1A4B     		ldr	r3, .L10+48
 314 0070 1A4A     		ldr	r2, .L10+52
 315 0072 1A60     		str	r2, [r3]
 245:Generated_Source\PSoC4/cyfitter_cfg.c **** 
 246:Generated_Source\PSoC4/cyfitter_cfg.c **** 	/* CYDEV_CLK_IMO_CONFIG Starting address: CYDEV_CLK_IMO_CONFIG */
 247:Generated_Source\PSoC4/cyfitter_cfg.c **** 	CY_SET_REG32((void *)(CYREG_CLK_IMO_CONFIG), 0x80000000u);
 316              		.loc 1 247 0
 317 0074 1A4B     		ldr	r3, .L10+56
 318 0076 8022     		movs	r2, #128
 319 0078 1206     		lsls	r2, r2, #24
 320 007a 1A60     		str	r2, [r3]
ARM GAS  C:\Users\Admin\AppData\Local\Temp\cc9myyAV.s 			page 11


 248:Generated_Source\PSoC4/cyfitter_cfg.c **** 
 249:Generated_Source\PSoC4/cyfitter_cfg.c **** 	/* CYDEV_CLK_SELECT Starting address: CYDEV_CLK_SELECT */
 250:Generated_Source\PSoC4/cyfitter_cfg.c **** 	CY_SET_REG32((void *)(CYREG_CLK_SELECT), 0x00040000u);
 321              		.loc 1 250 0
 322 007c 194B     		ldr	r3, .L10+60
 323 007e 8022     		movs	r2, #128
 324 0080 D202     		lsls	r2, r2, #11
 325 0082 1A60     		str	r2, [r3]
 251:Generated_Source\PSoC4/cyfitter_cfg.c **** 
 252:Generated_Source\PSoC4/cyfitter_cfg.c **** 	/* CYDEV_PERI_PCLK_CTL7 Starting address: CYDEV_PERI_PCLK_CTL7 */
 253:Generated_Source\PSoC4/cyfitter_cfg.c **** 	CY_SET_REG32((void *)(CYREG_PERI_PCLK_CTL7), 0x00000040u);
 326              		.loc 1 253 0
 327 0084 184B     		ldr	r3, .L10+64
 328 0086 4022     		movs	r2, #64
 329 0088 1A60     		str	r2, [r3]
 254:Generated_Source\PSoC4/cyfitter_cfg.c **** 
 255:Generated_Source\PSoC4/cyfitter_cfg.c **** 	(void)CyIntSetVector(8u, &CySysWdtIsr);
 330              		.loc 1 255 0
 331 008a 184B     		ldr	r3, .L10+68
 332 008c 1900     		movs	r1, r3
 333 008e 0820     		movs	r0, #8
 334 0090 FFF7FEFF 		bl	CyIntSetVector
 256:Generated_Source\PSoC4/cyfitter_cfg.c **** 	CyIntEnable(8u);
 335              		.loc 1 256 0
 336 0094 0820     		movs	r0, #8
 337 0096 FFF7FEFF 		bl	CyIntEnable
 257:Generated_Source\PSoC4/cyfitter_cfg.c **** 	CY_SET_REG32((void *)(CYREG_WDT_CONFIG), 0x40000000u);
 338              		.loc 1 257 0
 339 009a 074B     		ldr	r3, .L10+16
 340 009c 8022     		movs	r2, #128
 341 009e D205     		lsls	r2, r2, #23
 342 00a0 1A60     		str	r2, [r3]
 258:Generated_Source\PSoC4/cyfitter_cfg.c **** }
 343              		.loc 1 258 0
 344 00a2 C046     		nop
 345 00a4 BD46     		mov	sp, r7
 346              		@ sp needed
 347 00a6 80BD     		pop	{r7, pc}
 348              	.L11:
 349              		.align	2
 350              	.L10:
 351 00a8 30001040 		.word	1074790448
 352 00ac 001BB700 		.word	12000000
 353 00b0 04010B40 		.word	1074462980
 354 00b4 06000080 		.word	-2147483642
 355 00b8 0C020B40 		.word	1074463244
 356 00bc 78002E40 		.word	1076756600
 357 00c0 7C002E40 		.word	1076756604
 358 00c4 BCBC0000 		.word	48316
 359 00c8 64F02E40 		.word	1076818020
 360 00cc 6CF02E40 		.word	1076818028
 361 00d0 DC050000 		.word	1500
 362 00d4 00030140 		.word	1073808128
 363 00d8 00000140 		.word	1073807360
 364 00dc 40FF0080 		.word	-2147418304
 365 00e0 08010B40 		.word	1074462984
 366 00e4 00010B40 		.word	1074462976
ARM GAS  C:\Users\Admin\AppData\Local\Temp\cc9myyAV.s 			page 12


 367 00e8 1C010140 		.word	1073807644
 368 00ec 00000000 		.word	CySysWdtIsr
 369              		.cfi_endproc
 370              	.LFE6:
 371              		.size	ClockSetup, .-ClockSetup
 372              		.section	.text.AnalogSetDefault,"ax",%progbits
 373              		.align	2
 374              		.code	16
 375              		.thumb_func
 376              		.type	AnalogSetDefault, %function
 377              	AnalogSetDefault:
 378              	.LFB7:
 259:Generated_Source\PSoC4/cyfitter_cfg.c **** 
 260:Generated_Source\PSoC4/cyfitter_cfg.c **** 
 261:Generated_Source\PSoC4/cyfitter_cfg.c **** /* Analog API Functions */
 262:Generated_Source\PSoC4/cyfitter_cfg.c **** 
 263:Generated_Source\PSoC4/cyfitter_cfg.c **** 
 264:Generated_Source\PSoC4/cyfitter_cfg.c **** /*******************************************************************************
 265:Generated_Source\PSoC4/cyfitter_cfg.c **** * Function Name: AnalogSetDefault
 266:Generated_Source\PSoC4/cyfitter_cfg.c **** ********************************************************************************
 267:Generated_Source\PSoC4/cyfitter_cfg.c **** *
 268:Generated_Source\PSoC4/cyfitter_cfg.c **** * Summary:
 269:Generated_Source\PSoC4/cyfitter_cfg.c **** *  Sets up the analog portions of the chip to default values based on chip
 270:Generated_Source\PSoC4/cyfitter_cfg.c **** *  configuration options from the project.
 271:Generated_Source\PSoC4/cyfitter_cfg.c **** *
 272:Generated_Source\PSoC4/cyfitter_cfg.c **** * Parameters:
 273:Generated_Source\PSoC4/cyfitter_cfg.c **** *  void
 274:Generated_Source\PSoC4/cyfitter_cfg.c **** *
 275:Generated_Source\PSoC4/cyfitter_cfg.c **** * Return:
 276:Generated_Source\PSoC4/cyfitter_cfg.c **** *  void
 277:Generated_Source\PSoC4/cyfitter_cfg.c **** *
 278:Generated_Source\PSoC4/cyfitter_cfg.c **** *******************************************************************************/
 279:Generated_Source\PSoC4/cyfitter_cfg.c **** static void AnalogSetDefault(void);
 280:Generated_Source\PSoC4/cyfitter_cfg.c **** static void AnalogSetDefault(void)
 281:Generated_Source\PSoC4/cyfitter_cfg.c **** {
 379              		.loc 1 281 0
 380              		.cfi_startproc
 381              		@ args = 0, pretend = 0, frame = 0
 382              		@ frame_needed = 1, uses_anonymous_args = 0
 383 0000 80B5     		push	{r7, lr}
 384              		.cfi_def_cfa_offset 8
 385              		.cfi_offset 7, -8
 386              		.cfi_offset 14, -4
 387 0002 00AF     		add	r7, sp, #0
 388              		.cfi_def_cfa_register 7
 282:Generated_Source\PSoC4/cyfitter_cfg.c **** 	CY_SET_XTND_REG32((void CYFAR *)CYREG_CTBM0_DFT_CTRL, 0x00000003u);
 389              		.loc 1 282 0
 390 0004 054B     		ldr	r3, .L13
 391 0006 0322     		movs	r2, #3
 392 0008 1A60     		str	r2, [r3]
 283:Generated_Source\PSoC4/cyfitter_cfg.c **** 	CY_SET_XTND_REG32((void CYFAR *)CYREG_CTBM1_DFT_CTRL, 0x00000003u);
 393              		.loc 1 283 0
 394 000a 054B     		ldr	r3, .L13+4
 395 000c 0322     		movs	r2, #3
 396 000e 1A60     		str	r2, [r3]
 284:Generated_Source\PSoC4/cyfitter_cfg.c **** 	CY_SET_XTND_REG32((void CYFAR *)CYREG_PASS_DSAB_DSAB_CTRL, 0x00000000u);
 397              		.loc 1 284 0
ARM GAS  C:\Users\Admin\AppData\Local\Temp\cc9myyAV.s 			page 13


 398 0010 044B     		ldr	r3, .L13+8
 399 0012 0022     		movs	r2, #0
 400 0014 1A60     		str	r2, [r3]
 285:Generated_Source\PSoC4/cyfitter_cfg.c **** }
 401              		.loc 1 285 0
 402 0016 C046     		nop
 403 0018 BD46     		mov	sp, r7
 404              		@ sp needed
 405 001a 80BD     		pop	{r7, pc}
 406              	.L14:
 407              		.align	2
 408              	.L13:
 409 001c 30003040 		.word	1076887600
 410 0020 30003140 		.word	1076953136
 411 0024 000E3F40 		.word	1077874176
 412              		.cfi_endproc
 413              	.LFE7:
 414              		.size	AnalogSetDefault, .-AnalogSetDefault
 415              		.section	.psocinit
 416              		.align	2
 417              		.global	cyfitter_cfg
 418              		.code	16
 419              		.thumb_func
 420              		.type	cyfitter_cfg, %function
 421              	cyfitter_cfg:
 422              	.LFB8:
 286:Generated_Source\PSoC4/cyfitter_cfg.c **** 
 287:Generated_Source\PSoC4/cyfitter_cfg.c **** 
 288:Generated_Source\PSoC4/cyfitter_cfg.c **** 
 289:Generated_Source\PSoC4/cyfitter_cfg.c **** 
 290:Generated_Source\PSoC4/cyfitter_cfg.c **** /*******************************************************************************
 291:Generated_Source\PSoC4/cyfitter_cfg.c **** * Function Name: cyfitter_cfg
 292:Generated_Source\PSoC4/cyfitter_cfg.c **** ********************************************************************************
 293:Generated_Source\PSoC4/cyfitter_cfg.c **** * Summary:
 294:Generated_Source\PSoC4/cyfitter_cfg.c **** *  This function is called by the start-up code for the selected device. It
 295:Generated_Source\PSoC4/cyfitter_cfg.c **** *  performs all of the necessary device configuration based on the design
 296:Generated_Source\PSoC4/cyfitter_cfg.c **** *  settings.  This includes settings from the Design Wide Resources (DWR) such
 297:Generated_Source\PSoC4/cyfitter_cfg.c **** *  as Clocks and Pins as well as any component configuration that is necessary.
 298:Generated_Source\PSoC4/cyfitter_cfg.c **** *
 299:Generated_Source\PSoC4/cyfitter_cfg.c **** * Parameters:
 300:Generated_Source\PSoC4/cyfitter_cfg.c **** *   void
 301:Generated_Source\PSoC4/cyfitter_cfg.c **** *
 302:Generated_Source\PSoC4/cyfitter_cfg.c **** * Return:
 303:Generated_Source\PSoC4/cyfitter_cfg.c **** *   void
 304:Generated_Source\PSoC4/cyfitter_cfg.c **** *
 305:Generated_Source\PSoC4/cyfitter_cfg.c **** *******************************************************************************/
 306:Generated_Source\PSoC4/cyfitter_cfg.c **** CY_CFG_SECTION
 307:Generated_Source\PSoC4/cyfitter_cfg.c **** void cyfitter_cfg(void)
 308:Generated_Source\PSoC4/cyfitter_cfg.c **** {
 423              		.loc 1 308 0
 424              		.cfi_startproc
 425              		@ args = 0, pretend = 0, frame = 8
 426              		@ frame_needed = 1, uses_anonymous_args = 0
 427 00f0 80B5     		push	{r7, lr}
 428              		.cfi_def_cfa_offset 8
 429              		.cfi_offset 7, -8
 430              		.cfi_offset 14, -4
ARM GAS  C:\Users\Admin\AppData\Local\Temp\cc9myyAV.s 			page 14


 431 00f2 82B0     		sub	sp, sp, #8
 432              		.cfi_def_cfa_offset 16
 433 00f4 00AF     		add	r7, sp, #0
 434              		.cfi_def_cfa_register 7
 309:Generated_Source\PSoC4/cyfitter_cfg.c **** 	/* Disable interrupts by default. Let user enable if/when they want. */
 310:Generated_Source\PSoC4/cyfitter_cfg.c **** 	CyGlobalIntDisable;
 435              		.loc 1 310 0
 436              		.syntax divided
 437              	@ 310 "Generated_Source\PSoC4\cyfitter_cfg.c" 1
 438 00f6 72B6     		CPSID   i
 439              	@ 0 "" 2
 311:Generated_Source\PSoC4/cyfitter_cfg.c **** 
 312:Generated_Source\PSoC4/cyfitter_cfg.c **** 	CY_SET_REG32((void *)(CYREG_BLE_BLESS_LL_DSM_CTRL), 0x00000000u);
 440              		.loc 1 312 0
 441              		.thumb
 442              		.syntax unified
 443 00f8 324B     		ldr	r3, .L18
 444 00fa 0022     		movs	r2, #0
 445 00fc 1A60     		str	r2, [r3]
 446              	.LBB3:
 313:Generated_Source\PSoC4/cyfitter_cfg.c **** 
 314:Generated_Source\PSoC4/cyfitter_cfg.c **** 	{
 315:Generated_Source\PSoC4/cyfitter_cfg.c **** 		static const uint32 CYCODE cy_cfg_addr_table[] = {
 316:Generated_Source\PSoC4/cyfitter_cfg.c **** 			0x400F4202u, /* Base address: 0x400F4200 Count: 2 */
 317:Generated_Source\PSoC4/cyfitter_cfg.c **** 			0x400F4303u, /* Base address: 0x400F4300 Count: 3 */
 318:Generated_Source\PSoC4/cyfitter_cfg.c **** 		};
 319:Generated_Source\PSoC4/cyfitter_cfg.c **** 
 320:Generated_Source\PSoC4/cyfitter_cfg.c **** 		static const cy_cfg_addrvalue_t CYCODE cy_cfg_data_table[] = {
 321:Generated_Source\PSoC4/cyfitter_cfg.c **** 			{0x10u, 0x10u},
 322:Generated_Source\PSoC4/cyfitter_cfg.c **** 			{0xC4u, 0x08u},
 323:Generated_Source\PSoC4/cyfitter_cfg.c **** 			{0x64u, 0x10u},
 324:Generated_Source\PSoC4/cyfitter_cfg.c **** 			{0x98u, 0x10u},
 325:Generated_Source\PSoC4/cyfitter_cfg.c **** 			{0xD8u, 0x01u},
 326:Generated_Source\PSoC4/cyfitter_cfg.c **** 		};
 327:Generated_Source\PSoC4/cyfitter_cfg.c **** 
 328:Generated_Source\PSoC4/cyfitter_cfg.c **** 
 329:Generated_Source\PSoC4/cyfitter_cfg.c **** 
 330:Generated_Source\PSoC4/cyfitter_cfg.c **** 		CYPACKED typedef struct {
 331:Generated_Source\PSoC4/cyfitter_cfg.c **** 			void CYFAR *address;
 332:Generated_Source\PSoC4/cyfitter_cfg.c **** 			uint16 size;
 333:Generated_Source\PSoC4/cyfitter_cfg.c **** 		} CYPACKED_ATTR cfg_memset_t;
 334:Generated_Source\PSoC4/cyfitter_cfg.c **** 
 335:Generated_Source\PSoC4/cyfitter_cfg.c **** 		static const cfg_memset_t CYCODE cfg_memset_list[] = {
 336:Generated_Source\PSoC4/cyfitter_cfg.c **** 			/* address, size */
 337:Generated_Source\PSoC4/cyfitter_cfg.c **** 			{(void CYFAR *)(CYDEV_UDB_P0_U0_BASE), 1024u},
 338:Generated_Source\PSoC4/cyfitter_cfg.c **** 			{(void CYFAR *)(CYDEV_UDB_DSI0_BASE), 1024u},
 339:Generated_Source\PSoC4/cyfitter_cfg.c **** 		};
 340:Generated_Source\PSoC4/cyfitter_cfg.c **** 
 341:Generated_Source\PSoC4/cyfitter_cfg.c **** 		uint8 CYDATA i;
 342:Generated_Source\PSoC4/cyfitter_cfg.c **** 
 343:Generated_Source\PSoC4/cyfitter_cfg.c **** 		/* Zero out critical memory blocks before beginning configuration */
 344:Generated_Source\PSoC4/cyfitter_cfg.c **** 		for (i = 0u; i < (sizeof(cfg_memset_list)/sizeof(cfg_memset_list[0])); i++)
 447              		.loc 1 344 0
 448 00fe FB1D     		adds	r3, r7, #7
 449 0100 0022     		movs	r2, #0
 450 0102 1A70     		strb	r2, [r3]
 451 0104 22E0     		b	.L16
ARM GAS  C:\Users\Admin\AppData\Local\Temp\cc9myyAV.s 			page 15


 452              	.L17:
 453              	.LBB4:
 345:Generated_Source\PSoC4/cyfitter_cfg.c **** 		{
 346:Generated_Source\PSoC4/cyfitter_cfg.c **** 			const cfg_memset_t CYCODE * CYDATA ms = &cfg_memset_list[i];
 454              		.loc 1 346 0 discriminator 3
 455 0106 FB1D     		adds	r3, r7, #7
 456 0108 1A78     		ldrb	r2, [r3]
 457 010a 1300     		movs	r3, r2
 458 010c 5B00     		lsls	r3, r3, #1
 459 010e 9B18     		adds	r3, r3, r2
 460 0110 5B00     		lsls	r3, r3, #1
 461 0112 2D4A     		ldr	r2, .L18+4
 462 0114 9B18     		adds	r3, r3, r2
 463 0116 3B60     		str	r3, [r7]
 347:Generated_Source\PSoC4/cyfitter_cfg.c **** 			CYMEMZERO(ms->address, (size_t)(uint32)(ms->size));
 464              		.loc 1 347 0 discriminator 3
 465 0118 3B68     		ldr	r3, [r7]
 466 011a 1A78     		ldrb	r2, [r3]
 467 011c 5978     		ldrb	r1, [r3, #1]
 468 011e 0902     		lsls	r1, r1, #8
 469 0120 0A43     		orrs	r2, r1
 470 0122 9978     		ldrb	r1, [r3, #2]
 471 0124 0904     		lsls	r1, r1, #16
 472 0126 0A43     		orrs	r2, r1
 473 0128 DB78     		ldrb	r3, [r3, #3]
 474 012a 1B06     		lsls	r3, r3, #24
 475 012c 1343     		orrs	r3, r2
 476 012e 1800     		movs	r0, r3
 477 0130 3B68     		ldr	r3, [r7]
 478 0132 1A79     		ldrb	r2, [r3, #4]
 479 0134 5B79     		ldrb	r3, [r3, #5]
 480 0136 1B02     		lsls	r3, r3, #8
 481 0138 1343     		orrs	r3, r2
 482 013a 9BB2     		uxth	r3, r3
 483 013c 1900     		movs	r1, r3
 484 013e FFF7FEFF 		bl	CYMEMZERO
 485              	.LBE4:
 344:Generated_Source\PSoC4/cyfitter_cfg.c **** 		{
 486              		.loc 1 344 0 discriminator 3
 487 0142 FB1D     		adds	r3, r7, #7
 488 0144 1A78     		ldrb	r2, [r3]
 489 0146 FB1D     		adds	r3, r7, #7
 490 0148 0132     		adds	r2, r2, #1
 491 014a 1A70     		strb	r2, [r3]
 492              	.L16:
 344:Generated_Source\PSoC4/cyfitter_cfg.c **** 		{
 493              		.loc 1 344 0 is_stmt 0 discriminator 1
 494 014c FB1D     		adds	r3, r7, #7
 495 014e 1B78     		ldrb	r3, [r3]
 496 0150 012B     		cmp	r3, #1
 497 0152 D8D9     		bls	.L17
 348:Generated_Source\PSoC4/cyfitter_cfg.c **** 		}
 349:Generated_Source\PSoC4/cyfitter_cfg.c **** 
 350:Generated_Source\PSoC4/cyfitter_cfg.c **** 		cfg_write_bytes32(cy_cfg_addr_table, cy_cfg_data_table);
 498              		.loc 1 350 0 is_stmt 1
 499 0154 1D4A     		ldr	r2, .L18+8
 500 0156 1E4B     		ldr	r3, .L18+12
ARM GAS  C:\Users\Admin\AppData\Local\Temp\cc9myyAV.s 			page 16


 501 0158 1100     		movs	r1, r2
 502 015a 1800     		movs	r0, r3
 503 015c FFF7FEFF 		bl	cfg_write_bytes32
 351:Generated_Source\PSoC4/cyfitter_cfg.c **** 
 352:Generated_Source\PSoC4/cyfitter_cfg.c **** 		/* HSIOM Starting address: CYDEV_HSIOM_BASE */
 353:Generated_Source\PSoC4/cyfitter_cfg.c **** 		CY_SET_REG32((void *)(CYDEV_HSIOM_BASE), 0xEE000000u);
 504              		.loc 1 353 0
 505 0160 1C4B     		ldr	r3, .L18+16
 506 0162 EE22     		movs	r2, #238
 507 0164 1206     		lsls	r2, r2, #24
 508 0166 1A60     		str	r2, [r3]
 354:Generated_Source\PSoC4/cyfitter_cfg.c **** 		CY_SET_REG32((void *)(CYREG_HSIOM_PORT_SEL3), 0x30000000u);
 509              		.loc 1 354 0
 510 0168 1B4B     		ldr	r3, .L18+20
 511 016a C022     		movs	r2, #192
 512 016c 9205     		lsls	r2, r2, #22
 513 016e 1A60     		str	r2, [r3]
 355:Generated_Source\PSoC4/cyfitter_cfg.c **** 
 356:Generated_Source\PSoC4/cyfitter_cfg.c **** 		/* UDB_PA_0 Starting address: CYDEV_UDB_PA0_BASE */
 357:Generated_Source\PSoC4/cyfitter_cfg.c **** 		CY_SET_REG32((void *)(CYDEV_UDB_PA0_BASE), 0x00990000u);
 514              		.loc 1 357 0
 515 0170 1A4B     		ldr	r3, .L18+24
 516 0172 9922     		movs	r2, #153
 517 0174 1204     		lsls	r2, r2, #16
 518 0176 1A60     		str	r2, [r3]
 358:Generated_Source\PSoC4/cyfitter_cfg.c **** 
 359:Generated_Source\PSoC4/cyfitter_cfg.c **** 		/* UDB_PA_3 Starting address: CYDEV_UDB_PA3_BASE */
 360:Generated_Source\PSoC4/cyfitter_cfg.c **** 		CY_SET_REG32((void *)(CYDEV_UDB_PA3_BASE), 0x00990000u);
 519              		.loc 1 360 0
 520 0178 194B     		ldr	r3, .L18+28
 521 017a 9922     		movs	r2, #153
 522 017c 1204     		lsls	r2, r2, #16
 523 017e 1A60     		str	r2, [r3]
 361:Generated_Source\PSoC4/cyfitter_cfg.c **** 		CY_SET_REG32((void *)(CYREG_UDB_PA3_CFG8), 0xC0000000u);
 524              		.loc 1 361 0
 525 0180 184B     		ldr	r3, .L18+32
 526 0182 C022     		movs	r2, #192
 527 0184 1206     		lsls	r2, r2, #24
 528 0186 1A60     		str	r2, [r3]
 362:Generated_Source\PSoC4/cyfitter_cfg.c **** 
 363:Generated_Source\PSoC4/cyfitter_cfg.c **** 		/* Enable digital routing */
 364:Generated_Source\PSoC4/cyfitter_cfg.c **** 		CY_SET_XTND_REG8((void *)CYREG_UDB_UDBIF_BANK_CTL, (uint8)(CY_GET_XTND_REG8((void *)CYREG_UDB_UDB
 529              		.loc 1 364 0
 530 0188 174A     		ldr	r2, .L18+36
 531 018a 174B     		ldr	r3, .L18+36
 532 018c 1B78     		ldrb	r3, [r3]
 533 018e DBB2     		uxtb	r3, r3
 534 0190 0621     		movs	r1, #6
 535 0192 0B43     		orrs	r3, r1
 536 0194 DBB2     		uxtb	r3, r3
 537 0196 1370     		strb	r3, [r2]
 538              	.LBE3:
 365:Generated_Source\PSoC4/cyfitter_cfg.c **** 	}
 366:Generated_Source\PSoC4/cyfitter_cfg.c **** 
 367:Generated_Source\PSoC4/cyfitter_cfg.c **** 	/* Perform second pass device configuration. These items must be configured in specific order afte
 368:Generated_Source\PSoC4/cyfitter_cfg.c **** 	/* IOPINS0_0 Starting address: CYDEV_GPIO_PRT0_BASE */
 369:Generated_Source\PSoC4/cyfitter_cfg.c **** 	CY_SET_REG32((void *)(CYDEV_GPIO_PRT0_BASE), 0x00000008u);
ARM GAS  C:\Users\Admin\AppData\Local\Temp\cc9myyAV.s 			page 17


 539              		.loc 1 369 0
 540 0198 144B     		ldr	r3, .L18+40
 541 019a 0822     		movs	r2, #8
 542 019c 1A60     		str	r2, [r3]
 370:Generated_Source\PSoC4/cyfitter_cfg.c **** 	CY_SET_REG32((void *)(CYREG_GPIO_PRT0_PC), 0x00D80C00u);
 543              		.loc 1 370 0
 544 019e 144B     		ldr	r3, .L18+44
 545 01a0 144A     		ldr	r2, .L18+48
 546 01a2 1A60     		str	r2, [r3]
 371:Generated_Source\PSoC4/cyfitter_cfg.c **** 
 372:Generated_Source\PSoC4/cyfitter_cfg.c **** 	/* IOPINS0_3 Starting address: CYDEV_GPIO_PRT3_BASE */
 373:Generated_Source\PSoC4/cyfitter_cfg.c **** 	CY_SET_REG32((void *)(CYDEV_GPIO_PRT3_BASE), 0x000000C0u);
 547              		.loc 1 373 0
 548 01a4 144B     		ldr	r3, .L18+52
 549 01a6 C022     		movs	r2, #192
 550 01a8 1A60     		str	r2, [r3]
 374:Generated_Source\PSoC4/cyfitter_cfg.c **** 	CY_SET_REG32((void *)(CYREG_GPIO_PRT3_PC), 0x00D80000u);
 551              		.loc 1 374 0
 552 01aa 144B     		ldr	r3, .L18+56
 553 01ac D822     		movs	r2, #216
 554 01ae 1204     		lsls	r2, r2, #16
 555 01b0 1A60     		str	r2, [r3]
 375:Generated_Source\PSoC4/cyfitter_cfg.c **** 
 376:Generated_Source\PSoC4/cyfitter_cfg.c **** 
 377:Generated_Source\PSoC4/cyfitter_cfg.c **** 	/* Setup clocks based on selections from Clock DWR */
 378:Generated_Source\PSoC4/cyfitter_cfg.c **** 	ClockSetup();
 556              		.loc 1 378 0
 557 01b2 FFF725FF 		bl	ClockSetup
 379:Generated_Source\PSoC4/cyfitter_cfg.c **** 
 380:Generated_Source\PSoC4/cyfitter_cfg.c **** 	/* Perform basic analog initialization to defaults */
 381:Generated_Source\PSoC4/cyfitter_cfg.c **** 	AnalogSetDefault();
 558              		.loc 1 381 0
 559 01b6 FFF7FEFF 		bl	AnalogSetDefault
 382:Generated_Source\PSoC4/cyfitter_cfg.c **** 
 383:Generated_Source\PSoC4/cyfitter_cfg.c **** }
 560              		.loc 1 383 0
 561 01ba C046     		nop
 562 01bc BD46     		mov	sp, r7
 563 01be 02B0     		add	sp, sp, #8
 564              		@ sp needed
 565 01c0 80BD     		pop	{r7, pc}
 566              	.L19:
 567 01c2 C046     		.align	2
 568              	.L18:
 569 01c4 6CF02E40 		.word	1076818028
 570 01c8 00000000 		.word	cfg_memset_list.4916
 571 01cc 14000000 		.word	cy_cfg_data_table.4911
 572 01d0 0C000000 		.word	cy_cfg_addr_table.4910
 573 01d4 00000240 		.word	1073872896
 574 01d8 00030240 		.word	1073873664
 575 01dc 00500F40 		.word	1074745344
 576 01e0 30500F40 		.word	1074745392
 577 01e4 38500F40 		.word	1074745400
 578 01e8 00700F40 		.word	1074753536
 579 01ec 00000440 		.word	1074003968
 580 01f0 08000440 		.word	1074003976
 581 01f4 000CD800 		.word	14158848
ARM GAS  C:\Users\Admin\AppData\Local\Temp\cc9myyAV.s 			page 18


 582 01f8 00030440 		.word	1074004736
 583 01fc 08030440 		.word	1074004744
 584              		.cfi_endproc
 585              	.LFE8:
 586              		.size	cyfitter_cfg, .-cyfitter_cfg
 587              		.section	.rodata
 588              		.align	2
 589              		.type	cfg_memset_list.4916, %object
 590              		.size	cfg_memset_list.4916, 12
 591              	cfg_memset_list.4916:
 592 0000 00300F40 		.word	1074737152
 593 0004 0004     		.short	1024
 594 0006 00400F40 		.4byte	1074741248
 595 000a 0004     		.short	1024
 596              		.align	2
 597              		.type	cy_cfg_addr_table.4910, %object
 598              		.size	cy_cfg_addr_table.4910, 8
 599              	cy_cfg_addr_table.4910:
 600 000c 02420F40 		.word	1074741762
 601 0010 03430F40 		.word	1074742019
 602              		.align	2
 603              		.type	cy_cfg_data_table.4911, %object
 604              		.size	cy_cfg_data_table.4911, 10
 605              	cy_cfg_data_table.4911:
 606 0014 10       		.byte	16
 607 0015 10       		.byte	16
 608 0016 C4       		.byte	-60
 609 0017 08       		.byte	8
 610 0018 64       		.byte	100
 611 0019 10       		.byte	16
 612 001a 98       		.byte	-104
 613 001b 10       		.byte	16
 614 001c D8       		.byte	-40
 615 001d 01       		.byte	1
 616              		.text
 617              	.Letext0:
 618              		.file 2 "c:\\program files (x86)\\cypress\\psoc creator\\4.4\\psoc creator\\import\\gnu\\arm\\5.4.
 619              		.file 3 "Generated_Source\\PSoC4\\cytypes.h"
 620              		.section	.debug_info,"",%progbits
 621              	.Ldebug_info0:
 622 0000 5A030000 		.4byte	0x35a
 623 0004 0400     		.2byte	0x4
 624 0006 00000000 		.4byte	.Ldebug_abbrev0
 625 000a 04       		.byte	0x4
 626 000b 01       		.uleb128 0x1
 627 000c D2000000 		.4byte	.LASF40
 628 0010 0C       		.byte	0xc
 629 0011 6E020000 		.4byte	.LASF41
 630 0015 59000000 		.4byte	.LASF42
 631 0019 00000000 		.4byte	.Ldebug_ranges0+0
 632 001d 00000000 		.4byte	0
 633 0021 00000000 		.4byte	.Ldebug_line0
 634 0025 02       		.uleb128 0x2
 635 0026 04       		.byte	0x4
 636 0027 05       		.byte	0x5
 637 0028 696E7400 		.ascii	"int\000"
 638 002c 03       		.uleb128 0x3
ARM GAS  C:\Users\Admin\AppData\Local\Temp\cc9myyAV.s 			page 19


 639 002d 06000000 		.4byte	.LASF12
 640 0031 02       		.byte	0x2
 641 0032 D8       		.byte	0xd8
 642 0033 37000000 		.4byte	0x37
 643 0037 04       		.uleb128 0x4
 644 0038 04       		.byte	0x4
 645 0039 07       		.byte	0x7
 646 003a B8010000 		.4byte	.LASF0
 647 003e 04       		.uleb128 0x4
 648 003f 08       		.byte	0x8
 649 0040 05       		.byte	0x5
 650 0041 16020000 		.4byte	.LASF1
 651 0045 04       		.uleb128 0x4
 652 0046 08       		.byte	0x8
 653 0047 04       		.byte	0x4
 654 0048 56020000 		.4byte	.LASF2
 655 004c 04       		.uleb128 0x4
 656 004d 01       		.byte	0x1
 657 004e 06       		.byte	0x6
 658 004f 62020000 		.4byte	.LASF3
 659 0053 04       		.uleb128 0x4
 660 0054 01       		.byte	0x1
 661 0055 08       		.byte	0x8
 662 0056 60010000 		.4byte	.LASF4
 663 005a 04       		.uleb128 0x4
 664 005b 02       		.byte	0x2
 665 005c 05       		.byte	0x5
 666 005d 43020000 		.4byte	.LASF5
 667 0061 04       		.uleb128 0x4
 668 0062 02       		.byte	0x2
 669 0063 07       		.byte	0x7
 670 0064 03020000 		.4byte	.LASF6
 671 0068 04       		.uleb128 0x4
 672 0069 04       		.byte	0x4
 673 006a 05       		.byte	0x5
 674 006b 4D020000 		.4byte	.LASF7
 675 006f 04       		.uleb128 0x4
 676 0070 04       		.byte	0x4
 677 0071 07       		.byte	0x7
 678 0072 B0000000 		.4byte	.LASF8
 679 0076 04       		.uleb128 0x4
 680 0077 08       		.byte	0x8
 681 0078 07       		.byte	0x7
 682 0079 CD010000 		.4byte	.LASF9
 683 007d 04       		.uleb128 0x4
 684 007e 04       		.byte	0x4
 685 007f 07       		.byte	0x7
 686 0080 FA010000 		.4byte	.LASF10
 687 0084 05       		.uleb128 0x5
 688 0085 04       		.byte	0x4
 689 0086 04       		.uleb128 0x4
 690 0087 01       		.byte	0x1
 691 0088 08       		.byte	0x8
 692 0089 24020000 		.4byte	.LASF11
 693 008d 06       		.uleb128 0x6
 694 008e C2000000 		.4byte	.LASF13
 695 0092 03       		.byte	0x3
ARM GAS  C:\Users\Admin\AppData\Local\Temp\cc9myyAV.s 			page 20


 696 0093 FB01     		.2byte	0x1fb
 697 0095 53000000 		.4byte	0x53
 698 0099 06       		.uleb128 0x6
 699 009a 9F010000 		.4byte	.LASF14
 700 009e 03       		.byte	0x3
 701 009f FC01     		.2byte	0x1fc
 702 00a1 61000000 		.4byte	0x61
 703 00a5 06       		.uleb128 0x6
 704 00a6 B1010000 		.4byte	.LASF15
 705 00aa 03       		.byte	0x3
 706 00ab FD01     		.2byte	0x1fd
 707 00ad 6F000000 		.4byte	0x6f
 708 00b1 04       		.uleb128 0x4
 709 00b2 04       		.byte	0x4
 710 00b3 04       		.byte	0x4
 711 00b4 8B000000 		.4byte	.LASF16
 712 00b8 04       		.uleb128 0x4
 713 00b9 08       		.byte	0x8
 714 00ba 04       		.byte	0x4
 715 00bb 6E010000 		.4byte	.LASF17
 716 00bf 06       		.uleb128 0x6
 717 00c0 AB000000 		.4byte	.LASF18
 718 00c4 03       		.byte	0x3
 719 00c5 A502     		.2byte	0x2a5
 720 00c7 CB000000 		.4byte	0xcb
 721 00cb 07       		.uleb128 0x7
 722 00cc 8D000000 		.4byte	0x8d
 723 00d0 06       		.uleb128 0x6
 724 00d1 00000000 		.4byte	.LASF19
 725 00d5 03       		.byte	0x3
 726 00d6 A702     		.2byte	0x2a7
 727 00d8 DC000000 		.4byte	0xdc
 728 00dc 07       		.uleb128 0x7
 729 00dd A5000000 		.4byte	0xa5
 730 00e1 08       		.uleb128 0x8
 731 00e2 02       		.byte	0x2
 732 00e3 01       		.byte	0x1
 733 00e4 97       		.byte	0x97
 734 00e5 02010000 		.4byte	0x102
 735 00e9 09       		.uleb128 0x9
 736 00ea 3C020000 		.4byte	.LASF20
 737 00ee 01       		.byte	0x1
 738 00ef 99       		.byte	0x99
 739 00f0 8D000000 		.4byte	0x8d
 740 00f4 00       		.byte	0
 741 00f5 09       		.uleb128 0x9
 742 00f6 1E000000 		.4byte	.LASF21
 743 00fa 01       		.byte	0x1
 744 00fb 9A       		.byte	0x9a
 745 00fc 8D000000 		.4byte	0x8d
 746 0100 01       		.byte	0x1
 747 0101 00       		.byte	0
 748 0102 03       		.uleb128 0x3
 749 0103 29020000 		.4byte	.LASF22
 750 0107 01       		.byte	0x1
 751 0108 9B       		.byte	0x9b
 752 0109 E1000000 		.4byte	0xe1
ARM GAS  C:\Users\Admin\AppData\Local\Temp\cc9myyAV.s 			page 21


 753 010d 0A       		.uleb128 0xa
 754 010e C8000000 		.4byte	.LASF23
 755 0112 01       		.byte	0x1
 756 0113 4C       		.byte	0x4c
 757 0114 00000000 		.4byte	.LFB2
 758 0118 1E000000 		.4byte	.LFE2-.LFB2
 759 011c 01       		.uleb128 0x1
 760 011d 9C       		.byte	0x9c
 761 011e 3B010000 		.4byte	0x13b
 762 0122 0B       		.uleb128 0xb
 763 0123 7300     		.ascii	"s\000"
 764 0125 01       		.byte	0x1
 765 0126 4C       		.byte	0x4c
 766 0127 84000000 		.4byte	0x84
 767 012b 02       		.uleb128 0x2
 768 012c 91       		.byte	0x91
 769 012d 74       		.sleb128 -12
 770 012e 0B       		.uleb128 0xb
 771 012f 6E00     		.ascii	"n\000"
 772 0131 01       		.byte	0x1
 773 0132 4C       		.byte	0x4c
 774 0133 2C000000 		.4byte	0x2c
 775 0137 02       		.uleb128 0x2
 776 0138 91       		.byte	0x91
 777 0139 70       		.sleb128 -16
 778 013a 00       		.byte	0
 779 013b 0A       		.uleb128 0xa
 780 013c A4020000 		.4byte	.LASF24
 781 0140 01       		.byte	0x1
 782 0141 53       		.byte	0x53
 783 0142 00000000 		.4byte	.LFB3
 784 0146 20000000 		.4byte	.LFE3-.LFB3
 785 014a 01       		.uleb128 0x1
 786 014b 9C       		.byte	0x9c
 787 014c 79010000 		.4byte	0x179
 788 0150 0C       		.uleb128 0xc
 789 0151 91000000 		.4byte	.LASF25
 790 0155 01       		.byte	0x1
 791 0156 53       		.byte	0x53
 792 0157 84000000 		.4byte	0x84
 793 015b 02       		.uleb128 0x2
 794 015c 91       		.byte	0x91
 795 015d 74       		.sleb128 -12
 796 015e 0B       		.uleb128 0xb
 797 015f 73726300 		.ascii	"src\000"
 798 0163 01       		.byte	0x1
 799 0164 53       		.byte	0x53
 800 0165 79010000 		.4byte	0x179
 801 0169 02       		.uleb128 0x2
 802 016a 91       		.byte	0x91
 803 016b 70       		.sleb128 -16
 804 016c 0B       		.uleb128 0xb
 805 016d 6E00     		.ascii	"n\000"
 806 016f 01       		.byte	0x1
 807 0170 53       		.byte	0x53
 808 0171 2C000000 		.4byte	0x2c
 809 0175 02       		.uleb128 0x2
ARM GAS  C:\Users\Admin\AppData\Local\Temp\cc9myyAV.s 			page 22


 810 0176 91       		.byte	0x91
 811 0177 6C       		.sleb128 -20
 812 0178 00       		.byte	0
 813 0179 0D       		.uleb128 0xd
 814 017a 04       		.byte	0x4
 815 017b 7F010000 		.4byte	0x17f
 816 017f 0E       		.uleb128 0xe
 817 0180 0A       		.uleb128 0xa
 818 0181 94020000 		.4byte	.LASF26
 819 0185 01       		.byte	0x1
 820 0186 5A       		.byte	0x5a
 821 0187 00000000 		.4byte	.LFB4
 822 018b 20000000 		.4byte	.LFE4-.LFB4
 823 018f 01       		.uleb128 0x1
 824 0190 9C       		.byte	0x9c
 825 0191 BE010000 		.4byte	0x1be
 826 0195 0C       		.uleb128 0xc
 827 0196 91000000 		.4byte	.LASF25
 828 019a 01       		.byte	0x1
 829 019b 5A       		.byte	0x5a
 830 019c 84000000 		.4byte	0x84
 831 01a0 02       		.uleb128 0x2
 832 01a1 91       		.byte	0x91
 833 01a2 74       		.sleb128 -12
 834 01a3 0B       		.uleb128 0xb
 835 01a4 73726300 		.ascii	"src\000"
 836 01a8 01       		.byte	0x1
 837 01a9 5A       		.byte	0x5a
 838 01aa 79010000 		.4byte	0x179
 839 01ae 02       		.uleb128 0x2
 840 01af 91       		.byte	0x91
 841 01b0 70       		.sleb128 -16
 842 01b1 0B       		.uleb128 0xb
 843 01b2 6E00     		.ascii	"n\000"
 844 01b4 01       		.byte	0x1
 845 01b5 5A       		.byte	0x5a
 846 01b6 2C000000 		.4byte	0x2c
 847 01ba 02       		.uleb128 0x2
 848 01bb 91       		.byte	0x91
 849 01bc 6C       		.sleb128 -20
 850 01bd 00       		.byte	0
 851 01be 0F       		.uleb128 0xf
 852 01bf 75010000 		.4byte	.LASF27
 853 01c3 01       		.byte	0x1
 854 01c4 AE       		.byte	0xae
 855 01c5 00000000 		.4byte	.LFB5
 856 01c9 82000000 		.4byte	.LFE5-.LFB5
 857 01cd 01       		.uleb128 0x1
 858 01ce 9C       		.byte	0x9c
 859 01cf 2E020000 		.4byte	0x22e
 860 01d3 0C       		.uleb128 0xc
 861 01d4 94010000 		.4byte	.LASF28
 862 01d8 01       		.byte	0x1
 863 01d9 AE       		.byte	0xae
 864 01da 2E020000 		.4byte	0x22e
 865 01de 02       		.uleb128 0x2
 866 01df 91       		.byte	0x91
ARM GAS  C:\Users\Admin\AppData\Local\Temp\cc9myyAV.s 			page 23


 867 01e0 64       		.sleb128 -28
 868 01e1 0C       		.uleb128 0xc
 869 01e2 A6010000 		.4byte	.LASF29
 870 01e6 01       		.byte	0x1
 871 01e7 AE       		.byte	0xae
 872 01e8 39020000 		.4byte	0x239
 873 01ec 02       		.uleb128 0x2
 874 01ed 91       		.byte	0x91
 875 01ee 60       		.sleb128 -32
 876 01ef 10       		.uleb128 0x10
 877 01f0 6900     		.ascii	"i\000"
 878 01f2 01       		.byte	0x1
 879 01f3 B1       		.byte	0xb1
 880 01f4 A5000000 		.4byte	0xa5
 881 01f8 02       		.uleb128 0x2
 882 01f9 91       		.byte	0x91
 883 01fa 74       		.sleb128 -12
 884 01fb 10       		.uleb128 0x10
 885 01fc 6A00     		.ascii	"j\000"
 886 01fe 01       		.byte	0x1
 887 01ff B1       		.byte	0xb1
 888 0200 A5000000 		.4byte	0xa5
 889 0204 02       		.uleb128 0x2
 890 0205 91       		.byte	0x91
 891 0206 70       		.sleb128 -16
 892 0207 11       		.uleb128 0x11
 893 0208 14000000 		.4byte	.LBB2
 894 020c 5A000000 		.4byte	.LBE2-.LBB2
 895 0210 12       		.uleb128 0x12
 896 0211 F1010000 		.4byte	.LASF30
 897 0215 01       		.byte	0x1
 898 0216 B4       		.byte	0xb4
 899 0217 A5000000 		.4byte	0xa5
 900 021b 02       		.uleb128 0x2
 901 021c 91       		.byte	0x91
 902 021d 68       		.sleb128 -24
 903 021e 12       		.uleb128 0x12
 904 021f 24000000 		.4byte	.LASF31
 905 0223 01       		.byte	0x1
 906 0224 B5       		.byte	0xb5
 907 0225 8D000000 		.4byte	0x8d
 908 0229 02       		.uleb128 0x2
 909 022a 91       		.byte	0x91
 910 022b 6F       		.sleb128 -17
 911 022c 00       		.byte	0
 912 022d 00       		.byte	0
 913 022e 0D       		.uleb128 0xd
 914 022f 04       		.byte	0x4
 915 0230 34020000 		.4byte	0x234
 916 0234 13       		.uleb128 0x13
 917 0235 A5000000 		.4byte	0xa5
 918 0239 0D       		.uleb128 0xd
 919 023a 04       		.byte	0x4
 920 023b 3F020000 		.4byte	0x23f
 921 023f 13       		.uleb128 0x13
 922 0240 02010000 		.4byte	0x102
 923 0244 14       		.uleb128 0x14
ARM GAS  C:\Users\Admin\AppData\Local\Temp\cc9myyAV.s 			page 24


 924 0245 2A000000 		.4byte	.LASF32
 925 0249 01       		.byte	0x1
 926 024a D3       		.byte	0xd3
 927 024b 00000000 		.4byte	.LFB6
 928 024f F0000000 		.4byte	.LFE6-.LFB6
 929 0253 01       		.uleb128 0x1
 930 0254 9C       		.byte	0x9c
 931 0255 15       		.uleb128 0x15
 932 0256 0D000000 		.4byte	.LASF33
 933 025a 01       		.byte	0x1
 934 025b 1801     		.2byte	0x118
 935 025d 00000000 		.4byte	.LFB7
 936 0261 28000000 		.4byte	.LFE7-.LFB7
 937 0265 01       		.uleb128 0x1
 938 0266 9C       		.byte	0x9c
 939 0267 16       		.uleb128 0x16
 940 0268 87010000 		.4byte	.LASF43
 941 026c 01       		.byte	0x1
 942 026d 3301     		.2byte	0x133
 943 026f F0000000 		.4byte	.LFB8
 944 0273 10010000 		.4byte	.LFE8-.LFB8
 945 0277 01       		.uleb128 0x1
 946 0278 9C       		.byte	0x9c
 947 0279 33030000 		.4byte	0x333
 948 027d 11       		.uleb128 0x11
 949 027e FE000000 		.4byte	.LBB3
 950 0282 9A000000 		.4byte	.LBE3-.LBB3
 951 0286 17       		.uleb128 0x17
 952 0287 35000000 		.4byte	.LASF34
 953 028b 01       		.byte	0x1
 954 028c 3B01     		.2byte	0x13b
 955 028e 43030000 		.4byte	0x343
 956 0292 05       		.uleb128 0x5
 957 0293 03       		.byte	0x3
 958 0294 0C000000 		.4byte	cy_cfg_addr_table.4910
 959 0298 17       		.uleb128 0x17
 960 0299 47000000 		.4byte	.LASF35
 961 029d 01       		.byte	0x1
 962 029e 4001     		.2byte	0x140
 963 02a0 58030000 		.4byte	0x358
 964 02a4 05       		.uleb128 0x5
 965 02a5 03       		.byte	0x3
 966 02a6 14000000 		.4byte	cy_cfg_data_table.4911
 967 02aa 18       		.uleb128 0x18
 968 02ab 06       		.byte	0x6
 969 02ac 01       		.byte	0x1
 970 02ad 4A01     		.2byte	0x14a
 971 02af CE020000 		.4byte	0x2ce
 972 02b3 19       		.uleb128 0x19
 973 02b4 C5010000 		.4byte	.LASF36
 974 02b8 01       		.byte	0x1
 975 02b9 4B01     		.2byte	0x14b
 976 02bb 84000000 		.4byte	0x84
 977 02bf 00       		.byte	0
 978 02c0 19       		.uleb128 0x19
 979 02c1 A6000000 		.4byte	.LASF37
 980 02c5 01       		.byte	0x1
ARM GAS  C:\Users\Admin\AppData\Local\Temp\cc9myyAV.s 			page 25


 981 02c6 4C01     		.2byte	0x14c
 982 02c8 99000000 		.4byte	0x99
 983 02cc 04       		.byte	0x4
 984 02cd 00       		.byte	0
 985 02ce 06       		.uleb128 0x6
 986 02cf E4010000 		.4byte	.LASF38
 987 02d3 01       		.byte	0x1
 988 02d4 4D01     		.2byte	0x14d
 989 02d6 AA020000 		.4byte	0x2aa
 990 02da 1A       		.uleb128 0x1a
 991 02db EA020000 		.4byte	0x2ea
 992 02df EA020000 		.4byte	0x2ea
 993 02e3 1B       		.uleb128 0x1b
 994 02e4 7D000000 		.4byte	0x7d
 995 02e8 01       		.byte	0x1
 996 02e9 00       		.byte	0
 997 02ea 13       		.uleb128 0x13
 998 02eb CE020000 		.4byte	0x2ce
 999 02ef 17       		.uleb128 0x17
 1000 02f0 96000000 		.4byte	.LASF39
 1001 02f4 01       		.byte	0x1
 1002 02f5 4F01     		.2byte	0x14f
 1003 02f7 01030000 		.4byte	0x301
 1004 02fb 05       		.uleb128 0x5
 1005 02fc 03       		.byte	0x3
 1006 02fd 00000000 		.4byte	cfg_memset_list.4916
 1007 0301 13       		.uleb128 0x13
 1008 0302 DA020000 		.4byte	0x2da
 1009 0306 1C       		.uleb128 0x1c
 1010 0307 6900     		.ascii	"i\000"
 1011 0309 01       		.byte	0x1
 1012 030a 5501     		.2byte	0x155
 1013 030c 8D000000 		.4byte	0x8d
 1014 0310 02       		.uleb128 0x2
 1015 0311 91       		.byte	0x91
 1016 0312 77       		.sleb128 -9
 1017 0313 11       		.uleb128 0x11
 1018 0314 06010000 		.4byte	.LBB4
 1019 0318 3C000000 		.4byte	.LBE4-.LBB4
 1020 031c 1C       		.uleb128 0x1c
 1021 031d 6D7300   		.ascii	"ms\000"
 1022 0320 01       		.byte	0x1
 1023 0321 5A01     		.2byte	0x15a
 1024 0323 2A030000 		.4byte	0x32a
 1025 0327 02       		.uleb128 0x2
 1026 0328 91       		.byte	0x91
 1027 0329 70       		.sleb128 -16
 1028 032a 0D       		.uleb128 0xd
 1029 032b 04       		.byte	0x4
 1030 032c EA020000 		.4byte	0x2ea
 1031 0330 00       		.byte	0
 1032 0331 00       		.byte	0
 1033 0332 00       		.byte	0
 1034 0333 1A       		.uleb128 0x1a
 1035 0334 34020000 		.4byte	0x234
 1036 0338 43030000 		.4byte	0x343
 1037 033c 1B       		.uleb128 0x1b
ARM GAS  C:\Users\Admin\AppData\Local\Temp\cc9myyAV.s 			page 26


 1038 033d 7D000000 		.4byte	0x7d
 1039 0341 01       		.byte	0x1
 1040 0342 00       		.byte	0
 1041 0343 13       		.uleb128 0x13
 1042 0344 33030000 		.4byte	0x333
 1043 0348 1A       		.uleb128 0x1a
 1044 0349 3F020000 		.4byte	0x23f
 1045 034d 58030000 		.4byte	0x358
 1046 0351 1B       		.uleb128 0x1b
 1047 0352 7D000000 		.4byte	0x7d
 1048 0356 04       		.byte	0x4
 1049 0357 00       		.byte	0
 1050 0358 13       		.uleb128 0x13
 1051 0359 48030000 		.4byte	0x348
 1052 035d 00       		.byte	0
 1053              		.section	.debug_abbrev,"",%progbits
 1054              	.Ldebug_abbrev0:
 1055 0000 01       		.uleb128 0x1
 1056 0001 11       		.uleb128 0x11
 1057 0002 01       		.byte	0x1
 1058 0003 25       		.uleb128 0x25
 1059 0004 0E       		.uleb128 0xe
 1060 0005 13       		.uleb128 0x13
 1061 0006 0B       		.uleb128 0xb
 1062 0007 03       		.uleb128 0x3
 1063 0008 0E       		.uleb128 0xe
 1064 0009 1B       		.uleb128 0x1b
 1065 000a 0E       		.uleb128 0xe
 1066 000b 55       		.uleb128 0x55
 1067 000c 17       		.uleb128 0x17
 1068 000d 11       		.uleb128 0x11
 1069 000e 01       		.uleb128 0x1
 1070 000f 10       		.uleb128 0x10
 1071 0010 17       		.uleb128 0x17
 1072 0011 00       		.byte	0
 1073 0012 00       		.byte	0
 1074 0013 02       		.uleb128 0x2
 1075 0014 24       		.uleb128 0x24
 1076 0015 00       		.byte	0
 1077 0016 0B       		.uleb128 0xb
 1078 0017 0B       		.uleb128 0xb
 1079 0018 3E       		.uleb128 0x3e
 1080 0019 0B       		.uleb128 0xb
 1081 001a 03       		.uleb128 0x3
 1082 001b 08       		.uleb128 0x8
 1083 001c 00       		.byte	0
 1084 001d 00       		.byte	0
 1085 001e 03       		.uleb128 0x3
 1086 001f 16       		.uleb128 0x16
 1087 0020 00       		.byte	0
 1088 0021 03       		.uleb128 0x3
 1089 0022 0E       		.uleb128 0xe
 1090 0023 3A       		.uleb128 0x3a
 1091 0024 0B       		.uleb128 0xb
 1092 0025 3B       		.uleb128 0x3b
 1093 0026 0B       		.uleb128 0xb
 1094 0027 49       		.uleb128 0x49
ARM GAS  C:\Users\Admin\AppData\Local\Temp\cc9myyAV.s 			page 27


 1095 0028 13       		.uleb128 0x13
 1096 0029 00       		.byte	0
 1097 002a 00       		.byte	0
 1098 002b 04       		.uleb128 0x4
 1099 002c 24       		.uleb128 0x24
 1100 002d 00       		.byte	0
 1101 002e 0B       		.uleb128 0xb
 1102 002f 0B       		.uleb128 0xb
 1103 0030 3E       		.uleb128 0x3e
 1104 0031 0B       		.uleb128 0xb
 1105 0032 03       		.uleb128 0x3
 1106 0033 0E       		.uleb128 0xe
 1107 0034 00       		.byte	0
 1108 0035 00       		.byte	0
 1109 0036 05       		.uleb128 0x5
 1110 0037 0F       		.uleb128 0xf
 1111 0038 00       		.byte	0
 1112 0039 0B       		.uleb128 0xb
 1113 003a 0B       		.uleb128 0xb
 1114 003b 00       		.byte	0
 1115 003c 00       		.byte	0
 1116 003d 06       		.uleb128 0x6
 1117 003e 16       		.uleb128 0x16
 1118 003f 00       		.byte	0
 1119 0040 03       		.uleb128 0x3
 1120 0041 0E       		.uleb128 0xe
 1121 0042 3A       		.uleb128 0x3a
 1122 0043 0B       		.uleb128 0xb
 1123 0044 3B       		.uleb128 0x3b
 1124 0045 05       		.uleb128 0x5
 1125 0046 49       		.uleb128 0x49
 1126 0047 13       		.uleb128 0x13
 1127 0048 00       		.byte	0
 1128 0049 00       		.byte	0
 1129 004a 07       		.uleb128 0x7
 1130 004b 35       		.uleb128 0x35
 1131 004c 00       		.byte	0
 1132 004d 49       		.uleb128 0x49
 1133 004e 13       		.uleb128 0x13
 1134 004f 00       		.byte	0
 1135 0050 00       		.byte	0
 1136 0051 08       		.uleb128 0x8
 1137 0052 13       		.uleb128 0x13
 1138 0053 01       		.byte	0x1
 1139 0054 0B       		.uleb128 0xb
 1140 0055 0B       		.uleb128 0xb
 1141 0056 3A       		.uleb128 0x3a
 1142 0057 0B       		.uleb128 0xb
 1143 0058 3B       		.uleb128 0x3b
 1144 0059 0B       		.uleb128 0xb
 1145 005a 01       		.uleb128 0x1
 1146 005b 13       		.uleb128 0x13
 1147 005c 00       		.byte	0
 1148 005d 00       		.byte	0
 1149 005e 09       		.uleb128 0x9
 1150 005f 0D       		.uleb128 0xd
 1151 0060 00       		.byte	0
ARM GAS  C:\Users\Admin\AppData\Local\Temp\cc9myyAV.s 			page 28


 1152 0061 03       		.uleb128 0x3
 1153 0062 0E       		.uleb128 0xe
 1154 0063 3A       		.uleb128 0x3a
 1155 0064 0B       		.uleb128 0xb
 1156 0065 3B       		.uleb128 0x3b
 1157 0066 0B       		.uleb128 0xb
 1158 0067 49       		.uleb128 0x49
 1159 0068 13       		.uleb128 0x13
 1160 0069 38       		.uleb128 0x38
 1161 006a 0B       		.uleb128 0xb
 1162 006b 00       		.byte	0
 1163 006c 00       		.byte	0
 1164 006d 0A       		.uleb128 0xa
 1165 006e 2E       		.uleb128 0x2e
 1166 006f 01       		.byte	0x1
 1167 0070 03       		.uleb128 0x3
 1168 0071 0E       		.uleb128 0xe
 1169 0072 3A       		.uleb128 0x3a
 1170 0073 0B       		.uleb128 0xb
 1171 0074 3B       		.uleb128 0x3b
 1172 0075 0B       		.uleb128 0xb
 1173 0076 27       		.uleb128 0x27
 1174 0077 19       		.uleb128 0x19
 1175 0078 11       		.uleb128 0x11
 1176 0079 01       		.uleb128 0x1
 1177 007a 12       		.uleb128 0x12
 1178 007b 06       		.uleb128 0x6
 1179 007c 40       		.uleb128 0x40
 1180 007d 18       		.uleb128 0x18
 1181 007e 9642     		.uleb128 0x2116
 1182 0080 19       		.uleb128 0x19
 1183 0081 01       		.uleb128 0x1
 1184 0082 13       		.uleb128 0x13
 1185 0083 00       		.byte	0
 1186 0084 00       		.byte	0
 1187 0085 0B       		.uleb128 0xb
 1188 0086 05       		.uleb128 0x5
 1189 0087 00       		.byte	0
 1190 0088 03       		.uleb128 0x3
 1191 0089 08       		.uleb128 0x8
 1192 008a 3A       		.uleb128 0x3a
 1193 008b 0B       		.uleb128 0xb
 1194 008c 3B       		.uleb128 0x3b
 1195 008d 0B       		.uleb128 0xb
 1196 008e 49       		.uleb128 0x49
 1197 008f 13       		.uleb128 0x13
 1198 0090 02       		.uleb128 0x2
 1199 0091 18       		.uleb128 0x18
 1200 0092 00       		.byte	0
 1201 0093 00       		.byte	0
 1202 0094 0C       		.uleb128 0xc
 1203 0095 05       		.uleb128 0x5
 1204 0096 00       		.byte	0
 1205 0097 03       		.uleb128 0x3
 1206 0098 0E       		.uleb128 0xe
 1207 0099 3A       		.uleb128 0x3a
 1208 009a 0B       		.uleb128 0xb
ARM GAS  C:\Users\Admin\AppData\Local\Temp\cc9myyAV.s 			page 29


 1209 009b 3B       		.uleb128 0x3b
 1210 009c 0B       		.uleb128 0xb
 1211 009d 49       		.uleb128 0x49
 1212 009e 13       		.uleb128 0x13
 1213 009f 02       		.uleb128 0x2
 1214 00a0 18       		.uleb128 0x18
 1215 00a1 00       		.byte	0
 1216 00a2 00       		.byte	0
 1217 00a3 0D       		.uleb128 0xd
 1218 00a4 0F       		.uleb128 0xf
 1219 00a5 00       		.byte	0
 1220 00a6 0B       		.uleb128 0xb
 1221 00a7 0B       		.uleb128 0xb
 1222 00a8 49       		.uleb128 0x49
 1223 00a9 13       		.uleb128 0x13
 1224 00aa 00       		.byte	0
 1225 00ab 00       		.byte	0
 1226 00ac 0E       		.uleb128 0xe
 1227 00ad 26       		.uleb128 0x26
 1228 00ae 00       		.byte	0
 1229 00af 00       		.byte	0
 1230 00b0 00       		.byte	0
 1231 00b1 0F       		.uleb128 0xf
 1232 00b2 2E       		.uleb128 0x2e
 1233 00b3 01       		.byte	0x1
 1234 00b4 03       		.uleb128 0x3
 1235 00b5 0E       		.uleb128 0xe
 1236 00b6 3A       		.uleb128 0x3a
 1237 00b7 0B       		.uleb128 0xb
 1238 00b8 3B       		.uleb128 0x3b
 1239 00b9 0B       		.uleb128 0xb
 1240 00ba 27       		.uleb128 0x27
 1241 00bb 19       		.uleb128 0x19
 1242 00bc 11       		.uleb128 0x11
 1243 00bd 01       		.uleb128 0x1
 1244 00be 12       		.uleb128 0x12
 1245 00bf 06       		.uleb128 0x6
 1246 00c0 40       		.uleb128 0x40
 1247 00c1 18       		.uleb128 0x18
 1248 00c2 9742     		.uleb128 0x2117
 1249 00c4 19       		.uleb128 0x19
 1250 00c5 01       		.uleb128 0x1
 1251 00c6 13       		.uleb128 0x13
 1252 00c7 00       		.byte	0
 1253 00c8 00       		.byte	0
 1254 00c9 10       		.uleb128 0x10
 1255 00ca 34       		.uleb128 0x34
 1256 00cb 00       		.byte	0
 1257 00cc 03       		.uleb128 0x3
 1258 00cd 08       		.uleb128 0x8
 1259 00ce 3A       		.uleb128 0x3a
 1260 00cf 0B       		.uleb128 0xb
 1261 00d0 3B       		.uleb128 0x3b
 1262 00d1 0B       		.uleb128 0xb
 1263 00d2 49       		.uleb128 0x49
 1264 00d3 13       		.uleb128 0x13
 1265 00d4 02       		.uleb128 0x2
ARM GAS  C:\Users\Admin\AppData\Local\Temp\cc9myyAV.s 			page 30


 1266 00d5 18       		.uleb128 0x18
 1267 00d6 00       		.byte	0
 1268 00d7 00       		.byte	0
 1269 00d8 11       		.uleb128 0x11
 1270 00d9 0B       		.uleb128 0xb
 1271 00da 01       		.byte	0x1
 1272 00db 11       		.uleb128 0x11
 1273 00dc 01       		.uleb128 0x1
 1274 00dd 12       		.uleb128 0x12
 1275 00de 06       		.uleb128 0x6
 1276 00df 00       		.byte	0
 1277 00e0 00       		.byte	0
 1278 00e1 12       		.uleb128 0x12
 1279 00e2 34       		.uleb128 0x34
 1280 00e3 00       		.byte	0
 1281 00e4 03       		.uleb128 0x3
 1282 00e5 0E       		.uleb128 0xe
 1283 00e6 3A       		.uleb128 0x3a
 1284 00e7 0B       		.uleb128 0xb
 1285 00e8 3B       		.uleb128 0x3b
 1286 00e9 0B       		.uleb128 0xb
 1287 00ea 49       		.uleb128 0x49
 1288 00eb 13       		.uleb128 0x13
 1289 00ec 02       		.uleb128 0x2
 1290 00ed 18       		.uleb128 0x18
 1291 00ee 00       		.byte	0
 1292 00ef 00       		.byte	0
 1293 00f0 13       		.uleb128 0x13
 1294 00f1 26       		.uleb128 0x26
 1295 00f2 00       		.byte	0
 1296 00f3 49       		.uleb128 0x49
 1297 00f4 13       		.uleb128 0x13
 1298 00f5 00       		.byte	0
 1299 00f6 00       		.byte	0
 1300 00f7 14       		.uleb128 0x14
 1301 00f8 2E       		.uleb128 0x2e
 1302 00f9 00       		.byte	0
 1303 00fa 03       		.uleb128 0x3
 1304 00fb 0E       		.uleb128 0xe
 1305 00fc 3A       		.uleb128 0x3a
 1306 00fd 0B       		.uleb128 0xb
 1307 00fe 3B       		.uleb128 0x3b
 1308 00ff 0B       		.uleb128 0xb
 1309 0100 27       		.uleb128 0x27
 1310 0101 19       		.uleb128 0x19
 1311 0102 11       		.uleb128 0x11
 1312 0103 01       		.uleb128 0x1
 1313 0104 12       		.uleb128 0x12
 1314 0105 06       		.uleb128 0x6
 1315 0106 40       		.uleb128 0x40
 1316 0107 18       		.uleb128 0x18
 1317 0108 9642     		.uleb128 0x2116
 1318 010a 19       		.uleb128 0x19
 1319 010b 00       		.byte	0
 1320 010c 00       		.byte	0
 1321 010d 15       		.uleb128 0x15
 1322 010e 2E       		.uleb128 0x2e
ARM GAS  C:\Users\Admin\AppData\Local\Temp\cc9myyAV.s 			page 31


 1323 010f 00       		.byte	0
 1324 0110 03       		.uleb128 0x3
 1325 0111 0E       		.uleb128 0xe
 1326 0112 3A       		.uleb128 0x3a
 1327 0113 0B       		.uleb128 0xb
 1328 0114 3B       		.uleb128 0x3b
 1329 0115 05       		.uleb128 0x5
 1330 0116 27       		.uleb128 0x27
 1331 0117 19       		.uleb128 0x19
 1332 0118 11       		.uleb128 0x11
 1333 0119 01       		.uleb128 0x1
 1334 011a 12       		.uleb128 0x12
 1335 011b 06       		.uleb128 0x6
 1336 011c 40       		.uleb128 0x40
 1337 011d 18       		.uleb128 0x18
 1338 011e 9742     		.uleb128 0x2117
 1339 0120 19       		.uleb128 0x19
 1340 0121 00       		.byte	0
 1341 0122 00       		.byte	0
 1342 0123 16       		.uleb128 0x16
 1343 0124 2E       		.uleb128 0x2e
 1344 0125 01       		.byte	0x1
 1345 0126 3F       		.uleb128 0x3f
 1346 0127 19       		.uleb128 0x19
 1347 0128 03       		.uleb128 0x3
 1348 0129 0E       		.uleb128 0xe
 1349 012a 3A       		.uleb128 0x3a
 1350 012b 0B       		.uleb128 0xb
 1351 012c 3B       		.uleb128 0x3b
 1352 012d 05       		.uleb128 0x5
 1353 012e 27       		.uleb128 0x27
 1354 012f 19       		.uleb128 0x19
 1355 0130 11       		.uleb128 0x11
 1356 0131 01       		.uleb128 0x1
 1357 0132 12       		.uleb128 0x12
 1358 0133 06       		.uleb128 0x6
 1359 0134 40       		.uleb128 0x40
 1360 0135 18       		.uleb128 0x18
 1361 0136 9642     		.uleb128 0x2116
 1362 0138 19       		.uleb128 0x19
 1363 0139 01       		.uleb128 0x1
 1364 013a 13       		.uleb128 0x13
 1365 013b 00       		.byte	0
 1366 013c 00       		.byte	0
 1367 013d 17       		.uleb128 0x17
 1368 013e 34       		.uleb128 0x34
 1369 013f 00       		.byte	0
 1370 0140 03       		.uleb128 0x3
 1371 0141 0E       		.uleb128 0xe
 1372 0142 3A       		.uleb128 0x3a
 1373 0143 0B       		.uleb128 0xb
 1374 0144 3B       		.uleb128 0x3b
 1375 0145 05       		.uleb128 0x5
 1376 0146 49       		.uleb128 0x49
 1377 0147 13       		.uleb128 0x13
 1378 0148 02       		.uleb128 0x2
 1379 0149 18       		.uleb128 0x18
ARM GAS  C:\Users\Admin\AppData\Local\Temp\cc9myyAV.s 			page 32


 1380 014a 00       		.byte	0
 1381 014b 00       		.byte	0
 1382 014c 18       		.uleb128 0x18
 1383 014d 13       		.uleb128 0x13
 1384 014e 01       		.byte	0x1
 1385 014f 0B       		.uleb128 0xb
 1386 0150 0B       		.uleb128 0xb
 1387 0151 3A       		.uleb128 0x3a
 1388 0152 0B       		.uleb128 0xb
 1389 0153 3B       		.uleb128 0x3b
 1390 0154 05       		.uleb128 0x5
 1391 0155 01       		.uleb128 0x1
 1392 0156 13       		.uleb128 0x13
 1393 0157 00       		.byte	0
 1394 0158 00       		.byte	0
 1395 0159 19       		.uleb128 0x19
 1396 015a 0D       		.uleb128 0xd
 1397 015b 00       		.byte	0
 1398 015c 03       		.uleb128 0x3
 1399 015d 0E       		.uleb128 0xe
 1400 015e 3A       		.uleb128 0x3a
 1401 015f 0B       		.uleb128 0xb
 1402 0160 3B       		.uleb128 0x3b
 1403 0161 05       		.uleb128 0x5
 1404 0162 49       		.uleb128 0x49
 1405 0163 13       		.uleb128 0x13
 1406 0164 38       		.uleb128 0x38
 1407 0165 0B       		.uleb128 0xb
 1408 0166 00       		.byte	0
 1409 0167 00       		.byte	0
 1410 0168 1A       		.uleb128 0x1a
 1411 0169 01       		.uleb128 0x1
 1412 016a 01       		.byte	0x1
 1413 016b 49       		.uleb128 0x49
 1414 016c 13       		.uleb128 0x13
 1415 016d 01       		.uleb128 0x1
 1416 016e 13       		.uleb128 0x13
 1417 016f 00       		.byte	0
 1418 0170 00       		.byte	0
 1419 0171 1B       		.uleb128 0x1b
 1420 0172 21       		.uleb128 0x21
 1421 0173 00       		.byte	0
 1422 0174 49       		.uleb128 0x49
 1423 0175 13       		.uleb128 0x13
 1424 0176 2F       		.uleb128 0x2f
 1425 0177 0B       		.uleb128 0xb
 1426 0178 00       		.byte	0
 1427 0179 00       		.byte	0
 1428 017a 1C       		.uleb128 0x1c
 1429 017b 34       		.uleb128 0x34
 1430 017c 00       		.byte	0
 1431 017d 03       		.uleb128 0x3
 1432 017e 08       		.uleb128 0x8
 1433 017f 3A       		.uleb128 0x3a
 1434 0180 0B       		.uleb128 0xb
 1435 0181 3B       		.uleb128 0x3b
 1436 0182 05       		.uleb128 0x5
ARM GAS  C:\Users\Admin\AppData\Local\Temp\cc9myyAV.s 			page 33


 1437 0183 49       		.uleb128 0x49
 1438 0184 13       		.uleb128 0x13
 1439 0185 02       		.uleb128 0x2
 1440 0186 18       		.uleb128 0x18
 1441 0187 00       		.byte	0
 1442 0188 00       		.byte	0
 1443 0189 00       		.byte	0
 1444              		.section	.debug_aranges,"",%progbits
 1445 0000 4C000000 		.4byte	0x4c
 1446 0004 0200     		.2byte	0x2
 1447 0006 00000000 		.4byte	.Ldebug_info0
 1448 000a 04       		.byte	0x4
 1449 000b 00       		.byte	0
 1450 000c 0000     		.2byte	0
 1451 000e 0000     		.2byte	0
 1452 0010 00000000 		.4byte	.LFB2
 1453 0014 1E000000 		.4byte	.LFE2-.LFB2
 1454 0018 00000000 		.4byte	.LFB3
 1455 001c 20000000 		.4byte	.LFE3-.LFB3
 1456 0020 00000000 		.4byte	.LFB4
 1457 0024 20000000 		.4byte	.LFE4-.LFB4
 1458 0028 00000000 		.4byte	.LFB5
 1459 002c 82000000 		.4byte	.LFE5-.LFB5
 1460 0030 00000000 		.4byte	.LFB6
 1461 0034 F0000000 		.4byte	.LFE6-.LFB6
 1462 0038 00000000 		.4byte	.LFB7
 1463 003c 28000000 		.4byte	.LFE7-.LFB7
 1464 0040 F0000000 		.4byte	.LFB8
 1465 0044 10010000 		.4byte	.LFE8-.LFB8
 1466 0048 00000000 		.4byte	0
 1467 004c 00000000 		.4byte	0
 1468              		.section	.debug_ranges,"",%progbits
 1469              	.Ldebug_ranges0:
 1470 0000 00000000 		.4byte	.LFB2
 1471 0004 1E000000 		.4byte	.LFE2
 1472 0008 00000000 		.4byte	.LFB3
 1473 000c 20000000 		.4byte	.LFE3
 1474 0010 00000000 		.4byte	.LFB4
 1475 0014 20000000 		.4byte	.LFE4
 1476 0018 00000000 		.4byte	.LFB5
 1477 001c 82000000 		.4byte	.LFE5
 1478 0020 00000000 		.4byte	.LFB6
 1479 0024 F0000000 		.4byte	.LFE6
 1480 0028 00000000 		.4byte	.LFB7
 1481 002c 28000000 		.4byte	.LFE7
 1482 0030 F0000000 		.4byte	.LFB8
 1483 0034 00020000 		.4byte	.LFE8
 1484 0038 00000000 		.4byte	0
 1485 003c 00000000 		.4byte	0
 1486              		.section	.debug_line,"",%progbits
 1487              	.Ldebug_line0:
 1488 0000 99010000 		.section	.debug_str,"MS",%progbits,1
 1488      0200CB00 
 1488      00000201 
 1488      FB0E0D00 
 1488      01010101 
 1489              	.LASF19:
ARM GAS  C:\Users\Admin\AppData\Local\Temp\cc9myyAV.s 			page 34


 1490 0000 72656733 		.ascii	"reg32\000"
 1490      3200
 1491              	.LASF12:
 1492 0006 73697A65 		.ascii	"size_t\000"
 1492      5F7400
 1493              	.LASF33:
 1494 000d 416E616C 		.ascii	"AnalogSetDefault\000"
 1494      6F675365 
 1494      74446566 
 1494      61756C74 
 1494      00
 1495              	.LASF21:
 1496 001e 76616C75 		.ascii	"value\000"
 1496      6500
 1497              	.LASF31:
 1498 0024 636F756E 		.ascii	"count\000"
 1498      7400
 1499              	.LASF32:
 1500 002a 436C6F63 		.ascii	"ClockSetup\000"
 1500      6B536574 
 1500      757000
 1501              	.LASF34:
 1502 0035 63795F63 		.ascii	"cy_cfg_addr_table\000"
 1502      66675F61 
 1502      6464725F 
 1502      7461626C 
 1502      6500
 1503              	.LASF35:
 1504 0047 63795F63 		.ascii	"cy_cfg_data_table\000"
 1504      66675F64 
 1504      6174615F 
 1504      7461626C 
 1504      6500
 1505              	.LASF42:
 1506 0059 443A5C4C 		.ascii	"D:\\LABs_BLE\\LABs_BLE\\Lab_1_2_additional_red.cyds"
 1506      4142735F 
 1506      424C455C 
 1506      4C414273 
 1506      5F424C45 
 1507 0089 6E00     		.ascii	"n\000"
 1508              	.LASF16:
 1509 008b 666C6F61 		.ascii	"float\000"
 1509      7400
 1510              	.LASF25:
 1511 0091 64657374 		.ascii	"dest\000"
 1511      00
 1512              	.LASF39:
 1513 0096 6366675F 		.ascii	"cfg_memset_list\000"
 1513      6D656D73 
 1513      65745F6C 
 1513      69737400 
 1514              	.LASF37:
 1515 00a6 73697A65 		.ascii	"size\000"
 1515      00
 1516              	.LASF18:
 1517 00ab 72656738 		.ascii	"reg8\000"
 1517      00
ARM GAS  C:\Users\Admin\AppData\Local\Temp\cc9myyAV.s 			page 35


 1518              	.LASF8:
 1519 00b0 6C6F6E67 		.ascii	"long unsigned int\000"
 1519      20756E73 
 1519      69676E65 
 1519      6420696E 
 1519      7400
 1520              	.LASF13:
 1521 00c2 75696E74 		.ascii	"uint8\000"
 1521      3800
 1522              	.LASF23:
 1523 00c8 43594D45 		.ascii	"CYMEMZERO\000"
 1523      4D5A4552 
 1523      4F00
 1524              	.LASF40:
 1525 00d2 474E5520 		.ascii	"GNU C11 5.4.1 20160609 (release) [ARM/embedded-5-br"
 1525      43313120 
 1525      352E342E 
 1525      31203230 
 1525      31363036 
 1526 0105 616E6368 		.ascii	"anch revision 237715] -mcpu=cortex-m0 -mthumb -g -O"
 1526      20726576 
 1526      6973696F 
 1526      6E203233 
 1526      37373135 
 1527 0138 30202D66 		.ascii	"0 -ffunction-sections -ffat-lto-objects\000"
 1527      66756E63 
 1527      74696F6E 
 1527      2D736563 
 1527      74696F6E 
 1528              	.LASF4:
 1529 0160 756E7369 		.ascii	"unsigned char\000"
 1529      676E6564 
 1529      20636861 
 1529      7200
 1530              	.LASF17:
 1531 016e 646F7562 		.ascii	"double\000"
 1531      6C6500
 1532              	.LASF27:
 1533 0175 6366675F 		.ascii	"cfg_write_bytes32\000"
 1533      77726974 
 1533      655F6279 
 1533      74657333 
 1533      3200
 1534              	.LASF43:
 1535 0187 63796669 		.ascii	"cyfitter_cfg\000"
 1535      74746572 
 1535      5F636667 
 1535      00
 1536              	.LASF28:
 1537 0194 61646472 		.ascii	"addr_table\000"
 1537      5F746162 
 1537      6C6500
 1538              	.LASF14:
 1539 019f 75696E74 		.ascii	"uint16\000"
 1539      313600
 1540              	.LASF29:
 1541 01a6 64617461 		.ascii	"data_table\000"
ARM GAS  C:\Users\Admin\AppData\Local\Temp\cc9myyAV.s 			page 36


 1541      5F746162 
 1541      6C6500
 1542              	.LASF15:
 1543 01b1 75696E74 		.ascii	"uint32\000"
 1543      333200
 1544              	.LASF0:
 1545 01b8 756E7369 		.ascii	"unsigned int\000"
 1545      676E6564 
 1545      20696E74 
 1545      00
 1546              	.LASF36:
 1547 01c5 61646472 		.ascii	"address\000"
 1547      65737300 
 1548              	.LASF9:
 1549 01cd 6C6F6E67 		.ascii	"long long unsigned int\000"
 1549      206C6F6E 
 1549      6720756E 
 1549      7369676E 
 1549      65642069 
 1550              	.LASF38:
 1551 01e4 6366675F 		.ascii	"cfg_memset_t\000"
 1551      6D656D73 
 1551      65745F74 
 1551      00
 1552              	.LASF30:
 1553 01f1 62617365 		.ascii	"baseAddr\000"
 1553      41646472 
 1553      00
 1554              	.LASF10:
 1555 01fa 73697A65 		.ascii	"sizetype\000"
 1555      74797065 
 1555      00
 1556              	.LASF6:
 1557 0203 73686F72 		.ascii	"short unsigned int\000"
 1557      7420756E 
 1557      7369676E 
 1557      65642069 
 1557      6E7400
 1558              	.LASF1:
 1559 0216 6C6F6E67 		.ascii	"long long int\000"
 1559      206C6F6E 
 1559      6720696E 
 1559      7400
 1560              	.LASF11:
 1561 0224 63686172 		.ascii	"char\000"
 1561      00
 1562              	.LASF22:
 1563 0229 63795F63 		.ascii	"cy_cfg_addrvalue_t\000"
 1563      66675F61 
 1563      64647276 
 1563      616C7565 
 1563      5F7400
 1564              	.LASF20:
 1565 023c 6F666673 		.ascii	"offset\000"
 1565      657400
 1566              	.LASF5:
 1567 0243 73686F72 		.ascii	"short int\000"
ARM GAS  C:\Users\Admin\AppData\Local\Temp\cc9myyAV.s 			page 37


 1567      7420696E 
 1567      7400
 1568              	.LASF7:
 1569 024d 6C6F6E67 		.ascii	"long int\000"
 1569      20696E74 
 1569      00
 1570              	.LASF2:
 1571 0256 6C6F6E67 		.ascii	"long double\000"
 1571      20646F75 
 1571      626C6500 
 1572              	.LASF3:
 1573 0262 7369676E 		.ascii	"signed char\000"
 1573      65642063 
 1573      68617200 
 1574              	.LASF41:
 1575 026e 47656E65 		.ascii	"Generated_Source\\PSoC4\\cyfitter_cfg.c\000"
 1575      72617465 
 1575      645F536F 
 1575      75726365 
 1575      5C50536F 
 1576              	.LASF26:
 1577 0294 4359434F 		.ascii	"CYCONFIGCPYCODE\000"
 1577      4E464947 
 1577      43505943 
 1577      4F444500 
 1578              	.LASF24:
 1579 02a4 4359434F 		.ascii	"CYCONFIGCPY\000"
 1579      4E464947 
 1579      43505900 
 1580              		.ident	"GCC: (GNU Tools for ARM Embedded Processors) 5.4.1 20160609 (release) [ARM/embedded-5-bran
