--------------- Build Started: 11/22/2025 15:37:18 Project: Lab_1_2_LED_additional_green, Configuration: ARM GCC 5.4-2016-q2-update Debug ---------------
cydsfit.exe -.appdatapath "C:\Users\Admin\AppData\Local\Cypress Semiconductor\PSoC Creator\4.4" -.fdsnotice -.fdswarpdepfile=warp_dependencies.txt -.fdselabdepfile=elab_dependencies.txt -.fdsbldfile=generated_files.txt -.fdsreffile=referenced_files.txt -p D:\LABs_BLE\LABs_BLE\Lab_1_2_LED_additional_green.cydsn\Lab_1_2_LED_additional_green.cyprj -d CY8C4248LQI-BL583 -s D:\LABs_BLE\LABs_BLE\Lab_1_2_LED_additional_green.cydsn\Generated_Source\PSoC4 -- -yv2 -q10 -ygs -o2 -v3 -.fftcfgtype=LE
Elaborating Design...
HDL Generation...
Synthesis...
Tech Mapping...
Analog Placement...
Analog Routing...
Analog Code Generation...
Digital Placement...
Digital Routing...
Bitstream Generation...
Bitstream Verification...
Static timing analysis...
API Generation...
Dependency Generation...
Cleanup...
arm-none-eabi-gcc.exe -mcpu=cortex-m0 -mthumb -I. -IGenerated_Source\PSoC4 -Wa,-alh=.\CortexM0\ARM_GCC_541\Debug/cyfitter_cfg.lst -g -D DEBUG -Wall -ffunction-sections -ffat-lto-objects -O0 -c Generated_Source\PSoC4\cyfitter_cfg.c -o .\CortexM0\ARM_GCC_541\Debug\cyfitter_cfg.o
arm-none-eabi-ar.exe -rs .\CortexM0\ARM_GCC_541\Debug\Lab_1_2_LED_additional_green.a .\CortexM0\ARM_GCC_541\Debug\Pin_LED.o .\CortexM0\ARM_GCC_541\Debug\Pin_LED_PM.o .\CortexM0\ARM_GCC_541\Debug\Pin_Green.o .\CortexM0\ARM_GCC_541\Debug\Pin_Green_PM.o .\CortexM0\ARM_GCC_541\Debug\Pin_Blue.o .\CortexM0\ARM_GCC_541\Debug\Pin_Blue_PM.o .\CortexM0\ARM_GCC_541\Debug\PWM_GREEN.o .\CortexM0\ARM_GCC_541\Debug\PWM_GREEN_PM.o .\CortexM0\ARM_GCC_541\Debug\Clock_1.o .\CortexM0\ARM_GCC_541\Debug\CyFlash.o .\CortexM0\ARM_GCC_541\Debug\CyLib.o .\CortexM0\ARM_GCC_541\Debug\cyPm.o .\CortexM0\ARM_GCC_541\Debug\cyutils.o .\CortexM0\ARM_GCC_541\Debug\CyDMA.o .\CortexM0\ARM_GCC_541\Debug\CyLFClk.o .\CortexM0\ARM_GCC_541\Debug\cy_em_eeprom.o .\CortexM0\ARM_GCC_541\Debug\CyBootAsmGnu.o
arm-none-eabi-ar.exe: creating .\CortexM0\ARM_GCC_541\Debug\Lab_1_2_LED_additional_green.a
arm-none-eabi-gcc.exe -Wl,--start-group -o D:\LABs_BLE\LABs_BLE\Lab_1_2_LED_additional_green.cydsn\CortexM0\ARM_GCC_541\Debug\Lab_1_2_LED_additional_green.elf .\CortexM0\ARM_GCC_541\Debug\main.o .\CortexM0\ARM_GCC_541\Debug\cyfitter_cfg.o .\CortexM0\ARM_GCC_541\Debug\cymetadata.o .\CortexM0\ARM_GCC_541\Debug\Cm0Start.o .\CortexM0\ARM_GCC_541\Debug\Lab_1_2_LED_additional_green.a -mcpu=cortex-m0 -mthumb -L Generated_Source\PSoC4 -Wl,-Map,.\CortexM0\ARM_GCC_541\Debug/Lab_1_2_LED_additional_green.map -T Generated_Source\PSoC4\cm0gcc.ld -specs=nano.specs -Wl,--gc-sections -g -ffunction-sections -O0 -ffat-lto-objects -Wl,--end-group
cyelftool.exe -C D:\LABs_BLE\LABs_BLE\Lab_1_2_LED_additional_green.cydsn\CortexM0\ARM_GCC_541\Debug\Lab_1_2_LED_additional_green.elf --flash_row_size 256 --flash_size 262144 --flash_offset 0x00000000
No ELF section .cychecksum found, creating one
Application checksum calculated and stored in ELF section .cychecksum
Checksum calculated and stored in ELF section .cymeta
cyelftool.exe -S D:\LABs_BLE\LABs_BLE\Lab_1_2_LED_additional_green.cydsn\CortexM0\ARM_GCC_541\Debug\Lab_1_2_LED_additional_green.elf
Flash used: 3456 of 262144 bytes (1,3%).
SRAM used: 2580 of 32768 bytes (7,9%). Stack: 2048 bytes. Heap: 128 bytes.
--------------- Build Succeeded: 11/22/2025 15:37:23 ---------------
