Archive member included to satisfy reference by file (symbol)

.\CortexM0\ARM_GCC_541\Debug\Lab_3_1_UART_Transmitting.a(UART.o)
                              .\CortexM0\ARM_GCC_541\Debug\main.o (UART_Start)
.\CortexM0\ARM_GCC_541\Debug\Lab_3_1_UART_Transmitting.a(UART_SPI_UART.o)
                              .\CortexM0\ARM_GCC_541\Debug\main.o (UART_SpiUartGetRxBufferSize)
.\CortexM0\ARM_GCC_541\Debug\Lab_3_1_UART_Transmitting.a(UART_UART.o)
                              .\CortexM0\ARM_GCC_541\Debug\Lab_3_1_UART_Transmitting.a(UART.o) (UART_UartInit)
.\CortexM0\ARM_GCC_541\Debug\Lab_3_1_UART_Transmitting.a(CyLib.o)
                              .\CortexM0\ARM_GCC_541\Debug\cyfitter_cfg.o (CyIntEnable)
.\CortexM0\ARM_GCC_541\Debug\Lab_3_1_UART_Transmitting.a(CyLFClk.o)
                              .\CortexM0\ARM_GCC_541\Debug\cyfitter_cfg.o (CySysClkWcoStart)
.\CortexM0\ARM_GCC_541\Debug\Lab_3_1_UART_Transmitting.a(SPIM.o)
                              .\CortexM0\ARM_GCC_541\Debug\main.o (SPIM_WriteTxData)
.\CortexM0\ARM_GCC_541\Debug\Lab_3_1_UART_Transmitting.a(isr_100Hz.o)
                              .\CortexM0\ARM_GCC_541\Debug\main.o (isr_100Hz_StartEx)
.\CortexM0\ARM_GCC_541\Debug\Lab_3_1_UART_Transmitting.a(SPIM_IntClock.o)
                              .\CortexM0\ARM_GCC_541\Debug\Lab_3_1_UART_Transmitting.a(SPIM.o) (SPIM_IntClock_StartEx)
.\CortexM0\ARM_GCC_541\Debug\Lab_3_1_UART_Transmitting.a(CyBootAsmGnu.o)
                              .\CortexM0\ARM_GCC_541\Debug\Lab_3_1_UART_Transmitting.a(CyLib.o) (CyDelayCycles)
c:/program files (x86)/cypress/psoc creator/4.4/psoc creator/import/gnu/arm/5.4.1/bin/../lib/gcc/arm-none-eabi/5.4.1/armv6-m\libgcc.a(_udivsi3.o)
                              .\CortexM0\ARM_GCC_541\Debug\main.o (__aeabi_uidiv)
c:/program files (x86)/cypress/psoc creator/4.4/psoc creator/import/gnu/arm/5.4.1/bin/../lib/gcc/arm-none-eabi/5.4.1/armv6-m\libgcc.a(_divsi3.o)
                              .\CortexM0\ARM_GCC_541\Debug\Lab_3_1_UART_Transmitting.a(CyLFClk.o) (__aeabi_idiv)
c:/program files (x86)/cypress/psoc creator/4.4/psoc creator/import/gnu/arm/5.4.1/bin/../lib/gcc/arm-none-eabi/5.4.1/armv6-m\libgcc.a(_dvmd_tls.o)
                              c:/program files (x86)/cypress/psoc creator/4.4/psoc creator/import/gnu/arm/5.4.1/bin/../lib/gcc/arm-none-eabi/5.4.1/armv6-m\libgcc.a(_udivsi3.o) (__aeabi_idiv0)
c:/program files (x86)/cypress/psoc creator/4.4/psoc creator/import/gnu/arm/5.4.1/bin/../lib/gcc/arm-none-eabi/5.4.1/../../../../arm-none-eabi/lib/armv6-m\libg_nano.a(lib_a-errno.o)
                              .\CortexM0\ARM_GCC_541\Debug\Cm0Start.o (__errno)
c:/program files (x86)/cypress/psoc creator/4.4/psoc creator/import/gnu/arm/5.4.1/bin/../lib/gcc/arm-none-eabi/5.4.1/../../../../arm-none-eabi/lib/armv6-m\libg_nano.a(lib_a-exit.o)
                              c:/program files (x86)/cypress/psoc creator/4.4/psoc creator/import/gnu/arm/5.4.1/bin/../lib/gcc/arm-none-eabi/5.4.1/../../../../arm-none-eabi/lib/armv6-m/crt0.o (exit)
c:/program files (x86)/cypress/psoc creator/4.4/psoc creator/import/gnu/arm/5.4.1/bin/../lib/gcc/arm-none-eabi/5.4.1/../../../../arm-none-eabi/lib/armv6-m\libg_nano.a(lib_a-impure.o)
                              c:/program files (x86)/cypress/psoc creator/4.4/psoc creator/import/gnu/arm/5.4.1/bin/../lib/gcc/arm-none-eabi/5.4.1/../../../../arm-none-eabi/lib/armv6-m\libg_nano.a(lib_a-exit.o) (_global_impure_ptr)
c:/program files (x86)/cypress/psoc creator/4.4/psoc creator/import/gnu/arm/5.4.1/bin/../lib/gcc/arm-none-eabi/5.4.1/../../../../arm-none-eabi/lib/armv6-m\libg_nano.a(lib_a-init.o)
                              c:/program files (x86)/cypress/psoc creator/4.4/psoc creator/import/gnu/arm/5.4.1/bin/../lib/gcc/arm-none-eabi/5.4.1/../../../../arm-none-eabi/lib/armv6-m/crt0.o (__libc_init_array)
c:/program files (x86)/cypress/psoc creator/4.4/psoc creator/import/gnu/arm/5.4.1/bin/../lib/gcc/arm-none-eabi/5.4.1/../../../../arm-none-eabi/lib/armv6-m\libg_nano.a(lib_a-memset.o)
                              c:/program files (x86)/cypress/psoc creator/4.4/psoc creator/import/gnu/arm/5.4.1/bin/../lib/gcc/arm-none-eabi/5.4.1/../../../../arm-none-eabi/lib/armv6-m/crt0.o (memset)
c:/program files (x86)/cypress/psoc creator/4.4/psoc creator/import/gnu/arm/5.4.1/bin/../lib/gcc/arm-none-eabi/5.4.1/../../../../arm-none-eabi/lib/armv6-m\libg_nano.a(lib_a-sprintf.o)
                              .\CortexM0\ARM_GCC_541\Debug\main.o (sprintf)
c:/program files (x86)/cypress/psoc creator/4.4/psoc creator/import/gnu/arm/5.4.1/bin/../lib/gcc/arm-none-eabi/5.4.1/../../../../arm-none-eabi/lib/armv6-m\libg_nano.a(lib_a-sscanf.o)
                              .\CortexM0\ARM_GCC_541\Debug\main.o (sscanf)
c:/program files (x86)/cypress/psoc creator/4.4/psoc creator/import/gnu/arm/5.4.1/bin/../lib/gcc/arm-none-eabi/5.4.1/../../../../arm-none-eabi/lib/armv6-m\libg_nano.a(lib_a-stdio.o)
[...]
Memory Configuration

Name             Origin             Length             Attributes
rom              0x00000000         0x00040000         xr
ram              0x20000000         0x00008000         xrw
*default*        0x00000000         0xffffffff

Linker script and memory map

LOAD c:/program files (x86)/cypress/psoc creator/4.4/psoc creator/import/gnu/arm/5.4.1/bin/../lib/gcc/arm-none-eabi/5.4.1/armv6-m/crti.o
LOAD c:/program files (x86)/cypress/psoc creator/4.4/psoc creator/import/gnu/arm/5.4.1/bin/../lib/gcc/arm-none-eabi/5.4.1/armv6-m/crtbegin.o
LOAD c:/program files (x86)/cypress/psoc creator/4.4/psoc creator/import/gnu/arm/5.4.1/bin/../lib/gcc/arm-none-eabi/5.4.1/../../../../arm-none-eabi/lib/armv6-m/crt0.o
START GROUP
LOAD .\CortexM0\ARM_GCC_541\Debug\main.o
LOAD .\CortexM0\ARM_GCC_541\Debug\cyfitter_cfg.o
LOAD .\CortexM0\ARM_GCC_541\Debug\cymetadata.o
LOAD .\CortexM0\ARM_GCC_541\Debug\Cm0Start.o
LOAD .\CortexM0\ARM_GCC_541\Debug\Lab_3_1_UART_Transmitting.a
END GROUP
START GROUP
LOAD c:/program files (x86)/cypress/psoc creator/4.4/psoc creator/import/gnu/arm/5.4.1/bin/../lib/gcc/arm-none-eabi/5.4.1/armv6-m\libgcc.a
LOAD c:/program files (x86)/cypress/psoc creator/4.4/psoc creator/import/gnu/arm/5.4.1/bin/../lib/gcc/arm-none-eabi/5.4.1/../../../../arm-none-eabi/lib/armv6-m\libg_nano.a
LOAD c:/program files (x86)/cypress/psoc creator/4.4/psoc creator/import/gnu/arm/5.4.1/bin/../lib/gcc/arm-none-eabi/5.4.1/../../../../arm-none-eabi/lib/armv6-m\libc_nano.a
END GROUP
START GROUP
LOAD c:/program files (x86)/cypress/psoc creator/4.4/psoc creator/import/gnu/arm/5.4.1/bin/../lib/gcc/arm-none-eabi/5.4.1/armv6-m\libgcc.a
LOAD c:/program files (x86)/cypress/psoc creator/4.4/psoc creator/import/gnu/arm/5.4.1/bin/../lib/gcc/arm-none-eabi/5.4.1/../../../../arm-none-eabi/lib/armv6-m\libc_nano.a
END GROUP
LOAD c:/program files (x86)/cypress/psoc creator/4.4/psoc creator/import/gnu/arm/5.4.1/bin/../lib/gcc/arm-none-eabi/5.4.1/armv6-m/crtend.o
LOAD c:/program files (x86)/cypress/psoc creator/4.4/psoc creator/import/gnu/arm/5.4.1/bin/../lib/gcc/arm-none-eabi/5.4.1/armv6-m/crtn.o
START GROUP
LOAD c:/program files (x86)/cypress/psoc creator/4.4/psoc creator/import/gnu/arm/5.4.1/bin/../lib/gcc/arm-none-eabi/5.4.1/armv6-m\libgcc.a
LOAD c:/program files (x86)/cypress/psoc creator/4.4/psoc creator/import/gnu/arm/5.4.1/bin/../lib/gcc/arm-none-eabi/5.4.1/../../../../arm-none-eabi/lib/armv6-m\libc.a
LOAD c:/program files (x86)/cypress/psoc creator/4.4/psoc creator/import/gnu/arm/5.4.1/bin/../lib/gcc/arm-none-eabi/5.4.1/../../../../arm-none-eabi/lib/armv6-m\libnosys.a
END GROUP
                0x00000000                CY_APPL_ORIGIN = 0x0
                0x00000100                CY_FLASH_ROW_SIZE = 0x100
                0x00000001                CY_APPL_NUM = 0x1
                0x00000001                CY_APPL_MAX = 0x1
                0x00000040                CY_METADATA_SIZE = 0x40
                0x00000000                CY_APPL_LOADABLE = 0x0
                0x00000000                CY_CHECKSUM_EXCLUDE_SIZE = ALIGN (0x0, CY_FLASH_ROW_SIZE)
                0x00000000                CY_APP_FOR_STACK_AND_COPIER = 0x0
                [!provide]                PROVIDE (__cy_heap_start, _end)
                0x00000001                PROVIDE (__cy_region_num, ((__cy_regions_end - __cy_regions) / 0x10))
                0x20008000                PROVIDE (__cy_stack, (ORIGIN (ram) + LENGTH (ram)))
                [!provide]                PROVIDE (__cy_heap_end, (__cy_stack - 0x400))

.cybootloader   0x00000000        0x0
 *(.cybootloader)
                0x00000000                appl1_start = CY_APPL_ORIGIN?CY_APPL_ORIGIN:ALIGN (CY_FLASH_ROW_SIZE)
                0x0001ff00                appl2_start = (appl1_start + ALIGN ((((LENGTH (rom) - appl1_start) - (0x2 * CY_FLASH_ROW_SIZE)) / 0x2), CY_FLASH_ROW_SIZE))
                0x00000000                appl_start = (CY_APPL_NUM == 0x1)?appl1_start:appl2_start
                0x00000001                cy_project_type_bootloader = (appl_start == 0x0)?0x1:0x0
                0x00000000                cy_project_type_app_for_stack_and_copier = (CY_APP_FOR_STACK_AND_COPIER == 0x1)?0x1:0x0

.text           0x00000000     0x2286
 CREATE_OBJECT_SYMBOLS
                0x00000000                PROVIDE (__cy_interrupt_vector, RomVectors)
 *(.romvectors)
 .romvectors    0x00000000       0x10 .\CortexM0\ARM_GCC_541\Debug\Cm0Start.o
                0x00000000                RomVectors
                0x00000001                ASSERT ((. != __cy_interrupt_vector), No interrupt vector)
                0x00000001                ASSERT (CY_APPL_ORIGIN?(SIZEOF (.cybootloader) <= CY_APPL_ORIGIN):0x1, Wrong image location)
                0x00000010                PROVIDE (__cy_reset, Reset)
 *(.text.Reset)
 .text.Reset    0x00000010        0x8 .\CortexM0\ARM_GCC_541\Debug\Cm0Start.o
                0x00000010                Reset
                0x00000001                ASSERT ((. != __cy_reset), No reset code)
 *(.psocinit)
 .psocinit      0x00000018      0x21c .\CortexM0\ARM_GCC_541\Debug\cyfitter_cfg.o
                0x00000120                cyfitter_cfg
                0x00000234                . = MAX (., 0x100)
 *(.text .text.* .gnu.linkonce.t.*)
 .text          0x00000234       0x60 c:/program files (x86)/cypress/psoc creator/4.4/psoc creator/import/gnu/arm/5.4.1/bin/../lib/gcc/arm-none-eabi/5.4.1/armv6-m/crtbegin.o
 .text.isr_100Hz
                0x00000294       0x24 .\CortexM0\ARM_GCC_541\Debug\main.o
                0x00000294                isr_100Hz
 .text.out7seg  0x000002b8       0x70 .\CortexM0\ARM_GCC_541\Debug\main.o
                0x000002b8                out7seg
 .text.main     0x00000328       0xf4 .\CortexM0\ARM_GCC_541\Debug\main.o
                0x00000328                main
 .text.cfg_write_bytes32
                0x0000041c       0x34 .\CortexM0\ARM_GCC_541\Debug\cyfitter_cfg.o
 .text.AnalogSetDefault
                0x00000450       0x20 .\CortexM0\ARM_GCC_541\Debug\cyfitter_cfg.o
 .text.CYMEMZERO
                0x00000470        0xc .\CortexM0\ARM_GCC_541\Debug\cyfitter_cfg.o
 .text.IntDefaultHandler
                0x0000047c       0x10 .\CortexM0\ARM_GCC_541\Debug\Cm0Start.o
                0x0000047c                IntDefaultHandler
 .text._sbrk    0x0000048c       0x30 .\CortexM0\ARM_GCC_541\Debug\Cm0Start.o
                0x0000048c                _sbrk
 .text.Start_c  0x000004bc       0x48 .\CortexM0\ARM_GCC_541\Debug\Cm0Start.o
                0x000004bc                Start_c
 .text.initialize_psoc
                0x00000504       0x4c .\CortexM0\ARM_GCC_541\Debug\Cm0Start.o
                0x00000504                initialize_psoc
 .text.UART_ScbModePostEnable
                0x00000550        0x8 .\CortexM0\ARM_GCC_541\Debug\Lab_3_1_UART_Transmitting.a(UART.o)
 .text.UART_Init
                0x00000558        0x8 .\CortexM0\ARM_GCC_541\Debug\Lab_3_1_UART_Transmitting.a(UART.o)
                0x00000558                UART_Init
 .text.UART_Enable
                0x00000560       0x18 .\CortexM0\ARM_GCC_541\Debug\Lab_3_1_UART_Transmitting.a(UART.o)
                0x00000560                UART_Enable
 .text.UART_Start
                0x00000578       0x20 .\CortexM0\ARM_GCC_541\Debug\Lab_3_1_UART_Transmitting.a(UART.o)
                0x00000578                UART_Start
 .text.UART_SpiUartReadRxData
                0x00000598        0xc .\CortexM0\ARM_GCC_541\Debug\Lab_3_1_UART_Transmitting.a(UART_SPI_UART.o)
                0x00000598                UART_SpiUartReadRxData
 .text.UART_SpiUartGetRxBufferSize
                0x000005a4       0x10 .\CortexM0\ARM_GCC_541\Debug\Lab_3_1_UART_Transmitting.a(UART_SPI_UART.o)
                0x000005a4                UART_SpiUartGetRxBufferSize
 .text.UART_SpiUartWriteTxData
                0x000005b4       0x1c .\CortexM0\ARM_GCC_541\Debug\Lab_3_1_UART_Transmitting.a(UART_SPI_UART.o)
                0x000005b4                UART_SpiUartWriteTxData
 .text.UART_UartInit
                0x000005d0       0xa8 .\CortexM0\ARM_GCC_541\Debug\Lab_3_1_UART_Transmitting.a(UART_UART.o)
                0x000005d0                UART_UartInit
 .text.UART_UartPostEnable
                0x00000678       0x2c .\CortexM0\ARM_GCC_541\Debug\Lab_3_1_UART_Transmitting.a(UART_UART.o)
                0x00000678                UART_UartPostEnable
 .text.UART_UartGetChar
                0x000006a4       0x2c .\CortexM0\ARM_GCC_541\Debug\Lab_3_1_UART_Transmitting.a(UART_UART.o)
                0x000006a4                UART_UartGetChar
 .text.UART_UartPutString
                0x000006d0       0x18 .\CortexM0\ARM_GCC_541\Debug\Lab_3_1_UART_Transmitting.a(UART_UART.o)
                0x000006d0                UART_UartPutString
 .text.CySysClkEcoReadStatus
                0x000006e8       0x10 .\CortexM0\ARM_GCC_541\Debug\Lab_3_1_UART_Transmitting.a(CyLib.o)
                0x000006e8                CySysClkEcoReadStatus
 .text.CyIntEnable
                0x000006f8       0x14 .\CortexM0\ARM_GCC_541\Debug\Lab_3_1_UART_Transmitting.a(CyLib.o)
                0x000006f8                CyIntEnable
 .text.CyHalt   0x0000070c        0x4 .\CortexM0\ARM_GCC_541\Debug\Lab_3_1_UART_Transmitting.a(CyLib.o)
                0x0000070c                CyHalt
 .text.CyIntSetVector
                0x00000710       0x24 .\CortexM0\ARM_GCC_541\Debug\Lab_3_1_UART_Transmitting.a(CyLib.o)
                0x00000710                CyIntSetVector
 .text.CyDelay  0x00000734       0x30 .\CortexM0\ARM_GCC_541\Debug\Lab_3_1_UART_Transmitting.a(CyLib.o)
                0x00000734                CyDelay
 .text.CyDelayUs
                0x00000764       0x14 .\CortexM0\ARM_GCC_541\Debug\Lab_3_1_UART_Transmitting.a(CyLib.o)
                0x00000764                CyDelayUs
 .text.CySysClkWriteImoFreq
                0x00000778      0x164 .\CortexM0\ARM_GCC_541\Debug\Lab_3_1_UART_Transmitting.a(CyLib.o)
                0x00000778                CySysClkWriteImoFreq
 .text.CySysClkEcoStart
                0x000008dc       0x54 .\CortexM0\ARM_GCC_541\Debug\Lab_3_1_UART_Transmitting.a(CyLib.o)
                0x000008dc                CySysClkEcoStart
 .text.CySysWdtLocked
                0x00000930       0x14 .\CortexM0\ARM_GCC_541\Debug\Lab_3_1_UART_Transmitting.a(CyLFClk.o)
 .text.CySysClkWcoStart
                0x00000944       0x40 .\CortexM0\ARM_GCC_541\Debug\Lab_3_1_UART_Transmitting.a(CyLFClk.o)
                0x00000944                CySysClkWcoStart
 .text.CySysClkWcoSetPowerMode
                0x00000984       0x80 .\CortexM0\ARM_GCC_541\Debug\Lab_3_1_UART_Transmitting.a(CyLFClk.o)
                0x00000984                CySysClkWcoSetPowerMode
 .text.CySysWdtLock
                0x00000a04       0x1c .\CortexM0\ARM_GCC_541\Debug\Lab_3_1_UART_Transmitting.a(CyLFClk.o)
                0x00000a04                CySysWdtLock
 .text.CySysWdtUnlock
                0x00000a20       0x30 .\CortexM0\ARM_GCC_541\Debug\Lab_3_1_UART_Transmitting.a(CyLFClk.o)
                0x00000a20                CySysWdtUnlock
 .text.CySysWdtClearInterrupt
                0x00000a50       0x4c .\CortexM0\ARM_GCC_541\Debug\Lab_3_1_UART_Transmitting.a(CyLFClk.o)
                0x00000a50                CySysWdtClearInterrupt
 .text.CySysWdtIsr
                0x00000a9c       0xa4 .\CortexM0\ARM_GCC_541\Debug\Lab_3_1_UART_Transmitting.a(CyLFClk.o)
                0x00000a9c                CySysWdtIsr
 .text.SPIM_Enable
                0x00000b40       0x40 .\CortexM0\ARM_GCC_541\Debug\Lab_3_1_UART_Transmitting.a(SPIM.o)
                0x00000b40                SPIM_Enable
 .text.SPIM_ReadTxStatus
                0x00000b80        0xc .\CortexM0\ARM_GCC_541\Debug\Lab_3_1_UART_Transmitting.a(SPIM.o)
                0x00000b80                SPIM_ReadTxStatus
 .text.SPIM_ReadRxStatus
                0x00000b8c        0xc .\CortexM0\ARM_GCC_541\Debug\Lab_3_1_UART_Transmitting.a(SPIM.o)
                0x00000b8c                SPIM_ReadRxStatus
 .text.SPIM_WriteTxData
                0x00000b98       0x18 .\CortexM0\ARM_GCC_541\Debug\Lab_3_1_UART_Transmitting.a(SPIM.o)
                0x00000b98                SPIM_WriteTxData
 .text.SPIM_ClearFIFO
                0x00000bb0       0x50 .\CortexM0\ARM_GCC_541\Debug\Lab_3_1_UART_Transmitting.a(SPIM.o)
                0x00000bb0                SPIM_ClearFIFO
 .text.SPIM_Init
                0x00000c00       0x2c .\CortexM0\ARM_GCC_541\Debug\Lab_3_1_UART_Transmitting.a(SPIM.o)
                0x00000c00                SPIM_Init
 .text.SPIM_Start
                0x00000c2c       0x20 .\CortexM0\ARM_GCC_541\Debug\Lab_3_1_UART_Transmitting.a(SPIM.o)
                0x00000c2c                SPIM_Start
 .text.isr_100Hz_SetVector
                0x00000c4c        0xc .\CortexM0\ARM_GCC_541\Debug\Lab_3_1_UART_Transmitting.a(isr_100Hz.o)
                0x00000c4c                isr_100Hz_SetVector
 .text.isr_100Hz_SetPriority
                0x00000c58       0x24 .\CortexM0\ARM_GCC_541\Debug\Lab_3_1_UART_Transmitting.a(isr_100Hz.o)
                0x00000c58                isr_100Hz_SetPriority
 .text.isr_100Hz_Enable
                0x00000c7c        0xc .\CortexM0\ARM_GCC_541\Debug\Lab_3_1_UART_Transmitting.a(isr_100Hz.o)
                0x00000c7c                isr_100Hz_Enable
 .text.isr_100Hz_Disable
                0x00000c88        0xc .\CortexM0\ARM_GCC_541\Debug\Lab_3_1_UART_Transmitting.a(isr_100Hz.o)
                0x00000c88                isr_100Hz_Disable
 .text.isr_100Hz_StartEx
                0x00000c94       0x1c .\CortexM0\ARM_GCC_541\Debug\Lab_3_1_UART_Transmitting.a(isr_100Hz.o)
                0x00000c94                isr_100Hz_StartEx
 .text.SPIM_IntClock_StartEx
                0x00000cb0       0x1c .\CortexM0\ARM_GCC_541\Debug\Lab_3_1_UART_Transmitting.a(SPIM_IntClock.o)
                0x00000cb0                SPIM_IntClock_StartEx
 *fill*         0x00000ccc        0x4 
 .text          0x00000cd0       0x20 .\CortexM0\ARM_GCC_541\Debug\Lab_3_1_UART_Transmitting.a(CyBootAsmGnu.o)
                0x00000cd0                CyDelayCycles
                0x00000ce2                CyEnterCriticalSection
                0x00000cea                CyExitCriticalSection
 .text          0x00000cf0      0x114 c:/program files (x86)/cypress/psoc creator/4.4/psoc creator/import/gnu/arm/5.4.1/bin/../lib/gcc/arm-none-eabi/5.4.1/armv6-m\libgcc.a(_udivsi3.o)
                0x00000cf0                __aeabi_uidiv
                0x00000cf0                __udivsi3
                0x00000dfc                __aeabi_uidivmod
 .text          0x00000e04      0x1d4 c:/program files (x86)/cypress/psoc creator/4.4/psoc creator/import/gnu/arm/5.4.1/bin/../lib/gcc/arm-none-eabi/5.4.1/armv6-m\libgcc.a(_divsi3.o)
                0x00000e04                __divsi3
                0x00000e04                __aeabi_idiv
                0x00000fd0                __aeabi_idivmod
 .text          0x00000fd8        0x4 c:/program files (x86)/cypress/psoc creator/4.4/psoc creator/import/gnu/arm/5.4.1/bin/../lib/gcc/arm-none-eabi/5.4.1/armv6-m\libgcc.a(_dvmd_tls.o)
                0x00000fd8                __aeabi_idiv0
                0x00000fd8                __aeabi_ldiv0
 .text.__errno  0x00000fdc        0xc c:/program files (x86)/cypress/psoc creator/4.4/psoc creator/import/gnu/arm/5.4.1/bin/../lib/gcc/arm-none-eabi/5.4.1/../../../../arm-none-eabi/lib/armv6-m\libg_nano.a(lib_a-errno.o)
                0x00000fdc                __errno
 .text.__libc_init_array
                0x00000fe8       0x4c c:/program files (x86)/cypress/psoc creator/4.4/psoc creator/import/gnu/arm/5.4.1/bin/../lib/gcc/arm-none-eabi/5.4.1/../../../../arm-none-eabi/lib/armv6-m\libg_nano.a(lib_a-init.o)
                0x00000fe8                __libc_init_array
 .text.memset   0x00001034       0x10 c:/program files (x86)/cypress/psoc creator/4.4/psoc creator/import/gnu/arm/5.4.1/bin/../lib/gcc/arm-none-eabi/5.4.1/../../../../arm-none-eabi/lib/armv6-m\libg_nano.a(lib_a-memset.o)
                0x00001034                memset
 .text.sprintf  0x00001044       0x44 c:/program files (x86)/cypress/psoc creator/4.4/psoc creator/import/gnu/arm/5.4.1/bin/../lib/gcc/arm-none-eabi/5.4.1/../../../../arm-none-eabi/lib/armv6-m\libg_nano.a(lib_a-sprintf.o)
                0x00001044                siprintf
                0x00001044                sprintf
 .text.sscanf   0x00001088       0x50 c:/program files (x86)/cypress/psoc creator/4.4/psoc creator/import/gnu/arm/5.4.1/bin/../lib/gcc/arm-none-eabi/5.4.1/../../../../arm-none-eabi/lib/armv6-m\libg_nano.a(lib_a-sscanf.o)
                0x00001088                siscanf
                0x00001088                sscanf
 .text.__seofread
                0x000010d8        0x4 c:/program files (x86)/cypress/psoc creator/4.4/psoc creator/import/gnu/arm/5.4.1/bin/../lib/gcc/arm-none-eabi/5.4.1/../../../../arm-none-eabi/lib/armv6-m\libg_nano.a(lib_a-stdio.o)
                0x000010d8                __seofread
 .text          0x000010dc        0xe c:/program files (x86)/cypress/psoc creator/4.4/psoc creator/import/gnu/arm/5.4.1/bin/../lib/gcc/arm-none-eabi/5.4.1/../../../../arm-none-eabi/lib/armv6-m\libg_nano.a(lib_a-strlen.o)
                0x000010dc                strlen
 *fill*         0x000010ea        0x2 
 .text.__ssputs_r
                0x000010ec       0xc4 c:/program files (x86)/cypress/psoc creator/4.4/psoc creator/import/gnu/arm/5.4.1/bin/../lib/gcc/arm-none-eabi/5.4.1/../../../../arm-none-eabi/lib/armv6-m\libg_nano.a(lib_a-nano-svfprintf.o)
                0x000010ec                __ssputs_r
 .text._svfprintf_r
                0x000011b0      0x1fc c:/program files (x86)/cypress/psoc creator/4.4/psoc creator/import/gnu/arm/5.4.1/bin/../lib/gcc/arm-none-eabi/5.4.1/../../../../arm-none-eabi/lib/armv6-m\libg_nano.a(lib_a-nano-svfprintf.o)
                0x000011b0                _svfiprintf_r
                0x000011b0                _svfprintf_r
 .text._sungetc_r
                0x000013ac       0x78 c:/program files (x86)/cypress/psoc creator/4.4/psoc creator/import/gnu/arm/5.4.1/bin/../lib/gcc/arm-none-eabi/5.4.1/../../../../arm-none-eabi/lib/armv6-m\libg_nano.a(lib_a-nano-svfscanf.o)
                0x000013ac                _sungetc_r
 .text.__ssrefill_r
                0x00001424       0x3e c:/program files (x86)/cypress/psoc creator/4.4/psoc creator/import/gnu/arm/5.4.1/bin/../lib/gcc/arm-none-eabi/5.4.1/../../../../arm-none-eabi/lib/armv6-m\libg_nano.a(lib_a-nano-svfscanf.o)
                0x00001424                __ssrefill_r
 *fill*         0x00001462        0x2 
 .text.__ssvfscanf_r
                0x00001464      0x2fc c:/program files (x86)/cypress/psoc creator/4.4/psoc creator/import/gnu/arm/5.4.1/bin/../lib/gcc/arm-none-eabi/5.4.1/../../../../arm-none-eabi/lib/armv6-m\libg_nano.a(lib_a-nano-svfscanf.o)
                0x00001464                __ssvfiscanf_r
                0x00001464                __ssvfscanf_r
 .text._printf_common
                0x00001760       0xdc c:/program files (x86)/cypress/psoc creator/4.4/psoc creator/import/gnu/arm/5.4.1/bin/../lib/gcc/arm-none-eabi/5.4.1/../../../../arm-none-eabi/lib/armv6-m\libg_nano.a(lib_a-nano-vfprintf_i.o)
                0x00001760                _printf_common
 .text._printf_i
                0x0000183c      0x244 c:/program files (x86)/cypress/psoc creator/4.4/psoc creator/import/gnu/arm/5.4.1/bin/../lib/gcc/arm-none-eabi/5.4.1/../../../../arm-none-eabi/lib/armv6-m\libg_nano.a(lib_a-nano-vfprintf_i.o)
                0x0000183c                _printf_i
 .text._scanf_chars
                0x00001a80       0xc4 c:/program files (x86)/cypress/psoc creator/4.4/psoc creator/import/gnu/arm/5.4.1/bin/../lib/gcc/arm-none-eabi/5.4.1/../../../../arm-none-eabi/lib/armv6-m\libg_nano.a(lib_a-nano-vfscanf_i.o)
                0x00001a80                _scanf_chars
 .text._scanf_i
                0x00001b44      0x200 c:/program files (x86)/cypress/psoc creator/4.4/psoc creator/import/gnu/arm/5.4.1/bin/../lib/gcc/arm-none-eabi/5.4.1/../../../../arm-none-eabi/lib/armv6-m\libg_nano.a(lib_a-nano-vfscanf_i.o)
                0x00001b44                _scanf_i
 .text.__sccl   0x00001d44       0x64 c:/program files (x86)/cypress/psoc creator/4.4/psoc creator/import/gnu/arm/5.4.1/bin/../lib/gcc/arm-none-eabi/5.4.1/../../../../arm-none-eabi/lib/armv6-m\libg_nano.a(lib_a-sccl.o)
                0x00001d44                __sccl
 .text._strtol_r
                0x00001da8      0x124 c:/program files (x86)/cypress/psoc creator/4.4/psoc creator/import/gnu/arm/5.4.1/bin/../lib/gcc/arm-none-eabi/5.4.1/../../../../arm-none-eabi/lib/armv6-m\libg_nano.a(lib_a-strtol.o)
                0x00001da8                _strtol_r
 .text._strtoul_r
                0x00001ecc      0x108 c:/program files (x86)/cypress/psoc creator/4.4/psoc creator/import/gnu/arm/5.4.1/bin/../lib/gcc/arm-none-eabi/5.4.1/../../../../arm-none-eabi/lib/armv6-m\libg_nano.a(lib_a-strtoul.o)
                0x00001ecc                _strtoul_r
 .text.__submore
                0x00001fd4       0x7c c:/program files (x86)/cypress/psoc creator/4.4/psoc creator/import/gnu/arm/5.4.1/bin/../lib/gcc/arm-none-eabi/5.4.1/../../../../arm-none-eabi/lib/armv6-m\libg_nano.a(lib_a-ungetc.o)
                0x00001fd4                __submore
 .text.memchr   0x00002050       0x16 c:/program files (x86)/cypress/psoc creator/4.4/psoc creator/import/gnu/arm/5.4.1/bin/../lib/gcc/arm-none-eabi/5.4.1/../../../../arm-none-eabi/lib/armv6-m\libg_nano.a(lib_a-memchr-stub.o)
                0x00002050                memchr
 .text.memcpy   0x00002066       0x12 c:/program files (x86)/cypress/psoc creator/4.4/psoc creator/import/gnu/arm/5.4.1/bin/../lib/gcc/arm-none-eabi/5.4.1/../../../../arm-none-eabi/lib/armv6-m\libg_nano.a(lib_a-memcpy-stub.o)
                0x00002066                memcpy
 .text.memmove  0x00002078       0x2a c:/program files (x86)/cypress/psoc creator/4.4/psoc creator/import/gnu/arm/5.4.1/bin/../lib/gcc/arm-none-eabi/5.4.1/../../../../arm-none-eabi/lib/armv6-m\libg_nano.a(lib_a-memmove.o)
                0x00002078                memmove
 *fill*         0x000020a2        0x2 
 .text._free_r  0x000020a4       0x98 c:/program files (x86)/cypress/psoc creator/4.4/psoc creator/import/gnu/arm/5.4.1/bin/../lib/gcc/arm-none-eabi/5.4.1/../../../../arm-none-eabi/lib/armv6-m\libg_nano.a(lib_a-nano-freer.o)
                0x000020a4                _free_r
 .text._malloc_r
                0x0000213c       0xc0 c:/program files (x86)/cypress/psoc creator/4.4/psoc creator/import/gnu/arm/5.4.1/bin/../lib/gcc/arm-none-eabi/5.4.1/../../../../arm-none-eabi/lib/armv6-m\libg_nano.a(lib_a-nano-mallocr.o)
                0x0000213c                _malloc_r
 .text._realloc_r
                0x000021fc       0x4c c:/program files (x86)/cypress/psoc creator/4.4/psoc creator/import/gnu/arm/5.4.1/bin/../lib/gcc/arm-none-eabi/5.4.1/../../../../arm-none-eabi/lib/armv6-m\libg_nano.a(lib_a-nano-reallocr.o)
                0x000021fc                _realloc_r
 .text._sbrk_r  0x00002248       0x24 c:/program files (x86)/cypress/psoc creator/4.4/psoc creator/import/gnu/arm/5.4.1/bin/../lib/gcc/arm-none-eabi/5.4.1/../../../../arm-none-eabi/lib/armv6-m\libg_nano.a(lib_a-sbrkr.o)
                0x00002248                _sbrk_r
 .text.__malloc_lock
                0x0000226c        0x2 c:/program files (x86)/cypress/psoc creator/4.4/psoc creator/import/gnu/arm/5.4.1/bin/../lib/gcc/arm-none-eabi/5.4.1/../../../../arm-none-eabi/lib/armv6-m\libg_nano.a(lib_a-mlock.o)
                0x0000226c                __malloc_lock
 .text.__malloc_unlock
                0x0000226e        0x2 c:/program files (x86)/cypress/psoc creator/4.4/psoc creator/import/gnu/arm/5.4.1/bin/../lib/gcc/arm-none-eabi/5.4.1/../../../../arm-none-eabi/lib/armv6-m\libg_nano.a(lib_a-mlock.o)
                0x0000226e                __malloc_unlock
 .text._malloc_usable_size_r
                0x00002270       0x16 c:/program files (x86)/cypress/psoc creator/4.4/psoc creator/import/gnu/arm/5.4.1/bin/../lib/gcc/arm-none-eabi/5.4.1/../../../../arm-none-eabi/lib/armv6-m\libg_nano.a(lib_a-nano-msizer.o)
                0x00002270                _malloc_usable_size_r
 *(.plt)
 *(.gnu.warning)
 *(.glue_7t)
 .glue_7t       0x00002286        0x0 linker stubs
 *(.glue_7)
 .glue_7        0x00002286        0x0 linker stubs
 *(.vfp11_veneer)
 .vfp11_veneer  0x00002286        0x0 linker stubs
 *(.bootloader)
 *(.ARM.extab* .gnu.linkonce.armextab.*)
 *(.gcc_except_table)

.v4_bx          0x00002288        0x0
 .v4_bx         0x00002288        0x0 linker stubs

.iplt           0x00002288        0x0
 .iplt          0x00002288        0x0 c:/program files (x86)/cypress/psoc creator/4.4/psoc creator/import/gnu/arm/5.4.1/bin/../lib/gcc/arm-none-eabi/5.4.1/armv6-m/crtbegin.o

.eh_frame_hdr
 *(.eh_frame_hdr)

.eh_frame       0x00002288        0x4
 *(.eh_frame)
 .eh_frame      0x00002288        0x0 c:/program files (x86)/cypress/psoc creator/4.4/psoc creator/import/gnu/arm/5.4.1/bin/../lib/gcc/arm-none-eabi/5.4.1/armv6-m/crtbegin.o
 .eh_frame      0x00002288        0x4 c:/program files (x86)/cypress/psoc creator/4.4/psoc creator/import/gnu/arm/5.4.1/bin/../lib/gcc/arm-none-eabi/5.4.1/armv6-m/crtend.o
                [!provide]                PROVIDE (__exidx_start, .)

.ARM.exidx
 *(.ARM.exidx* .gnu.linkonce.armexidx.*)
                0x0000228c                __exidx_end = .

.rodata         0x0000228c      0x504
 *(.rodata .rodata.* .gnu.linkonce.r.*)
 .rodata        0x0000228c        0xa .\CortexM0\ARM_GCC_541\Debug\main.o
                0x0000228c                KOD7
 *fill*         0x00002296        0x2 
 .rodata.str1.4
                0x00002298       0x84 .\CortexM0\ARM_GCC_541\Debug\main.o
                                 0x83 (size before relaxing)
 .rodata        0x0000231c      0x250 .\CortexM0\ARM_GCC_541\Debug\cyfitter_cfg.o
 .rodata        0x0000256c       0x2e .\CortexM0\ARM_GCC_541\Debug\Lab_3_1_UART_Transmitting.a(CyLib.o)
                0x0000256c                cyImoFreqMhz2Reg
 .rodata.str1.1
                0x0000259a        0x2 c:/program files (x86)/cypress/psoc creator/4.4/psoc creator/import/gnu/arm/5.4.1/bin/../lib/gcc/arm-none-eabi/5.4.1/../../../../arm-none-eabi/lib/armv6-m\libg_nano.a(lib_a-impure.o)
 .rodata.str1.1
                0x0000259c       0x11 c:/program files (x86)/cypress/psoc creator/4.4/psoc creator/import/gnu/arm/5.4.1/bin/../lib/gcc/arm-none-eabi/5.4.1/../../../../arm-none-eabi/lib/armv6-m\libg_nano.a(lib_a-nano-svfprintf.o)
 .rodata.str1.1
                0x000025ad        0x4 c:/program files (x86)/cypress/psoc creator/4.4/psoc creator/import/gnu/arm/5.4.1/bin/../lib/gcc/arm-none-eabi/5.4.1/../../../../arm-none-eabi/lib/armv6-m\libg_nano.a(lib_a-nano-svfscanf.o)
 .rodata.str1.1
                0x000025ad       0x22 c:/program files (x86)/cypress/psoc creator/4.4/psoc creator/import/gnu/arm/5.4.1/bin/../lib/gcc/arm-none-eabi/5.4.1/../../../../arm-none-eabi/lib/armv6-m\libg_nano.a(lib_a-nano-vfprintf_i.o)
 *fill*         0x000025cf        0x1 
 .rodata        0x000025d0        0xc c:/program files (x86)/cypress/psoc creator/4.4/psoc creator/import/gnu/arm/5.4.1/bin/../lib/gcc/arm-none-eabi/5.4.1/../../../../arm-none-eabi/lib/armv6-m\libg_nano.a(lib_a-nano-vfscanf_i.o)
 .rodata.str1.1
                0x000025dc       0x1b c:/program files (x86)/cypress/psoc creator/4.4/psoc creator/import/gnu/arm/5.4.1/bin/../lib/gcc/arm-none-eabi/5.4.1/../../../../arm-none-eabi/lib/armv6-m\libg_nano.a(lib_a-nano-vfscanf_i.o)
 .rodata._ctype_
                0x000025f7      0x101 c:/program files (x86)/cypress/psoc creator/4.4/psoc creator/import/gnu/arm/5.4.1/bin/../lib/gcc/arm-none-eabi/5.4.1/../../../../arm-none-eabi/lib/armv6-m\libg_nano.a(lib_a-ctype_.o)
                0x000025f7                _ctype_
 .rodata.__sf_fake_stdin
                0x000026f8       0x20 c:/program files (x86)/cypress/psoc creator/4.4/psoc creator/import/gnu/arm/5.4.1/bin/../lib/gcc/arm-none-eabi/5.4.1/../../../../arm-none-eabi/lib/armv6-m\libg_nano.a(lib_a-findfp.o)
                0x000026f8                __sf_fake_stdin
 .rodata.__sf_fake_stdout
                0x00002718       0x20 c:/program files (x86)/cypress/psoc creator/4.4/psoc creator/import/gnu/arm/5.4.1/bin/../lib/gcc/arm-none-eabi/5.4.1/../../../../arm-none-eabi/lib/armv6-m\libg_nano.a(lib_a-findfp.o)
                0x00002718                __sf_fake_stdout
 .rodata.__sf_fake_stderr
                0x00002738       0x20 c:/program files (x86)/cypress/psoc creator/4.4/psoc creator/import/gnu/arm/5.4.1/bin/../lib/gcc/arm-none-eabi/5.4.1/../../../../arm-none-eabi/lib/armv6-m\libg_nano.a(lib_a-findfp.o)
                0x00002738                __sf_fake_stderr
                0x00002758                . = ALIGN (0x4)
 *(.init)
 .init          0x00002758        0x4 c:/program files (x86)/cypress/psoc creator/4.4/psoc creator/import/gnu/arm/5.4.1/bin/../lib/gcc/arm-none-eabi/5.4.1/armv6-m/crti.o
                0x00002758                _init
 .init          0x0000275c        0x8 c:/program files (x86)/cypress/psoc creator/4.4/psoc creator/import/gnu/arm/5.4.1/bin/../lib/gcc/arm-none-eabi/5.4.1/armv6-m/crtn.o
                0x00002764                . = ALIGN (0x4)
                0x00002764                __preinit_array_start = .
 *(.preinit_array)
                0x00002764                __preinit_array_end = .
                0x00002764                . = ALIGN (0x4)
                0x00002764                __init_array_start = .
 *(SORT(.init_array.*))
 *(.init_array)
 .init_array    0x00002764        0x4 c:/program files (x86)/cypress/psoc creator/4.4/psoc creator/import/gnu/arm/5.4.1/bin/../lib/gcc/arm-none-eabi/5.4.1/armv6-m/crtbegin.o
 .init_array    0x00002768        0x4 .\CortexM0\ARM_GCC_541\Debug\Cm0Start.o
                0x0000276c                __init_array_end = .
                0x0000276c                . = ALIGN (0x4)
 *(.fini)
 .fini          0x0000276c        0x4 c:/program files (x86)/cypress/psoc creator/4.4/psoc creator/import/gnu/arm/5.4.1/bin/../lib/gcc/arm-none-eabi/5.4.1/armv6-m/crti.o
                0x0000276c                _fini
 .fini          0x00002770        0x8 c:/program files (x86)/cypress/psoc creator/4.4/psoc creator/import/gnu/arm/5.4.1/bin/../lib/gcc/arm-none-eabi/5.4.1/armv6-m/crtn.o
                0x00002778                . = ALIGN (0x4)
                0x00002778                __fini_array_start = .
 *(.fini_array)
 .fini_array    0x00002778        0x4 c:/program files (x86)/cypress/psoc creator/4.4/psoc creator/import/gnu/arm/5.4.1/bin/../lib/gcc/arm-none-eabi/5.4.1/armv6-m/crtbegin.o
 *(SORT(.fini_array.*))
                0x0000277c                __fini_array_end = .
                0x0000277c                . = ALIGN (0x4)
 *crtbegin.o(.ctors)
 *(EXCLUDE_FILE(*crtend.o) .ctors)
 *(SORT(.ctors.*))
 *crtend.o(.ctors)
                0x0000277c                . = ALIGN (0x4)
 *crtbegin.o(.dtors)
 *(EXCLUDE_FILE(*crtend.o) .dtors)
 *(SORT(.dtors.*))
 *crtend.o(.dtors)
                0x0000277c                . = ALIGN (0x4)
                0x0000277c                __cy_regions = .
                0x0000277c        0x4 LONG 0x2790 __cy_region_init_ram
                0x00002780        0x4 LONG 0x200000c0 __cy_region_start_data
                0x00002784        0x4 LONG 0x98 __cy_region_init_size_ram
                0x00002788        0x4 LONG 0x90 __cy_region_zero_size_ram
                0x0000278c                __cy_regions_end = .
                0x00002790                . = ALIGN (0x8)
 *fill*         0x0000278c        0x4 
                0x00002790                _etext = .

.cy_checksum_exclude
                0x00002790        0x0
 *(.cy_checksum_exclude)

.ramvectors     0x20000000       0xc0
                0x20000000                __cy_region_start_ram = .
 *(.ramvectors)
 .ramvectors    0x20000000       0xc0 .\CortexM0\ARM_GCC_541\Debug\Cm0Start.o
                0x20000000                CyRamVectors

.noinit
 *(.noinit)

.data           0x200000c0       0x98 load address 0x00002790
                0x200000c0                __cy_region_start_data = .
 *(.jcr)
 .jcr           0x200000c0        0x0 c:/program files (x86)/cypress/psoc creator/4.4/psoc creator/import/gnu/arm/5.4.1/bin/../lib/gcc/arm-none-eabi/5.4.1/armv6-m/crtbegin.o
 .jcr           0x200000c0        0x4 c:/program files (x86)/cypress/psoc creator/4.4/psoc creator/import/gnu/arm/5.4.1/bin/../lib/gcc/arm-none-eabi/5.4.1/armv6-m/crtend.o
 *(.got.plt)
 *(.got)
 *(.shdata)
 *(.data .data.* .gnu.linkonce.d.*)
 .data          0x200000c4        0x8 .\CortexM0\ARM_GCC_541\Debug\main.o
                0x200000c4                indyk
 .data          0x200000cc        0x4 .\CortexM0\ARM_GCC_541\Debug\Cm0Start.o
 .data          0x200000d0       0x14 .\CortexM0\ARM_GCC_541\Debug\Lab_3_1_UART_Transmitting.a(CyLib.o)
                0x200000d0                CySysClkPumpConfig
                0x200000d4                cydelay32kMs
                0x200000d8                cydelayFreqKhz
                0x200000dc                cydelayFreqMhz
                0x200000e0                cydelayFreqHz
 .data          0x200000e4        0x8 .\CortexM0\ARM_GCC_541\Debug\Lab_3_1_UART_Transmitting.a(CyLFClk.o)
 .data.impure_data
                0x200000ec       0x60 c:/program files (x86)/cypress/psoc creator/4.4/psoc creator/import/gnu/arm/5.4.1/bin/../lib/gcc/arm-none-eabi/5.4.1/../../../../arm-none-eabi/lib/armv6-m\libg_nano.a(lib_a-impure.o)
 .data._impure_ptr
                0x2000014c        0x4 c:/program files (x86)/cypress/psoc creator/4.4/psoc creator/import/gnu/arm/5.4.1/bin/../lib/gcc/arm-none-eabi/5.4.1/../../../../arm-none-eabi/lib/armv6-m\libg_nano.a(lib_a-impure.o)
                0x2000014c                _impure_ptr
 .data.__ctype_ptr__
                0x20000150        0x4 c:/program files (x86)/cypress/psoc creator/4.4/psoc creator/import/gnu/arm/5.4.1/bin/../lib/gcc/arm-none-eabi/5.4.1/../../../../arm-none-eabi/lib/armv6-m\libg_nano.a(lib_a-ctype_.o)
                0x20000150                __ctype_ptr__
                0x20000158                . = ALIGN (0x8)
 *fill*         0x20000154        0x4 
 *(.ram)
                0x20000158                _edata = .

.igot.plt       0x20000158        0x0 load address 0x00002828
 .igot.plt      0x20000158        0x0 c:/program files (x86)/cypress/psoc creator/4.4/psoc creator/import/gnu/arm/5.4.1/bin/../lib/gcc/arm-none-eabi/5.4.1/armv6-m/crtbegin.o

.bss            0x20000158       0x90 load address 0x00002828
                0x20000158                PROVIDE (__bss_start__, .)
 *(.shbss)
 *(.bss .bss.* .gnu.linkonce.b.*)
 .bss           0x20000158       0x1c c:/program files (x86)/cypress/psoc creator/4.4/psoc creator/import/gnu/arm/5.4.1/bin/../lib/gcc/arm-none-eabi/5.4.1/armv6-m/crtbegin.o
 .bss           0x20000174        0x2 .\CortexM0\ARM_GCC_541\Debug\main.o
                0x20000175                rxIdx
 .bss           0x20000176        0x4 .\CortexM0\ARM_GCC_541\Debug\Lab_3_1_UART_Transmitting.a(UART.o)
                0x20000176                UART_initVar
                0x20000178                UART_IntrTxMask
 *fill*         0x2000017a        0x2 
 .bss           0x2000017c       0x28 .\CortexM0\ARM_GCC_541\Debug\Lab_3_1_UART_Transmitting.a(CyLFClk.o)
 .bss           0x200001a4        0x1 .\CortexM0\ARM_GCC_541\Debug\Lab_3_1_UART_Transmitting.a(SPIM.o)
                0x200001a4                SPIM_initVar
 *fill*         0x200001a5        0x3 
 .bss.__malloc_sbrk_start
                0x200001a8        0x4 c:/program files (x86)/cypress/psoc creator/4.4/psoc creator/import/gnu/arm/5.4.1/bin/../lib/gcc/arm-none-eabi/5.4.1/../../../../arm-none-eabi/lib/armv6-m\libg_nano.a(lib_a-nano-mallocr.o)
                0x200001a8                __malloc_sbrk_start
 .bss.__malloc_free_list
                0x200001ac        0x4 c:/program files (x86)/cypress/psoc creator/4.4/psoc creator/import/gnu/arm/5.4.1/bin/../lib/gcc/arm-none-eabi/5.4.1/../../../../arm-none-eabi/lib/armv6-m\libg_nano.a(lib_a-nano-mallocr.o)
                0x200001ac                __malloc_free_list
 *(COMMON)
 COMMON         0x200001b0       0x34 .\CortexM0\ARM_GCC_541\Debug\main.o
                0x200001b0                TEXT_BUF
                0x200001d0                rxBuf
 COMMON         0x200001e4        0x4 c:/program files (x86)/cypress/psoc creator/4.4/psoc creator/import/gnu/arm/5.4.1/bin/../lib/gcc/arm-none-eabi/5.4.1/../../../../arm-none-eabi/lib/armv6-m\libg_nano.a(lib_a-reent.o)
                0x200001e4                errno
                0x200001e8                . = ALIGN (0x8)
 *(.ram.b)
                0x200001e8                _end = .
                0x200001e8                __end = .
                0x200001e8                PROVIDE (end, .)
                0x200001e8                PROVIDE (__bss_end__, .)
                0x00002790                __cy_region_init_ram = LOADADDR (.data)
                0x00000098                __cy_region_init_size_ram = (_edata - ADDR (.data))
                0x00000090                __cy_region_zero_size_ram = (_end - _edata)

.heap           0x200001e8       0x80 load address 0x00002828
                0x200001e8                . = _end
                0x20000268                . = (. + 0x80)
 *fill*         0x200001e8       0x80 
                0x20000268                __cy_heap_limit = .

.stack          0x20007c00      0x400
                0x20007c00                __cy_stack_limit = .
                0x20008000                . = (. + 0x400)
 *fill*         0x20007c00      0x400 
                0x00000001                ASSERT ((__cy_stack_limit >= __cy_heap_limit), region RAM overflowed with stack)
                0x00000000                cy_checksum_exclude_size = (CY_APPL_LOADABLE == 0x1)?SIZEOF (.cy_checksum_exclude):0x0
                0x00000001                ASSERT ((cy_checksum_exclude_size <= CY_CHECKSUM_EXCLUDE_SIZE), CY_BOOT: Section .cy_checksum_exclude size exceedes specified limit.)
                0x0003ffc0                cyloadermeta_start = (cy_project_type_bootloader || cy_project_type_app_for_stack_and_copier)?(LENGTH (rom) - CY_METADATA_SIZE):0xf0000000

.cyloadermeta
 *(.cyloadermeta)
                0x0003ffc0                cyloadablemeta_start = cy_project_type_app_for_stack_and_copier?((LENGTH (rom) - CY_FLASH_ROW_SIZE) - CY_METADATA_SIZE):((LENGTH (rom) - (CY_FLASH_ROW_SIZE * (CY_APPL_NUM - 0x1))) - CY_METADATA_SIZE)

.cyloadablemeta
 *(.cyloadablemeta)

.cyflashprotect
                0x90400000       0x80
 *(.cyflashprotect)
 .cyflashprotect
                0x90400000       0x80 .\CortexM0\ARM_GCC_541\Debug\cymetadata.o
                0x90400000                cy_meta_flashprotect

.cymeta         0x90500000        0xc
 *(.cymeta)
 .cymeta        0x90500000        0xc .\CortexM0\ARM_GCC_541\Debug\cymetadata.o
                0x90500000                cy_metadata

.cychipprotect  0x90600000        0x1
 *(.cychipprotect)
 .cychipprotect
                0x90600000        0x1 .\CortexM0\ARM_GCC_541\Debug\cymetadata.o
                0x90600000                cy_meta_chipprotect

.rel.dyn        0x00002828        0x0 load address 0x90600004
 .rel.iplt      0x00002828        0x0 c:/program files (x86)/cypress/psoc creator/4.4/psoc creator/import/gnu/arm/5.4.1/bin/../lib/gcc/arm-none-eabi/5.4.1/armv6-m/crtbegin.o

.stab           0x00000000       0x6c
 *(.stab)
 .stab          0x00000000       0x24 c:/program files (x86)/cypress/psoc creator/4.4/psoc creator/import/gnu/arm/5.4.1/bin/../lib/gcc/arm-none-eabi/5.4.1/../../../../arm-none-eabi/lib/armv6-m\libnosys.a(close.o)
 .stab          0x00000024       0x18 c:/program files (x86)/cypress/psoc creator/4.4/psoc creator/import/gnu/arm/5.4.1/bin/../lib/gcc/arm-none-eabi/5.4.1/../../../../arm-none-eabi/lib/armv6-m\libnosys.a(lseek.o)
                                 0x24 (size before relaxing)
 .stab          0x0000003c       0x18 c:/program files (x86)/cypress/psoc creator/4.4/psoc creator/import/gnu/arm/5.4.1/bin/../lib/gcc/arm-none-eabi/5.4.1/../../../../arm-none-eabi/lib/armv6-m\libnosys.a(read.o)
                                 0x24 (size before relaxing)
 .stab          0x00000054       0x18 c:/program files (x86)/cypress/psoc creator/4.4/psoc creator/import/gnu/arm/5.4.1/bin/../lib/gcc/arm-none-eabi/5.4.1/../../../../arm-none-eabi/lib/armv6-m\libnosys.a(write.o)
                                 0x24 (size before relaxing)

.stabstr        0x00000000       0xdf
 *(.stabstr)
 .stabstr       0x00000000       0xdf c:/program files (x86)/cypress/psoc creator/4.4/psoc creator/import/gnu/arm/5.4.1/bin/../lib/gcc/arm-none-eabi/5.4.1/../../../../arm-none-eabi/lib/armv6-m\libnosys.a(close.o)

.debug
 *(.debug)

.line
 *(.line)

.debug_srcinfo
 *(.debug_srcinfo)

.debug_sfnames
 *(.debug_sfnames)

.debug_aranges  0x00000000      0x728
 *(.debug_aranges)
 .debug_aranges
                0x00000000       0x30 .\CortexM0\ARM_GCC_541\Debug\main.o
 .debug_aranges
                0x00000030       0x40 .\CortexM0\ARM_GCC_541\Debug\cyfitter_cfg.o
 .debug_aranges
                0x00000070       0x18 .\CortexM0\ARM_GCC_541\Debug\cymetadata.o
 .debug_aranges
                0x00000088       0x48 .\CortexM0\ARM_GCC_541\Debug\Cm0Start.o
 .debug_aranges
                0x000000d0       0x58 .\CortexM0\ARM_GCC_541\Debug\Lab_3_1_UART_Transmitting.a(UART.o)
 .debug_aranges
                0x00000128       0x60 .\CortexM0\ARM_GCC_541\Debug\Lab_3_1_UART_Transmitting.a(UART_SPI_UART.o)
 .debug_aranges
                0x00000188       0x90 .\CortexM0\ARM_GCC_541\Debug\Lab_3_1_UART_Transmitting.a(UART_UART.o)
 .debug_aranges
                0x00000218      0x1d0 .\CortexM0\ARM_GCC_541\Debug\Lab_3_1_UART_Transmitting.a(CyLib.o)
 .debug_aranges
                0x000003e8      0x188 .\CortexM0\ARM_GCC_541\Debug\Lab_3_1_UART_Transmitting.a(CyLFClk.o)
 .debug_aranges
                0x00000570       0xd8 .\CortexM0\ARM_GCC_541\Debug\Lab_3_1_UART_Transmitting.a(SPIM.o)
 .debug_aranges
                0x00000648       0x80 .\CortexM0\ARM_GCC_541\Debug\Lab_3_1_UART_Transmitting.a(isr_100Hz.o)
 .debug_aranges
                0x000006c8       0x40 .\CortexM0\ARM_GCC_541\Debug\Lab_3_1_UART_Transmitting.a(SPIM_IntClock.o)
 .debug_aranges
                0x00000708       0x20 .\CortexM0\ARM_GCC_541\Debug\Lab_3_1_UART_Transmitting.a(CyBootAsmGnu.o)

.debug_pubnames
 *(.debug_pubnames)

.debug_info     0x00000000     0x3be5
 *(.debug_info .gnu.linkonce.wi.*)
 .debug_info    0x00000000      0x3a5 .\CortexM0\ARM_GCC_541\Debug\main.o
 .debug_info    0x000003a5      0x42e .\CortexM0\ARM_GCC_541\Debug\cyfitter_cfg.o
 .debug_info    0x000007d3       0xf8 .\CortexM0\ARM_GCC_541\Debug\cymetadata.o
 .debug_info    0x000008cb      0x3a2 .\CortexM0\ARM_GCC_541\Debug\Cm0Start.o
 .debug_info    0x00000c6d      0x23a .\CortexM0\ARM_GCC_541\Debug\Lab_3_1_UART_Transmitting.a(UART.o)
 .debug_info    0x00000ea7      0x220 .\CortexM0\ARM_GCC_541\Debug\Lab_3_1_UART_Transmitting.a(UART_SPI_UART.o)
 .debug_info    0x000010c7      0x3b5 .\CortexM0\ARM_GCC_541\Debug\Lab_3_1_UART_Transmitting.a(UART_UART.o)
 .debug_info    0x0000147c      0xd2b .\CortexM0\ARM_GCC_541\Debug\Lab_3_1_UART_Transmitting.a(CyLib.o)
 .debug_info    0x000021a7     0x1071 .\CortexM0\ARM_GCC_541\Debug\Lab_3_1_UART_Transmitting.a(CyLFClk.o)
 .debug_info    0x00003218      0x4df .\CortexM0\ARM_GCC_541\Debug\Lab_3_1_UART_Transmitting.a(SPIM.o)
 .debug_info    0x000036f7      0x305 .\CortexM0\ARM_GCC_541\Debug\Lab_3_1_UART_Transmitting.a(isr_100Hz.o)
 .debug_info    0x000039fc      0x166 .\CortexM0\ARM_GCC_541\Debug\Lab_3_1_UART_Transmitting.a(SPIM_IntClock.o)
 .debug_info    0x00003b62       0x83 .\CortexM0\ARM_GCC_541\Debug\Lab_3_1_UART_Transmitting.a(CyBootAsmGnu.o)

.debug_abbrev   0x00000000     0x1069
 *(.debug_abbrev)
 .debug_abbrev  0x00000000      0x13d .\CortexM0\ARM_GCC_541\Debug\main.o
 .debug_abbrev  0x0000013d      0x1b8 .\CortexM0\ARM_GCC_541\Debug\cyfitter_cfg.o
 .debug_abbrev  0x000002f5       0x5d .\CortexM0\ARM_GCC_541\Debug\cymetadata.o
 .debug_abbrev  0x00000352      0x1d7 .\CortexM0\ARM_GCC_541\Debug\Cm0Start.o
 .debug_abbrev  0x00000529       0xd5 .\CortexM0\ARM_GCC_541\Debug\Lab_3_1_UART_Transmitting.a(UART.o)
 .debug_abbrev  0x000005fe      0x14f .\CortexM0\ARM_GCC_541\Debug\Lab_3_1_UART_Transmitting.a(UART_SPI_UART.o)
 .debug_abbrev  0x0000074d      0x132 .\CortexM0\ARM_GCC_541\Debug\Lab_3_1_UART_Transmitting.a(UART_UART.o)
 .debug_abbrev  0x0000087f      0x1e0 .\CortexM0\ARM_GCC_541\Debug\Lab_3_1_UART_Transmitting.a(CyLib.o)
 .debug_abbrev  0x00000a5f      0x248 .\CortexM0\ARM_GCC_541\Debug\Lab_3_1_UART_Transmitting.a(CyLFClk.o)
 .debug_abbrev  0x00000ca7      0x15d .\CortexM0\ARM_GCC_541\Debug\Lab_3_1_UART_Transmitting.a(SPIM.o)
 .debug_abbrev  0x00000e04      0x19a .\CortexM0\ARM_GCC_541\Debug\Lab_3_1_UART_Transmitting.a(isr_100Hz.o)
 .debug_abbrev  0x00000f9e       0xb7 .\CortexM0\ARM_GCC_541\Debug\Lab_3_1_UART_Transmitting.a(SPIM_IntClock.o)
 .debug_abbrev  0x00001055       0x14 .\CortexM0\ARM_GCC_541\Debug\Lab_3_1_UART_Transmitting.a(CyBootAsmGnu.o)

.debug_line     0x00000000     0x1a80
 *(.debug_line)
 .debug_line    0x00000000      0x178 .\CortexM0\ARM_GCC_541\Debug\main.o
 .debug_line    0x00000178      0x197 .\CortexM0\ARM_GCC_541\Debug\cyfitter_cfg.o
 .debug_line    0x0000030f      0x141 .\CortexM0\ARM_GCC_541\Debug\cymetadata.o
 .debug_line    0x00000450      0x236 .\CortexM0\ARM_GCC_541\Debug\Cm0Start.o
 .debug_line    0x00000686      0x108 .\CortexM0\ARM_GCC_541\Debug\Lab_3_1_UART_Transmitting.a(UART.o)
 .debug_line    0x0000078e      0x11a .\CortexM0\ARM_GCC_541\Debug\Lab_3_1_UART_Transmitting.a(UART_SPI_UART.o)
 .debug_line    0x000008a8      0x1cf .\CortexM0\ARM_GCC_541\Debug\Lab_3_1_UART_Transmitting.a(UART_UART.o)
 .debug_line    0x00000a77      0x553 .\CortexM0\ARM_GCC_541\Debug\Lab_3_1_UART_Transmitting.a(CyLib.o)
 .debug_line    0x00000fca      0x5db .\CortexM0\ARM_GCC_541\Debug\Lab_3_1_UART_Transmitting.a(CyLFClk.o)
 .debug_line    0x000015a5      0x25e .\CortexM0\ARM_GCC_541\Debug\Lab_3_1_UART_Transmitting.a(SPIM.o)
 .debug_line    0x00001803      0x155 .\CortexM0\ARM_GCC_541\Debug\Lab_3_1_UART_Transmitting.a(isr_100Hz.o)
 .debug_line    0x00001958       0xc0 .\CortexM0\ARM_GCC_541\Debug\Lab_3_1_UART_Transmitting.a(SPIM_IntClock.o)
 .debug_line    0x00001a18       0x68 .\CortexM0\ARM_GCC_541\Debug\Lab_3_1_UART_Transmitting.a(CyBootAsmGnu.o)

.debug_frame    0x00000000     0x1ae8
 *(.debug_frame)
 .debug_frame   0x00000000       0x70 .\CortexM0\ARM_GCC_541\Debug\main.o
 .debug_frame   0x00000070       0x9c .\CortexM0\ARM_GCC_541\Debug\cyfitter_cfg.o
 .debug_frame   0x0000010c       0xbc .\CortexM0\ARM_GCC_541\Debug\Cm0Start.o
 .debug_frame   0x000001c8       0xd8 .\CortexM0\ARM_GCC_541\Debug\Lab_3_1_UART_Transmitting.a(UART.o)
 .debug_frame   0x000002a0       0xb0 .\CortexM0\ARM_GCC_541\Debug\Lab_3_1_UART_Transmitting.a(UART_SPI_UART.o)
 .debug_frame   0x00000350      0x144 .\CortexM0\ARM_GCC_541\Debug\Lab_3_1_UART_Transmitting.a(UART_UART.o)
 .debug_frame   0x00000494      0x4a4 .\CortexM0\ARM_GCC_541\Debug\Lab_3_1_UART_Transmitting.a(CyLib.o)
 .debug_frame   0x00000938      0x4a8 .\CortexM0\ARM_GCC_541\Debug\Lab_3_1_UART_Transmitting.a(CyLFClk.o)
 .debug_frame   0x00000de0      0x1e8 .\CortexM0\ARM_GCC_541\Debug\Lab_3_1_UART_Transmitting.a(SPIM.o)
 .debug_frame   0x00000fc8      0x110 .\CortexM0\ARM_GCC_541\Debug\Lab_3_1_UART_Transmitting.a(isr_100Hz.o)
 .debug_frame   0x000010d8       0x6c .\CortexM0\ARM_GCC_541\Debug\Lab_3_1_UART_Transmitting.a(SPIM_IntClock.o)
 .debug_frame   0x00001144       0x20 c:/program files (x86)/cypress/psoc creator/4.4/psoc creator/import/gnu/arm/5.4.1/bin/../lib/gcc/arm-none-eabi/5.4.1/armv6-m\libgcc.a(_udivsi3.o)
 .debug_frame   0x00001164       0x20 c:/program files (x86)/cypress/psoc creator/4.4/psoc creator/import/gnu/arm/5.4.1/bin/../lib/gcc/arm-none-eabi/5.4.1/armv6-m\libgcc.a(_divsi3.o)
 .debug_frame   0x00001184       0x20 c:/program files (x86)/cypress/psoc creator/4.4/psoc creator/import/gnu/arm/5.4.1/bin/../lib/gcc/arm-none-eabi/5.4.1/../../../../arm-none-eabi/lib/armv6-m\libg_nano.a(lib_a-errno.o)
 .debug_frame   0x000011a4       0x28 c:/program files (x86)/cypress/psoc creator/4.4/psoc creator/import/gnu/arm/5.4.1/bin/../lib/gcc/arm-none-eabi/5.4.1/../../../../arm-none-eabi/lib/armv6-m\libg_nano.a(lib_a-exit.o)
 .debug_frame   0x000011cc       0x2c c:/program files (x86)/cypress/psoc creator/4.4/psoc creator/import/gnu/arm/5.4.1/bin/../lib/gcc/arm-none-eabi/5.4.1/../../../../arm-none-eabi/lib/armv6-m\libg_nano.a(lib_a-init.o)
 .debug_frame   0x000011f8       0x20 c:/program files (x86)/cypress/psoc creator/4.4/psoc creator/import/gnu/arm/5.4.1/bin/../lib/gcc/arm-none-eabi/5.4.1/../../../../arm-none-eabi/lib/armv6-m\libg_nano.a(lib_a-memset.o)
 .debug_frame   0x00001218       0x50 c:/program files (x86)/cypress/psoc creator/4.4/psoc creator/import/gnu/arm/5.4.1/bin/../lib/gcc/arm-none-eabi/5.4.1/../../../../arm-none-eabi/lib/armv6-m\libg_nano.a(lib_a-sprintf.o)
 .debug_frame   0x00001268       0x58 c:/program files (x86)/cypress/psoc creator/4.4/psoc creator/import/gnu/arm/5.4.1/bin/../lib/gcc/arm-none-eabi/5.4.1/../../../../arm-none-eabi/lib/armv6-m\libg_nano.a(lib_a-sscanf.o)
 .debug_frame   0x000012c0       0x90 c:/program files (x86)/cypress/psoc creator/4.4/psoc creator/import/gnu/arm/5.4.1/bin/../lib/gcc/arm-none-eabi/5.4.1/../../../../arm-none-eabi/lib/armv6-m\libg_nano.a(lib_a-stdio.o)
 .debug_frame   0x00001350       0x2c c:/program files (x86)/cypress/psoc creator/4.4/psoc creator/import/gnu/arm/5.4.1/bin/../lib/gcc/arm-none-eabi/5.4.1/../../../../arm-none-eabi/lib/armv6-m\libg_nano.a(lib_a-writer.o)
 .debug_frame   0x0000137c       0x2c c:/program files (x86)/cypress/psoc creator/4.4/psoc creator/import/gnu/arm/5.4.1/bin/../lib/gcc/arm-none-eabi/5.4.1/../../../../arm-none-eabi/lib/armv6-m\libg_nano.a(lib_a-closer.o)
 .debug_frame   0x000013a8       0x2c c:/program files (x86)/cypress/psoc creator/4.4/psoc creator/import/gnu/arm/5.4.1/bin/../lib/gcc/arm-none-eabi/5.4.1/../../../../arm-none-eabi/lib/armv6-m\libg_nano.a(lib_a-lseekr.o)
 .debug_frame   0x000013d4       0x74 c:/program files (x86)/cypress/psoc creator/4.4/psoc creator/import/gnu/arm/5.4.1/bin/../lib/gcc/arm-none-eabi/5.4.1/../../../../arm-none-eabi/lib/armv6-m\libg_nano.a(lib_a-nano-svfprintf.o)
 .debug_frame   0x00001448       0x68 c:/program files (x86)/cypress/psoc creator/4.4/psoc creator/import/gnu/arm/5.4.1/bin/../lib/gcc/arm-none-eabi/5.4.1/../../../../arm-none-eabi/lib/armv6-m\libg_nano.a(lib_a-nano-svfscanf.o)
 .debug_frame   0x000014b0       0x54 c:/program files (x86)/cypress/psoc creator/4.4/psoc creator/import/gnu/arm/5.4.1/bin/../lib/gcc/arm-none-eabi/5.4.1/../../../../arm-none-eabi/lib/armv6-m\libg_nano.a(lib_a-nano-vfprintf_i.o)
 .debug_frame   0x00001504       0x54 c:/program files (x86)/cypress/psoc creator/4.4/psoc creator/import/gnu/arm/5.4.1/bin/../lib/gcc/arm-none-eabi/5.4.1/../../../../arm-none-eabi/lib/armv6-m\libg_nano.a(lib_a-nano-vfscanf_i.o)
 .debug_frame   0x00001558       0x2c c:/program files (x86)/cypress/psoc creator/4.4/psoc creator/import/gnu/arm/5.4.1/bin/../lib/gcc/arm-none-eabi/5.4.1/../../../../arm-none-eabi/lib/armv6-m\libg_nano.a(lib_a-readr.o)
 .debug_frame   0x00001584       0x48 c:/program files (x86)/cypress/psoc creator/4.4/psoc creator/import/gnu/arm/5.4.1/bin/../lib/gcc/arm-none-eabi/5.4.1/../../../../arm-none-eabi/lib/armv6-m\libg_nano.a(lib_a-reent.o)
 .debug_frame   0x000015cc       0x2c c:/program files (x86)/cypress/psoc creator/4.4/psoc creator/import/gnu/arm/5.4.1/bin/../lib/gcc/arm-none-eabi/5.4.1/../../../../arm-none-eabi/lib/armv6-m\libg_nano.a(lib_a-sccl.o)
 .debug_frame   0x000015f8       0x48 c:/program files (x86)/cypress/psoc creator/4.4/psoc creator/import/gnu/arm/5.4.1/bin/../lib/gcc/arm-none-eabi/5.4.1/../../../../arm-none-eabi/lib/armv6-m\libg_nano.a(lib_a-strtol.o)
 .debug_frame   0x00001640       0x48 c:/program files (x86)/cypress/psoc creator/4.4/psoc creator/import/gnu/arm/5.4.1/bin/../lib/gcc/arm-none-eabi/5.4.1/../../../../arm-none-eabi/lib/armv6-m\libg_nano.a(lib_a-strtoul.o)
 .debug_frame   0x00001688       0x6c c:/program files (x86)/cypress/psoc creator/4.4/psoc creator/import/gnu/arm/5.4.1/bin/../lib/gcc/arm-none-eabi/5.4.1/../../../../arm-none-eabi/lib/armv6-m\libg_nano.a(lib_a-ungetc.o)
 .debug_frame   0x000016f4       0x68 c:/program files (x86)/cypress/psoc creator/4.4/psoc creator/import/gnu/arm/5.4.1/bin/../lib/gcc/arm-none-eabi/5.4.1/../../../../arm-none-eabi/lib/armv6-m\libg_nano.a(lib_a-fflush.o)
 .debug_frame   0x0000175c      0x140 c:/program files (x86)/cypress/psoc creator/4.4/psoc creator/import/gnu/arm/5.4.1/bin/../lib/gcc/arm-none-eabi/5.4.1/../../../../arm-none-eabi/lib/armv6-m\libg_nano.a(lib_a-findfp.o)
 .debug_frame   0x0000189c       0x58 c:/program files (x86)/cypress/psoc creator/4.4/psoc creator/import/gnu/arm/5.4.1/bin/../lib/gcc/arm-none-eabi/5.4.1/../../../../arm-none-eabi/lib/armv6-m\libg_nano.a(lib_a-fwalk.o)
 .debug_frame   0x000018f4       0x20 c:/program files (x86)/cypress/psoc creator/4.4/psoc creator/import/gnu/arm/5.4.1/bin/../lib/gcc/arm-none-eabi/5.4.1/../../../../arm-none-eabi/lib/armv6-m\libg_nano.a(lib_a-memchr-stub.o)
 .debug_frame   0x00001914       0x28 c:/program files (x86)/cypress/psoc creator/4.4/psoc creator/import/gnu/arm/5.4.1/bin/../lib/gcc/arm-none-eabi/5.4.1/../../../../arm-none-eabi/lib/armv6-m\libg_nano.a(lib_a-memcpy-stub.o)
 .debug_frame   0x0000193c       0x28 c:/program files (x86)/cypress/psoc creator/4.4/psoc creator/import/gnu/arm/5.4.1/bin/../lib/gcc/arm-none-eabi/5.4.1/../../../../arm-none-eabi/lib/armv6-m\libg_nano.a(lib_a-memmove.o)
 .debug_frame   0x00001964       0x2c c:/program files (x86)/cypress/psoc creator/4.4/psoc creator/import/gnu/arm/5.4.1/bin/../lib/gcc/arm-none-eabi/5.4.1/../../../../arm-none-eabi/lib/armv6-m\libg_nano.a(lib_a-nano-freer.o)
 .debug_frame   0x00001990       0x2c c:/program files (x86)/cypress/psoc creator/4.4/psoc creator/import/gnu/arm/5.4.1/bin/../lib/gcc/arm-none-eabi/5.4.1/../../../../arm-none-eabi/lib/armv6-m\libg_nano.a(lib_a-nano-mallocr.o)
 .debug_frame   0x000019bc       0x30 c:/program files (x86)/cypress/psoc creator/4.4/psoc creator/import/gnu/arm/5.4.1/bin/../lib/gcc/arm-none-eabi/5.4.1/../../../../arm-none-eabi/lib/armv6-m\libg_nano.a(lib_a-nano-reallocr.o)
 .debug_frame   0x000019ec       0x2c c:/program files (x86)/cypress/psoc creator/4.4/psoc creator/import/gnu/arm/5.4.1/bin/../lib/gcc/arm-none-eabi/5.4.1/../../../../arm-none-eabi/lib/armv6-m\libg_nano.a(lib_a-sbrkr.o)
 .debug_frame   0x00001a18       0x30 c:/program files (x86)/cypress/psoc creator/4.4/psoc creator/import/gnu/arm/5.4.1/bin/../lib/gcc/arm-none-eabi/5.4.1/../../../../arm-none-eabi/lib/armv6-m\libg_nano.a(lib_a-mlock.o)
 .debug_frame   0x00001a48       0x20 c:/program files (x86)/cypress/psoc creator/4.4/psoc creator/import/gnu/arm/5.4.1/bin/../lib/gcc/arm-none-eabi/5.4.1/../../../../arm-none-eabi/lib/armv6-m\libg_nano.a(lib_a-nano-msizer.o)
 .debug_frame   0x00001a68       0x20 c:/program files (x86)/cypress/psoc creator/4.4/psoc creator/import/gnu/arm/5.4.1/bin/../lib/gcc/arm-none-eabi/5.4.1/../../../../arm-none-eabi/lib/armv6-m\libnosys.a(close.o)
 .debug_frame   0x00001a88       0x20 c:/program files (x86)/cypress/psoc creator/4.4/psoc creator/import/gnu/arm/5.4.1/bin/../lib/gcc/arm-none-eabi/5.4.1/../../../../arm-none-eabi/lib/armv6-m\libnosys.a(lseek.o)
 .debug_frame   0x00001aa8       0x20 c:/program files (x86)/cypress/psoc creator/4.4/psoc creator/import/gnu/arm/5.4.1/bin/../lib/gcc/arm-none-eabi/5.4.1/../../../../arm-none-eabi/lib/armv6-m\libnosys.a(read.o)
 .debug_frame   0x00001ac8       0x20 c:/program files (x86)/cypress/psoc creator/4.4/psoc creator/import/gnu/arm/5.4.1/bin/../lib/gcc/arm-none-eabi/5.4.1/../../../../arm-none-eabi/lib/armv6-m\libnosys.a(write.o)

.debug_str      0x00000000     0x1971
 *(.debug_str)
 .debug_str     0x00000000      0x230 .\CortexM0\ARM_GCC_541\Debug\main.o
                                0x27b (size before relaxing)
 .debug_str     0x00000230      0x162 .\CortexM0\ARM_GCC_541\Debug\cyfitter_cfg.o
                                0x30d (size before relaxing)
 .debug_str     0x00000392       0x63 .\CortexM0\ARM_GCC_541\Debug\cymetadata.o
                                0x1bb (size before relaxing)
 .debug_str     0x000003f5      0x13a .\CortexM0\ARM_GCC_541\Debug\Cm0Start.o
                                0x2f4 (size before relaxing)
 .debug_str     0x0000052f       0xf7 .\CortexM0\ARM_GCC_541\Debug\Lab_3_1_UART_Transmitting.a(UART.o)
                                0x28a (size before relaxing)
 .debug_str     0x00000626      0x101 .\CortexM0\ARM_GCC_541\Debug\Lab_3_1_UART_Transmitting.a(UART_SPI_UART.o)
                                0x2c1 (size before relaxing)
 .debug_str     0x00000727      0x175 .\CortexM0\ARM_GCC_541\Debug\Lab_3_1_UART_Transmitting.a(UART_UART.o)
                                0x3bb (size before relaxing)
 .debug_str     0x0000089c      0x5dd .\CortexM0\ARM_GCC_541\Debug\Lab_3_1_UART_Transmitting.a(CyLib.o)
                                0x7eb (size before relaxing)
 .debug_str     0x00000e79      0x6ec .\CortexM0\ARM_GCC_541\Debug\Lab_3_1_UART_Transmitting.a(CyLFClk.o)
                                0x92b (size before relaxing)
 .debug_str     0x00001565      0x21f .\CortexM0\ARM_GCC_541\Debug\Lab_3_1_UART_Transmitting.a(SPIM.o)
                                0x40e (size before relaxing)
 .debug_str     0x00001784      0x11b .\CortexM0\ARM_GCC_541\Debug\Lab_3_1_UART_Transmitting.a(isr_100Hz.o)
                                0x315 (size before relaxing)
 .debug_str     0x0000189f       0xd2 .\CortexM0\ARM_GCC_541\Debug\Lab_3_1_UART_Transmitting.a(SPIM_IntClock.o)
                                0x26e (size before relaxing)

.debug_loc      0x00000000     0x1e00
 *(.debug_loc)
 .debug_loc     0x00000000       0x96 .\CortexM0\ARM_GCC_541\Debug\main.o
 .debug_loc     0x00000096      0x118 .\CortexM0\ARM_GCC_541\Debug\cyfitter_cfg.o
 .debug_loc     0x000001ae      0x14f .\CortexM0\ARM_GCC_541\Debug\Cm0Start.o
 .debug_loc     0x000002fd       0x7e .\CortexM0\ARM_GCC_541\Debug\Lab_3_1_UART_Transmitting.a(UART.o)
 .debug_loc     0x0000037b       0x96 .\CortexM0\ARM_GCC_541\Debug\Lab_3_1_UART_Transmitting.a(UART_SPI_UART.o)
 .debug_loc     0x00000411      0x223 .\CortexM0\ARM_GCC_541\Debug\Lab_3_1_UART_Transmitting.a(UART_UART.o)
 .debug_loc     0x00000634      0x818 .\CortexM0\ARM_GCC_541\Debug\Lab_3_1_UART_Transmitting.a(CyLib.o)
 .debug_loc     0x00000e4c      0xdaa .\CortexM0\ARM_GCC_541\Debug\Lab_3_1_UART_Transmitting.a(CyLFClk.o)
 .debug_loc     0x00001bf6      0x112 .\CortexM0\ARM_GCC_541\Debug\Lab_3_1_UART_Transmitting.a(SPIM.o)
 .debug_loc     0x00001d08       0x82 .\CortexM0\ARM_GCC_541\Debug\Lab_3_1_UART_Transmitting.a(isr_100Hz.o)
 .debug_loc     0x00001d8a       0x76 .\CortexM0\ARM_GCC_541\Debug\Lab_3_1_UART_Transmitting.a(SPIM_IntClock.o)

.debug_macinfo
 *(.debug_macinfo)

.debug_ranges   0x00000000      0x640
 *(.debug_ranges)
 .debug_ranges  0x00000000       0x20 .\CortexM0\ARM_GCC_541\Debug\main.o
 .debug_ranges  0x00000020       0x30 .\CortexM0\ARM_GCC_541\Debug\cyfitter_cfg.o
 .debug_ranges  0x00000050       0x38 .\CortexM0\ARM_GCC_541\Debug\Cm0Start.o
 .debug_ranges  0x00000088       0x48 .\CortexM0\ARM_GCC_541\Debug\Lab_3_1_UART_Transmitting.a(UART.o)
 .debug_ranges  0x000000d0       0x50 .\CortexM0\ARM_GCC_541\Debug\Lab_3_1_UART_Transmitting.a(UART_SPI_UART.o)
 .debug_ranges  0x00000120       0x80 .\CortexM0\ARM_GCC_541\Debug\Lab_3_1_UART_Transmitting.a(UART_UART.o)
 .debug_ranges  0x000001a0      0x1c0 .\CortexM0\ARM_GCC_541\Debug\Lab_3_1_UART_Transmitting.a(CyLib.o)
 .debug_ranges  0x00000360      0x178 .\CortexM0\ARM_GCC_541\Debug\Lab_3_1_UART_Transmitting.a(CyLFClk.o)
 .debug_ranges  0x000004d8       0xc8 .\CortexM0\ARM_GCC_541\Debug\Lab_3_1_UART_Transmitting.a(SPIM.o)
 .debug_ranges  0x000005a0       0x70 .\CortexM0\ARM_GCC_541\Debug\Lab_3_1_UART_Transmitting.a(isr_100Hz.o)
 .debug_ranges  0x00000610       0x30 .\CortexM0\ARM_GCC_541\Debug\Lab_3_1_UART_Transmitting.a(SPIM_IntClock.o)

.comment        0x00000000       0x6e
 .comment       0x00000000       0x6e .\CortexM0\ARM_GCC_541\Debug\main.o
                                 0x6f (size before relaxing)
 .comment       0x0000006e       0x6f .\CortexM0\ARM_GCC_541\Debug\cyfitter_cfg.o
 .comment       0x0000006e       0x6f .\CortexM0\ARM_GCC_541\Debug\cymetadata.o
 .comment       0x0000006e       0x6f .\CortexM0\ARM_GCC_541\Debug\Cm0Start.o
 .comment       0x0000006e       0x6f .\CortexM0\ARM_GCC_541\Debug\Lab_3_1_UART_Transmitting.a(UART.o)
 .comment       0x0000006e       0x6f .\CortexM0\ARM_GCC_541\Debug\Lab_3_1_UART_Transmitting.a(UART_SPI_UART.o)
 .comment       0x0000006e       0x6f .\CortexM0\ARM_GCC_541\Debug\Lab_3_1_UART_Transmitting.a(UART_UART.o)
 .comment       0x0000006e       0x6f .\CortexM0\ARM_GCC_541\Debug\Lab_3_1_UART_Transmitting.a(CyLib.o)
 .comment       0x0000006e       0x6f .\CortexM0\ARM_GCC_541\Debug\Lab_3_1_UART_Transmitting.a(CyLFClk.o)
 .comment       0x0000006e       0x6f .\CortexM0\ARM_GCC_541\Debug\Lab_3_1_UART_Transmitting.a(SPIM.o)
 .comment       0x0000006e       0x6f .\CortexM0\ARM_GCC_541\Debug\Lab_3_1_UART_Transmitting.a(isr_100Hz.o)
 .comment       0x0000006e       0x6f .\CortexM0\ARM_GCC_541\Debug\Lab_3_1_UART_Transmitting.a(SPIM_IntClock.o)

.debug_weaknames
 *(.debug_weaknames)

.debug_funcnames
 *(.debug_funcnames)

.debug_typenames
 *(.debug_typenames)

.debug_varnames
 *(.debug_varnames)

.note.gnu.arm.ident
 *(.note.gnu.arm.ident)

.ARM.attributes
                0x00000000       0x28
 *(.ARM.attributes)
 .ARM.attributes
                0x00000000       0x1e c:/program files (x86)/cypress/psoc creator/4.4/psoc creator/import/gnu/arm/5.4.1/bin/../lib/gcc/arm-none-eabi/5.4.1/armv6-m/crti.o
 .ARM.attributes
                0x0000001e       0x2c c:/program files (x86)/cypress/psoc creator/4.4/psoc creator/import/gnu/arm/5.4.1/bin/../lib/gcc/arm-none-eabi/5.4.1/armv6-m/crtbegin.o
 .ARM.attributes
                0x0000004a       0x1b c:/program files (x86)/cypress/psoc creator/4.4/psoc creator/import/gnu/arm/5.4.1/bin/../lib/gcc/arm-none-eabi/5.4.1/../../../../arm-none-eabi/lib/armv6-m/crt0.o
 .ARM.attributes
                0x00000065       0x31 .\CortexM0\ARM_GCC_541\Debug\main.o
 .ARM.attributes
                0x00000096       0x31 .\CortexM0\ARM_GCC_541\Debug\cyfitter_cfg.o
 .ARM.attributes
                0x000000c7       0x31 .\CortexM0\ARM_GCC_541\Debug\cymetadata.o
 .ARM.attributes
                0x000000f8       0x31 .\CortexM0\ARM_GCC_541\Debug\Cm0Start.o
 .ARM.attributes
                0x00000129       0x31 .\CortexM0\ARM_GCC_541\Debug\Lab_3_1_UART_Transmitting.a(UART.o)
 .ARM.attributes
                0x0000015a       0x31 .\CortexM0\ARM_GCC_541\Debug\Lab_3_1_UART_Transmitting.a(UART_SPI_UART.o)
 .ARM.attributes
                0x0000018b       0x31 .\CortexM0\ARM_GCC_541\Debug\Lab_3_1_UART_Transmitting.a(UART_UART.o)
 .ARM.attributes
                0x000001bc       0x31 .\CortexM0\ARM_GCC_541\Debug\Lab_3_1_UART_Transmitting.a(CyLib.o)
 .ARM.attributes
                0x000001ed       0x31 .\CortexM0\ARM_GCC_541\Debug\Lab_3_1_UART_Transmitting.a(CyLFClk.o)
 .ARM.attributes
                0x0000021e       0x31 .\CortexM0\ARM_GCC_541\Debug\Lab_3_1_UART_Transmitting.a(SPIM.o)
 .ARM.attributes
                0x0000024f       0x31 .\CortexM0\ARM_GCC_541\Debug\Lab_3_1_UART_Transmitting.a(isr_100Hz.o)
 .ARM.attributes
                0x00000280       0x31 .\CortexM0\ARM_GCC_541\Debug\Lab_3_1_UART_Transmitting.a(SPIM_IntClock.o)
 .ARM.attributes
                0x000002b1       0x21 .\CortexM0\ARM_GCC_541\Debug\Lab_3_1_UART_Transmitting.a(CyBootAsmGnu.o)
 .ARM.attributes
                0x000002d2       0x1e c:/program files (x86)/cypress/psoc creator/4.4/psoc creator/import/gnu/arm/5.4.1/bin/../lib/gcc/arm-none-eabi/5.4.1/armv6-m\libgcc.a(_udivsi3.o)
 .ARM.attributes
                0x000002f0       0x1e c:/program files (x86)/cypress/psoc creator/4.4/psoc creator/import/gnu/arm/5.4.1/bin/../lib/gcc/arm-none-eabi/5.4.1/armv6-m\libgcc.a(_divsi3.o)
 .ARM.attributes
                0x0000030e       0x1e c:/program files (x86)/cypress/psoc creator/4.4/psoc creator/import/gnu/arm/5.4.1/bin/../lib/gcc/arm-none-eabi/5.4.1/armv6-m\libgcc.a(_dvmd_tls.o)
 .ARM.attributes
                0x0000032c       0x2c c:/program files (x86)/cypress/psoc creator/4.4/psoc creator/import/gnu/arm/5.4.1/bin/../lib/gcc/arm-none-eabi/5.4.1/../../../../arm-none-eabi/lib/armv6-m\libg_nano.a(lib_a-errno.o)
 .ARM.attributes
                0x00000358       0x2c c:/program files (x86)/cypress/psoc creator/4.4/psoc creator/import/gnu/arm/5.4.1/bin/../lib/gcc/arm-none-eabi/5.4.1/../../../../arm-none-eabi/lib/armv6-m\libg_nano.a(lib_a-exit.o)
 .ARM.attributes
                0x00000384       0x2c c:/program files (x86)/cypress/psoc creator/4.4/psoc creator/import/gnu/arm/5.4.1/bin/../lib/gcc/arm-none-eabi/5.4.1/../../../../arm-none-eabi/lib/armv6-m\libg_nano.a(lib_a-impure.o)
 .ARM.attributes
                0x000003b0       0x2c c:/program files (x86)/cypress/psoc creator/4.4/psoc creator/import/gnu/arm/5.4.1/bin/../lib/gcc/arm-none-eabi/5.4.1/../../../../arm-none-eabi/lib/armv6-m\libg_nano.a(lib_a-init.o)
 .ARM.attributes
                0x000003dc       0x2c c:/program files (x86)/cypress/psoc creator/4.4/psoc creator/import/gnu/arm/5.4.1/bin/../lib/gcc/arm-none-eabi/5.4.1/../../../../arm-none-eabi/lib/armv6-m\libg_nano.a(lib_a-memset.o)
 .ARM.attributes
                0x00000408       0x2c c:/program files (x86)/cypress/psoc creator/4.4/psoc creator/import/gnu/arm/5.4.1/bin/../lib/gcc/arm-none-eabi/5.4.1/../../../../arm-none-eabi/lib/armv6-m\libg_nano.a(lib_a-sprintf.o)
 .ARM.attributes
                0x00000434       0x2c c:/program files (x86)/cypress/psoc creator/4.4/psoc creator/import/gnu/arm/5.4.1/bin/../lib/gcc/arm-none-eabi/5.4.1/../../../../arm-none-eabi/lib/armv6-m\libg_nano.a(lib_a-sscanf.o)
 .ARM.attributes
                0x00000460       0x2c c:/program files (x86)/cypress/psoc creator/4.4/psoc creator/import/gnu/arm/5.4.1/bin/../lib/gcc/arm-none-eabi/5.4.1/../../../../arm-none-eabi/lib/armv6-m\libg_nano.a(lib_a-stdio.o)
 .ARM.attributes
                0x0000048c       0x1c c:/program files (x86)/cypress/psoc creator/4.4/psoc creator/import/gnu/arm/5.4.1/bin/../lib/gcc/arm-none-eabi/5.4.1/../../../../arm-none-eabi/lib/armv6-m\libg_nano.a(lib_a-strlen.o)
 .ARM.attributes
                0x000004a8       0x2c c:/program files (x86)/cypress/psoc creator/4.4/psoc creator/import/gnu/arm/5.4.1/bin/../lib/gcc/arm-none-eabi/5.4.1/../../../../arm-none-eabi/lib/armv6-m\libg_nano.a(lib_a-writer.o)
 .ARM.attributes
                0x000004d4       0x2c c:/program files (x86)/cypress/psoc creator/4.4/psoc creator/import/gnu/arm/5.4.1/bin/../lib/gcc/arm-none-eabi/5.4.1/../../../../arm-none-eabi/lib/armv6-m\libg_nano.a(lib_a-closer.o)
 .ARM.attributes
                0x00000500       0x2c c:/program files (x86)/cypress/psoc creator/4.4/psoc creator/import/gnu/arm/5.4.1/bin/../lib/gcc/arm-none-eabi/5.4.1/../../../../arm-none-eabi/lib/armv6-m\libg_nano.a(lib_a-lseekr.o)
 .ARM.attributes
                0x0000052c       0x2c c:/program files (x86)/cypress/psoc creator/4.4/psoc creator/import/gnu/arm/5.4.1/bin/../lib/gcc/arm-none-eabi/5.4.1/../../../../arm-none-eabi/lib/armv6-m\libg_nano.a(lib_a-nano-svfprintf.o)
 .ARM.attributes
                0x00000558       0x2c c:/program files (x86)/cypress/psoc creator/4.4/psoc creator/import/gnu/arm/5.4.1/bin/../lib/gcc/arm-none-eabi/5.4.1/../../../../arm-none-eabi/lib/armv6-m\libg_nano.a(lib_a-nano-svfscanf.o)
 .ARM.attributes
                0x00000584       0x2c c:/program files (x86)/cypress/psoc creator/4.4/psoc creator/import/gnu/arm/5.4.1/bin/../lib/gcc/arm-none-eabi/5.4.1/../../../../arm-none-eabi/lib/armv6-m\libg_nano.a(lib_a-nano-vfprintf_i.o)
 .ARM.attributes
                0x000005b0       0x2c c:/program files (x86)/cypress/psoc creator/4.4/psoc creator/import/gnu/arm/5.4.1/bin/../lib/gcc/arm-none-eabi/5.4.1/../../../../arm-none-eabi/lib/armv6-m\libg_nano.a(lib_a-nano-vfscanf_i.o)
 .ARM.attributes
                0x000005dc       0x2c c:/program files (x86)/cypress/psoc creator/4.4/psoc creator/import/gnu/arm/5.4.1/bin/../lib/gcc/arm-none-eabi/5.4.1/../../../../arm-none-eabi/lib/armv6-m\libg_nano.a(lib_a-readr.o)
 .ARM.attributes
                0x00000608       0x2c c:/program files (x86)/cypress/psoc creator/4.4/psoc creator/import/gnu/arm/5.4.1/bin/../lib/gcc/arm-none-eabi/5.4.1/../../../../arm-none-eabi/lib/armv6-m\libg_nano.a(lib_a-reent.o)
 .ARM.attributes
                0x00000634       0x2c c:/program files (x86)/cypress/psoc creator/4.4/psoc creator/import/gnu/arm/5.4.1/bin/../lib/gcc/arm-none-eabi/5.4.1/../../../../arm-none-eabi/lib/armv6-m\libg_nano.a(lib_a-sccl.o)
 .ARM.attributes
                0x00000660       0x2c c:/program files (x86)/cypress/psoc creator/4.4/psoc creator/import/gnu/arm/5.4.1/bin/../lib/gcc/arm-none-eabi/5.4.1/../../../../arm-none-eabi/lib/armv6-m\libg_nano.a(lib_a-strtol.o)
 .ARM.attributes
                0x0000068c       0x2c c:/program files (x86)/cypress/psoc creator/4.4/psoc creator/import/gnu/arm/5.4.1/bin/../lib/gcc/arm-none-eabi/5.4.1/../../../../arm-none-eabi/lib/armv6-m\libg_nano.a(lib_a-strtoul.o)
 .ARM.attributes
                0x000006b8       0x2c c:/program files (x86)/cypress/psoc creator/4.4/psoc creator/import/gnu/arm/5.4.1/bin/../lib/gcc/arm-none-eabi/5.4.1/../../../../arm-none-eabi/lib/armv6-m\libg_nano.a(lib_a-ungetc.o)
 .ARM.attributes
                0x000006e4       0x2c c:/program files (x86)/cypress/psoc creator/4.4/psoc creator/import/gnu/arm/5.4.1/bin/../lib/gcc/arm-none-eabi/5.4.1/../../../../arm-none-eabi/lib/armv6-m\libg_nano.a(lib_a-ctype_.o)
 .ARM.attributes
                0x00000710       0x2c c:/program files (x86)/cypress/psoc creator/4.4/psoc creator/import/gnu/arm/5.4.1/bin/../lib/gcc/arm-none-eabi/5.4.1/../../../../arm-none-eabi/lib/armv6-m\libg_nano.a(lib_a-fflush.o)
 .ARM.attributes
                0x0000073c       0x2c c:/program files (x86)/cypress/psoc creator/4.4/psoc creator/import/gnu/arm/5.4.1/bin/../lib/gcc/arm-none-eabi/5.4.1/../../../../arm-none-eabi/lib/armv6-m\libg_nano.a(lib_a-findfp.o)
 .ARM.attributes
                0x00000768       0x2c c:/program files (x86)/cypress/psoc creator/4.4/psoc creator/import/gnu/arm/5.4.1/bin/../lib/gcc/arm-none-eabi/5.4.1/../../../../arm-none-eabi/lib/armv6-m\libg_nano.a(lib_a-fwalk.o)
 .ARM.attributes
                0x00000794       0x2c c:/program files (x86)/cypress/psoc creator/4.4/psoc creator/import/gnu/arm/5.4.1/bin/../lib/gcc/arm-none-eabi/5.4.1/../../../../arm-none-eabi/lib/armv6-m\libg_nano.a(lib_a-memchr-stub.o)
 .ARM.attributes
                0x000007c0       0x2c c:/program files (x86)/cypress/psoc creator/4.4/psoc creator/import/gnu/arm/5.4.1/bin/../lib/gcc/arm-none-eabi/5.4.1/../../../../arm-none-eabi/lib/armv6-m\libg_nano.a(lib_a-memcpy-stub.o)
 .ARM.attributes
                0x000007ec       0x2c c:/program files (x86)/cypress/psoc creator/4.4/psoc creator/import/gnu/arm/5.4.1/bin/../lib/gcc/arm-none-eabi/5.4.1/../../../../arm-none-eabi/lib/armv6-m\libg_nano.a(lib_a-memmove.o)
 .ARM.attributes
                0x00000818       0x2c c:/program files (x86)/cypress/psoc creator/4.4/psoc creator/import/gnu/arm/5.4.1/bin/../lib/gcc/arm-none-eabi/5.4.1/../../../../arm-none-eabi/lib/armv6-m\libg_nano.a(lib_a-nano-freer.o)
 .ARM.attributes
                0x00000844       0x2c c:/program files (x86)/cypress/psoc creator/4.4/psoc creator/import/gnu/arm/5.4.1/bin/../lib/gcc/arm-none-eabi/5.4.1/../../../../arm-none-eabi/lib/armv6-m\libg_nano.a(lib_a-nano-mallocr.o)
 .ARM.attributes
                0x00000870       0x2c c:/program files (x86)/cypress/psoc creator/4.4/psoc creator/import/gnu/arm/5.4.1/bin/../lib/gcc/arm-none-eabi/5.4.1/../../../../arm-none-eabi/lib/armv6-m\libg_nano.a(lib_a-nano-reallocr.o)
 .ARM.attributes
                0x0000089c       0x2c c:/program files (x86)/cypress/psoc creator/4.4/psoc creator/import/gnu/arm/5.4.1/bin/../lib/gcc/arm-none-eabi/5.4.1/../../../../arm-none-eabi/lib/armv6-m\libg_nano.a(lib_a-sbrkr.o)
 .ARM.attributes
                0x000008c8       0x2c c:/program files (x86)/cypress/psoc creator/4.4/psoc creator/import/gnu/arm/5.4.1/bin/../lib/gcc/arm-none-eabi/5.4.1/../../../../arm-none-eabi/lib/armv6-m\libg_nano.a(lib_a-mlock.o)
 .ARM.attributes
                0x000008f4       0x2c c:/program files (x86)/cypress/psoc creator/4.4/psoc creator/import/gnu/arm/5.4.1/bin/../lib/gcc/arm-none-eabi/5.4.1/../../../../arm-none-eabi/lib/armv6-m\libg_nano.a(lib_a-nano-msizer.o)
 .ARM.attributes
                0x00000920       0x2c c:/program files (x86)/cypress/psoc creator/4.4/psoc creator/import/gnu/arm/5.4.1/bin/../lib/gcc/arm-none-eabi/5.4.1/armv6-m/crtend.o
 .ARM.attributes
                0x0000094c       0x1e c:/program files (x86)/cypress/psoc creator/4.4/psoc creator/import/gnu/arm/5.4.1/bin/../lib/gcc/arm-none-eabi/5.4.1/armv6-m/crtn.o
 .ARM.attributes
                0x0000096a       0x2c c:/program files (x86)/cypress/psoc creator/4.4/psoc creator/import/gnu/arm/5.4.1/bin/../lib/gcc/arm-none-eabi/5.4.1/../../../../arm-none-eabi/lib/armv6-m\libnosys.a(close.o)
 .ARM.attributes
                0x00000996       0x2c c:/program files (x86)/cypress/psoc creator/4.4/psoc creator/import/gnu/arm/5.4.1/bin/../lib/gcc/arm-none-eabi/5.4.1/../../../../arm-none-eabi/lib/armv6-m\libnosys.a(lseek.o)
 .ARM.attributes
                0x000009c2       0x2c c:/program files (x86)/cypress/psoc creator/4.4/psoc creator/import/gnu/arm/5.4.1/bin/../lib/gcc/arm-none-eabi/5.4.1/../../../../arm-none-eabi/lib/armv6-m\libnosys.a(read.o)
 .ARM.attributes
                0x000009ee       0x2c c:/program files (x86)/cypress/psoc creator/4.4/psoc creator/import/gnu/arm/5.4.1/bin/../lib/gcc/arm-none-eabi/5.4.1/../../../../arm-none-eabi/lib/armv6-m\libnosys.a(write.o)

/DISCARD/
 *(.note.GNU-stack)
OUTPUT(D:\LABs_BLE\LABs_BLE\Lab_3_1_UART_Transmitting.cydsn\CortexM0\ARM_GCC_541\Debug\Lab_3_1_UART_Transmitting.elf elf32-littlearm)
