ARM GAS  C:\Users\Admin\AppData\Local\Temp\ccny0O2I.s 			page 1


   1              		.syntax unified
   2              		.cpu cortex-m0
   3              		.fpu softvfp
   4              		.eabi_attribute 20, 1
   5              		.eabi_attribute 21, 1
   6              		.eabi_attribute 23, 3
   7              		.eabi_attribute 24, 1
   8              		.eabi_attribute 25, 1
   9              		.eabi_attribute 26, 1
  10              		.eabi_attribute 30, 6
  11              		.eabi_attribute 34, 0
  12              		.eabi_attribute 18, 4
  13              		.thumb
  14              		.syntax unified
  15              		.file	"cyfitter_cfg.c"
  16              		.text
  17              	.Ltext0:
  18              		.cfi_sections	.debug_frame
  19              		.section	.text.CYMEMZERO,"ax",%progbits
  20              		.align	2
  21              		.code	16
  22              		.thumb_func
  23              		.type	CYMEMZERO, %function
  24              	CYMEMZERO:
  25              	.LFB2:
  26              		.file 1 "Generated_Source\\PSoC4\\cyfitter_cfg.c"
   1:Generated_Source\PSoC4/cyfitter_cfg.c **** 
   2:Generated_Source\PSoC4/cyfitter_cfg.c **** /*******************************************************************************
   3:Generated_Source\PSoC4/cyfitter_cfg.c **** * File Name: cyfitter_cfg.c
   4:Generated_Source\PSoC4/cyfitter_cfg.c **** * 
   5:Generated_Source\PSoC4/cyfitter_cfg.c **** * PSoC Creator  4.4
   6:Generated_Source\PSoC4/cyfitter_cfg.c **** *
   7:Generated_Source\PSoC4/cyfitter_cfg.c **** * Description:
   8:Generated_Source\PSoC4/cyfitter_cfg.c **** * This file contains device initialization code.
   9:Generated_Source\PSoC4/cyfitter_cfg.c **** * Except for the user defined sections in CyClockStartupError(), this file should not be modified.
  10:Generated_Source\PSoC4/cyfitter_cfg.c **** * This file is automatically generated by PSoC Creator.
  11:Generated_Source\PSoC4/cyfitter_cfg.c **** *
  12:Generated_Source\PSoC4/cyfitter_cfg.c **** ********************************************************************************
  13:Generated_Source\PSoC4/cyfitter_cfg.c **** * Copyright (c) 2007-2020 Cypress Semiconductor.  All rights reserved.
  14:Generated_Source\PSoC4/cyfitter_cfg.c **** * You may use this file only in accordance with the license, terms, conditions, 
  15:Generated_Source\PSoC4/cyfitter_cfg.c **** * disclaimers, and limitations in the end user license agreement accompanying 
  16:Generated_Source\PSoC4/cyfitter_cfg.c **** * the software package with which this file was provided.
  17:Generated_Source\PSoC4/cyfitter_cfg.c **** ********************************************************************************/
  18:Generated_Source\PSoC4/cyfitter_cfg.c **** 
  19:Generated_Source\PSoC4/cyfitter_cfg.c **** #include <string.h>
  20:Generated_Source\PSoC4/cyfitter_cfg.c **** #include "cytypes.h"
  21:Generated_Source\PSoC4/cyfitter_cfg.c **** #include "cydevice_trm.h"
  22:Generated_Source\PSoC4/cyfitter_cfg.c **** #include "cyfitter.h"
  23:Generated_Source\PSoC4/cyfitter_cfg.c **** #include "CyLib.h"
  24:Generated_Source\PSoC4/cyfitter_cfg.c **** #include "CyLFClk.h"
  25:Generated_Source\PSoC4/cyfitter_cfg.c **** #include "cyfitter_cfg.h"
  26:Generated_Source\PSoC4/cyfitter_cfg.c **** #include "cyapicallbacks.h"
  27:Generated_Source\PSoC4/cyfitter_cfg.c **** 
  28:Generated_Source\PSoC4/cyfitter_cfg.c **** 
  29:Generated_Source\PSoC4/cyfitter_cfg.c **** #if defined(__GNUC__) || defined(__ARMCC_VERSION)
  30:Generated_Source\PSoC4/cyfitter_cfg.c ****     #define CYPACKED 
  31:Generated_Source\PSoC4/cyfitter_cfg.c ****     #define CYPACKED_ATTR __attribute__ ((packed))
ARM GAS  C:\Users\Admin\AppData\Local\Temp\ccny0O2I.s 			page 2


  32:Generated_Source\PSoC4/cyfitter_cfg.c ****     #define CYALIGNED __attribute__ ((aligned))
  33:Generated_Source\PSoC4/cyfitter_cfg.c ****     #define CY_CFG_UNUSED __attribute__ ((unused))
  34:Generated_Source\PSoC4/cyfitter_cfg.c ****     #ifndef CY_CFG_SECTION
  35:Generated_Source\PSoC4/cyfitter_cfg.c ****         #define CY_CFG_SECTION __attribute__ ((section(".psocinit")))
  36:Generated_Source\PSoC4/cyfitter_cfg.c ****     #endif
  37:Generated_Source\PSoC4/cyfitter_cfg.c ****     
  38:Generated_Source\PSoC4/cyfitter_cfg.c ****     #if defined(__ARMCC_VERSION)
  39:Generated_Source\PSoC4/cyfitter_cfg.c ****         #define CY_CFG_MEMORY_BARRIER() __memory_changed()
  40:Generated_Source\PSoC4/cyfitter_cfg.c ****     #else
  41:Generated_Source\PSoC4/cyfitter_cfg.c ****         #define CY_CFG_MEMORY_BARRIER() __sync_synchronize()
  42:Generated_Source\PSoC4/cyfitter_cfg.c ****     #endif
  43:Generated_Source\PSoC4/cyfitter_cfg.c ****     
  44:Generated_Source\PSoC4/cyfitter_cfg.c **** #elif defined(__ICCARM__)
  45:Generated_Source\PSoC4/cyfitter_cfg.c ****     #include <intrinsics.h>
  46:Generated_Source\PSoC4/cyfitter_cfg.c **** 
  47:Generated_Source\PSoC4/cyfitter_cfg.c ****     #define CYPACKED __packed
  48:Generated_Source\PSoC4/cyfitter_cfg.c ****     #define CYPACKED_ATTR 
  49:Generated_Source\PSoC4/cyfitter_cfg.c ****     #define CYALIGNED _Pragma("data_alignment=4")
  50:Generated_Source\PSoC4/cyfitter_cfg.c ****     #define CY_CFG_UNUSED _Pragma("diag_suppress=Pe177")
  51:Generated_Source\PSoC4/cyfitter_cfg.c ****     #define CY_CFG_SECTION _Pragma("location=\".psocinit\"")
  52:Generated_Source\PSoC4/cyfitter_cfg.c ****     
  53:Generated_Source\PSoC4/cyfitter_cfg.c ****     #define CY_CFG_MEMORY_BARRIER() __DMB()
  54:Generated_Source\PSoC4/cyfitter_cfg.c ****     
  55:Generated_Source\PSoC4/cyfitter_cfg.c **** #else
  56:Generated_Source\PSoC4/cyfitter_cfg.c ****     #error Unsupported toolchain
  57:Generated_Source\PSoC4/cyfitter_cfg.c **** #endif
  58:Generated_Source\PSoC4/cyfitter_cfg.c **** 
  59:Generated_Source\PSoC4/cyfitter_cfg.c **** #ifndef CYCODE
  60:Generated_Source\PSoC4/cyfitter_cfg.c ****     #define CYCODE
  61:Generated_Source\PSoC4/cyfitter_cfg.c **** #endif
  62:Generated_Source\PSoC4/cyfitter_cfg.c **** #ifndef CYDATA
  63:Generated_Source\PSoC4/cyfitter_cfg.c ****     #define CYDATA
  64:Generated_Source\PSoC4/cyfitter_cfg.c **** #endif
  65:Generated_Source\PSoC4/cyfitter_cfg.c **** #ifndef CYFAR
  66:Generated_Source\PSoC4/cyfitter_cfg.c ****     #define CYFAR
  67:Generated_Source\PSoC4/cyfitter_cfg.c **** #endif
  68:Generated_Source\PSoC4/cyfitter_cfg.c **** #ifndef CYXDATA
  69:Generated_Source\PSoC4/cyfitter_cfg.c ****     #define CYXDATA
  70:Generated_Source\PSoC4/cyfitter_cfg.c **** #endif
  71:Generated_Source\PSoC4/cyfitter_cfg.c **** 
  72:Generated_Source\PSoC4/cyfitter_cfg.c **** 
  73:Generated_Source\PSoC4/cyfitter_cfg.c **** CY_CFG_UNUSED
  74:Generated_Source\PSoC4/cyfitter_cfg.c **** static void CYMEMZERO(void *s, size_t n);
  75:Generated_Source\PSoC4/cyfitter_cfg.c **** CY_CFG_UNUSED
  76:Generated_Source\PSoC4/cyfitter_cfg.c **** static void CYMEMZERO(void *s, size_t n)
  77:Generated_Source\PSoC4/cyfitter_cfg.c **** {
  27              		.loc 1 77 0
  28              		.cfi_startproc
  29              		@ args = 0, pretend = 0, frame = 8
  30              		@ frame_needed = 1, uses_anonymous_args = 0
  31 0000 80B5     		push	{r7, lr}
  32              		.cfi_def_cfa_offset 8
  33              		.cfi_offset 7, -8
  34              		.cfi_offset 14, -4
  35 0002 82B0     		sub	sp, sp, #8
  36              		.cfi_def_cfa_offset 16
  37 0004 00AF     		add	r7, sp, #0
ARM GAS  C:\Users\Admin\AppData\Local\Temp\ccny0O2I.s 			page 3


  38              		.cfi_def_cfa_register 7
  39 0006 7860     		str	r0, [r7, #4]
  40 0008 3960     		str	r1, [r7]
  78:Generated_Source\PSoC4/cyfitter_cfg.c **** 	(void)memset(s, 0, n);
  41              		.loc 1 78 0
  42 000a 3A68     		ldr	r2, [r7]
  43 000c 7B68     		ldr	r3, [r7, #4]
  44 000e 0021     		movs	r1, #0
  45 0010 1800     		movs	r0, r3
  46 0012 FFF7FEFF 		bl	memset
  79:Generated_Source\PSoC4/cyfitter_cfg.c **** }
  47              		.loc 1 79 0
  48 0016 C046     		nop
  49 0018 BD46     		mov	sp, r7
  50 001a 02B0     		add	sp, sp, #8
  51              		@ sp needed
  52 001c 80BD     		pop	{r7, pc}
  53              		.cfi_endproc
  54              	.LFE2:
  55              		.size	CYMEMZERO, .-CYMEMZERO
  56 001e C046     		.section	.text.CYCONFIGCPY,"ax",%progbits
  57              		.align	2
  58              		.code	16
  59              		.thumb_func
  60              		.type	CYCONFIGCPY, %function
  61              	CYCONFIGCPY:
  62              	.LFB3:
  80:Generated_Source\PSoC4/cyfitter_cfg.c **** CY_CFG_UNUSED
  81:Generated_Source\PSoC4/cyfitter_cfg.c **** static void CYCONFIGCPY(void *dest, const void *src, size_t n);
  82:Generated_Source\PSoC4/cyfitter_cfg.c **** CY_CFG_UNUSED
  83:Generated_Source\PSoC4/cyfitter_cfg.c **** static void CYCONFIGCPY(void *dest, const void *src, size_t n)
  84:Generated_Source\PSoC4/cyfitter_cfg.c **** {
  63              		.loc 1 84 0
  64              		.cfi_startproc
  65              		@ args = 0, pretend = 0, frame = 16
  66              		@ frame_needed = 1, uses_anonymous_args = 0
  67 0000 80B5     		push	{r7, lr}
  68              		.cfi_def_cfa_offset 8
  69              		.cfi_offset 7, -8
  70              		.cfi_offset 14, -4
  71 0002 84B0     		sub	sp, sp, #16
  72              		.cfi_def_cfa_offset 24
  73 0004 00AF     		add	r7, sp, #0
  74              		.cfi_def_cfa_register 7
  75 0006 F860     		str	r0, [r7, #12]
  76 0008 B960     		str	r1, [r7, #8]
  77 000a 7A60     		str	r2, [r7, #4]
  85:Generated_Source\PSoC4/cyfitter_cfg.c **** 	(void)memcpy(dest, src, n);
  78              		.loc 1 85 0
  79 000c 7A68     		ldr	r2, [r7, #4]
  80 000e B968     		ldr	r1, [r7, #8]
  81 0010 FB68     		ldr	r3, [r7, #12]
  82 0012 1800     		movs	r0, r3
  83 0014 FFF7FEFF 		bl	memcpy
  86:Generated_Source\PSoC4/cyfitter_cfg.c **** }
  84              		.loc 1 86 0
  85 0018 C046     		nop
ARM GAS  C:\Users\Admin\AppData\Local\Temp\ccny0O2I.s 			page 4


  86 001a BD46     		mov	sp, r7
  87 001c 04B0     		add	sp, sp, #16
  88              		@ sp needed
  89 001e 80BD     		pop	{r7, pc}
  90              		.cfi_endproc
  91              	.LFE3:
  92              		.size	CYCONFIGCPY, .-CYCONFIGCPY
  93              		.section	.text.CYCONFIGCPYCODE,"ax",%progbits
  94              		.align	2
  95              		.code	16
  96              		.thumb_func
  97              		.type	CYCONFIGCPYCODE, %function
  98              	CYCONFIGCPYCODE:
  99              	.LFB4:
  87:Generated_Source\PSoC4/cyfitter_cfg.c **** CY_CFG_UNUSED
  88:Generated_Source\PSoC4/cyfitter_cfg.c **** static void CYCONFIGCPYCODE(void *dest, const void *src, size_t n);
  89:Generated_Source\PSoC4/cyfitter_cfg.c **** CY_CFG_UNUSED
  90:Generated_Source\PSoC4/cyfitter_cfg.c **** static void CYCONFIGCPYCODE(void *dest, const void *src, size_t n)
  91:Generated_Source\PSoC4/cyfitter_cfg.c **** {
 100              		.loc 1 91 0
 101              		.cfi_startproc
 102              		@ args = 0, pretend = 0, frame = 16
 103              		@ frame_needed = 1, uses_anonymous_args = 0
 104 0000 80B5     		push	{r7, lr}
 105              		.cfi_def_cfa_offset 8
 106              		.cfi_offset 7, -8
 107              		.cfi_offset 14, -4
 108 0002 84B0     		sub	sp, sp, #16
 109              		.cfi_def_cfa_offset 24
 110 0004 00AF     		add	r7, sp, #0
 111              		.cfi_def_cfa_register 7
 112 0006 F860     		str	r0, [r7, #12]
 113 0008 B960     		str	r1, [r7, #8]
 114 000a 7A60     		str	r2, [r7, #4]
  92:Generated_Source\PSoC4/cyfitter_cfg.c **** 	(void)memcpy(dest, src, n);
 115              		.loc 1 92 0
 116 000c 7A68     		ldr	r2, [r7, #4]
 117 000e B968     		ldr	r1, [r7, #8]
 118 0010 FB68     		ldr	r3, [r7, #12]
 119 0012 1800     		movs	r0, r3
 120 0014 FFF7FEFF 		bl	memcpy
  93:Generated_Source\PSoC4/cyfitter_cfg.c **** }
 121              		.loc 1 93 0
 122 0018 C046     		nop
 123 001a BD46     		mov	sp, r7
 124 001c 04B0     		add	sp, sp, #16
 125              		@ sp needed
 126 001e 80BD     		pop	{r7, pc}
 127              		.cfi_endproc
 128              	.LFE4:
 129              		.size	CYCONFIGCPYCODE, .-CYCONFIGCPYCODE
 130              		.section	.text.cfg_write_bytes32,"ax",%progbits
 131              		.align	2
 132              		.code	16
 133              		.thumb_func
 134              		.type	cfg_write_bytes32, %function
 135              	cfg_write_bytes32:
ARM GAS  C:\Users\Admin\AppData\Local\Temp\ccny0O2I.s 			page 5


 136              	.LFB5:
  94:Generated_Source\PSoC4/cyfitter_cfg.c **** 
  95:Generated_Source\PSoC4/cyfitter_cfg.c **** 
  96:Generated_Source\PSoC4/cyfitter_cfg.c **** 
  97:Generated_Source\PSoC4/cyfitter_cfg.c **** 
  98:Generated_Source\PSoC4/cyfitter_cfg.c **** /* Clock startup error codes                                                   */
  99:Generated_Source\PSoC4/cyfitter_cfg.c **** #define CYCLOCKSTART_NO_ERROR    0u
 100:Generated_Source\PSoC4/cyfitter_cfg.c **** #define CYCLOCKSTART_XTAL_ERROR  1u
 101:Generated_Source\PSoC4/cyfitter_cfg.c **** #define CYCLOCKSTART_32KHZ_ERROR 2u
 102:Generated_Source\PSoC4/cyfitter_cfg.c **** #define CYCLOCKSTART_PLL_ERROR   3u
 103:Generated_Source\PSoC4/cyfitter_cfg.c **** #define CYCLOCKSTART_FLL_ERROR   4u
 104:Generated_Source\PSoC4/cyfitter_cfg.c **** #define CYCLOCKSTART_WCO_ERROR   5u
 105:Generated_Source\PSoC4/cyfitter_cfg.c **** 
 106:Generated_Source\PSoC4/cyfitter_cfg.c **** 
 107:Generated_Source\PSoC4/cyfitter_cfg.c **** #ifdef CY_NEED_CYCLOCKSTARTUPERROR
 108:Generated_Source\PSoC4/cyfitter_cfg.c **** /*******************************************************************************
 109:Generated_Source\PSoC4/cyfitter_cfg.c **** * Function Name: CyClockStartupError
 110:Generated_Source\PSoC4/cyfitter_cfg.c **** ********************************************************************************
 111:Generated_Source\PSoC4/cyfitter_cfg.c **** * Summary:
 112:Generated_Source\PSoC4/cyfitter_cfg.c **** *  If an error is encountered during clock configuration (crystal startup error,
 113:Generated_Source\PSoC4/cyfitter_cfg.c **** *  PLL lock error, etc.), the system will end up here.  Unless reimplemented by
 114:Generated_Source\PSoC4/cyfitter_cfg.c **** *  the customer, this function will stop in an infinite loop.
 115:Generated_Source\PSoC4/cyfitter_cfg.c **** *
 116:Generated_Source\PSoC4/cyfitter_cfg.c **** * Parameters:
 117:Generated_Source\PSoC4/cyfitter_cfg.c **** *   void
 118:Generated_Source\PSoC4/cyfitter_cfg.c **** *
 119:Generated_Source\PSoC4/cyfitter_cfg.c **** * Return:
 120:Generated_Source\PSoC4/cyfitter_cfg.c **** *   void
 121:Generated_Source\PSoC4/cyfitter_cfg.c **** *
 122:Generated_Source\PSoC4/cyfitter_cfg.c **** *******************************************************************************/
 123:Generated_Source\PSoC4/cyfitter_cfg.c **** CY_CFG_UNUSED
 124:Generated_Source\PSoC4/cyfitter_cfg.c **** static void CyClockStartupError(uint8 errorCode);
 125:Generated_Source\PSoC4/cyfitter_cfg.c **** CY_CFG_UNUSED
 126:Generated_Source\PSoC4/cyfitter_cfg.c **** static void CyClockStartupError(uint8 errorCode)
 127:Generated_Source\PSoC4/cyfitter_cfg.c **** {
 128:Generated_Source\PSoC4/cyfitter_cfg.c ****     /* To remove the compiler warning if errorCode not used.                */
 129:Generated_Source\PSoC4/cyfitter_cfg.c ****     errorCode = errorCode;
 130:Generated_Source\PSoC4/cyfitter_cfg.c **** 
 131:Generated_Source\PSoC4/cyfitter_cfg.c ****     /* If we have a clock startup error (bad MHz crystal, PLL lock, etc.),  */
 132:Generated_Source\PSoC4/cyfitter_cfg.c ****     /* we will end up here to allow the customer to implement something to  */
 133:Generated_Source\PSoC4/cyfitter_cfg.c ****     /* deal with the clock condition.                                       */
 134:Generated_Source\PSoC4/cyfitter_cfg.c **** 
 135:Generated_Source\PSoC4/cyfitter_cfg.c **** #ifdef CY_CFG_CLOCK_STARTUP_ERROR_CALLBACK
 136:Generated_Source\PSoC4/cyfitter_cfg.c ****     CY_CFG_Clock_Startup_ErrorCallback();
 137:Generated_Source\PSoC4/cyfitter_cfg.c **** #else
 138:Generated_Source\PSoC4/cyfitter_cfg.c ****     /*  If not using CY_CFG_CLOCK_STARTUP_ERROR_CALLBACK, place your clock startup code here. */
 139:Generated_Source\PSoC4/cyfitter_cfg.c ****     /* `#START CyClockStartupError` */
 140:Generated_Source\PSoC4/cyfitter_cfg.c **** 
 141:Generated_Source\PSoC4/cyfitter_cfg.c **** 
 142:Generated_Source\PSoC4/cyfitter_cfg.c **** 
 143:Generated_Source\PSoC4/cyfitter_cfg.c ****     /* `#END` */
 144:Generated_Source\PSoC4/cyfitter_cfg.c **** 
 145:Generated_Source\PSoC4/cyfitter_cfg.c ****     while(1) {}
 146:Generated_Source\PSoC4/cyfitter_cfg.c **** #endif /* CY_CFG_CLOCK_STARTUP_ERROR_CALLBACK */
 147:Generated_Source\PSoC4/cyfitter_cfg.c **** }
 148:Generated_Source\PSoC4/cyfitter_cfg.c **** #endif
 149:Generated_Source\PSoC4/cyfitter_cfg.c **** 
ARM GAS  C:\Users\Admin\AppData\Local\Temp\ccny0O2I.s 			page 6


 150:Generated_Source\PSoC4/cyfitter_cfg.c **** #define CY_CFG_BASE_ADDR_COUNT 5u
 151:Generated_Source\PSoC4/cyfitter_cfg.c **** CYPACKED typedef struct
 152:Generated_Source\PSoC4/cyfitter_cfg.c **** {
 153:Generated_Source\PSoC4/cyfitter_cfg.c **** 	uint8 offset;
 154:Generated_Source\PSoC4/cyfitter_cfg.c **** 	uint8 value;
 155:Generated_Source\PSoC4/cyfitter_cfg.c **** } CYPACKED_ATTR cy_cfg_addrvalue_t;
 156:Generated_Source\PSoC4/cyfitter_cfg.c **** 
 157:Generated_Source\PSoC4/cyfitter_cfg.c **** 
 158:Generated_Source\PSoC4/cyfitter_cfg.c **** 
 159:Generated_Source\PSoC4/cyfitter_cfg.c **** /*******************************************************************************
 160:Generated_Source\PSoC4/cyfitter_cfg.c **** * Function Name: cfg_write_bytes32
 161:Generated_Source\PSoC4/cyfitter_cfg.c **** ********************************************************************************
 162:Generated_Source\PSoC4/cyfitter_cfg.c **** * Summary:
 163:Generated_Source\PSoC4/cyfitter_cfg.c **** *  This function is used for setting up the chip configuration areas that
 164:Generated_Source\PSoC4/cyfitter_cfg.c **** *  contain relatively sparse data.
 165:Generated_Source\PSoC4/cyfitter_cfg.c **** *
 166:Generated_Source\PSoC4/cyfitter_cfg.c **** * Parameters:
 167:Generated_Source\PSoC4/cyfitter_cfg.c **** *   void
 168:Generated_Source\PSoC4/cyfitter_cfg.c **** *
 169:Generated_Source\PSoC4/cyfitter_cfg.c **** * Return:
 170:Generated_Source\PSoC4/cyfitter_cfg.c **** *   void
 171:Generated_Source\PSoC4/cyfitter_cfg.c **** *
 172:Generated_Source\PSoC4/cyfitter_cfg.c **** *******************************************************************************/
 173:Generated_Source\PSoC4/cyfitter_cfg.c **** static void cfg_write_bytes32(const uint32 addr_table[], const cy_cfg_addrvalue_t data_table[]);
 174:Generated_Source\PSoC4/cyfitter_cfg.c **** static void cfg_write_bytes32(const uint32 addr_table[], const cy_cfg_addrvalue_t data_table[])
 175:Generated_Source\PSoC4/cyfitter_cfg.c **** {
 137              		.loc 1 175 0
 138              		.cfi_startproc
 139              		@ args = 0, pretend = 0, frame = 24
 140              		@ frame_needed = 1, uses_anonymous_args = 0
 141 0000 80B5     		push	{r7, lr}
 142              		.cfi_def_cfa_offset 8
 143              		.cfi_offset 7, -8
 144              		.cfi_offset 14, -4
 145 0002 86B0     		sub	sp, sp, #24
 146              		.cfi_def_cfa_offset 32
 147 0004 00AF     		add	r7, sp, #0
 148              		.cfi_def_cfa_register 7
 149 0006 7860     		str	r0, [r7, #4]
 150 0008 3960     		str	r1, [r7]
 176:Generated_Source\PSoC4/cyfitter_cfg.c **** 	/* For 32-bit little-endian architectures */
 177:Generated_Source\PSoC4/cyfitter_cfg.c **** 	uint32 i, j = 0u;
 151              		.loc 1 177 0
 152 000a 0023     		movs	r3, #0
 153 000c 3B61     		str	r3, [r7, #16]
 178:Generated_Source\PSoC4/cyfitter_cfg.c **** 	for (i = 0u; i < CY_CFG_BASE_ADDR_COUNT; i++)
 154              		.loc 1 178 0
 155 000e 0023     		movs	r3, #0
 156 0010 7B61     		str	r3, [r7, #20]
 157 0012 2FE0     		b	.L5
 158              	.L8:
 159              	.LBB2:
 179:Generated_Source\PSoC4/cyfitter_cfg.c **** 	{
 180:Generated_Source\PSoC4/cyfitter_cfg.c **** 		uint32 baseAddr = addr_table[i];
 160              		.loc 1 180 0
 161 0014 7B69     		ldr	r3, [r7, #20]
 162 0016 9B00     		lsls	r3, r3, #2
ARM GAS  C:\Users\Admin\AppData\Local\Temp\ccny0O2I.s 			page 7


 163 0018 7A68     		ldr	r2, [r7, #4]
 164 001a D318     		adds	r3, r2, r3
 165 001c 1B68     		ldr	r3, [r3]
 166 001e BB60     		str	r3, [r7, #8]
 181:Generated_Source\PSoC4/cyfitter_cfg.c **** 		uint8 count = (uint8)baseAddr;
 167              		.loc 1 181 0
 168 0020 0F23     		movs	r3, #15
 169 0022 FB18     		adds	r3, r7, r3
 170 0024 BA68     		ldr	r2, [r7, #8]
 171 0026 1A70     		strb	r2, [r3]
 182:Generated_Source\PSoC4/cyfitter_cfg.c **** 		baseAddr &= 0xFFFFFF00u;
 172              		.loc 1 182 0
 173 0028 BB68     		ldr	r3, [r7, #8]
 174 002a FF22     		movs	r2, #255
 175 002c 9343     		bics	r3, r2
 176 002e BB60     		str	r3, [r7, #8]
 183:Generated_Source\PSoC4/cyfitter_cfg.c **** 		while (count != 0u)
 177              		.loc 1 183 0
 178 0030 18E0     		b	.L6
 179              	.L7:
 184:Generated_Source\PSoC4/cyfitter_cfg.c **** 		{
 185:Generated_Source\PSoC4/cyfitter_cfg.c **** 			CY_SET_REG8((void *)(baseAddr + data_table[j].offset), data_table[j].value);
 180              		.loc 1 185 0
 181 0032 3B69     		ldr	r3, [r7, #16]
 182 0034 5B00     		lsls	r3, r3, #1
 183 0036 3A68     		ldr	r2, [r7]
 184 0038 D318     		adds	r3, r2, r3
 185 003a 1B78     		ldrb	r3, [r3]
 186 003c 1A00     		movs	r2, r3
 187 003e BB68     		ldr	r3, [r7, #8]
 188 0040 D318     		adds	r3, r2, r3
 189 0042 1900     		movs	r1, r3
 190 0044 3B69     		ldr	r3, [r7, #16]
 191 0046 5B00     		lsls	r3, r3, #1
 192 0048 3A68     		ldr	r2, [r7]
 193 004a D318     		adds	r3, r2, r3
 194 004c 5B78     		ldrb	r3, [r3, #1]
 195 004e 0B70     		strb	r3, [r1]
 186:Generated_Source\PSoC4/cyfitter_cfg.c **** 			j++;
 196              		.loc 1 186 0
 197 0050 3B69     		ldr	r3, [r7, #16]
 198 0052 0133     		adds	r3, r3, #1
 199 0054 3B61     		str	r3, [r7, #16]
 187:Generated_Source\PSoC4/cyfitter_cfg.c **** 			count--;
 200              		.loc 1 187 0
 201 0056 0F23     		movs	r3, #15
 202 0058 FB18     		adds	r3, r7, r3
 203 005a 1A78     		ldrb	r2, [r3]
 204 005c 0F23     		movs	r3, #15
 205 005e FB18     		adds	r3, r7, r3
 206 0060 013A     		subs	r2, r2, #1
 207 0062 1A70     		strb	r2, [r3]
 208              	.L6:
 183:Generated_Source\PSoC4/cyfitter_cfg.c **** 		{
 209              		.loc 1 183 0
 210 0064 0F23     		movs	r3, #15
 211 0066 FB18     		adds	r3, r7, r3
ARM GAS  C:\Users\Admin\AppData\Local\Temp\ccny0O2I.s 			page 8


 212 0068 1B78     		ldrb	r3, [r3]
 213 006a 002B     		cmp	r3, #0
 214 006c E1D1     		bne	.L7
 215              	.LBE2:
 178:Generated_Source\PSoC4/cyfitter_cfg.c **** 	{
 216              		.loc 1 178 0 discriminator 2
 217 006e 7B69     		ldr	r3, [r7, #20]
 218 0070 0133     		adds	r3, r3, #1
 219 0072 7B61     		str	r3, [r7, #20]
 220              	.L5:
 178:Generated_Source\PSoC4/cyfitter_cfg.c **** 	{
 221              		.loc 1 178 0 is_stmt 0 discriminator 1
 222 0074 7B69     		ldr	r3, [r7, #20]
 223 0076 042B     		cmp	r3, #4
 224 0078 CCD9     		bls	.L8
 188:Generated_Source\PSoC4/cyfitter_cfg.c **** 		}
 189:Generated_Source\PSoC4/cyfitter_cfg.c **** 	}
 190:Generated_Source\PSoC4/cyfitter_cfg.c **** }
 225              		.loc 1 190 0 is_stmt 1
 226 007a C046     		nop
 227 007c BD46     		mov	sp, r7
 228 007e 06B0     		add	sp, sp, #24
 229              		@ sp needed
 230 0080 80BD     		pop	{r7, pc}
 231              		.cfi_endproc
 232              	.LFE5:
 233              		.size	cfg_write_bytes32, .-cfg_write_bytes32
 234 0082 C046     		.section	.psocinit,"ax",%progbits
 235              		.align	2
 236              		.code	16
 237              		.thumb_func
 238              		.type	ClockSetup, %function
 239              	ClockSetup:
 240              	.LFB6:
 191:Generated_Source\PSoC4/cyfitter_cfg.c **** 
 192:Generated_Source\PSoC4/cyfitter_cfg.c **** 
 193:Generated_Source\PSoC4/cyfitter_cfg.c **** /*******************************************************************************
 194:Generated_Source\PSoC4/cyfitter_cfg.c **** * Function Name: ClockSetup
 195:Generated_Source\PSoC4/cyfitter_cfg.c **** ********************************************************************************
 196:Generated_Source\PSoC4/cyfitter_cfg.c **** *
 197:Generated_Source\PSoC4/cyfitter_cfg.c **** * Summary:
 198:Generated_Source\PSoC4/cyfitter_cfg.c **** *   Performs the initialization of all of the clocks in the device based on the
 199:Generated_Source\PSoC4/cyfitter_cfg.c **** *   settings in the Clock tab of the DWR.  This includes enabling the requested
 200:Generated_Source\PSoC4/cyfitter_cfg.c **** *   clocks and setting the necessary dividers to produce the desired frequency. 
 201:Generated_Source\PSoC4/cyfitter_cfg.c **** *
 202:Generated_Source\PSoC4/cyfitter_cfg.c **** * Parameters:
 203:Generated_Source\PSoC4/cyfitter_cfg.c **** *   void
 204:Generated_Source\PSoC4/cyfitter_cfg.c **** *
 205:Generated_Source\PSoC4/cyfitter_cfg.c **** * Return:
 206:Generated_Source\PSoC4/cyfitter_cfg.c **** *   void
 207:Generated_Source\PSoC4/cyfitter_cfg.c **** *
 208:Generated_Source\PSoC4/cyfitter_cfg.c **** *******************************************************************************/
 209:Generated_Source\PSoC4/cyfitter_cfg.c **** static void ClockSetup(void);
 210:Generated_Source\PSoC4/cyfitter_cfg.c **** CY_CFG_SECTION
 211:Generated_Source\PSoC4/cyfitter_cfg.c **** static void ClockSetup(void)
 212:Generated_Source\PSoC4/cyfitter_cfg.c **** {
 241              		.loc 1 212 0
ARM GAS  C:\Users\Admin\AppData\Local\Temp\ccny0O2I.s 			page 9


 242              		.cfi_startproc
 243              		@ args = 0, pretend = 0, frame = 0
 244              		@ frame_needed = 1, uses_anonymous_args = 0
 245 0000 80B5     		push	{r7, lr}
 246              		.cfi_def_cfa_offset 8
 247              		.cfi_offset 7, -8
 248              		.cfi_offset 14, -4
 249 0002 00AF     		add	r7, sp, #0
 250              		.cfi_def_cfa_register 7
 213:Generated_Source\PSoC4/cyfitter_cfg.c **** 
 214:Generated_Source\PSoC4/cyfitter_cfg.c **** 	/* Set Flash Cycles based on max possible frequency in case a glitch occurs during ClockSetup(). *
 215:Generated_Source\PSoC4/cyfitter_cfg.c **** 	CY_SET_REG32((void CYXDATA *)(CYREG_CPUSS_FLASH_CTL), (0x0012u));
 251              		.loc 1 215 0
 252 0004 284B     		ldr	r3, .L10
 253 0006 1222     		movs	r2, #18
 254 0008 1A60     		str	r2, [r3]
 216:Generated_Source\PSoC4/cyfitter_cfg.c **** 
 217:Generated_Source\PSoC4/cyfitter_cfg.c **** 	/* Start the WCO */
 218:Generated_Source\PSoC4/cyfitter_cfg.c **** 	CySysClkWcoStart();
 255              		.loc 1 218 0
 256 000a FFF7FEFF 		bl	CySysClkWcoStart
 219:Generated_Source\PSoC4/cyfitter_cfg.c **** 	CyDelayCycles(12000000u); /* WCO may take up to 500ms to start */
 257              		.loc 1 219 0
 258 000e 274B     		ldr	r3, .L10+4
 259 0010 1800     		movs	r0, r3
 260 0012 FFF7FEFF 		bl	CyDelayCycles
 220:Generated_Source\PSoC4/cyfitter_cfg.c **** 	(void)CySysClkWcoSetPowerMode(CY_SYS_CLK_WCO_LPM);    /* Switch to the low power mode */
 261              		.loc 1 220 0
 262 0016 0120     		movs	r0, #1
 263 0018 FFF7FEFF 		bl	CySysClkWcoSetPowerMode
 221:Generated_Source\PSoC4/cyfitter_cfg.c **** 
 222:Generated_Source\PSoC4/cyfitter_cfg.c **** 	/* Setup and trim IMO based on desired frequency. */
 223:Generated_Source\PSoC4/cyfitter_cfg.c **** 	CySysClkWriteImoFreq(48u);
 264              		.loc 1 223 0
 265 001c 3020     		movs	r0, #48
 266 001e FFF7FEFF 		bl	CySysClkWriteImoFreq
 224:Generated_Source\PSoC4/cyfitter_cfg.c **** 	/* CYDEV_CLK_ILO_CONFIG Starting address: CYDEV_CLK_ILO_CONFIG */
 225:Generated_Source\PSoC4/cyfitter_cfg.c **** 	CY_SET_REG32((void *)(CYREG_CLK_ILO_CONFIG), 0x80000006u);
 267              		.loc 1 225 0
 268 0022 234B     		ldr	r3, .L10+8
 269 0024 234A     		ldr	r2, .L10+12
 270 0026 1A60     		str	r2, [r3]
 226:Generated_Source\PSoC4/cyfitter_cfg.c **** 
 227:Generated_Source\PSoC4/cyfitter_cfg.c **** 	/* CYDEV_WDT_CONFIG Starting address: CYDEV_WDT_CONFIG */
 228:Generated_Source\PSoC4/cyfitter_cfg.c **** 	CY_SET_REG32((void *)(CYREG_WDT_CONFIG), 0x40000000u);
 271              		.loc 1 228 0
 272 0028 234B     		ldr	r3, .L10+16
 273 002a 8022     		movs	r2, #128
 274 002c D205     		lsls	r2, r2, #23
 275 002e 1A60     		str	r2, [r3]
 229:Generated_Source\PSoC4/cyfitter_cfg.c **** 
 230:Generated_Source\PSoC4/cyfitter_cfg.c **** 
 231:Generated_Source\PSoC4/cyfitter_cfg.c **** 	/* Enable fast start mode for XO */
 232:Generated_Source\PSoC4/cyfitter_cfg.c **** 	CY_SET_REG32((void*)CYREG_BLE_BLERD_BB_XO, CY_GET_REG32((void*)CYREG_BLE_BLERD_BB_XO) | (uint32)0x
 276              		.loc 1 232 0
 277 0030 224B     		ldr	r3, .L10+20
 278 0032 224A     		ldr	r2, .L10+20
ARM GAS  C:\Users\Admin\AppData\Local\Temp\ccny0O2I.s 			page 10


 279 0034 1268     		ldr	r2, [r2]
 280 0036 0221     		movs	r1, #2
 281 0038 0A43     		orrs	r2, r1
 282 003a 1A60     		str	r2, [r3]
 233:Generated_Source\PSoC4/cyfitter_cfg.c **** 	CY_SET_REG32((void *)(CYREG_BLE_BLERD_BB_XO_CAPTRIM), 0x0000BCBCu);
 283              		.loc 1 233 0
 284 003c 204B     		ldr	r3, .L10+24
 285 003e 214A     		ldr	r2, .L10+28
 286 0040 1A60     		str	r2, [r3]
 234:Generated_Source\PSoC4/cyfitter_cfg.c **** 	/*Set XTAL(ECO) divider*/
 235:Generated_Source\PSoC4/cyfitter_cfg.c **** 	CY_SET_REG32((void *)(CYREG_BLE_BLESS_XTAL_CLK_DIV_CONFIG), 0x00000000u);
 287              		.loc 1 235 0
 288 0042 214B     		ldr	r3, .L10+32
 289 0044 0022     		movs	r2, #0
 290 0046 1A60     		str	r2, [r3]
 236:Generated_Source\PSoC4/cyfitter_cfg.c **** 	/* Disable Crystal Stable Interrupt before enabling ECO */
 237:Generated_Source\PSoC4/cyfitter_cfg.c **** 	CY_SET_REG32((void*)CYREG_BLE_BLESS_LL_DSM_CTRL, CY_GET_REG32((void*)CYREG_BLE_BLESS_LL_DSM_CTRL) 
 291              		.loc 1 237 0
 292 0048 204B     		ldr	r3, .L10+36
 293 004a 204A     		ldr	r2, .L10+36
 294 004c 1268     		ldr	r2, [r2]
 295 004e 0821     		movs	r1, #8
 296 0050 8A43     		bics	r2, r1
 297 0052 1A60     		str	r2, [r3]
 238:Generated_Source\PSoC4/cyfitter_cfg.c **** 	/* Start the ECO and do not check status since it is not needed for HFCLK */
 239:Generated_Source\PSoC4/cyfitter_cfg.c **** 	(void)CySysClkEcoStart(2000u);
 298              		.loc 1 239 0
 299 0054 FA23     		movs	r3, #250
 300 0056 DB00     		lsls	r3, r3, #3
 301 0058 1800     		movs	r0, r3
 302 005a FFF7FEFF 		bl	CySysClkEcoStart
 240:Generated_Source\PSoC4/cyfitter_cfg.c **** 	CyDelayUs(1500u); /* Wait to stabilize */
 303              		.loc 1 240 0
 304 005e 1C4B     		ldr	r3, .L10+40
 305 0060 1800     		movs	r0, r3
 306 0062 FFF7FEFF 		bl	CyDelayUs
 241:Generated_Source\PSoC4/cyfitter_cfg.c **** 
 242:Generated_Source\PSoC4/cyfitter_cfg.c **** 	/* Setup phase aligned clocks */
 243:Generated_Source\PSoC4/cyfitter_cfg.c **** 	CY_SET_REG32((void *)CYREG_PERI_DIV_16_CTL0, 0x00000F00u);
 307              		.loc 1 243 0
 308 0066 1B4B     		ldr	r3, .L10+44
 309 0068 F022     		movs	r2, #240
 310 006a 1201     		lsls	r2, r2, #4
 311 006c 1A60     		str	r2, [r3]
 244:Generated_Source\PSoC4/cyfitter_cfg.c **** 	CY_SET_REG32((void *)CYREG_PERI_DIV_CMD, 0x8000FF40u);
 312              		.loc 1 244 0
 313 006e 1A4B     		ldr	r3, .L10+48
 314 0070 1A4A     		ldr	r2, .L10+52
 315 0072 1A60     		str	r2, [r3]
 245:Generated_Source\PSoC4/cyfitter_cfg.c **** 
 246:Generated_Source\PSoC4/cyfitter_cfg.c **** 	/* CYDEV_CLK_IMO_CONFIG Starting address: CYDEV_CLK_IMO_CONFIG */
 247:Generated_Source\PSoC4/cyfitter_cfg.c **** 	CY_SET_REG32((void *)(CYREG_CLK_IMO_CONFIG), 0x80000000u);
 316              		.loc 1 247 0
 317 0074 1A4B     		ldr	r3, .L10+56
 318 0076 8022     		movs	r2, #128
 319 0078 1206     		lsls	r2, r2, #24
 320 007a 1A60     		str	r2, [r3]
ARM GAS  C:\Users\Admin\AppData\Local\Temp\ccny0O2I.s 			page 11


 248:Generated_Source\PSoC4/cyfitter_cfg.c **** 
 249:Generated_Source\PSoC4/cyfitter_cfg.c **** 	/* CYDEV_CLK_SELECT Starting address: CYDEV_CLK_SELECT */
 250:Generated_Source\PSoC4/cyfitter_cfg.c **** 	CY_SET_REG32((void *)(CYREG_CLK_SELECT), 0x00040000u);
 321              		.loc 1 250 0
 322 007c 194B     		ldr	r3, .L10+60
 323 007e 8022     		movs	r2, #128
 324 0080 D202     		lsls	r2, r2, #11
 325 0082 1A60     		str	r2, [r3]
 251:Generated_Source\PSoC4/cyfitter_cfg.c **** 
 252:Generated_Source\PSoC4/cyfitter_cfg.c **** 	/* CYDEV_PERI_PCLK_CTL7 Starting address: CYDEV_PERI_PCLK_CTL7 */
 253:Generated_Source\PSoC4/cyfitter_cfg.c **** 	CY_SET_REG32((void *)(CYREG_PERI_PCLK_CTL7), 0x00000040u);
 326              		.loc 1 253 0
 327 0084 184B     		ldr	r3, .L10+64
 328 0086 4022     		movs	r2, #64
 329 0088 1A60     		str	r2, [r3]
 254:Generated_Source\PSoC4/cyfitter_cfg.c **** 
 255:Generated_Source\PSoC4/cyfitter_cfg.c **** 	(void)CyIntSetVector(8u, &CySysWdtIsr);
 330              		.loc 1 255 0
 331 008a 184B     		ldr	r3, .L10+68
 332 008c 1900     		movs	r1, r3
 333 008e 0820     		movs	r0, #8
 334 0090 FFF7FEFF 		bl	CyIntSetVector
 256:Generated_Source\PSoC4/cyfitter_cfg.c **** 	CyIntEnable(8u);
 335              		.loc 1 256 0
 336 0094 0820     		movs	r0, #8
 337 0096 FFF7FEFF 		bl	CyIntEnable
 257:Generated_Source\PSoC4/cyfitter_cfg.c **** 	CY_SET_REG32((void *)(CYREG_WDT_CONFIG), 0x40000000u);
 338              		.loc 1 257 0
 339 009a 074B     		ldr	r3, .L10+16
 340 009c 8022     		movs	r2, #128
 341 009e D205     		lsls	r2, r2, #23
 342 00a0 1A60     		str	r2, [r3]
 258:Generated_Source\PSoC4/cyfitter_cfg.c **** }
 343              		.loc 1 258 0
 344 00a2 C046     		nop
 345 00a4 BD46     		mov	sp, r7
 346              		@ sp needed
 347 00a6 80BD     		pop	{r7, pc}
 348              	.L11:
 349              		.align	2
 350              	.L10:
 351 00a8 30001040 		.word	1074790448
 352 00ac 001BB700 		.word	12000000
 353 00b0 04010B40 		.word	1074462980
 354 00b4 06000080 		.word	-2147483642
 355 00b8 0C020B40 		.word	1074463244
 356 00bc 78002E40 		.word	1076756600
 357 00c0 7C002E40 		.word	1076756604
 358 00c4 BCBC0000 		.word	48316
 359 00c8 64F02E40 		.word	1076818020
 360 00cc 6CF02E40 		.word	1076818028
 361 00d0 DC050000 		.word	1500
 362 00d4 00030140 		.word	1073808128
 363 00d8 00000140 		.word	1073807360
 364 00dc 40FF0080 		.word	-2147418304
 365 00e0 08010B40 		.word	1074462984
 366 00e4 00010B40 		.word	1074462976
ARM GAS  C:\Users\Admin\AppData\Local\Temp\ccny0O2I.s 			page 12


 367 00e8 1C010140 		.word	1073807644
 368 00ec 00000000 		.word	CySysWdtIsr
 369              		.cfi_endproc
 370              	.LFE6:
 371              		.size	ClockSetup, .-ClockSetup
 372              		.section	.text.AnalogSetDefault,"ax",%progbits
 373              		.align	2
 374              		.code	16
 375              		.thumb_func
 376              		.type	AnalogSetDefault, %function
 377              	AnalogSetDefault:
 378              	.LFB7:
 259:Generated_Source\PSoC4/cyfitter_cfg.c **** 
 260:Generated_Source\PSoC4/cyfitter_cfg.c **** 
 261:Generated_Source\PSoC4/cyfitter_cfg.c **** /* Analog API Functions */
 262:Generated_Source\PSoC4/cyfitter_cfg.c **** 
 263:Generated_Source\PSoC4/cyfitter_cfg.c **** 
 264:Generated_Source\PSoC4/cyfitter_cfg.c **** /*******************************************************************************
 265:Generated_Source\PSoC4/cyfitter_cfg.c **** * Function Name: AnalogSetDefault
 266:Generated_Source\PSoC4/cyfitter_cfg.c **** ********************************************************************************
 267:Generated_Source\PSoC4/cyfitter_cfg.c **** *
 268:Generated_Source\PSoC4/cyfitter_cfg.c **** * Summary:
 269:Generated_Source\PSoC4/cyfitter_cfg.c **** *  Sets up the analog portions of the chip to default values based on chip
 270:Generated_Source\PSoC4/cyfitter_cfg.c **** *  configuration options from the project.
 271:Generated_Source\PSoC4/cyfitter_cfg.c **** *
 272:Generated_Source\PSoC4/cyfitter_cfg.c **** * Parameters:
 273:Generated_Source\PSoC4/cyfitter_cfg.c **** *  void
 274:Generated_Source\PSoC4/cyfitter_cfg.c **** *
 275:Generated_Source\PSoC4/cyfitter_cfg.c **** * Return:
 276:Generated_Source\PSoC4/cyfitter_cfg.c **** *  void
 277:Generated_Source\PSoC4/cyfitter_cfg.c **** *
 278:Generated_Source\PSoC4/cyfitter_cfg.c **** *******************************************************************************/
 279:Generated_Source\PSoC4/cyfitter_cfg.c **** static void AnalogSetDefault(void);
 280:Generated_Source\PSoC4/cyfitter_cfg.c **** static void AnalogSetDefault(void)
 281:Generated_Source\PSoC4/cyfitter_cfg.c **** {
 379              		.loc 1 281 0
 380              		.cfi_startproc
 381              		@ args = 0, pretend = 0, frame = 0
 382              		@ frame_needed = 1, uses_anonymous_args = 0
 383 0000 80B5     		push	{r7, lr}
 384              		.cfi_def_cfa_offset 8
 385              		.cfi_offset 7, -8
 386              		.cfi_offset 14, -4
 387 0002 00AF     		add	r7, sp, #0
 388              		.cfi_def_cfa_register 7
 282:Generated_Source\PSoC4/cyfitter_cfg.c **** 	CY_SET_XTND_REG32((void CYFAR *)CYREG_CTBM0_DFT_CTRL, 0x00000003u);
 389              		.loc 1 282 0
 390 0004 054B     		ldr	r3, .L13
 391 0006 0322     		movs	r2, #3
 392 0008 1A60     		str	r2, [r3]
 283:Generated_Source\PSoC4/cyfitter_cfg.c **** 	CY_SET_XTND_REG32((void CYFAR *)CYREG_CTBM1_DFT_CTRL, 0x00000003u);
 393              		.loc 1 283 0
 394 000a 054B     		ldr	r3, .L13+4
 395 000c 0322     		movs	r2, #3
 396 000e 1A60     		str	r2, [r3]
 284:Generated_Source\PSoC4/cyfitter_cfg.c **** 	CY_SET_XTND_REG32((void CYFAR *)CYREG_PASS_DSAB_DSAB_CTRL, 0x00000000u);
 397              		.loc 1 284 0
ARM GAS  C:\Users\Admin\AppData\Local\Temp\ccny0O2I.s 			page 13


 398 0010 044B     		ldr	r3, .L13+8
 399 0012 0022     		movs	r2, #0
 400 0014 1A60     		str	r2, [r3]
 285:Generated_Source\PSoC4/cyfitter_cfg.c **** }
 401              		.loc 1 285 0
 402 0016 C046     		nop
 403 0018 BD46     		mov	sp, r7
 404              		@ sp needed
 405 001a 80BD     		pop	{r7, pc}
 406              	.L14:
 407              		.align	2
 408              	.L13:
 409 001c 30003040 		.word	1076887600
 410 0020 30003140 		.word	1076953136
 411 0024 000E3F40 		.word	1077874176
 412              		.cfi_endproc
 413              	.LFE7:
 414              		.size	AnalogSetDefault, .-AnalogSetDefault
 415              		.section	.psocinit
 416              		.align	2
 417              		.global	cyfitter_cfg
 418              		.code	16
 419              		.thumb_func
 420              		.type	cyfitter_cfg, %function
 421              	cyfitter_cfg:
 422              	.LFB8:
 286:Generated_Source\PSoC4/cyfitter_cfg.c **** 
 287:Generated_Source\PSoC4/cyfitter_cfg.c **** 
 288:Generated_Source\PSoC4/cyfitter_cfg.c **** 
 289:Generated_Source\PSoC4/cyfitter_cfg.c **** 
 290:Generated_Source\PSoC4/cyfitter_cfg.c **** /*******************************************************************************
 291:Generated_Source\PSoC4/cyfitter_cfg.c **** * Function Name: cyfitter_cfg
 292:Generated_Source\PSoC4/cyfitter_cfg.c **** ********************************************************************************
 293:Generated_Source\PSoC4/cyfitter_cfg.c **** * Summary:
 294:Generated_Source\PSoC4/cyfitter_cfg.c **** *  This function is called by the start-up code for the selected device. It
 295:Generated_Source\PSoC4/cyfitter_cfg.c **** *  performs all of the necessary device configuration based on the design
 296:Generated_Source\PSoC4/cyfitter_cfg.c **** *  settings.  This includes settings from the Design Wide Resources (DWR) such
 297:Generated_Source\PSoC4/cyfitter_cfg.c **** *  as Clocks and Pins as well as any component configuration that is necessary.
 298:Generated_Source\PSoC4/cyfitter_cfg.c **** *
 299:Generated_Source\PSoC4/cyfitter_cfg.c **** * Parameters:
 300:Generated_Source\PSoC4/cyfitter_cfg.c **** *   void
 301:Generated_Source\PSoC4/cyfitter_cfg.c **** *
 302:Generated_Source\PSoC4/cyfitter_cfg.c **** * Return:
 303:Generated_Source\PSoC4/cyfitter_cfg.c **** *   void
 304:Generated_Source\PSoC4/cyfitter_cfg.c **** *
 305:Generated_Source\PSoC4/cyfitter_cfg.c **** *******************************************************************************/
 306:Generated_Source\PSoC4/cyfitter_cfg.c **** CY_CFG_SECTION
 307:Generated_Source\PSoC4/cyfitter_cfg.c **** void cyfitter_cfg(void)
 308:Generated_Source\PSoC4/cyfitter_cfg.c **** {
 423              		.loc 1 308 0
 424              		.cfi_startproc
 425              		@ args = 0, pretend = 0, frame = 8
 426              		@ frame_needed = 1, uses_anonymous_args = 0
 427 00f0 80B5     		push	{r7, lr}
 428              		.cfi_def_cfa_offset 8
 429              		.cfi_offset 7, -8
 430              		.cfi_offset 14, -4
ARM GAS  C:\Users\Admin\AppData\Local\Temp\ccny0O2I.s 			page 14


 431 00f2 82B0     		sub	sp, sp, #8
 432              		.cfi_def_cfa_offset 16
 433 00f4 00AF     		add	r7, sp, #0
 434              		.cfi_def_cfa_register 7
 309:Generated_Source\PSoC4/cyfitter_cfg.c **** 	/* Disable interrupts by default. Let user enable if/when they want. */
 310:Generated_Source\PSoC4/cyfitter_cfg.c **** 	CyGlobalIntDisable;
 435              		.loc 1 310 0
 436              		.syntax divided
 437              	@ 310 "Generated_Source\PSoC4\cyfitter_cfg.c" 1
 438 00f6 72B6     		CPSID   i
 439              	@ 0 "" 2
 311:Generated_Source\PSoC4/cyfitter_cfg.c **** 
 312:Generated_Source\PSoC4/cyfitter_cfg.c **** 	CY_SET_REG32((void *)(CYREG_BLE_BLESS_LL_DSM_CTRL), 0x00000000u);
 440              		.loc 1 312 0
 441              		.thumb
 442              		.syntax unified
 443 00f8 2F4B     		ldr	r3, .L18
 444 00fa 0022     		movs	r2, #0
 445 00fc 1A60     		str	r2, [r3]
 446              	.LBB3:
 313:Generated_Source\PSoC4/cyfitter_cfg.c **** 
 314:Generated_Source\PSoC4/cyfitter_cfg.c **** 	{
 315:Generated_Source\PSoC4/cyfitter_cfg.c **** 		static const uint32 CYCODE cy_cfg_addr_table[] = {
 316:Generated_Source\PSoC4/cyfitter_cfg.c **** 			0x400F3301u, /* Base address: 0x400F3300 Count: 1 */
 317:Generated_Source\PSoC4/cyfitter_cfg.c **** 			0x400F4002u, /* Base address: 0x400F4000 Count: 2 */
 318:Generated_Source\PSoC4/cyfitter_cfg.c **** 			0x400F4102u, /* Base address: 0x400F4100 Count: 2 */
 319:Generated_Source\PSoC4/cyfitter_cfg.c **** 			0x400F4202u, /* Base address: 0x400F4200 Count: 2 */
 320:Generated_Source\PSoC4/cyfitter_cfg.c **** 			0x400F4301u, /* Base address: 0x400F4300 Count: 1 */
 321:Generated_Source\PSoC4/cyfitter_cfg.c **** 		};
 322:Generated_Source\PSoC4/cyfitter_cfg.c **** 
 323:Generated_Source\PSoC4/cyfitter_cfg.c **** 		static const cy_cfg_addrvalue_t CYCODE cy_cfg_data_table[] = {
 324:Generated_Source\PSoC4/cyfitter_cfg.c **** 			{0xEEu, 0x08u},
 325:Generated_Source\PSoC4/cyfitter_cfg.c **** 			{0x57u, 0x20u},
 326:Generated_Source\PSoC4/cyfitter_cfg.c **** 			{0xD4u, 0x40u},
 327:Generated_Source\PSoC4/cyfitter_cfg.c **** 			{0xAFu, 0x20u},
 328:Generated_Source\PSoC4/cyfitter_cfg.c **** 			{0xEEu, 0x10u},
 329:Generated_Source\PSoC4/cyfitter_cfg.c **** 			{0x12u, 0x80u},
 330:Generated_Source\PSoC4/cyfitter_cfg.c **** 			{0xC4u, 0x08u},
 331:Generated_Source\PSoC4/cyfitter_cfg.c **** 			{0xAEu, 0x80u},
 332:Generated_Source\PSoC4/cyfitter_cfg.c **** 		};
 333:Generated_Source\PSoC4/cyfitter_cfg.c **** 
 334:Generated_Source\PSoC4/cyfitter_cfg.c **** 
 335:Generated_Source\PSoC4/cyfitter_cfg.c **** 
 336:Generated_Source\PSoC4/cyfitter_cfg.c **** 		CYPACKED typedef struct {
 337:Generated_Source\PSoC4/cyfitter_cfg.c **** 			void CYFAR *address;
 338:Generated_Source\PSoC4/cyfitter_cfg.c **** 			uint16 size;
 339:Generated_Source\PSoC4/cyfitter_cfg.c **** 		} CYPACKED_ATTR cfg_memset_t;
 340:Generated_Source\PSoC4/cyfitter_cfg.c **** 
 341:Generated_Source\PSoC4/cyfitter_cfg.c **** 		static const cfg_memset_t CYCODE cfg_memset_list[] = {
 342:Generated_Source\PSoC4/cyfitter_cfg.c **** 			/* address, size */
 343:Generated_Source\PSoC4/cyfitter_cfg.c **** 			{(void CYFAR *)(CYDEV_UDB_P0_U0_BASE), 1024u},
 344:Generated_Source\PSoC4/cyfitter_cfg.c **** 			{(void CYFAR *)(CYDEV_UDB_DSI0_BASE), 1024u},
 345:Generated_Source\PSoC4/cyfitter_cfg.c **** 		};
 346:Generated_Source\PSoC4/cyfitter_cfg.c **** 
 347:Generated_Source\PSoC4/cyfitter_cfg.c **** 		uint8 CYDATA i;
 348:Generated_Source\PSoC4/cyfitter_cfg.c **** 
 349:Generated_Source\PSoC4/cyfitter_cfg.c **** 		/* Zero out critical memory blocks before beginning configuration */
ARM GAS  C:\Users\Admin\AppData\Local\Temp\ccny0O2I.s 			page 15


 350:Generated_Source\PSoC4/cyfitter_cfg.c **** 		for (i = 0u; i < (sizeof(cfg_memset_list)/sizeof(cfg_memset_list[0])); i++)
 447              		.loc 1 350 0
 448 00fe FB1D     		adds	r3, r7, #7
 449 0100 0022     		movs	r2, #0
 450 0102 1A70     		strb	r2, [r3]
 451 0104 22E0     		b	.L16
 452              	.L17:
 453              	.LBB4:
 351:Generated_Source\PSoC4/cyfitter_cfg.c **** 		{
 352:Generated_Source\PSoC4/cyfitter_cfg.c **** 			const cfg_memset_t CYCODE * CYDATA ms = &cfg_memset_list[i];
 454              		.loc 1 352 0 discriminator 3
 455 0106 FB1D     		adds	r3, r7, #7
 456 0108 1A78     		ldrb	r2, [r3]
 457 010a 1300     		movs	r3, r2
 458 010c 5B00     		lsls	r3, r3, #1
 459 010e 9B18     		adds	r3, r3, r2
 460 0110 5B00     		lsls	r3, r3, #1
 461 0112 2A4A     		ldr	r2, .L18+4
 462 0114 9B18     		adds	r3, r3, r2
 463 0116 3B60     		str	r3, [r7]
 353:Generated_Source\PSoC4/cyfitter_cfg.c **** 			CYMEMZERO(ms->address, (size_t)(uint32)(ms->size));
 464              		.loc 1 353 0 discriminator 3
 465 0118 3B68     		ldr	r3, [r7]
 466 011a 1A78     		ldrb	r2, [r3]
 467 011c 5978     		ldrb	r1, [r3, #1]
 468 011e 0902     		lsls	r1, r1, #8
 469 0120 0A43     		orrs	r2, r1
 470 0122 9978     		ldrb	r1, [r3, #2]
 471 0124 0904     		lsls	r1, r1, #16
 472 0126 0A43     		orrs	r2, r1
 473 0128 DB78     		ldrb	r3, [r3, #3]
 474 012a 1B06     		lsls	r3, r3, #24
 475 012c 1343     		orrs	r3, r2
 476 012e 1800     		movs	r0, r3
 477 0130 3B68     		ldr	r3, [r7]
 478 0132 1A79     		ldrb	r2, [r3, #4]
 479 0134 5B79     		ldrb	r3, [r3, #5]
 480 0136 1B02     		lsls	r3, r3, #8
 481 0138 1343     		orrs	r3, r2
 482 013a 9BB2     		uxth	r3, r3
 483 013c 1900     		movs	r1, r3
 484 013e FFF7FEFF 		bl	CYMEMZERO
 485              	.LBE4:
 350:Generated_Source\PSoC4/cyfitter_cfg.c **** 		{
 486              		.loc 1 350 0 discriminator 3
 487 0142 FB1D     		adds	r3, r7, #7
 488 0144 1A78     		ldrb	r2, [r3]
 489 0146 FB1D     		adds	r3, r7, #7
 490 0148 0132     		adds	r2, r2, #1
 491 014a 1A70     		strb	r2, [r3]
 492              	.L16:
 350:Generated_Source\PSoC4/cyfitter_cfg.c **** 		{
 493              		.loc 1 350 0 is_stmt 0 discriminator 1
 494 014c FB1D     		adds	r3, r7, #7
 495 014e 1B78     		ldrb	r3, [r3]
 496 0150 012B     		cmp	r3, #1
 497 0152 D8D9     		bls	.L17
ARM GAS  C:\Users\Admin\AppData\Local\Temp\ccny0O2I.s 			page 16


 354:Generated_Source\PSoC4/cyfitter_cfg.c **** 		}
 355:Generated_Source\PSoC4/cyfitter_cfg.c **** 
 356:Generated_Source\PSoC4/cyfitter_cfg.c **** 		cfg_write_bytes32(cy_cfg_addr_table, cy_cfg_data_table);
 498              		.loc 1 356 0 is_stmt 1
 499 0154 1A4A     		ldr	r2, .L18+8
 500 0156 1B4B     		ldr	r3, .L18+12
 501 0158 1100     		movs	r1, r2
 502 015a 1800     		movs	r0, r3
 503 015c FFF7FEFF 		bl	cfg_write_bytes32
 357:Generated_Source\PSoC4/cyfitter_cfg.c **** 
 358:Generated_Source\PSoC4/cyfitter_cfg.c **** 		/* HSIOM Starting address: CYDEV_HSIOM_BASE */
 359:Generated_Source\PSoC4/cyfitter_cfg.c **** 		CY_SET_REG32((void *)(CYDEV_HSIOM_BASE), 0xEE003000u);
 504              		.loc 1 359 0
 505 0160 194B     		ldr	r3, .L18+16
 506 0162 1A4A     		ldr	r2, .L18+20
 507 0164 1A60     		str	r2, [r3]
 360:Generated_Source\PSoC4/cyfitter_cfg.c **** 
 361:Generated_Source\PSoC4/cyfitter_cfg.c **** 		/* UDB_PA_0 Starting address: CYDEV_UDB_PA0_BASE */
 362:Generated_Source\PSoC4/cyfitter_cfg.c **** 		CY_SET_REG32((void *)(CYDEV_UDB_PA0_BASE), 0x00990000u);
 508              		.loc 1 362 0
 509 0166 1A4B     		ldr	r3, .L18+24
 510 0168 9922     		movs	r2, #153
 511 016a 1204     		lsls	r2, r2, #16
 512 016c 1A60     		str	r2, [r3]
 363:Generated_Source\PSoC4/cyfitter_cfg.c **** 		CY_SET_REG32((void *)(CYREG_UDB_PA0_CFG8), 0x00400000u);
 513              		.loc 1 363 0
 514 016e 194B     		ldr	r3, .L18+28
 515 0170 8022     		movs	r2, #128
 516 0172 D203     		lsls	r2, r2, #15
 517 0174 1A60     		str	r2, [r3]
 364:Generated_Source\PSoC4/cyfitter_cfg.c **** 
 365:Generated_Source\PSoC4/cyfitter_cfg.c **** 		/* UDB_PA_3 Starting address: CYDEV_UDB_PA3_BASE */
 366:Generated_Source\PSoC4/cyfitter_cfg.c **** 		CY_SET_REG32((void *)(CYDEV_UDB_PA3_BASE), 0x00990000u);
 518              		.loc 1 366 0
 519 0176 184B     		ldr	r3, .L18+32
 520 0178 9922     		movs	r2, #153
 521 017a 1204     		lsls	r2, r2, #16
 522 017c 1A60     		str	r2, [r3]
 367:Generated_Source\PSoC4/cyfitter_cfg.c **** 
 368:Generated_Source\PSoC4/cyfitter_cfg.c **** 		/* Enable digital routing */
 369:Generated_Source\PSoC4/cyfitter_cfg.c **** 		CY_SET_XTND_REG8((void *)CYREG_UDB_UDBIF_BANK_CTL, (uint8)(CY_GET_XTND_REG8((void *)CYREG_UDB_UDB
 523              		.loc 1 369 0
 524 017e 174A     		ldr	r2, .L18+36
 525 0180 164B     		ldr	r3, .L18+36
 526 0182 1B78     		ldrb	r3, [r3]
 527 0184 DBB2     		uxtb	r3, r3
 528 0186 0621     		movs	r1, #6
 529 0188 0B43     		orrs	r3, r1
 530 018a DBB2     		uxtb	r3, r3
 531 018c 1370     		strb	r3, [r2]
 532              	.LBE3:
 370:Generated_Source\PSoC4/cyfitter_cfg.c **** 	}
 371:Generated_Source\PSoC4/cyfitter_cfg.c **** 
 372:Generated_Source\PSoC4/cyfitter_cfg.c **** 	/* Perform second pass device configuration. These items must be configured in specific order afte
 373:Generated_Source\PSoC4/cyfitter_cfg.c **** 	/* IOPINS0_0 Starting address: CYDEV_GPIO_PRT0_BASE */
 374:Generated_Source\PSoC4/cyfitter_cfg.c **** 	CY_SET_REG32((void *)(CYDEV_GPIO_PRT0_BASE), 0x00000008u);
 533              		.loc 1 374 0
ARM GAS  C:\Users\Admin\AppData\Local\Temp\ccny0O2I.s 			page 17


 534 018e 144B     		ldr	r3, .L18+40
 535 0190 0822     		movs	r2, #8
 536 0192 1A60     		str	r2, [r3]
 375:Generated_Source\PSoC4/cyfitter_cfg.c **** 	CY_SET_REG32((void *)(CYREG_GPIO_PRT0_PC), 0x00D80C00u);
 537              		.loc 1 375 0
 538 0194 134B     		ldr	r3, .L18+44
 539 0196 144A     		ldr	r2, .L18+48
 540 0198 1A60     		str	r2, [r3]
 376:Generated_Source\PSoC4/cyfitter_cfg.c **** 
 377:Generated_Source\PSoC4/cyfitter_cfg.c **** 	/* IOPINS0_3 Starting address: CYDEV_GPIO_PRT3_BASE */
 378:Generated_Source\PSoC4/cyfitter_cfg.c **** 	CY_SET_REG32((void *)(CYDEV_GPIO_PRT3_BASE), 0x000000C0u);
 541              		.loc 1 378 0
 542 019a 144B     		ldr	r3, .L18+52
 543 019c C022     		movs	r2, #192
 544 019e 1A60     		str	r2, [r3]
 379:Generated_Source\PSoC4/cyfitter_cfg.c **** 	CY_SET_REG32((void *)(CYREG_GPIO_PRT3_PC), 0x00D80000u);
 545              		.loc 1 379 0
 546 01a0 134B     		ldr	r3, .L18+56
 547 01a2 D822     		movs	r2, #216
 548 01a4 1204     		lsls	r2, r2, #16
 549 01a6 1A60     		str	r2, [r3]
 380:Generated_Source\PSoC4/cyfitter_cfg.c **** 
 381:Generated_Source\PSoC4/cyfitter_cfg.c **** 
 382:Generated_Source\PSoC4/cyfitter_cfg.c **** 	/* Setup clocks based on selections from Clock DWR */
 383:Generated_Source\PSoC4/cyfitter_cfg.c **** 	ClockSetup();
 550              		.loc 1 383 0
 551 01a8 FFF72AFF 		bl	ClockSetup
 384:Generated_Source\PSoC4/cyfitter_cfg.c **** 
 385:Generated_Source\PSoC4/cyfitter_cfg.c **** 	/* Perform basic analog initialization to defaults */
 386:Generated_Source\PSoC4/cyfitter_cfg.c **** 	AnalogSetDefault();
 552              		.loc 1 386 0
 553 01ac FFF7FEFF 		bl	AnalogSetDefault
 387:Generated_Source\PSoC4/cyfitter_cfg.c **** 
 388:Generated_Source\PSoC4/cyfitter_cfg.c **** }
 554              		.loc 1 388 0
 555 01b0 C046     		nop
 556 01b2 BD46     		mov	sp, r7
 557 01b4 02B0     		add	sp, sp, #8
 558              		@ sp needed
 559 01b6 80BD     		pop	{r7, pc}
 560              	.L19:
 561              		.align	2
 562              	.L18:
 563 01b8 6CF02E40 		.word	1076818028
 564 01bc 00000000 		.word	cfg_memset_list.4916
 565 01c0 20000000 		.word	cy_cfg_data_table.4911
 566 01c4 0C000000 		.word	cy_cfg_addr_table.4910
 567 01c8 00000240 		.word	1073872896
 568 01cc 003000EE 		.word	-301977600
 569 01d0 00500F40 		.word	1074745344
 570 01d4 08500F40 		.word	1074745352
 571 01d8 30500F40 		.word	1074745392
 572 01dc 00700F40 		.word	1074753536
 573 01e0 00000440 		.word	1074003968
 574 01e4 08000440 		.word	1074003976
 575 01e8 000CD800 		.word	14158848
 576 01ec 00030440 		.word	1074004736
ARM GAS  C:\Users\Admin\AppData\Local\Temp\ccny0O2I.s 			page 18


 577 01f0 08030440 		.word	1074004744
 578              		.cfi_endproc
 579              	.LFE8:
 580              		.size	cyfitter_cfg, .-cyfitter_cfg
 581              		.section	.rodata
 582              		.align	2
 583              		.type	cfg_memset_list.4916, %object
 584              		.size	cfg_memset_list.4916, 12
 585              	cfg_memset_list.4916:
 586 0000 00300F40 		.word	1074737152
 587 0004 0004     		.short	1024
 588 0006 00400F40 		.4byte	1074741248
 589 000a 0004     		.short	1024
 590              		.align	2
 591              		.type	cy_cfg_addr_table.4910, %object
 592              		.size	cy_cfg_addr_table.4910, 20
 593              	cy_cfg_addr_table.4910:
 594 000c 01330F40 		.word	1074737921
 595 0010 02400F40 		.word	1074741250
 596 0014 02410F40 		.word	1074741506
 597 0018 02420F40 		.word	1074741762
 598 001c 01430F40 		.word	1074742017
 599              		.align	2
 600              		.type	cy_cfg_data_table.4911, %object
 601              		.size	cy_cfg_data_table.4911, 16
 602              	cy_cfg_data_table.4911:
 603 0020 EE       		.byte	-18
 604 0021 08       		.byte	8
 605 0022 57       		.byte	87
 606 0023 20       		.byte	32
 607 0024 D4       		.byte	-44
 608 0025 40       		.byte	64
 609 0026 AF       		.byte	-81
 610 0027 20       		.byte	32
 611 0028 EE       		.byte	-18
 612 0029 10       		.byte	16
 613 002a 12       		.byte	18
 614 002b 80       		.byte	-128
 615 002c C4       		.byte	-60
 616 002d 08       		.byte	8
 617 002e AE       		.byte	-82
 618 002f 80       		.byte	-128
 619              		.text
 620              	.Letext0:
 621              		.file 2 "c:\\program files (x86)\\cypress\\psoc creator\\4.4\\psoc creator\\import\\gnu\\arm\\5.4.
 622              		.file 3 "Generated_Source\\PSoC4\\cytypes.h"
 623              		.section	.debug_info,"",%progbits
 624              	.Ldebug_info0:
 625 0000 5A030000 		.4byte	0x35a
 626 0004 0400     		.2byte	0x4
 627 0006 00000000 		.4byte	.Ldebug_abbrev0
 628 000a 04       		.byte	0x4
 629 000b 01       		.uleb128 0x1
 630 000c D2000000 		.4byte	.LASF40
 631 0010 0C       		.byte	0xc
 632 0011 6E020000 		.4byte	.LASF41
 633 0015 59000000 		.4byte	.LASF42
ARM GAS  C:\Users\Admin\AppData\Local\Temp\ccny0O2I.s 			page 19


 634 0019 00000000 		.4byte	.Ldebug_ranges0+0
 635 001d 00000000 		.4byte	0
 636 0021 00000000 		.4byte	.Ldebug_line0
 637 0025 02       		.uleb128 0x2
 638 0026 04       		.byte	0x4
 639 0027 05       		.byte	0x5
 640 0028 696E7400 		.ascii	"int\000"
 641 002c 03       		.uleb128 0x3
 642 002d 06000000 		.4byte	.LASF12
 643 0031 02       		.byte	0x2
 644 0032 D8       		.byte	0xd8
 645 0033 37000000 		.4byte	0x37
 646 0037 04       		.uleb128 0x4
 647 0038 04       		.byte	0x4
 648 0039 07       		.byte	0x7
 649 003a B8010000 		.4byte	.LASF0
 650 003e 04       		.uleb128 0x4
 651 003f 08       		.byte	0x8
 652 0040 05       		.byte	0x5
 653 0041 16020000 		.4byte	.LASF1
 654 0045 04       		.uleb128 0x4
 655 0046 08       		.byte	0x8
 656 0047 04       		.byte	0x4
 657 0048 56020000 		.4byte	.LASF2
 658 004c 04       		.uleb128 0x4
 659 004d 01       		.byte	0x1
 660 004e 06       		.byte	0x6
 661 004f 62020000 		.4byte	.LASF3
 662 0053 04       		.uleb128 0x4
 663 0054 01       		.byte	0x1
 664 0055 08       		.byte	0x8
 665 0056 60010000 		.4byte	.LASF4
 666 005a 04       		.uleb128 0x4
 667 005b 02       		.byte	0x2
 668 005c 05       		.byte	0x5
 669 005d 43020000 		.4byte	.LASF5
 670 0061 04       		.uleb128 0x4
 671 0062 02       		.byte	0x2
 672 0063 07       		.byte	0x7
 673 0064 03020000 		.4byte	.LASF6
 674 0068 04       		.uleb128 0x4
 675 0069 04       		.byte	0x4
 676 006a 05       		.byte	0x5
 677 006b 4D020000 		.4byte	.LASF7
 678 006f 04       		.uleb128 0x4
 679 0070 04       		.byte	0x4
 680 0071 07       		.byte	0x7
 681 0072 B0000000 		.4byte	.LASF8
 682 0076 04       		.uleb128 0x4
 683 0077 08       		.byte	0x8
 684 0078 07       		.byte	0x7
 685 0079 CD010000 		.4byte	.LASF9
 686 007d 04       		.uleb128 0x4
 687 007e 04       		.byte	0x4
 688 007f 07       		.byte	0x7
 689 0080 FA010000 		.4byte	.LASF10
 690 0084 05       		.uleb128 0x5
ARM GAS  C:\Users\Admin\AppData\Local\Temp\ccny0O2I.s 			page 20


 691 0085 04       		.byte	0x4
 692 0086 04       		.uleb128 0x4
 693 0087 01       		.byte	0x1
 694 0088 08       		.byte	0x8
 695 0089 24020000 		.4byte	.LASF11
 696 008d 06       		.uleb128 0x6
 697 008e C2000000 		.4byte	.LASF13
 698 0092 03       		.byte	0x3
 699 0093 FB01     		.2byte	0x1fb
 700 0095 53000000 		.4byte	0x53
 701 0099 06       		.uleb128 0x6
 702 009a 9F010000 		.4byte	.LASF14
 703 009e 03       		.byte	0x3
 704 009f FC01     		.2byte	0x1fc
 705 00a1 61000000 		.4byte	0x61
 706 00a5 06       		.uleb128 0x6
 707 00a6 B1010000 		.4byte	.LASF15
 708 00aa 03       		.byte	0x3
 709 00ab FD01     		.2byte	0x1fd
 710 00ad 6F000000 		.4byte	0x6f
 711 00b1 04       		.uleb128 0x4
 712 00b2 04       		.byte	0x4
 713 00b3 04       		.byte	0x4
 714 00b4 8B000000 		.4byte	.LASF16
 715 00b8 04       		.uleb128 0x4
 716 00b9 08       		.byte	0x8
 717 00ba 04       		.byte	0x4
 718 00bb 6E010000 		.4byte	.LASF17
 719 00bf 06       		.uleb128 0x6
 720 00c0 AB000000 		.4byte	.LASF18
 721 00c4 03       		.byte	0x3
 722 00c5 A502     		.2byte	0x2a5
 723 00c7 CB000000 		.4byte	0xcb
 724 00cb 07       		.uleb128 0x7
 725 00cc 8D000000 		.4byte	0x8d
 726 00d0 06       		.uleb128 0x6
 727 00d1 00000000 		.4byte	.LASF19
 728 00d5 03       		.byte	0x3
 729 00d6 A702     		.2byte	0x2a7
 730 00d8 DC000000 		.4byte	0xdc
 731 00dc 07       		.uleb128 0x7
 732 00dd A5000000 		.4byte	0xa5
 733 00e1 08       		.uleb128 0x8
 734 00e2 02       		.byte	0x2
 735 00e3 01       		.byte	0x1
 736 00e4 97       		.byte	0x97
 737 00e5 02010000 		.4byte	0x102
 738 00e9 09       		.uleb128 0x9
 739 00ea 3C020000 		.4byte	.LASF20
 740 00ee 01       		.byte	0x1
 741 00ef 99       		.byte	0x99
 742 00f0 8D000000 		.4byte	0x8d
 743 00f4 00       		.byte	0
 744 00f5 09       		.uleb128 0x9
 745 00f6 1E000000 		.4byte	.LASF21
 746 00fa 01       		.byte	0x1
 747 00fb 9A       		.byte	0x9a
ARM GAS  C:\Users\Admin\AppData\Local\Temp\ccny0O2I.s 			page 21


 748 00fc 8D000000 		.4byte	0x8d
 749 0100 01       		.byte	0x1
 750 0101 00       		.byte	0
 751 0102 03       		.uleb128 0x3
 752 0103 29020000 		.4byte	.LASF22
 753 0107 01       		.byte	0x1
 754 0108 9B       		.byte	0x9b
 755 0109 E1000000 		.4byte	0xe1
 756 010d 0A       		.uleb128 0xa
 757 010e C8000000 		.4byte	.LASF23
 758 0112 01       		.byte	0x1
 759 0113 4C       		.byte	0x4c
 760 0114 00000000 		.4byte	.LFB2
 761 0118 1E000000 		.4byte	.LFE2-.LFB2
 762 011c 01       		.uleb128 0x1
 763 011d 9C       		.byte	0x9c
 764 011e 3B010000 		.4byte	0x13b
 765 0122 0B       		.uleb128 0xb
 766 0123 7300     		.ascii	"s\000"
 767 0125 01       		.byte	0x1
 768 0126 4C       		.byte	0x4c
 769 0127 84000000 		.4byte	0x84
 770 012b 02       		.uleb128 0x2
 771 012c 91       		.byte	0x91
 772 012d 74       		.sleb128 -12
 773 012e 0B       		.uleb128 0xb
 774 012f 6E00     		.ascii	"n\000"
 775 0131 01       		.byte	0x1
 776 0132 4C       		.byte	0x4c
 777 0133 2C000000 		.4byte	0x2c
 778 0137 02       		.uleb128 0x2
 779 0138 91       		.byte	0x91
 780 0139 70       		.sleb128 -16
 781 013a 00       		.byte	0
 782 013b 0A       		.uleb128 0xa
 783 013c A4020000 		.4byte	.LASF24
 784 0140 01       		.byte	0x1
 785 0141 53       		.byte	0x53
 786 0142 00000000 		.4byte	.LFB3
 787 0146 20000000 		.4byte	.LFE3-.LFB3
 788 014a 01       		.uleb128 0x1
 789 014b 9C       		.byte	0x9c
 790 014c 79010000 		.4byte	0x179
 791 0150 0C       		.uleb128 0xc
 792 0151 91000000 		.4byte	.LASF25
 793 0155 01       		.byte	0x1
 794 0156 53       		.byte	0x53
 795 0157 84000000 		.4byte	0x84
 796 015b 02       		.uleb128 0x2
 797 015c 91       		.byte	0x91
 798 015d 74       		.sleb128 -12
 799 015e 0B       		.uleb128 0xb
 800 015f 73726300 		.ascii	"src\000"
 801 0163 01       		.byte	0x1
 802 0164 53       		.byte	0x53
 803 0165 79010000 		.4byte	0x179
 804 0169 02       		.uleb128 0x2
ARM GAS  C:\Users\Admin\AppData\Local\Temp\ccny0O2I.s 			page 22


 805 016a 91       		.byte	0x91
 806 016b 70       		.sleb128 -16
 807 016c 0B       		.uleb128 0xb
 808 016d 6E00     		.ascii	"n\000"
 809 016f 01       		.byte	0x1
 810 0170 53       		.byte	0x53
 811 0171 2C000000 		.4byte	0x2c
 812 0175 02       		.uleb128 0x2
 813 0176 91       		.byte	0x91
 814 0177 6C       		.sleb128 -20
 815 0178 00       		.byte	0
 816 0179 0D       		.uleb128 0xd
 817 017a 04       		.byte	0x4
 818 017b 7F010000 		.4byte	0x17f
 819 017f 0E       		.uleb128 0xe
 820 0180 0A       		.uleb128 0xa
 821 0181 94020000 		.4byte	.LASF26
 822 0185 01       		.byte	0x1
 823 0186 5A       		.byte	0x5a
 824 0187 00000000 		.4byte	.LFB4
 825 018b 20000000 		.4byte	.LFE4-.LFB4
 826 018f 01       		.uleb128 0x1
 827 0190 9C       		.byte	0x9c
 828 0191 BE010000 		.4byte	0x1be
 829 0195 0C       		.uleb128 0xc
 830 0196 91000000 		.4byte	.LASF25
 831 019a 01       		.byte	0x1
 832 019b 5A       		.byte	0x5a
 833 019c 84000000 		.4byte	0x84
 834 01a0 02       		.uleb128 0x2
 835 01a1 91       		.byte	0x91
 836 01a2 74       		.sleb128 -12
 837 01a3 0B       		.uleb128 0xb
 838 01a4 73726300 		.ascii	"src\000"
 839 01a8 01       		.byte	0x1
 840 01a9 5A       		.byte	0x5a
 841 01aa 79010000 		.4byte	0x179
 842 01ae 02       		.uleb128 0x2
 843 01af 91       		.byte	0x91
 844 01b0 70       		.sleb128 -16
 845 01b1 0B       		.uleb128 0xb
 846 01b2 6E00     		.ascii	"n\000"
 847 01b4 01       		.byte	0x1
 848 01b5 5A       		.byte	0x5a
 849 01b6 2C000000 		.4byte	0x2c
 850 01ba 02       		.uleb128 0x2
 851 01bb 91       		.byte	0x91
 852 01bc 6C       		.sleb128 -20
 853 01bd 00       		.byte	0
 854 01be 0F       		.uleb128 0xf
 855 01bf 75010000 		.4byte	.LASF27
 856 01c3 01       		.byte	0x1
 857 01c4 AE       		.byte	0xae
 858 01c5 00000000 		.4byte	.LFB5
 859 01c9 82000000 		.4byte	.LFE5-.LFB5
 860 01cd 01       		.uleb128 0x1
 861 01ce 9C       		.byte	0x9c
ARM GAS  C:\Users\Admin\AppData\Local\Temp\ccny0O2I.s 			page 23


 862 01cf 2E020000 		.4byte	0x22e
 863 01d3 0C       		.uleb128 0xc
 864 01d4 94010000 		.4byte	.LASF28
 865 01d8 01       		.byte	0x1
 866 01d9 AE       		.byte	0xae
 867 01da 2E020000 		.4byte	0x22e
 868 01de 02       		.uleb128 0x2
 869 01df 91       		.byte	0x91
 870 01e0 64       		.sleb128 -28
 871 01e1 0C       		.uleb128 0xc
 872 01e2 A6010000 		.4byte	.LASF29
 873 01e6 01       		.byte	0x1
 874 01e7 AE       		.byte	0xae
 875 01e8 39020000 		.4byte	0x239
 876 01ec 02       		.uleb128 0x2
 877 01ed 91       		.byte	0x91
 878 01ee 60       		.sleb128 -32
 879 01ef 10       		.uleb128 0x10
 880 01f0 6900     		.ascii	"i\000"
 881 01f2 01       		.byte	0x1
 882 01f3 B1       		.byte	0xb1
 883 01f4 A5000000 		.4byte	0xa5
 884 01f8 02       		.uleb128 0x2
 885 01f9 91       		.byte	0x91
 886 01fa 74       		.sleb128 -12
 887 01fb 10       		.uleb128 0x10
 888 01fc 6A00     		.ascii	"j\000"
 889 01fe 01       		.byte	0x1
 890 01ff B1       		.byte	0xb1
 891 0200 A5000000 		.4byte	0xa5
 892 0204 02       		.uleb128 0x2
 893 0205 91       		.byte	0x91
 894 0206 70       		.sleb128 -16
 895 0207 11       		.uleb128 0x11
 896 0208 14000000 		.4byte	.LBB2
 897 020c 5A000000 		.4byte	.LBE2-.LBB2
 898 0210 12       		.uleb128 0x12
 899 0211 F1010000 		.4byte	.LASF30
 900 0215 01       		.byte	0x1
 901 0216 B4       		.byte	0xb4
 902 0217 A5000000 		.4byte	0xa5
 903 021b 02       		.uleb128 0x2
 904 021c 91       		.byte	0x91
 905 021d 68       		.sleb128 -24
 906 021e 12       		.uleb128 0x12
 907 021f 24000000 		.4byte	.LASF31
 908 0223 01       		.byte	0x1
 909 0224 B5       		.byte	0xb5
 910 0225 8D000000 		.4byte	0x8d
 911 0229 02       		.uleb128 0x2
 912 022a 91       		.byte	0x91
 913 022b 6F       		.sleb128 -17
 914 022c 00       		.byte	0
 915 022d 00       		.byte	0
 916 022e 0D       		.uleb128 0xd
 917 022f 04       		.byte	0x4
 918 0230 34020000 		.4byte	0x234
ARM GAS  C:\Users\Admin\AppData\Local\Temp\ccny0O2I.s 			page 24


 919 0234 13       		.uleb128 0x13
 920 0235 A5000000 		.4byte	0xa5
 921 0239 0D       		.uleb128 0xd
 922 023a 04       		.byte	0x4
 923 023b 3F020000 		.4byte	0x23f
 924 023f 13       		.uleb128 0x13
 925 0240 02010000 		.4byte	0x102
 926 0244 14       		.uleb128 0x14
 927 0245 2A000000 		.4byte	.LASF32
 928 0249 01       		.byte	0x1
 929 024a D3       		.byte	0xd3
 930 024b 00000000 		.4byte	.LFB6
 931 024f F0000000 		.4byte	.LFE6-.LFB6
 932 0253 01       		.uleb128 0x1
 933 0254 9C       		.byte	0x9c
 934 0255 15       		.uleb128 0x15
 935 0256 0D000000 		.4byte	.LASF33
 936 025a 01       		.byte	0x1
 937 025b 1801     		.2byte	0x118
 938 025d 00000000 		.4byte	.LFB7
 939 0261 28000000 		.4byte	.LFE7-.LFB7
 940 0265 01       		.uleb128 0x1
 941 0266 9C       		.byte	0x9c
 942 0267 16       		.uleb128 0x16
 943 0268 87010000 		.4byte	.LASF43
 944 026c 01       		.byte	0x1
 945 026d 3301     		.2byte	0x133
 946 026f F0000000 		.4byte	.LFB8
 947 0273 04010000 		.4byte	.LFE8-.LFB8
 948 0277 01       		.uleb128 0x1
 949 0278 9C       		.byte	0x9c
 950 0279 33030000 		.4byte	0x333
 951 027d 11       		.uleb128 0x11
 952 027e FE000000 		.4byte	.LBB3
 953 0282 90000000 		.4byte	.LBE3-.LBB3
 954 0286 17       		.uleb128 0x17
 955 0287 35000000 		.4byte	.LASF34
 956 028b 01       		.byte	0x1
 957 028c 3B01     		.2byte	0x13b
 958 028e 43030000 		.4byte	0x343
 959 0292 05       		.uleb128 0x5
 960 0293 03       		.byte	0x3
 961 0294 0C000000 		.4byte	cy_cfg_addr_table.4910
 962 0298 17       		.uleb128 0x17
 963 0299 47000000 		.4byte	.LASF35
 964 029d 01       		.byte	0x1
 965 029e 4301     		.2byte	0x143
 966 02a0 58030000 		.4byte	0x358
 967 02a4 05       		.uleb128 0x5
 968 02a5 03       		.byte	0x3
 969 02a6 20000000 		.4byte	cy_cfg_data_table.4911
 970 02aa 18       		.uleb128 0x18
 971 02ab 06       		.byte	0x6
 972 02ac 01       		.byte	0x1
 973 02ad 5001     		.2byte	0x150
 974 02af CE020000 		.4byte	0x2ce
 975 02b3 19       		.uleb128 0x19
ARM GAS  C:\Users\Admin\AppData\Local\Temp\ccny0O2I.s 			page 25


 976 02b4 C5010000 		.4byte	.LASF36
 977 02b8 01       		.byte	0x1
 978 02b9 5101     		.2byte	0x151
 979 02bb 84000000 		.4byte	0x84
 980 02bf 00       		.byte	0
 981 02c0 19       		.uleb128 0x19
 982 02c1 A6000000 		.4byte	.LASF37
 983 02c5 01       		.byte	0x1
 984 02c6 5201     		.2byte	0x152
 985 02c8 99000000 		.4byte	0x99
 986 02cc 04       		.byte	0x4
 987 02cd 00       		.byte	0
 988 02ce 06       		.uleb128 0x6
 989 02cf E4010000 		.4byte	.LASF38
 990 02d3 01       		.byte	0x1
 991 02d4 5301     		.2byte	0x153
 992 02d6 AA020000 		.4byte	0x2aa
 993 02da 1A       		.uleb128 0x1a
 994 02db EA020000 		.4byte	0x2ea
 995 02df EA020000 		.4byte	0x2ea
 996 02e3 1B       		.uleb128 0x1b
 997 02e4 7D000000 		.4byte	0x7d
 998 02e8 01       		.byte	0x1
 999 02e9 00       		.byte	0
 1000 02ea 13       		.uleb128 0x13
 1001 02eb CE020000 		.4byte	0x2ce
 1002 02ef 17       		.uleb128 0x17
 1003 02f0 96000000 		.4byte	.LASF39
 1004 02f4 01       		.byte	0x1
 1005 02f5 5501     		.2byte	0x155
 1006 02f7 01030000 		.4byte	0x301
 1007 02fb 05       		.uleb128 0x5
 1008 02fc 03       		.byte	0x3
 1009 02fd 00000000 		.4byte	cfg_memset_list.4916
 1010 0301 13       		.uleb128 0x13
 1011 0302 DA020000 		.4byte	0x2da
 1012 0306 1C       		.uleb128 0x1c
 1013 0307 6900     		.ascii	"i\000"
 1014 0309 01       		.byte	0x1
 1015 030a 5B01     		.2byte	0x15b
 1016 030c 8D000000 		.4byte	0x8d
 1017 0310 02       		.uleb128 0x2
 1018 0311 91       		.byte	0x91
 1019 0312 77       		.sleb128 -9
 1020 0313 11       		.uleb128 0x11
 1021 0314 06010000 		.4byte	.LBB4
 1022 0318 3C000000 		.4byte	.LBE4-.LBB4
 1023 031c 1C       		.uleb128 0x1c
 1024 031d 6D7300   		.ascii	"ms\000"
 1025 0320 01       		.byte	0x1
 1026 0321 6001     		.2byte	0x160
 1027 0323 2A030000 		.4byte	0x32a
 1028 0327 02       		.uleb128 0x2
 1029 0328 91       		.byte	0x91
 1030 0329 70       		.sleb128 -16
 1031 032a 0D       		.uleb128 0xd
 1032 032b 04       		.byte	0x4
ARM GAS  C:\Users\Admin\AppData\Local\Temp\ccny0O2I.s 			page 26


 1033 032c EA020000 		.4byte	0x2ea
 1034 0330 00       		.byte	0
 1035 0331 00       		.byte	0
 1036 0332 00       		.byte	0
 1037 0333 1A       		.uleb128 0x1a
 1038 0334 34020000 		.4byte	0x234
 1039 0338 43030000 		.4byte	0x343
 1040 033c 1B       		.uleb128 0x1b
 1041 033d 7D000000 		.4byte	0x7d
 1042 0341 04       		.byte	0x4
 1043 0342 00       		.byte	0
 1044 0343 13       		.uleb128 0x13
 1045 0344 33030000 		.4byte	0x333
 1046 0348 1A       		.uleb128 0x1a
 1047 0349 3F020000 		.4byte	0x23f
 1048 034d 58030000 		.4byte	0x358
 1049 0351 1B       		.uleb128 0x1b
 1050 0352 7D000000 		.4byte	0x7d
 1051 0356 07       		.byte	0x7
 1052 0357 00       		.byte	0
 1053 0358 13       		.uleb128 0x13
 1054 0359 48030000 		.4byte	0x348
 1055 035d 00       		.byte	0
 1056              		.section	.debug_abbrev,"",%progbits
 1057              	.Ldebug_abbrev0:
 1058 0000 01       		.uleb128 0x1
 1059 0001 11       		.uleb128 0x11
 1060 0002 01       		.byte	0x1
 1061 0003 25       		.uleb128 0x25
 1062 0004 0E       		.uleb128 0xe
 1063 0005 13       		.uleb128 0x13
 1064 0006 0B       		.uleb128 0xb
 1065 0007 03       		.uleb128 0x3
 1066 0008 0E       		.uleb128 0xe
 1067 0009 1B       		.uleb128 0x1b
 1068 000a 0E       		.uleb128 0xe
 1069 000b 55       		.uleb128 0x55
 1070 000c 17       		.uleb128 0x17
 1071 000d 11       		.uleb128 0x11
 1072 000e 01       		.uleb128 0x1
 1073 000f 10       		.uleb128 0x10
 1074 0010 17       		.uleb128 0x17
 1075 0011 00       		.byte	0
 1076 0012 00       		.byte	0
 1077 0013 02       		.uleb128 0x2
 1078 0014 24       		.uleb128 0x24
 1079 0015 00       		.byte	0
 1080 0016 0B       		.uleb128 0xb
 1081 0017 0B       		.uleb128 0xb
 1082 0018 3E       		.uleb128 0x3e
 1083 0019 0B       		.uleb128 0xb
 1084 001a 03       		.uleb128 0x3
 1085 001b 08       		.uleb128 0x8
 1086 001c 00       		.byte	0
 1087 001d 00       		.byte	0
 1088 001e 03       		.uleb128 0x3
 1089 001f 16       		.uleb128 0x16
ARM GAS  C:\Users\Admin\AppData\Local\Temp\ccny0O2I.s 			page 27


 1090 0020 00       		.byte	0
 1091 0021 03       		.uleb128 0x3
 1092 0022 0E       		.uleb128 0xe
 1093 0023 3A       		.uleb128 0x3a
 1094 0024 0B       		.uleb128 0xb
 1095 0025 3B       		.uleb128 0x3b
 1096 0026 0B       		.uleb128 0xb
 1097 0027 49       		.uleb128 0x49
 1098 0028 13       		.uleb128 0x13
 1099 0029 00       		.byte	0
 1100 002a 00       		.byte	0
 1101 002b 04       		.uleb128 0x4
 1102 002c 24       		.uleb128 0x24
 1103 002d 00       		.byte	0
 1104 002e 0B       		.uleb128 0xb
 1105 002f 0B       		.uleb128 0xb
 1106 0030 3E       		.uleb128 0x3e
 1107 0031 0B       		.uleb128 0xb
 1108 0032 03       		.uleb128 0x3
 1109 0033 0E       		.uleb128 0xe
 1110 0034 00       		.byte	0
 1111 0035 00       		.byte	0
 1112 0036 05       		.uleb128 0x5
 1113 0037 0F       		.uleb128 0xf
 1114 0038 00       		.byte	0
 1115 0039 0B       		.uleb128 0xb
 1116 003a 0B       		.uleb128 0xb
 1117 003b 00       		.byte	0
 1118 003c 00       		.byte	0
 1119 003d 06       		.uleb128 0x6
 1120 003e 16       		.uleb128 0x16
 1121 003f 00       		.byte	0
 1122 0040 03       		.uleb128 0x3
 1123 0041 0E       		.uleb128 0xe
 1124 0042 3A       		.uleb128 0x3a
 1125 0043 0B       		.uleb128 0xb
 1126 0044 3B       		.uleb128 0x3b
 1127 0045 05       		.uleb128 0x5
 1128 0046 49       		.uleb128 0x49
 1129 0047 13       		.uleb128 0x13
 1130 0048 00       		.byte	0
 1131 0049 00       		.byte	0
 1132 004a 07       		.uleb128 0x7
 1133 004b 35       		.uleb128 0x35
 1134 004c 00       		.byte	0
 1135 004d 49       		.uleb128 0x49
 1136 004e 13       		.uleb128 0x13
 1137 004f 00       		.byte	0
 1138 0050 00       		.byte	0
 1139 0051 08       		.uleb128 0x8
 1140 0052 13       		.uleb128 0x13
 1141 0053 01       		.byte	0x1
 1142 0054 0B       		.uleb128 0xb
 1143 0055 0B       		.uleb128 0xb
 1144 0056 3A       		.uleb128 0x3a
 1145 0057 0B       		.uleb128 0xb
 1146 0058 3B       		.uleb128 0x3b
ARM GAS  C:\Users\Admin\AppData\Local\Temp\ccny0O2I.s 			page 28


 1147 0059 0B       		.uleb128 0xb
 1148 005a 01       		.uleb128 0x1
 1149 005b 13       		.uleb128 0x13
 1150 005c 00       		.byte	0
 1151 005d 00       		.byte	0
 1152 005e 09       		.uleb128 0x9
 1153 005f 0D       		.uleb128 0xd
 1154 0060 00       		.byte	0
 1155 0061 03       		.uleb128 0x3
 1156 0062 0E       		.uleb128 0xe
 1157 0063 3A       		.uleb128 0x3a
 1158 0064 0B       		.uleb128 0xb
 1159 0065 3B       		.uleb128 0x3b
 1160 0066 0B       		.uleb128 0xb
 1161 0067 49       		.uleb128 0x49
 1162 0068 13       		.uleb128 0x13
 1163 0069 38       		.uleb128 0x38
 1164 006a 0B       		.uleb128 0xb
 1165 006b 00       		.byte	0
 1166 006c 00       		.byte	0
 1167 006d 0A       		.uleb128 0xa
 1168 006e 2E       		.uleb128 0x2e
 1169 006f 01       		.byte	0x1
 1170 0070 03       		.uleb128 0x3
 1171 0071 0E       		.uleb128 0xe
 1172 0072 3A       		.uleb128 0x3a
 1173 0073 0B       		.uleb128 0xb
 1174 0074 3B       		.uleb128 0x3b
 1175 0075 0B       		.uleb128 0xb
 1176 0076 27       		.uleb128 0x27
 1177 0077 19       		.uleb128 0x19
 1178 0078 11       		.uleb128 0x11
 1179 0079 01       		.uleb128 0x1
 1180 007a 12       		.uleb128 0x12
 1181 007b 06       		.uleb128 0x6
 1182 007c 40       		.uleb128 0x40
 1183 007d 18       		.uleb128 0x18
 1184 007e 9642     		.uleb128 0x2116
 1185 0080 19       		.uleb128 0x19
 1186 0081 01       		.uleb128 0x1
 1187 0082 13       		.uleb128 0x13
 1188 0083 00       		.byte	0
 1189 0084 00       		.byte	0
 1190 0085 0B       		.uleb128 0xb
 1191 0086 05       		.uleb128 0x5
 1192 0087 00       		.byte	0
 1193 0088 03       		.uleb128 0x3
 1194 0089 08       		.uleb128 0x8
 1195 008a 3A       		.uleb128 0x3a
 1196 008b 0B       		.uleb128 0xb
 1197 008c 3B       		.uleb128 0x3b
 1198 008d 0B       		.uleb128 0xb
 1199 008e 49       		.uleb128 0x49
 1200 008f 13       		.uleb128 0x13
 1201 0090 02       		.uleb128 0x2
 1202 0091 18       		.uleb128 0x18
 1203 0092 00       		.byte	0
ARM GAS  C:\Users\Admin\AppData\Local\Temp\ccny0O2I.s 			page 29


 1204 0093 00       		.byte	0
 1205 0094 0C       		.uleb128 0xc
 1206 0095 05       		.uleb128 0x5
 1207 0096 00       		.byte	0
 1208 0097 03       		.uleb128 0x3
 1209 0098 0E       		.uleb128 0xe
 1210 0099 3A       		.uleb128 0x3a
 1211 009a 0B       		.uleb128 0xb
 1212 009b 3B       		.uleb128 0x3b
 1213 009c 0B       		.uleb128 0xb
 1214 009d 49       		.uleb128 0x49
 1215 009e 13       		.uleb128 0x13
 1216 009f 02       		.uleb128 0x2
 1217 00a0 18       		.uleb128 0x18
 1218 00a1 00       		.byte	0
 1219 00a2 00       		.byte	0
 1220 00a3 0D       		.uleb128 0xd
 1221 00a4 0F       		.uleb128 0xf
 1222 00a5 00       		.byte	0
 1223 00a6 0B       		.uleb128 0xb
 1224 00a7 0B       		.uleb128 0xb
 1225 00a8 49       		.uleb128 0x49
 1226 00a9 13       		.uleb128 0x13
 1227 00aa 00       		.byte	0
 1228 00ab 00       		.byte	0
 1229 00ac 0E       		.uleb128 0xe
 1230 00ad 26       		.uleb128 0x26
 1231 00ae 00       		.byte	0
 1232 00af 00       		.byte	0
 1233 00b0 00       		.byte	0
 1234 00b1 0F       		.uleb128 0xf
 1235 00b2 2E       		.uleb128 0x2e
 1236 00b3 01       		.byte	0x1
 1237 00b4 03       		.uleb128 0x3
 1238 00b5 0E       		.uleb128 0xe
 1239 00b6 3A       		.uleb128 0x3a
 1240 00b7 0B       		.uleb128 0xb
 1241 00b8 3B       		.uleb128 0x3b
 1242 00b9 0B       		.uleb128 0xb
 1243 00ba 27       		.uleb128 0x27
 1244 00bb 19       		.uleb128 0x19
 1245 00bc 11       		.uleb128 0x11
 1246 00bd 01       		.uleb128 0x1
 1247 00be 12       		.uleb128 0x12
 1248 00bf 06       		.uleb128 0x6
 1249 00c0 40       		.uleb128 0x40
 1250 00c1 18       		.uleb128 0x18
 1251 00c2 9742     		.uleb128 0x2117
 1252 00c4 19       		.uleb128 0x19
 1253 00c5 01       		.uleb128 0x1
 1254 00c6 13       		.uleb128 0x13
 1255 00c7 00       		.byte	0
 1256 00c8 00       		.byte	0
 1257 00c9 10       		.uleb128 0x10
 1258 00ca 34       		.uleb128 0x34
 1259 00cb 00       		.byte	0
 1260 00cc 03       		.uleb128 0x3
ARM GAS  C:\Users\Admin\AppData\Local\Temp\ccny0O2I.s 			page 30


 1261 00cd 08       		.uleb128 0x8
 1262 00ce 3A       		.uleb128 0x3a
 1263 00cf 0B       		.uleb128 0xb
 1264 00d0 3B       		.uleb128 0x3b
 1265 00d1 0B       		.uleb128 0xb
 1266 00d2 49       		.uleb128 0x49
 1267 00d3 13       		.uleb128 0x13
 1268 00d4 02       		.uleb128 0x2
 1269 00d5 18       		.uleb128 0x18
 1270 00d6 00       		.byte	0
 1271 00d7 00       		.byte	0
 1272 00d8 11       		.uleb128 0x11
 1273 00d9 0B       		.uleb128 0xb
 1274 00da 01       		.byte	0x1
 1275 00db 11       		.uleb128 0x11
 1276 00dc 01       		.uleb128 0x1
 1277 00dd 12       		.uleb128 0x12
 1278 00de 06       		.uleb128 0x6
 1279 00df 00       		.byte	0
 1280 00e0 00       		.byte	0
 1281 00e1 12       		.uleb128 0x12
 1282 00e2 34       		.uleb128 0x34
 1283 00e3 00       		.byte	0
 1284 00e4 03       		.uleb128 0x3
 1285 00e5 0E       		.uleb128 0xe
 1286 00e6 3A       		.uleb128 0x3a
 1287 00e7 0B       		.uleb128 0xb
 1288 00e8 3B       		.uleb128 0x3b
 1289 00e9 0B       		.uleb128 0xb
 1290 00ea 49       		.uleb128 0x49
 1291 00eb 13       		.uleb128 0x13
 1292 00ec 02       		.uleb128 0x2
 1293 00ed 18       		.uleb128 0x18
 1294 00ee 00       		.byte	0
 1295 00ef 00       		.byte	0
 1296 00f0 13       		.uleb128 0x13
 1297 00f1 26       		.uleb128 0x26
 1298 00f2 00       		.byte	0
 1299 00f3 49       		.uleb128 0x49
 1300 00f4 13       		.uleb128 0x13
 1301 00f5 00       		.byte	0
 1302 00f6 00       		.byte	0
 1303 00f7 14       		.uleb128 0x14
 1304 00f8 2E       		.uleb128 0x2e
 1305 00f9 00       		.byte	0
 1306 00fa 03       		.uleb128 0x3
 1307 00fb 0E       		.uleb128 0xe
 1308 00fc 3A       		.uleb128 0x3a
 1309 00fd 0B       		.uleb128 0xb
 1310 00fe 3B       		.uleb128 0x3b
 1311 00ff 0B       		.uleb128 0xb
 1312 0100 27       		.uleb128 0x27
 1313 0101 19       		.uleb128 0x19
 1314 0102 11       		.uleb128 0x11
 1315 0103 01       		.uleb128 0x1
 1316 0104 12       		.uleb128 0x12
 1317 0105 06       		.uleb128 0x6
ARM GAS  C:\Users\Admin\AppData\Local\Temp\ccny0O2I.s 			page 31


 1318 0106 40       		.uleb128 0x40
 1319 0107 18       		.uleb128 0x18
 1320 0108 9642     		.uleb128 0x2116
 1321 010a 19       		.uleb128 0x19
 1322 010b 00       		.byte	0
 1323 010c 00       		.byte	0
 1324 010d 15       		.uleb128 0x15
 1325 010e 2E       		.uleb128 0x2e
 1326 010f 00       		.byte	0
 1327 0110 03       		.uleb128 0x3
 1328 0111 0E       		.uleb128 0xe
 1329 0112 3A       		.uleb128 0x3a
 1330 0113 0B       		.uleb128 0xb
 1331 0114 3B       		.uleb128 0x3b
 1332 0115 05       		.uleb128 0x5
 1333 0116 27       		.uleb128 0x27
 1334 0117 19       		.uleb128 0x19
 1335 0118 11       		.uleb128 0x11
 1336 0119 01       		.uleb128 0x1
 1337 011a 12       		.uleb128 0x12
 1338 011b 06       		.uleb128 0x6
 1339 011c 40       		.uleb128 0x40
 1340 011d 18       		.uleb128 0x18
 1341 011e 9742     		.uleb128 0x2117
 1342 0120 19       		.uleb128 0x19
 1343 0121 00       		.byte	0
 1344 0122 00       		.byte	0
 1345 0123 16       		.uleb128 0x16
 1346 0124 2E       		.uleb128 0x2e
 1347 0125 01       		.byte	0x1
 1348 0126 3F       		.uleb128 0x3f
 1349 0127 19       		.uleb128 0x19
 1350 0128 03       		.uleb128 0x3
 1351 0129 0E       		.uleb128 0xe
 1352 012a 3A       		.uleb128 0x3a
 1353 012b 0B       		.uleb128 0xb
 1354 012c 3B       		.uleb128 0x3b
 1355 012d 05       		.uleb128 0x5
 1356 012e 27       		.uleb128 0x27
 1357 012f 19       		.uleb128 0x19
 1358 0130 11       		.uleb128 0x11
 1359 0131 01       		.uleb128 0x1
 1360 0132 12       		.uleb128 0x12
 1361 0133 06       		.uleb128 0x6
 1362 0134 40       		.uleb128 0x40
 1363 0135 18       		.uleb128 0x18
 1364 0136 9642     		.uleb128 0x2116
 1365 0138 19       		.uleb128 0x19
 1366 0139 01       		.uleb128 0x1
 1367 013a 13       		.uleb128 0x13
 1368 013b 00       		.byte	0
 1369 013c 00       		.byte	0
 1370 013d 17       		.uleb128 0x17
 1371 013e 34       		.uleb128 0x34
 1372 013f 00       		.byte	0
 1373 0140 03       		.uleb128 0x3
 1374 0141 0E       		.uleb128 0xe
ARM GAS  C:\Users\Admin\AppData\Local\Temp\ccny0O2I.s 			page 32


 1375 0142 3A       		.uleb128 0x3a
 1376 0143 0B       		.uleb128 0xb
 1377 0144 3B       		.uleb128 0x3b
 1378 0145 05       		.uleb128 0x5
 1379 0146 49       		.uleb128 0x49
 1380 0147 13       		.uleb128 0x13
 1381 0148 02       		.uleb128 0x2
 1382 0149 18       		.uleb128 0x18
 1383 014a 00       		.byte	0
 1384 014b 00       		.byte	0
 1385 014c 18       		.uleb128 0x18
 1386 014d 13       		.uleb128 0x13
 1387 014e 01       		.byte	0x1
 1388 014f 0B       		.uleb128 0xb
 1389 0150 0B       		.uleb128 0xb
 1390 0151 3A       		.uleb128 0x3a
 1391 0152 0B       		.uleb128 0xb
 1392 0153 3B       		.uleb128 0x3b
 1393 0154 05       		.uleb128 0x5
 1394 0155 01       		.uleb128 0x1
 1395 0156 13       		.uleb128 0x13
 1396 0157 00       		.byte	0
 1397 0158 00       		.byte	0
 1398 0159 19       		.uleb128 0x19
 1399 015a 0D       		.uleb128 0xd
 1400 015b 00       		.byte	0
 1401 015c 03       		.uleb128 0x3
 1402 015d 0E       		.uleb128 0xe
 1403 015e 3A       		.uleb128 0x3a
 1404 015f 0B       		.uleb128 0xb
 1405 0160 3B       		.uleb128 0x3b
 1406 0161 05       		.uleb128 0x5
 1407 0162 49       		.uleb128 0x49
 1408 0163 13       		.uleb128 0x13
 1409 0164 38       		.uleb128 0x38
 1410 0165 0B       		.uleb128 0xb
 1411 0166 00       		.byte	0
 1412 0167 00       		.byte	0
 1413 0168 1A       		.uleb128 0x1a
 1414 0169 01       		.uleb128 0x1
 1415 016a 01       		.byte	0x1
 1416 016b 49       		.uleb128 0x49
 1417 016c 13       		.uleb128 0x13
 1418 016d 01       		.uleb128 0x1
 1419 016e 13       		.uleb128 0x13
 1420 016f 00       		.byte	0
 1421 0170 00       		.byte	0
 1422 0171 1B       		.uleb128 0x1b
 1423 0172 21       		.uleb128 0x21
 1424 0173 00       		.byte	0
 1425 0174 49       		.uleb128 0x49
 1426 0175 13       		.uleb128 0x13
 1427 0176 2F       		.uleb128 0x2f
 1428 0177 0B       		.uleb128 0xb
 1429 0178 00       		.byte	0
 1430 0179 00       		.byte	0
 1431 017a 1C       		.uleb128 0x1c
ARM GAS  C:\Users\Admin\AppData\Local\Temp\ccny0O2I.s 			page 33


 1432 017b 34       		.uleb128 0x34
 1433 017c 00       		.byte	0
 1434 017d 03       		.uleb128 0x3
 1435 017e 08       		.uleb128 0x8
 1436 017f 3A       		.uleb128 0x3a
 1437 0180 0B       		.uleb128 0xb
 1438 0181 3B       		.uleb128 0x3b
 1439 0182 05       		.uleb128 0x5
 1440 0183 49       		.uleb128 0x49
 1441 0184 13       		.uleb128 0x13
 1442 0185 02       		.uleb128 0x2
 1443 0186 18       		.uleb128 0x18
 1444 0187 00       		.byte	0
 1445 0188 00       		.byte	0
 1446 0189 00       		.byte	0
 1447              		.section	.debug_aranges,"",%progbits
 1448 0000 4C000000 		.4byte	0x4c
 1449 0004 0200     		.2byte	0x2
 1450 0006 00000000 		.4byte	.Ldebug_info0
 1451 000a 04       		.byte	0x4
 1452 000b 00       		.byte	0
 1453 000c 0000     		.2byte	0
 1454 000e 0000     		.2byte	0
 1455 0010 00000000 		.4byte	.LFB2
 1456 0014 1E000000 		.4byte	.LFE2-.LFB2
 1457 0018 00000000 		.4byte	.LFB3
 1458 001c 20000000 		.4byte	.LFE3-.LFB3
 1459 0020 00000000 		.4byte	.LFB4
 1460 0024 20000000 		.4byte	.LFE4-.LFB4
 1461 0028 00000000 		.4byte	.LFB5
 1462 002c 82000000 		.4byte	.LFE5-.LFB5
 1463 0030 00000000 		.4byte	.LFB6
 1464 0034 F0000000 		.4byte	.LFE6-.LFB6
 1465 0038 00000000 		.4byte	.LFB7
 1466 003c 28000000 		.4byte	.LFE7-.LFB7
 1467 0040 F0000000 		.4byte	.LFB8
 1468 0044 04010000 		.4byte	.LFE8-.LFB8
 1469 0048 00000000 		.4byte	0
 1470 004c 00000000 		.4byte	0
 1471              		.section	.debug_ranges,"",%progbits
 1472              	.Ldebug_ranges0:
 1473 0000 00000000 		.4byte	.LFB2
 1474 0004 1E000000 		.4byte	.LFE2
 1475 0008 00000000 		.4byte	.LFB3
 1476 000c 20000000 		.4byte	.LFE3
 1477 0010 00000000 		.4byte	.LFB4
 1478 0014 20000000 		.4byte	.LFE4
 1479 0018 00000000 		.4byte	.LFB5
 1480 001c 82000000 		.4byte	.LFE5
 1481 0020 00000000 		.4byte	.LFB6
 1482 0024 F0000000 		.4byte	.LFE6
 1483 0028 00000000 		.4byte	.LFB7
 1484 002c 28000000 		.4byte	.LFE7
 1485 0030 F0000000 		.4byte	.LFB8
 1486 0034 F4010000 		.4byte	.LFE8
 1487 0038 00000000 		.4byte	0
 1488 003c 00000000 		.4byte	0
ARM GAS  C:\Users\Admin\AppData\Local\Temp\ccny0O2I.s 			page 34


 1489              		.section	.debug_line,"",%progbits
 1490              	.Ldebug_line0:
 1491 0000 98010000 		.section	.debug_str,"MS",%progbits,1
 1491      0200CB00 
 1491      00000201 
 1491      FB0E0D00 
 1491      01010101 
 1492              	.LASF19:
 1493 0000 72656733 		.ascii	"reg32\000"
 1493      3200
 1494              	.LASF12:
 1495 0006 73697A65 		.ascii	"size_t\000"
 1495      5F7400
 1496              	.LASF33:
 1497 000d 416E616C 		.ascii	"AnalogSetDefault\000"
 1497      6F675365 
 1497      74446566 
 1497      61756C74 
 1497      00
 1498              	.LASF21:
 1499 001e 76616C75 		.ascii	"value\000"
 1499      6500
 1500              	.LASF31:
 1501 0024 636F756E 		.ascii	"count\000"
 1501      7400
 1502              	.LASF32:
 1503 002a 436C6F63 		.ascii	"ClockSetup\000"
 1503      6B536574 
 1503      757000
 1504              	.LASF34:
 1505 0035 63795F63 		.ascii	"cy_cfg_addr_table\000"
 1505      66675F61 
 1505      6464725F 
 1505      7461626C 
 1505      6500
 1506              	.LASF35:
 1507 0047 63795F63 		.ascii	"cy_cfg_data_table\000"
 1507      66675F64 
 1507      6174615F 
 1507      7461626C 
 1507      6500
 1508              	.LASF42:
 1509 0059 443A5C4C 		.ascii	"D:\\LABs_BLE\\LABs_BLE\\Lab_1_2_additional_red.cyds"
 1509      4142735F 
 1509      424C455C 
 1509      4C414273 
 1509      5F424C45 
 1510 0089 6E00     		.ascii	"n\000"
 1511              	.LASF16:
 1512 008b 666C6F61 		.ascii	"float\000"
 1512      7400
 1513              	.LASF25:
 1514 0091 64657374 		.ascii	"dest\000"
 1514      00
 1515              	.LASF39:
 1516 0096 6366675F 		.ascii	"cfg_memset_list\000"
 1516      6D656D73 
ARM GAS  C:\Users\Admin\AppData\Local\Temp\ccny0O2I.s 			page 35


 1516      65745F6C 
 1516      69737400 
 1517              	.LASF37:
 1518 00a6 73697A65 		.ascii	"size\000"
 1518      00
 1519              	.LASF18:
 1520 00ab 72656738 		.ascii	"reg8\000"
 1520      00
 1521              	.LASF8:
 1522 00b0 6C6F6E67 		.ascii	"long unsigned int\000"
 1522      20756E73 
 1522      69676E65 
 1522      6420696E 
 1522      7400
 1523              	.LASF13:
 1524 00c2 75696E74 		.ascii	"uint8\000"
 1524      3800
 1525              	.LASF23:
 1526 00c8 43594D45 		.ascii	"CYMEMZERO\000"
 1526      4D5A4552 
 1526      4F00
 1527              	.LASF40:
 1528 00d2 474E5520 		.ascii	"GNU C11 5.4.1 20160609 (release) [ARM/embedded-5-br"
 1528      43313120 
 1528      352E342E 
 1528      31203230 
 1528      31363036 
 1529 0105 616E6368 		.ascii	"anch revision 237715] -mcpu=cortex-m0 -mthumb -g -O"
 1529      20726576 
 1529      6973696F 
 1529      6E203233 
 1529      37373135 
 1530 0138 30202D66 		.ascii	"0 -ffunction-sections -ffat-lto-objects\000"
 1530      66756E63 
 1530      74696F6E 
 1530      2D736563 
 1530      74696F6E 
 1531              	.LASF4:
 1532 0160 756E7369 		.ascii	"unsigned char\000"
 1532      676E6564 
 1532      20636861 
 1532      7200
 1533              	.LASF17:
 1534 016e 646F7562 		.ascii	"double\000"
 1534      6C6500
 1535              	.LASF27:
 1536 0175 6366675F 		.ascii	"cfg_write_bytes32\000"
 1536      77726974 
 1536      655F6279 
 1536      74657333 
 1536      3200
 1537              	.LASF43:
 1538 0187 63796669 		.ascii	"cyfitter_cfg\000"
 1538      74746572 
 1538      5F636667 
 1538      00
 1539              	.LASF28:
ARM GAS  C:\Users\Admin\AppData\Local\Temp\ccny0O2I.s 			page 36


 1540 0194 61646472 		.ascii	"addr_table\000"
 1540      5F746162 
 1540      6C6500
 1541              	.LASF14:
 1542 019f 75696E74 		.ascii	"uint16\000"
 1542      313600
 1543              	.LASF29:
 1544 01a6 64617461 		.ascii	"data_table\000"
 1544      5F746162 
 1544      6C6500
 1545              	.LASF15:
 1546 01b1 75696E74 		.ascii	"uint32\000"
 1546      333200
 1547              	.LASF0:
 1548 01b8 756E7369 		.ascii	"unsigned int\000"
 1548      676E6564 
 1548      20696E74 
 1548      00
 1549              	.LASF36:
 1550 01c5 61646472 		.ascii	"address\000"
 1550      65737300 
 1551              	.LASF9:
 1552 01cd 6C6F6E67 		.ascii	"long long unsigned int\000"
 1552      206C6F6E 
 1552      6720756E 
 1552      7369676E 
 1552      65642069 
 1553              	.LASF38:
 1554 01e4 6366675F 		.ascii	"cfg_memset_t\000"
 1554      6D656D73 
 1554      65745F74 
 1554      00
 1555              	.LASF30:
 1556 01f1 62617365 		.ascii	"baseAddr\000"
 1556      41646472 
 1556      00
 1557              	.LASF10:
 1558 01fa 73697A65 		.ascii	"sizetype\000"
 1558      74797065 
 1558      00
 1559              	.LASF6:
 1560 0203 73686F72 		.ascii	"short unsigned int\000"
 1560      7420756E 
 1560      7369676E 
 1560      65642069 
 1560      6E7400
 1561              	.LASF1:
 1562 0216 6C6F6E67 		.ascii	"long long int\000"
 1562      206C6F6E 
 1562      6720696E 
 1562      7400
 1563              	.LASF11:
 1564 0224 63686172 		.ascii	"char\000"
 1564      00
 1565              	.LASF22:
 1566 0229 63795F63 		.ascii	"cy_cfg_addrvalue_t\000"
 1566      66675F61 
ARM GAS  C:\Users\Admin\AppData\Local\Temp\ccny0O2I.s 			page 37


 1566      64647276 
 1566      616C7565 
 1566      5F7400
 1567              	.LASF20:
 1568 023c 6F666673 		.ascii	"offset\000"
 1568      657400
 1569              	.LASF5:
 1570 0243 73686F72 		.ascii	"short int\000"
 1570      7420696E 
 1570      7400
 1571              	.LASF7:
 1572 024d 6C6F6E67 		.ascii	"long int\000"
 1572      20696E74 
 1572      00
 1573              	.LASF2:
 1574 0256 6C6F6E67 		.ascii	"long double\000"
 1574      20646F75 
 1574      626C6500 
 1575              	.LASF3:
 1576 0262 7369676E 		.ascii	"signed char\000"
 1576      65642063 
 1576      68617200 
 1577              	.LASF41:
 1578 026e 47656E65 		.ascii	"Generated_Source\\PSoC4\\cyfitter_cfg.c\000"
 1578      72617465 
 1578      645F536F 
 1578      75726365 
 1578      5C50536F 
 1579              	.LASF26:
 1580 0294 4359434F 		.ascii	"CYCONFIGCPYCODE\000"
 1580      4E464947 
 1580      43505943 
 1580      4F444500 
 1581              	.LASF24:
 1582 02a4 4359434F 		.ascii	"CYCONFIGCPY\000"
 1582      4E464947 
 1582      43505900 
 1583              		.ident	"GCC: (GNU Tools for ARM Embedded Processors) 5.4.1 20160609 (release) [ARM/embedded-5-bran
