ARM GAS  C:\Users\Admin\AppData\Local\Temp\ccPZyxtz.s 			page 1


   1              		.syntax unified
   2              		.cpu cortex-m0
   3              		.fpu softvfp
   4              		.eabi_attribute 20, 1
   5              		.eabi_attribute 21, 1
   6              		.eabi_attribute 23, 3
   7              		.eabi_attribute 24, 1
   8              		.eabi_attribute 25, 1
   9              		.eabi_attribute 26, 1
  10              		.eabi_attribute 30, 6
  11              		.eabi_attribute 34, 0
  12              		.eabi_attribute 18, 4
  13              		.thumb
  14              		.syntax unified
  15              		.file	"cyfitter_cfg.c"
  16              		.text
  17              	.Ltext0:
  18              		.cfi_sections	.debug_frame
  19              		.section	.text.CYMEMZERO,"ax",%progbits
  20              		.align	2
  21              		.code	16
  22              		.thumb_func
  23              		.type	CYMEMZERO, %function
  24              	CYMEMZERO:
  25              	.LFB2:
  26              		.file 1 "Generated_Source\\PSoC4\\cyfitter_cfg.c"
   1:Generated_Source\PSoC4/cyfitter_cfg.c **** 
   2:Generated_Source\PSoC4/cyfitter_cfg.c **** /*******************************************************************************
   3:Generated_Source\PSoC4/cyfitter_cfg.c **** * File Name: cyfitter_cfg.c
   4:Generated_Source\PSoC4/cyfitter_cfg.c **** * 
   5:Generated_Source\PSoC4/cyfitter_cfg.c **** * PSoC Creator  4.4
   6:Generated_Source\PSoC4/cyfitter_cfg.c **** *
   7:Generated_Source\PSoC4/cyfitter_cfg.c **** * Description:
   8:Generated_Source\PSoC4/cyfitter_cfg.c **** * This file contains device initialization code.
   9:Generated_Source\PSoC4/cyfitter_cfg.c **** * Except for the user defined sections in CyClockStartupError(), this file should not be modified.
  10:Generated_Source\PSoC4/cyfitter_cfg.c **** * This file is automatically generated by PSoC Creator.
  11:Generated_Source\PSoC4/cyfitter_cfg.c **** *
  12:Generated_Source\PSoC4/cyfitter_cfg.c **** ********************************************************************************
  13:Generated_Source\PSoC4/cyfitter_cfg.c **** * Copyright (c) 2007-2020 Cypress Semiconductor.  All rights reserved.
  14:Generated_Source\PSoC4/cyfitter_cfg.c **** * You may use this file only in accordance with the license, terms, conditions, 
  15:Generated_Source\PSoC4/cyfitter_cfg.c **** * disclaimers, and limitations in the end user license agreement accompanying 
  16:Generated_Source\PSoC4/cyfitter_cfg.c **** * the software package with which this file was provided.
  17:Generated_Source\PSoC4/cyfitter_cfg.c **** ********************************************************************************/
  18:Generated_Source\PSoC4/cyfitter_cfg.c **** 
  19:Generated_Source\PSoC4/cyfitter_cfg.c **** #include <string.h>
  20:Generated_Source\PSoC4/cyfitter_cfg.c **** #include "cytypes.h"
  21:Generated_Source\PSoC4/cyfitter_cfg.c **** #include "cydevice_trm.h"
  22:Generated_Source\PSoC4/cyfitter_cfg.c **** #include "cyfitter.h"
  23:Generated_Source\PSoC4/cyfitter_cfg.c **** #include "CyLib.h"
  24:Generated_Source\PSoC4/cyfitter_cfg.c **** #include "CyLFClk.h"
  25:Generated_Source\PSoC4/cyfitter_cfg.c **** #include "cyfitter_cfg.h"
  26:Generated_Source\PSoC4/cyfitter_cfg.c **** #include "cyapicallbacks.h"
  27:Generated_Source\PSoC4/cyfitter_cfg.c **** 
  28:Generated_Source\PSoC4/cyfitter_cfg.c **** 
  29:Generated_Source\PSoC4/cyfitter_cfg.c **** #if defined(__GNUC__) || defined(__ARMCC_VERSION)
  30:Generated_Source\PSoC4/cyfitter_cfg.c ****     #define CYPACKED 
  31:Generated_Source\PSoC4/cyfitter_cfg.c ****     #define CYPACKED_ATTR __attribute__ ((packed))
ARM GAS  C:\Users\Admin\AppData\Local\Temp\ccPZyxtz.s 			page 2


  32:Generated_Source\PSoC4/cyfitter_cfg.c ****     #define CYALIGNED __attribute__ ((aligned))
  33:Generated_Source\PSoC4/cyfitter_cfg.c ****     #define CY_CFG_UNUSED __attribute__ ((unused))
  34:Generated_Source\PSoC4/cyfitter_cfg.c ****     #ifndef CY_CFG_SECTION
  35:Generated_Source\PSoC4/cyfitter_cfg.c ****         #define CY_CFG_SECTION __attribute__ ((section(".psocinit")))
  36:Generated_Source\PSoC4/cyfitter_cfg.c ****     #endif
  37:Generated_Source\PSoC4/cyfitter_cfg.c ****     
  38:Generated_Source\PSoC4/cyfitter_cfg.c ****     #if defined(__ARMCC_VERSION)
  39:Generated_Source\PSoC4/cyfitter_cfg.c ****         #define CY_CFG_MEMORY_BARRIER() __memory_changed()
  40:Generated_Source\PSoC4/cyfitter_cfg.c ****     #else
  41:Generated_Source\PSoC4/cyfitter_cfg.c ****         #define CY_CFG_MEMORY_BARRIER() __sync_synchronize()
  42:Generated_Source\PSoC4/cyfitter_cfg.c ****     #endif
  43:Generated_Source\PSoC4/cyfitter_cfg.c ****     
  44:Generated_Source\PSoC4/cyfitter_cfg.c **** #elif defined(__ICCARM__)
  45:Generated_Source\PSoC4/cyfitter_cfg.c ****     #include <intrinsics.h>
  46:Generated_Source\PSoC4/cyfitter_cfg.c **** 
  47:Generated_Source\PSoC4/cyfitter_cfg.c ****     #define CYPACKED __packed
  48:Generated_Source\PSoC4/cyfitter_cfg.c ****     #define CYPACKED_ATTR 
  49:Generated_Source\PSoC4/cyfitter_cfg.c ****     #define CYALIGNED _Pragma("data_alignment=4")
  50:Generated_Source\PSoC4/cyfitter_cfg.c ****     #define CY_CFG_UNUSED _Pragma("diag_suppress=Pe177")
  51:Generated_Source\PSoC4/cyfitter_cfg.c ****     #define CY_CFG_SECTION _Pragma("location=\".psocinit\"")
  52:Generated_Source\PSoC4/cyfitter_cfg.c ****     
  53:Generated_Source\PSoC4/cyfitter_cfg.c ****     #define CY_CFG_MEMORY_BARRIER() __DMB()
  54:Generated_Source\PSoC4/cyfitter_cfg.c ****     
  55:Generated_Source\PSoC4/cyfitter_cfg.c **** #else
  56:Generated_Source\PSoC4/cyfitter_cfg.c ****     #error Unsupported toolchain
  57:Generated_Source\PSoC4/cyfitter_cfg.c **** #endif
  58:Generated_Source\PSoC4/cyfitter_cfg.c **** 
  59:Generated_Source\PSoC4/cyfitter_cfg.c **** #ifndef CYCODE
  60:Generated_Source\PSoC4/cyfitter_cfg.c ****     #define CYCODE
  61:Generated_Source\PSoC4/cyfitter_cfg.c **** #endif
  62:Generated_Source\PSoC4/cyfitter_cfg.c **** #ifndef CYDATA
  63:Generated_Source\PSoC4/cyfitter_cfg.c ****     #define CYDATA
  64:Generated_Source\PSoC4/cyfitter_cfg.c **** #endif
  65:Generated_Source\PSoC4/cyfitter_cfg.c **** #ifndef CYFAR
  66:Generated_Source\PSoC4/cyfitter_cfg.c ****     #define CYFAR
  67:Generated_Source\PSoC4/cyfitter_cfg.c **** #endif
  68:Generated_Source\PSoC4/cyfitter_cfg.c **** #ifndef CYXDATA
  69:Generated_Source\PSoC4/cyfitter_cfg.c ****     #define CYXDATA
  70:Generated_Source\PSoC4/cyfitter_cfg.c **** #endif
  71:Generated_Source\PSoC4/cyfitter_cfg.c **** 
  72:Generated_Source\PSoC4/cyfitter_cfg.c **** 
  73:Generated_Source\PSoC4/cyfitter_cfg.c **** CY_CFG_UNUSED
  74:Generated_Source\PSoC4/cyfitter_cfg.c **** static void CYMEMZERO(void *s, size_t n);
  75:Generated_Source\PSoC4/cyfitter_cfg.c **** CY_CFG_UNUSED
  76:Generated_Source\PSoC4/cyfitter_cfg.c **** static void CYMEMZERO(void *s, size_t n)
  77:Generated_Source\PSoC4/cyfitter_cfg.c **** {
  27              		.loc 1 77 0
  28              		.cfi_startproc
  29              		@ args = 0, pretend = 0, frame = 8
  30              		@ frame_needed = 1, uses_anonymous_args = 0
  31 0000 80B5     		push	{r7, lr}
  32              		.cfi_def_cfa_offset 8
  33              		.cfi_offset 7, -8
  34              		.cfi_offset 14, -4
  35 0002 82B0     		sub	sp, sp, #8
  36              		.cfi_def_cfa_offset 16
  37 0004 00AF     		add	r7, sp, #0
ARM GAS  C:\Users\Admin\AppData\Local\Temp\ccPZyxtz.s 			page 3


  38              		.cfi_def_cfa_register 7
  39 0006 7860     		str	r0, [r7, #4]
  40 0008 3960     		str	r1, [r7]
  78:Generated_Source\PSoC4/cyfitter_cfg.c **** 	(void)memset(s, 0, n);
  41              		.loc 1 78 0
  42 000a 3A68     		ldr	r2, [r7]
  43 000c 7B68     		ldr	r3, [r7, #4]
  44 000e 0021     		movs	r1, #0
  45 0010 1800     		movs	r0, r3
  46 0012 FFF7FEFF 		bl	memset
  79:Generated_Source\PSoC4/cyfitter_cfg.c **** }
  47              		.loc 1 79 0
  48 0016 C046     		nop
  49 0018 BD46     		mov	sp, r7
  50 001a 02B0     		add	sp, sp, #8
  51              		@ sp needed
  52 001c 80BD     		pop	{r7, pc}
  53              		.cfi_endproc
  54              	.LFE2:
  55              		.size	CYMEMZERO, .-CYMEMZERO
  56 001e C046     		.section	.text.CYCONFIGCPY,"ax",%progbits
  57              		.align	2
  58              		.code	16
  59              		.thumb_func
  60              		.type	CYCONFIGCPY, %function
  61              	CYCONFIGCPY:
  62              	.LFB3:
  80:Generated_Source\PSoC4/cyfitter_cfg.c **** CY_CFG_UNUSED
  81:Generated_Source\PSoC4/cyfitter_cfg.c **** static void CYCONFIGCPY(void *dest, const void *src, size_t n);
  82:Generated_Source\PSoC4/cyfitter_cfg.c **** CY_CFG_UNUSED
  83:Generated_Source\PSoC4/cyfitter_cfg.c **** static void CYCONFIGCPY(void *dest, const void *src, size_t n)
  84:Generated_Source\PSoC4/cyfitter_cfg.c **** {
  63              		.loc 1 84 0
  64              		.cfi_startproc
  65              		@ args = 0, pretend = 0, frame = 16
  66              		@ frame_needed = 1, uses_anonymous_args = 0
  67 0000 80B5     		push	{r7, lr}
  68              		.cfi_def_cfa_offset 8
  69              		.cfi_offset 7, -8
  70              		.cfi_offset 14, -4
  71 0002 84B0     		sub	sp, sp, #16
  72              		.cfi_def_cfa_offset 24
  73 0004 00AF     		add	r7, sp, #0
  74              		.cfi_def_cfa_register 7
  75 0006 F860     		str	r0, [r7, #12]
  76 0008 B960     		str	r1, [r7, #8]
  77 000a 7A60     		str	r2, [r7, #4]
  85:Generated_Source\PSoC4/cyfitter_cfg.c **** 	(void)memcpy(dest, src, n);
  78              		.loc 1 85 0
  79 000c 7A68     		ldr	r2, [r7, #4]
  80 000e B968     		ldr	r1, [r7, #8]
  81 0010 FB68     		ldr	r3, [r7, #12]
  82 0012 1800     		movs	r0, r3
  83 0014 FFF7FEFF 		bl	memcpy
  86:Generated_Source\PSoC4/cyfitter_cfg.c **** }
  84              		.loc 1 86 0
  85 0018 C046     		nop
ARM GAS  C:\Users\Admin\AppData\Local\Temp\ccPZyxtz.s 			page 4


  86 001a BD46     		mov	sp, r7
  87 001c 04B0     		add	sp, sp, #16
  88              		@ sp needed
  89 001e 80BD     		pop	{r7, pc}
  90              		.cfi_endproc
  91              	.LFE3:
  92              		.size	CYCONFIGCPY, .-CYCONFIGCPY
  93              		.section	.text.CYCONFIGCPYCODE,"ax",%progbits
  94              		.align	2
  95              		.code	16
  96              		.thumb_func
  97              		.type	CYCONFIGCPYCODE, %function
  98              	CYCONFIGCPYCODE:
  99              	.LFB4:
  87:Generated_Source\PSoC4/cyfitter_cfg.c **** CY_CFG_UNUSED
  88:Generated_Source\PSoC4/cyfitter_cfg.c **** static void CYCONFIGCPYCODE(void *dest, const void *src, size_t n);
  89:Generated_Source\PSoC4/cyfitter_cfg.c **** CY_CFG_UNUSED
  90:Generated_Source\PSoC4/cyfitter_cfg.c **** static void CYCONFIGCPYCODE(void *dest, const void *src, size_t n)
  91:Generated_Source\PSoC4/cyfitter_cfg.c **** {
 100              		.loc 1 91 0
 101              		.cfi_startproc
 102              		@ args = 0, pretend = 0, frame = 16
 103              		@ frame_needed = 1, uses_anonymous_args = 0
 104 0000 80B5     		push	{r7, lr}
 105              		.cfi_def_cfa_offset 8
 106              		.cfi_offset 7, -8
 107              		.cfi_offset 14, -4
 108 0002 84B0     		sub	sp, sp, #16
 109              		.cfi_def_cfa_offset 24
 110 0004 00AF     		add	r7, sp, #0
 111              		.cfi_def_cfa_register 7
 112 0006 F860     		str	r0, [r7, #12]
 113 0008 B960     		str	r1, [r7, #8]
 114 000a 7A60     		str	r2, [r7, #4]
  92:Generated_Source\PSoC4/cyfitter_cfg.c **** 	(void)memcpy(dest, src, n);
 115              		.loc 1 92 0
 116 000c 7A68     		ldr	r2, [r7, #4]
 117 000e B968     		ldr	r1, [r7, #8]
 118 0010 FB68     		ldr	r3, [r7, #12]
 119 0012 1800     		movs	r0, r3
 120 0014 FFF7FEFF 		bl	memcpy
  93:Generated_Source\PSoC4/cyfitter_cfg.c **** }
 121              		.loc 1 93 0
 122 0018 C046     		nop
 123 001a BD46     		mov	sp, r7
 124 001c 04B0     		add	sp, sp, #16
 125              		@ sp needed
 126 001e 80BD     		pop	{r7, pc}
 127              		.cfi_endproc
 128              	.LFE4:
 129              		.size	CYCONFIGCPYCODE, .-CYCONFIGCPYCODE
 130              		.section	.psocinit,"ax",%progbits
 131              		.align	2
 132              		.code	16
 133              		.thumb_func
 134              		.type	ClockSetup, %function
 135              	ClockSetup:
ARM GAS  C:\Users\Admin\AppData\Local\Temp\ccPZyxtz.s 			page 5


 136              	.LFB5:
  94:Generated_Source\PSoC4/cyfitter_cfg.c **** 
  95:Generated_Source\PSoC4/cyfitter_cfg.c **** 
  96:Generated_Source\PSoC4/cyfitter_cfg.c **** 
  97:Generated_Source\PSoC4/cyfitter_cfg.c **** 
  98:Generated_Source\PSoC4/cyfitter_cfg.c **** /* Clock startup error codes                                                   */
  99:Generated_Source\PSoC4/cyfitter_cfg.c **** #define CYCLOCKSTART_NO_ERROR    0u
 100:Generated_Source\PSoC4/cyfitter_cfg.c **** #define CYCLOCKSTART_XTAL_ERROR  1u
 101:Generated_Source\PSoC4/cyfitter_cfg.c **** #define CYCLOCKSTART_32KHZ_ERROR 2u
 102:Generated_Source\PSoC4/cyfitter_cfg.c **** #define CYCLOCKSTART_PLL_ERROR   3u
 103:Generated_Source\PSoC4/cyfitter_cfg.c **** #define CYCLOCKSTART_FLL_ERROR   4u
 104:Generated_Source\PSoC4/cyfitter_cfg.c **** #define CYCLOCKSTART_WCO_ERROR   5u
 105:Generated_Source\PSoC4/cyfitter_cfg.c **** 
 106:Generated_Source\PSoC4/cyfitter_cfg.c **** 
 107:Generated_Source\PSoC4/cyfitter_cfg.c **** #ifdef CY_NEED_CYCLOCKSTARTUPERROR
 108:Generated_Source\PSoC4/cyfitter_cfg.c **** /*******************************************************************************
 109:Generated_Source\PSoC4/cyfitter_cfg.c **** * Function Name: CyClockStartupError
 110:Generated_Source\PSoC4/cyfitter_cfg.c **** ********************************************************************************
 111:Generated_Source\PSoC4/cyfitter_cfg.c **** * Summary:
 112:Generated_Source\PSoC4/cyfitter_cfg.c **** *  If an error is encountered during clock configuration (crystal startup error,
 113:Generated_Source\PSoC4/cyfitter_cfg.c **** *  PLL lock error, etc.), the system will end up here.  Unless reimplemented by
 114:Generated_Source\PSoC4/cyfitter_cfg.c **** *  the customer, this function will stop in an infinite loop.
 115:Generated_Source\PSoC4/cyfitter_cfg.c **** *
 116:Generated_Source\PSoC4/cyfitter_cfg.c **** * Parameters:
 117:Generated_Source\PSoC4/cyfitter_cfg.c **** *   void
 118:Generated_Source\PSoC4/cyfitter_cfg.c **** *
 119:Generated_Source\PSoC4/cyfitter_cfg.c **** * Return:
 120:Generated_Source\PSoC4/cyfitter_cfg.c **** *   void
 121:Generated_Source\PSoC4/cyfitter_cfg.c **** *
 122:Generated_Source\PSoC4/cyfitter_cfg.c **** *******************************************************************************/
 123:Generated_Source\PSoC4/cyfitter_cfg.c **** CY_CFG_UNUSED
 124:Generated_Source\PSoC4/cyfitter_cfg.c **** static void CyClockStartupError(uint8 errorCode);
 125:Generated_Source\PSoC4/cyfitter_cfg.c **** CY_CFG_UNUSED
 126:Generated_Source\PSoC4/cyfitter_cfg.c **** static void CyClockStartupError(uint8 errorCode)
 127:Generated_Source\PSoC4/cyfitter_cfg.c **** {
 128:Generated_Source\PSoC4/cyfitter_cfg.c ****     /* To remove the compiler warning if errorCode not used.                */
 129:Generated_Source\PSoC4/cyfitter_cfg.c ****     errorCode = errorCode;
 130:Generated_Source\PSoC4/cyfitter_cfg.c **** 
 131:Generated_Source\PSoC4/cyfitter_cfg.c ****     /* If we have a clock startup error (bad MHz crystal, PLL lock, etc.),  */
 132:Generated_Source\PSoC4/cyfitter_cfg.c ****     /* we will end up here to allow the customer to implement something to  */
 133:Generated_Source\PSoC4/cyfitter_cfg.c ****     /* deal with the clock condition.                                       */
 134:Generated_Source\PSoC4/cyfitter_cfg.c **** 
 135:Generated_Source\PSoC4/cyfitter_cfg.c **** #ifdef CY_CFG_CLOCK_STARTUP_ERROR_CALLBACK
 136:Generated_Source\PSoC4/cyfitter_cfg.c ****     CY_CFG_Clock_Startup_ErrorCallback();
 137:Generated_Source\PSoC4/cyfitter_cfg.c **** #else
 138:Generated_Source\PSoC4/cyfitter_cfg.c ****     /*  If not using CY_CFG_CLOCK_STARTUP_ERROR_CALLBACK, place your clock startup code here. */
 139:Generated_Source\PSoC4/cyfitter_cfg.c ****     /* `#START CyClockStartupError` */
 140:Generated_Source\PSoC4/cyfitter_cfg.c **** 
 141:Generated_Source\PSoC4/cyfitter_cfg.c **** 
 142:Generated_Source\PSoC4/cyfitter_cfg.c **** 
 143:Generated_Source\PSoC4/cyfitter_cfg.c ****     /* `#END` */
 144:Generated_Source\PSoC4/cyfitter_cfg.c **** 
 145:Generated_Source\PSoC4/cyfitter_cfg.c ****     while(1) {}
 146:Generated_Source\PSoC4/cyfitter_cfg.c **** #endif /* CY_CFG_CLOCK_STARTUP_ERROR_CALLBACK */
 147:Generated_Source\PSoC4/cyfitter_cfg.c **** }
 148:Generated_Source\PSoC4/cyfitter_cfg.c **** #endif
 149:Generated_Source\PSoC4/cyfitter_cfg.c **** 
ARM GAS  C:\Users\Admin\AppData\Local\Temp\ccPZyxtz.s 			page 6


 150:Generated_Source\PSoC4/cyfitter_cfg.c **** 
 151:Generated_Source\PSoC4/cyfitter_cfg.c **** 
 152:Generated_Source\PSoC4/cyfitter_cfg.c **** /*******************************************************************************
 153:Generated_Source\PSoC4/cyfitter_cfg.c **** * Function Name: ClockSetup
 154:Generated_Source\PSoC4/cyfitter_cfg.c **** ********************************************************************************
 155:Generated_Source\PSoC4/cyfitter_cfg.c **** *
 156:Generated_Source\PSoC4/cyfitter_cfg.c **** * Summary:
 157:Generated_Source\PSoC4/cyfitter_cfg.c **** *   Performs the initialization of all of the clocks in the device based on the
 158:Generated_Source\PSoC4/cyfitter_cfg.c **** *   settings in the Clock tab of the DWR.  This includes enabling the requested
 159:Generated_Source\PSoC4/cyfitter_cfg.c **** *   clocks and setting the necessary dividers to produce the desired frequency. 
 160:Generated_Source\PSoC4/cyfitter_cfg.c **** *
 161:Generated_Source\PSoC4/cyfitter_cfg.c **** * Parameters:
 162:Generated_Source\PSoC4/cyfitter_cfg.c **** *   void
 163:Generated_Source\PSoC4/cyfitter_cfg.c **** *
 164:Generated_Source\PSoC4/cyfitter_cfg.c **** * Return:
 165:Generated_Source\PSoC4/cyfitter_cfg.c **** *   void
 166:Generated_Source\PSoC4/cyfitter_cfg.c **** *
 167:Generated_Source\PSoC4/cyfitter_cfg.c **** *******************************************************************************/
 168:Generated_Source\PSoC4/cyfitter_cfg.c **** static void ClockSetup(void);
 169:Generated_Source\PSoC4/cyfitter_cfg.c **** CY_CFG_SECTION
 170:Generated_Source\PSoC4/cyfitter_cfg.c **** static void ClockSetup(void)
 171:Generated_Source\PSoC4/cyfitter_cfg.c **** {
 137              		.loc 1 171 0
 138              		.cfi_startproc
 139              		@ args = 0, pretend = 0, frame = 0
 140              		@ frame_needed = 1, uses_anonymous_args = 0
 141 0000 80B5     		push	{r7, lr}
 142              		.cfi_def_cfa_offset 8
 143              		.cfi_offset 7, -8
 144              		.cfi_offset 14, -4
 145 0002 00AF     		add	r7, sp, #0
 146              		.cfi_def_cfa_register 7
 172:Generated_Source\PSoC4/cyfitter_cfg.c **** 
 173:Generated_Source\PSoC4/cyfitter_cfg.c **** 	/* Set Flash Cycles based on max possible frequency in case a glitch occurs during ClockSetup(). *
 174:Generated_Source\PSoC4/cyfitter_cfg.c **** 	CY_SET_REG32((void CYXDATA *)(CYREG_CPUSS_FLASH_CTL), (0x0012u));
 147              		.loc 1 174 0
 148 0004 284B     		ldr	r3, .L5
 149 0006 1222     		movs	r2, #18
 150 0008 1A60     		str	r2, [r3]
 175:Generated_Source\PSoC4/cyfitter_cfg.c **** 
 176:Generated_Source\PSoC4/cyfitter_cfg.c **** 	/* Start the WCO */
 177:Generated_Source\PSoC4/cyfitter_cfg.c **** 	CySysClkWcoStart();
 151              		.loc 1 177 0
 152 000a FFF7FEFF 		bl	CySysClkWcoStart
 178:Generated_Source\PSoC4/cyfitter_cfg.c **** 	CyDelayCycles(12000000u); /* WCO may take up to 500ms to start */
 153              		.loc 1 178 0
 154 000e 274B     		ldr	r3, .L5+4
 155 0010 1800     		movs	r0, r3
 156 0012 FFF7FEFF 		bl	CyDelayCycles
 179:Generated_Source\PSoC4/cyfitter_cfg.c **** 	(void)CySysClkWcoSetPowerMode(CY_SYS_CLK_WCO_LPM);    /* Switch to the low power mode */
 157              		.loc 1 179 0
 158 0016 0120     		movs	r0, #1
 159 0018 FFF7FEFF 		bl	CySysClkWcoSetPowerMode
 180:Generated_Source\PSoC4/cyfitter_cfg.c **** 
 181:Generated_Source\PSoC4/cyfitter_cfg.c **** 	/* Setup and trim IMO based on desired frequency. */
 182:Generated_Source\PSoC4/cyfitter_cfg.c **** 	CySysClkWriteImoFreq(48u);
 160              		.loc 1 182 0
ARM GAS  C:\Users\Admin\AppData\Local\Temp\ccPZyxtz.s 			page 7


 161 001c 3020     		movs	r0, #48
 162 001e FFF7FEFF 		bl	CySysClkWriteImoFreq
 183:Generated_Source\PSoC4/cyfitter_cfg.c **** 	/* CYDEV_CLK_ILO_CONFIG Starting address: CYDEV_CLK_ILO_CONFIG */
 184:Generated_Source\PSoC4/cyfitter_cfg.c **** 	CY_SET_REG32((void *)(CYREG_CLK_ILO_CONFIG), 0x80000006u);
 163              		.loc 1 184 0
 164 0022 234B     		ldr	r3, .L5+8
 165 0024 234A     		ldr	r2, .L5+12
 166 0026 1A60     		str	r2, [r3]
 185:Generated_Source\PSoC4/cyfitter_cfg.c **** 
 186:Generated_Source\PSoC4/cyfitter_cfg.c **** 	/* CYDEV_WDT_CONFIG Starting address: CYDEV_WDT_CONFIG */
 187:Generated_Source\PSoC4/cyfitter_cfg.c **** 	CY_SET_REG32((void *)(CYREG_WDT_CONFIG), 0x40000000u);
 167              		.loc 1 187 0
 168 0028 234B     		ldr	r3, .L5+16
 169 002a 8022     		movs	r2, #128
 170 002c D205     		lsls	r2, r2, #23
 171 002e 1A60     		str	r2, [r3]
 188:Generated_Source\PSoC4/cyfitter_cfg.c **** 
 189:Generated_Source\PSoC4/cyfitter_cfg.c **** 
 190:Generated_Source\PSoC4/cyfitter_cfg.c **** 	/* Enable fast start mode for XO */
 191:Generated_Source\PSoC4/cyfitter_cfg.c **** 	CY_SET_REG32((void*)CYREG_BLE_BLERD_BB_XO, CY_GET_REG32((void*)CYREG_BLE_BLERD_BB_XO) | (uint32)0x
 172              		.loc 1 191 0
 173 0030 224B     		ldr	r3, .L5+20
 174 0032 224A     		ldr	r2, .L5+20
 175 0034 1268     		ldr	r2, [r2]
 176 0036 0221     		movs	r1, #2
 177 0038 0A43     		orrs	r2, r1
 178 003a 1A60     		str	r2, [r3]
 192:Generated_Source\PSoC4/cyfitter_cfg.c **** 	CY_SET_REG32((void *)(CYREG_BLE_BLERD_BB_XO_CAPTRIM), 0x0000BCBCu);
 179              		.loc 1 192 0
 180 003c 204B     		ldr	r3, .L5+24
 181 003e 214A     		ldr	r2, .L5+28
 182 0040 1A60     		str	r2, [r3]
 193:Generated_Source\PSoC4/cyfitter_cfg.c **** 	/*Set XTAL(ECO) divider*/
 194:Generated_Source\PSoC4/cyfitter_cfg.c **** 	CY_SET_REG32((void *)(CYREG_BLE_BLESS_XTAL_CLK_DIV_CONFIG), 0x00000000u);
 183              		.loc 1 194 0
 184 0042 214B     		ldr	r3, .L5+32
 185 0044 0022     		movs	r2, #0
 186 0046 1A60     		str	r2, [r3]
 195:Generated_Source\PSoC4/cyfitter_cfg.c **** 	/* Disable Crystal Stable Interrupt before enabling ECO */
 196:Generated_Source\PSoC4/cyfitter_cfg.c **** 	CY_SET_REG32((void*)CYREG_BLE_BLESS_LL_DSM_CTRL, CY_GET_REG32((void*)CYREG_BLE_BLESS_LL_DSM_CTRL) 
 187              		.loc 1 196 0
 188 0048 204B     		ldr	r3, .L5+36
 189 004a 204A     		ldr	r2, .L5+36
 190 004c 1268     		ldr	r2, [r2]
 191 004e 0821     		movs	r1, #8
 192 0050 8A43     		bics	r2, r1
 193 0052 1A60     		str	r2, [r3]
 197:Generated_Source\PSoC4/cyfitter_cfg.c **** 	/* Start the ECO and do not check status since it is not needed for HFCLK */
 198:Generated_Source\PSoC4/cyfitter_cfg.c **** 	(void)CySysClkEcoStart(2000u);
 194              		.loc 1 198 0
 195 0054 FA23     		movs	r3, #250
 196 0056 DB00     		lsls	r3, r3, #3
 197 0058 1800     		movs	r0, r3
 198 005a FFF7FEFF 		bl	CySysClkEcoStart
 199:Generated_Source\PSoC4/cyfitter_cfg.c **** 	CyDelayUs(1500u); /* Wait to stabilize */
 199              		.loc 1 199 0
 200 005e 1C4B     		ldr	r3, .L5+40
ARM GAS  C:\Users\Admin\AppData\Local\Temp\ccPZyxtz.s 			page 8


 201 0060 1800     		movs	r0, r3
 202 0062 FFF7FEFF 		bl	CyDelayUs
 200:Generated_Source\PSoC4/cyfitter_cfg.c **** 
 201:Generated_Source\PSoC4/cyfitter_cfg.c **** 	/* Setup phase aligned clocks */
 202:Generated_Source\PSoC4/cyfitter_cfg.c **** 	CY_SET_REG32((void *)CYREG_PERI_DIV_16_CTL0, 0x00000F00u);
 203              		.loc 1 202 0
 204 0066 1B4B     		ldr	r3, .L5+44
 205 0068 F022     		movs	r2, #240
 206 006a 1201     		lsls	r2, r2, #4
 207 006c 1A60     		str	r2, [r3]
 203:Generated_Source\PSoC4/cyfitter_cfg.c **** 	CY_SET_REG32((void *)CYREG_PERI_DIV_CMD, 0x8000FF40u);
 208              		.loc 1 203 0
 209 006e 1A4B     		ldr	r3, .L5+48
 210 0070 1A4A     		ldr	r2, .L5+52
 211 0072 1A60     		str	r2, [r3]
 204:Generated_Source\PSoC4/cyfitter_cfg.c **** 
 205:Generated_Source\PSoC4/cyfitter_cfg.c **** 	/* CYDEV_CLK_IMO_CONFIG Starting address: CYDEV_CLK_IMO_CONFIG */
 206:Generated_Source\PSoC4/cyfitter_cfg.c **** 	CY_SET_REG32((void *)(CYREG_CLK_IMO_CONFIG), 0x80000000u);
 212              		.loc 1 206 0
 213 0074 1A4B     		ldr	r3, .L5+56
 214 0076 8022     		movs	r2, #128
 215 0078 1206     		lsls	r2, r2, #24
 216 007a 1A60     		str	r2, [r3]
 207:Generated_Source\PSoC4/cyfitter_cfg.c **** 
 208:Generated_Source\PSoC4/cyfitter_cfg.c **** 	/* CYDEV_CLK_SELECT Starting address: CYDEV_CLK_SELECT */
 209:Generated_Source\PSoC4/cyfitter_cfg.c **** 	CY_SET_REG32((void *)(CYREG_CLK_SELECT), 0x00040000u);
 217              		.loc 1 209 0
 218 007c 194B     		ldr	r3, .L5+60
 219 007e 8022     		movs	r2, #128
 220 0080 D202     		lsls	r2, r2, #11
 221 0082 1A60     		str	r2, [r3]
 210:Generated_Source\PSoC4/cyfitter_cfg.c **** 
 211:Generated_Source\PSoC4/cyfitter_cfg.c **** 	/* CYDEV_PERI_PCLK_CTL10 Starting address: CYDEV_PERI_PCLK_CTL10 */
 212:Generated_Source\PSoC4/cyfitter_cfg.c **** 	CY_SET_REG32((void *)(CYREG_PERI_PCLK_CTL10), 0x00000040u);
 222              		.loc 1 212 0
 223 0084 184B     		ldr	r3, .L5+64
 224 0086 4022     		movs	r2, #64
 225 0088 1A60     		str	r2, [r3]
 213:Generated_Source\PSoC4/cyfitter_cfg.c **** 
 214:Generated_Source\PSoC4/cyfitter_cfg.c **** 	(void)CyIntSetVector(8u, &CySysWdtIsr);
 226              		.loc 1 214 0
 227 008a 184B     		ldr	r3, .L5+68
 228 008c 1900     		movs	r1, r3
 229 008e 0820     		movs	r0, #8
 230 0090 FFF7FEFF 		bl	CyIntSetVector
 215:Generated_Source\PSoC4/cyfitter_cfg.c **** 	CyIntEnable(8u);
 231              		.loc 1 215 0
 232 0094 0820     		movs	r0, #8
 233 0096 FFF7FEFF 		bl	CyIntEnable
 216:Generated_Source\PSoC4/cyfitter_cfg.c **** 	CY_SET_REG32((void *)(CYREG_WDT_CONFIG), 0x40000000u);
 234              		.loc 1 216 0
 235 009a 074B     		ldr	r3, .L5+16
 236 009c 8022     		movs	r2, #128
 237 009e D205     		lsls	r2, r2, #23
 238 00a0 1A60     		str	r2, [r3]
 217:Generated_Source\PSoC4/cyfitter_cfg.c **** }
 239              		.loc 1 217 0
ARM GAS  C:\Users\Admin\AppData\Local\Temp\ccPZyxtz.s 			page 9


 240 00a2 C046     		nop
 241 00a4 BD46     		mov	sp, r7
 242              		@ sp needed
 243 00a6 80BD     		pop	{r7, pc}
 244              	.L6:
 245              		.align	2
 246              	.L5:
 247 00a8 30001040 		.word	1074790448
 248 00ac 001BB700 		.word	12000000
 249 00b0 04010B40 		.word	1074462980
 250 00b4 06000080 		.word	-2147483642
 251 00b8 0C020B40 		.word	1074463244
 252 00bc 78002E40 		.word	1076756600
 253 00c0 7C002E40 		.word	1076756604
 254 00c4 BCBC0000 		.word	48316
 255 00c8 64F02E40 		.word	1076818020
 256 00cc 6CF02E40 		.word	1076818028
 257 00d0 DC050000 		.word	1500
 258 00d4 00030140 		.word	1073808128
 259 00d8 00000140 		.word	1073807360
 260 00dc 40FF0080 		.word	-2147418304
 261 00e0 08010B40 		.word	1074462984
 262 00e4 00010B40 		.word	1074462976
 263 00e8 28010140 		.word	1073807656
 264 00ec 00000000 		.word	CySysWdtIsr
 265              		.cfi_endproc
 266              	.LFE5:
 267              		.size	ClockSetup, .-ClockSetup
 268              		.section	.text.AnalogSetDefault,"ax",%progbits
 269              		.align	2
 270              		.code	16
 271              		.thumb_func
 272              		.type	AnalogSetDefault, %function
 273              	AnalogSetDefault:
 274              	.LFB6:
 218:Generated_Source\PSoC4/cyfitter_cfg.c **** 
 219:Generated_Source\PSoC4/cyfitter_cfg.c **** 
 220:Generated_Source\PSoC4/cyfitter_cfg.c **** /* Analog API Functions */
 221:Generated_Source\PSoC4/cyfitter_cfg.c **** 
 222:Generated_Source\PSoC4/cyfitter_cfg.c **** 
 223:Generated_Source\PSoC4/cyfitter_cfg.c **** /*******************************************************************************
 224:Generated_Source\PSoC4/cyfitter_cfg.c **** * Function Name: AnalogSetDefault
 225:Generated_Source\PSoC4/cyfitter_cfg.c **** ********************************************************************************
 226:Generated_Source\PSoC4/cyfitter_cfg.c **** *
 227:Generated_Source\PSoC4/cyfitter_cfg.c **** * Summary:
 228:Generated_Source\PSoC4/cyfitter_cfg.c **** *  Sets up the analog portions of the chip to default values based on chip
 229:Generated_Source\PSoC4/cyfitter_cfg.c **** *  configuration options from the project.
 230:Generated_Source\PSoC4/cyfitter_cfg.c **** *
 231:Generated_Source\PSoC4/cyfitter_cfg.c **** * Parameters:
 232:Generated_Source\PSoC4/cyfitter_cfg.c **** *  void
 233:Generated_Source\PSoC4/cyfitter_cfg.c **** *
 234:Generated_Source\PSoC4/cyfitter_cfg.c **** * Return:
 235:Generated_Source\PSoC4/cyfitter_cfg.c **** *  void
 236:Generated_Source\PSoC4/cyfitter_cfg.c **** *
 237:Generated_Source\PSoC4/cyfitter_cfg.c **** *******************************************************************************/
 238:Generated_Source\PSoC4/cyfitter_cfg.c **** static void AnalogSetDefault(void);
 239:Generated_Source\PSoC4/cyfitter_cfg.c **** static void AnalogSetDefault(void)
ARM GAS  C:\Users\Admin\AppData\Local\Temp\ccPZyxtz.s 			page 10


 240:Generated_Source\PSoC4/cyfitter_cfg.c **** {
 275              		.loc 1 240 0
 276              		.cfi_startproc
 277              		@ args = 0, pretend = 0, frame = 0
 278              		@ frame_needed = 1, uses_anonymous_args = 0
 279 0000 80B5     		push	{r7, lr}
 280              		.cfi_def_cfa_offset 8
 281              		.cfi_offset 7, -8
 282              		.cfi_offset 14, -4
 283 0002 00AF     		add	r7, sp, #0
 284              		.cfi_def_cfa_register 7
 241:Generated_Source\PSoC4/cyfitter_cfg.c **** 	CY_SET_XTND_REG32((void CYFAR *)CYREG_CTBM0_DFT_CTRL, 0x00000003u);
 285              		.loc 1 241 0
 286 0004 054B     		ldr	r3, .L8
 287 0006 0322     		movs	r2, #3
 288 0008 1A60     		str	r2, [r3]
 242:Generated_Source\PSoC4/cyfitter_cfg.c **** 	CY_SET_XTND_REG32((void CYFAR *)CYREG_CTBM1_DFT_CTRL, 0x00000003u);
 289              		.loc 1 242 0
 290 000a 054B     		ldr	r3, .L8+4
 291 000c 0322     		movs	r2, #3
 292 000e 1A60     		str	r2, [r3]
 243:Generated_Source\PSoC4/cyfitter_cfg.c **** 	CY_SET_XTND_REG32((void CYFAR *)CYREG_PASS_DSAB_DSAB_CTRL, 0x00000000u);
 293              		.loc 1 243 0
 294 0010 044B     		ldr	r3, .L8+8
 295 0012 0022     		movs	r2, #0
 296 0014 1A60     		str	r2, [r3]
 244:Generated_Source\PSoC4/cyfitter_cfg.c **** }
 297              		.loc 1 244 0
 298 0016 C046     		nop
 299 0018 BD46     		mov	sp, r7
 300              		@ sp needed
 301 001a 80BD     		pop	{r7, pc}
 302              	.L9:
 303              		.align	2
 304              	.L8:
 305 001c 30003040 		.word	1076887600
 306 0020 30003140 		.word	1076953136
 307 0024 000E3F40 		.word	1077874176
 308              		.cfi_endproc
 309              	.LFE6:
 310              		.size	AnalogSetDefault, .-AnalogSetDefault
 311              		.section	.psocinit
 312              		.align	2
 313              		.global	cyfitter_cfg
 314              		.code	16
 315              		.thumb_func
 316              		.type	cyfitter_cfg, %function
 317              	cyfitter_cfg:
 318              	.LFB7:
 245:Generated_Source\PSoC4/cyfitter_cfg.c **** 
 246:Generated_Source\PSoC4/cyfitter_cfg.c **** 
 247:Generated_Source\PSoC4/cyfitter_cfg.c **** 
 248:Generated_Source\PSoC4/cyfitter_cfg.c **** 
 249:Generated_Source\PSoC4/cyfitter_cfg.c **** /*******************************************************************************
 250:Generated_Source\PSoC4/cyfitter_cfg.c **** * Function Name: cyfitter_cfg
 251:Generated_Source\PSoC4/cyfitter_cfg.c **** ********************************************************************************
 252:Generated_Source\PSoC4/cyfitter_cfg.c **** * Summary:
ARM GAS  C:\Users\Admin\AppData\Local\Temp\ccPZyxtz.s 			page 11


 253:Generated_Source\PSoC4/cyfitter_cfg.c **** *  This function is called by the start-up code for the selected device. It
 254:Generated_Source\PSoC4/cyfitter_cfg.c **** *  performs all of the necessary device configuration based on the design
 255:Generated_Source\PSoC4/cyfitter_cfg.c **** *  settings.  This includes settings from the Design Wide Resources (DWR) such
 256:Generated_Source\PSoC4/cyfitter_cfg.c **** *  as Clocks and Pins as well as any component configuration that is necessary.
 257:Generated_Source\PSoC4/cyfitter_cfg.c **** *
 258:Generated_Source\PSoC4/cyfitter_cfg.c **** * Parameters:
 259:Generated_Source\PSoC4/cyfitter_cfg.c **** *   void
 260:Generated_Source\PSoC4/cyfitter_cfg.c **** *
 261:Generated_Source\PSoC4/cyfitter_cfg.c **** * Return:
 262:Generated_Source\PSoC4/cyfitter_cfg.c **** *   void
 263:Generated_Source\PSoC4/cyfitter_cfg.c **** *
 264:Generated_Source\PSoC4/cyfitter_cfg.c **** *******************************************************************************/
 265:Generated_Source\PSoC4/cyfitter_cfg.c **** CY_CFG_SECTION
 266:Generated_Source\PSoC4/cyfitter_cfg.c **** void cyfitter_cfg(void)
 267:Generated_Source\PSoC4/cyfitter_cfg.c **** {
 319              		.loc 1 267 0
 320              		.cfi_startproc
 321              		@ args = 0, pretend = 0, frame = 8
 322              		@ frame_needed = 1, uses_anonymous_args = 0
 323 00f0 80B5     		push	{r7, lr}
 324              		.cfi_def_cfa_offset 8
 325              		.cfi_offset 7, -8
 326              		.cfi_offset 14, -4
 327 00f2 82B0     		sub	sp, sp, #8
 328              		.cfi_def_cfa_offset 16
 329 00f4 00AF     		add	r7, sp, #0
 330              		.cfi_def_cfa_register 7
 268:Generated_Source\PSoC4/cyfitter_cfg.c **** 	/* Disable interrupts by default. Let user enable if/when they want. */
 269:Generated_Source\PSoC4/cyfitter_cfg.c **** 	CyGlobalIntDisable;
 331              		.loc 1 269 0
 332              		.syntax divided
 333              	@ 269 "Generated_Source\PSoC4\cyfitter_cfg.c" 1
 334 00f6 72B6     		CPSID   i
 335              	@ 0 "" 2
 270:Generated_Source\PSoC4/cyfitter_cfg.c **** 
 271:Generated_Source\PSoC4/cyfitter_cfg.c **** 	CY_SET_REG32((void *)(CYREG_BLE_BLESS_LL_DSM_CTRL), 0x00000000u);
 336              		.loc 1 271 0
 337              		.thumb
 338              		.syntax unified
 339 00f8 2D4B     		ldr	r3, .L13
 340 00fa 0022     		movs	r2, #0
 341 00fc 1A60     		str	r2, [r3]
 342              	.LBB2:
 272:Generated_Source\PSoC4/cyfitter_cfg.c **** 
 273:Generated_Source\PSoC4/cyfitter_cfg.c **** 	{
 274:Generated_Source\PSoC4/cyfitter_cfg.c **** 
 275:Generated_Source\PSoC4/cyfitter_cfg.c **** 		CYPACKED typedef struct {
 276:Generated_Source\PSoC4/cyfitter_cfg.c **** 			void CYFAR *address;
 277:Generated_Source\PSoC4/cyfitter_cfg.c **** 			uint16 size;
 278:Generated_Source\PSoC4/cyfitter_cfg.c **** 		} CYPACKED_ATTR cfg_memset_t;
 279:Generated_Source\PSoC4/cyfitter_cfg.c **** 
 280:Generated_Source\PSoC4/cyfitter_cfg.c **** 		static const cfg_memset_t CYCODE cfg_memset_list[] = {
 281:Generated_Source\PSoC4/cyfitter_cfg.c **** 			/* address, size */
 282:Generated_Source\PSoC4/cyfitter_cfg.c **** 			{(void CYFAR *)(CYDEV_UDB_P0_U0_BASE), 1024u},
 283:Generated_Source\PSoC4/cyfitter_cfg.c **** 			{(void CYFAR *)(CYDEV_UDB_DSI0_BASE), 1024u},
 284:Generated_Source\PSoC4/cyfitter_cfg.c **** 		};
 285:Generated_Source\PSoC4/cyfitter_cfg.c **** 
ARM GAS  C:\Users\Admin\AppData\Local\Temp\ccPZyxtz.s 			page 12


 286:Generated_Source\PSoC4/cyfitter_cfg.c **** 		uint8 CYDATA i;
 287:Generated_Source\PSoC4/cyfitter_cfg.c **** 
 288:Generated_Source\PSoC4/cyfitter_cfg.c **** 		/* Zero out critical memory blocks before beginning configuration */
 289:Generated_Source\PSoC4/cyfitter_cfg.c **** 		for (i = 0u; i < (sizeof(cfg_memset_list)/sizeof(cfg_memset_list[0])); i++)
 343              		.loc 1 289 0
 344 00fe FB1D     		adds	r3, r7, #7
 345 0100 0022     		movs	r2, #0
 346 0102 1A70     		strb	r2, [r3]
 347 0104 22E0     		b	.L11
 348              	.L12:
 349              	.LBB3:
 290:Generated_Source\PSoC4/cyfitter_cfg.c **** 		{
 291:Generated_Source\PSoC4/cyfitter_cfg.c **** 			const cfg_memset_t CYCODE * CYDATA ms = &cfg_memset_list[i];
 350              		.loc 1 291 0 discriminator 3
 351 0106 FB1D     		adds	r3, r7, #7
 352 0108 1A78     		ldrb	r2, [r3]
 353 010a 1300     		movs	r3, r2
 354 010c 5B00     		lsls	r3, r3, #1
 355 010e 9B18     		adds	r3, r3, r2
 356 0110 5B00     		lsls	r3, r3, #1
 357 0112 284A     		ldr	r2, .L13+4
 358 0114 9B18     		adds	r3, r3, r2
 359 0116 3B60     		str	r3, [r7]
 292:Generated_Source\PSoC4/cyfitter_cfg.c **** 			CYMEMZERO(ms->address, (size_t)(uint32)(ms->size));
 360              		.loc 1 292 0 discriminator 3
 361 0118 3B68     		ldr	r3, [r7]
 362 011a 1A78     		ldrb	r2, [r3]
 363 011c 5978     		ldrb	r1, [r3, #1]
 364 011e 0902     		lsls	r1, r1, #8
 365 0120 0A43     		orrs	r2, r1
 366 0122 9978     		ldrb	r1, [r3, #2]
 367 0124 0904     		lsls	r1, r1, #16
 368 0126 0A43     		orrs	r2, r1
 369 0128 DB78     		ldrb	r3, [r3, #3]
 370 012a 1B06     		lsls	r3, r3, #24
 371 012c 1343     		orrs	r3, r2
 372 012e 1800     		movs	r0, r3
 373 0130 3B68     		ldr	r3, [r7]
 374 0132 1A79     		ldrb	r2, [r3, #4]
 375 0134 5B79     		ldrb	r3, [r3, #5]
 376 0136 1B02     		lsls	r3, r3, #8
 377 0138 1343     		orrs	r3, r2
 378 013a 9BB2     		uxth	r3, r3
 379 013c 1900     		movs	r1, r3
 380 013e FFF7FEFF 		bl	CYMEMZERO
 381              	.LBE3:
 289:Generated_Source\PSoC4/cyfitter_cfg.c **** 		{
 382              		.loc 1 289 0 discriminator 3
 383 0142 FB1D     		adds	r3, r7, #7
 384 0144 1A78     		ldrb	r2, [r3]
 385 0146 FB1D     		adds	r3, r7, #7
 386 0148 0132     		adds	r2, r2, #1
 387 014a 1A70     		strb	r2, [r3]
 388              	.L11:
 289:Generated_Source\PSoC4/cyfitter_cfg.c **** 		{
 389              		.loc 1 289 0 is_stmt 0 discriminator 1
 390 014c FB1D     		adds	r3, r7, #7
ARM GAS  C:\Users\Admin\AppData\Local\Temp\ccPZyxtz.s 			page 13


 391 014e 1B78     		ldrb	r3, [r3]
 392 0150 012B     		cmp	r3, #1
 393 0152 D8D9     		bls	.L12
 293:Generated_Source\PSoC4/cyfitter_cfg.c **** 		}
 294:Generated_Source\PSoC4/cyfitter_cfg.c **** 
 295:Generated_Source\PSoC4/cyfitter_cfg.c **** 		/* HSIOM Starting address: CYDEV_HSIOM_BASE */
 296:Generated_Source\PSoC4/cyfitter_cfg.c **** 		CY_SET_REG32((void *)(CYDEV_HSIOM_BASE), 0xEE000000u);
 394              		.loc 1 296 0 is_stmt 1
 395 0154 184B     		ldr	r3, .L13+8
 396 0156 EE22     		movs	r2, #238
 397 0158 1206     		lsls	r2, r2, #24
 398 015a 1A60     		str	r2, [r3]
 297:Generated_Source\PSoC4/cyfitter_cfg.c **** 		CY_SET_REG32((void *)(CYREG_HSIOM_PORT_SEL3), 0x08000000u);
 399              		.loc 1 297 0
 400 015c 174B     		ldr	r3, .L13+12
 401 015e 8022     		movs	r2, #128
 402 0160 1205     		lsls	r2, r2, #20
 403 0162 1A60     		str	r2, [r3]
 298:Generated_Source\PSoC4/cyfitter_cfg.c **** 
 299:Generated_Source\PSoC4/cyfitter_cfg.c **** 		/* UDB_PA_0 Starting address: CYDEV_UDB_PA0_BASE */
 300:Generated_Source\PSoC4/cyfitter_cfg.c **** 		CY_SET_REG32((void *)(CYDEV_UDB_PA0_BASE), 0x00990000u);
 404              		.loc 1 300 0
 405 0164 164B     		ldr	r3, .L13+16
 406 0166 9922     		movs	r2, #153
 407 0168 1204     		lsls	r2, r2, #16
 408 016a 1A60     		str	r2, [r3]
 301:Generated_Source\PSoC4/cyfitter_cfg.c **** 
 302:Generated_Source\PSoC4/cyfitter_cfg.c **** 		/* UDB_PA_3 Starting address: CYDEV_UDB_PA3_BASE */
 303:Generated_Source\PSoC4/cyfitter_cfg.c **** 		CY_SET_REG32((void *)(CYDEV_UDB_PA3_BASE), 0x00990000u);
 409              		.loc 1 303 0
 410 016c 154B     		ldr	r3, .L13+20
 411 016e 9922     		movs	r2, #153
 412 0170 1204     		lsls	r2, r2, #16
 413 0172 1A60     		str	r2, [r3]
 304:Generated_Source\PSoC4/cyfitter_cfg.c **** 
 305:Generated_Source\PSoC4/cyfitter_cfg.c **** 		/* Enable digital routing */
 306:Generated_Source\PSoC4/cyfitter_cfg.c **** 		CY_SET_XTND_REG8((void *)CYREG_UDB_UDBIF_BANK_CTL, (uint8)(CY_GET_XTND_REG8((void *)CYREG_UDB_UDB
 414              		.loc 1 306 0
 415 0174 144A     		ldr	r2, .L13+24
 416 0176 144B     		ldr	r3, .L13+24
 417 0178 1B78     		ldrb	r3, [r3]
 418 017a DBB2     		uxtb	r3, r3
 419 017c 0621     		movs	r1, #6
 420 017e 0B43     		orrs	r3, r1
 421 0180 DBB2     		uxtb	r3, r3
 422 0182 1370     		strb	r3, [r2]
 423              	.LBE2:
 307:Generated_Source\PSoC4/cyfitter_cfg.c **** 	}
 308:Generated_Source\PSoC4/cyfitter_cfg.c **** 
 309:Generated_Source\PSoC4/cyfitter_cfg.c **** 	/* Perform second pass device configuration. These items must be configured in specific order afte
 310:Generated_Source\PSoC4/cyfitter_cfg.c **** 	/* IOPINS0_0 Starting address: CYDEV_GPIO_PRT0_BASE */
 311:Generated_Source\PSoC4/cyfitter_cfg.c **** 	CY_SET_REG32((void *)(CYDEV_GPIO_PRT0_BASE), 0x00000008u);
 424              		.loc 1 311 0
 425 0184 114B     		ldr	r3, .L13+28
 426 0186 0822     		movs	r2, #8
 427 0188 1A60     		str	r2, [r3]
 312:Generated_Source\PSoC4/cyfitter_cfg.c **** 	CY_SET_REG32((void *)(CYREG_GPIO_PRT0_PC), 0x00D80C00u);
ARM GAS  C:\Users\Admin\AppData\Local\Temp\ccPZyxtz.s 			page 14


 428              		.loc 1 312 0
 429 018a 114B     		ldr	r3, .L13+32
 430 018c 114A     		ldr	r2, .L13+36
 431 018e 1A60     		str	r2, [r3]
 313:Generated_Source\PSoC4/cyfitter_cfg.c **** 
 314:Generated_Source\PSoC4/cyfitter_cfg.c **** 	/* IOPINS0_3 Starting address: CYDEV_GPIO_PRT3_BASE */
 315:Generated_Source\PSoC4/cyfitter_cfg.c **** 	CY_SET_REG32((void *)(CYDEV_GPIO_PRT3_BASE), 0x000000C0u);
 432              		.loc 1 315 0
 433 0190 114B     		ldr	r3, .L13+40
 434 0192 C022     		movs	r2, #192
 435 0194 1A60     		str	r2, [r3]
 316:Generated_Source\PSoC4/cyfitter_cfg.c **** 	CY_SET_REG32((void *)(CYREG_GPIO_PRT3_PC), 0x00D80000u);
 436              		.loc 1 316 0
 437 0196 114B     		ldr	r3, .L13+44
 438 0198 D822     		movs	r2, #216
 439 019a 1204     		lsls	r2, r2, #16
 440 019c 1A60     		str	r2, [r3]
 317:Generated_Source\PSoC4/cyfitter_cfg.c **** 
 318:Generated_Source\PSoC4/cyfitter_cfg.c **** 
 319:Generated_Source\PSoC4/cyfitter_cfg.c **** 	/* Setup clocks based on selections from Clock DWR */
 320:Generated_Source\PSoC4/cyfitter_cfg.c **** 	ClockSetup();
 441              		.loc 1 320 0
 442 019e FFF72FFF 		bl	ClockSetup
 321:Generated_Source\PSoC4/cyfitter_cfg.c **** 
 322:Generated_Source\PSoC4/cyfitter_cfg.c **** 	/* Perform basic analog initialization to defaults */
 323:Generated_Source\PSoC4/cyfitter_cfg.c **** 	AnalogSetDefault();
 443              		.loc 1 323 0
 444 01a2 FFF7FEFF 		bl	AnalogSetDefault
 324:Generated_Source\PSoC4/cyfitter_cfg.c **** 
 325:Generated_Source\PSoC4/cyfitter_cfg.c **** }
 445              		.loc 1 325 0
 446 01a6 C046     		nop
 447 01a8 BD46     		mov	sp, r7
 448 01aa 02B0     		add	sp, sp, #8
 449              		@ sp needed
 450 01ac 80BD     		pop	{r7, pc}
 451              	.L14:
 452 01ae C046     		.align	2
 453              	.L13:
 454 01b0 6CF02E40 		.word	1076818028
 455 01b4 00000000 		.word	cfg_memset_list.4893
 456 01b8 00000240 		.word	1073872896
 457 01bc 00030240 		.word	1073873664
 458 01c0 00500F40 		.word	1074745344
 459 01c4 30500F40 		.word	1074745392
 460 01c8 00700F40 		.word	1074753536
 461 01cc 00000440 		.word	1074003968
 462 01d0 08000440 		.word	1074003976
 463 01d4 000CD800 		.word	14158848
 464 01d8 00030440 		.word	1074004736
 465 01dc 08030440 		.word	1074004744
 466              		.cfi_endproc
 467              	.LFE7:
 468              		.size	cyfitter_cfg, .-cyfitter_cfg
 469              		.section	.rodata
 470              		.align	2
 471              		.type	cfg_memset_list.4893, %object
ARM GAS  C:\Users\Admin\AppData\Local\Temp\ccPZyxtz.s 			page 15


 472              		.size	cfg_memset_list.4893, 12
 473              	cfg_memset_list.4893:
 474 0000 00300F40 		.word	1074737152
 475 0004 0004     		.short	1024
 476 0006 00400F40 		.4byte	1074741248
 477 000a 0004     		.short	1024
 478              		.text
 479              	.Letext0:
 480              		.file 2 "c:\\program files (x86)\\cypress\\psoc creator\\4.4\\psoc creator\\import\\gnu\\arm\\5.4.
 481              		.file 3 "Generated_Source\\PSoC4\\cytypes.h"
 482              		.section	.debug_info,"",%progbits
 483              	.Ldebug_info0:
 484 0000 55020000 		.4byte	0x255
 485 0004 0400     		.2byte	0x4
 486 0006 00000000 		.4byte	.Ldebug_abbrev0
 487 000a 04       		.byte	0x4
 488 000b 01       		.uleb128 0x1
 489 000c 83000000 		.4byte	.LASF30
 490 0010 0C       		.byte	0xc
 491 0011 F9010000 		.4byte	.LASF31
 492 0015 A0010000 		.4byte	.LASF32
 493 0019 00000000 		.4byte	.Ldebug_ranges0+0
 494 001d 00000000 		.4byte	0
 495 0021 00000000 		.4byte	.Ldebug_line0
 496 0025 02       		.uleb128 0x2
 497 0026 04       		.byte	0x4
 498 0027 05       		.byte	0x5
 499 0028 696E7400 		.ascii	"int\000"
 500 002c 03       		.uleb128 0x3
 501 002d 06000000 		.4byte	.LASF12
 502 0031 02       		.byte	0x2
 503 0032 D8       		.byte	0xd8
 504 0033 37000000 		.4byte	0x37
 505 0037 04       		.uleb128 0x4
 506 0038 04       		.byte	0x4
 507 0039 07       		.byte	0x7
 508 003a 41010000 		.4byte	.LASF0
 509 003e 04       		.uleb128 0x4
 510 003f 08       		.byte	0x8
 511 0040 05       		.byte	0x5
 512 0041 83010000 		.4byte	.LASF1
 513 0045 04       		.uleb128 0x4
 514 0046 08       		.byte	0x8
 515 0047 04       		.byte	0x4
 516 0048 E1010000 		.4byte	.LASF2
 517 004c 04       		.uleb128 0x4
 518 004d 01       		.byte	0x1
 519 004e 06       		.byte	0x6
 520 004f ED010000 		.4byte	.LASF3
 521 0053 04       		.uleb128 0x4
 522 0054 01       		.byte	0x1
 523 0055 08       		.byte	0x8
 524 0056 11010000 		.4byte	.LASF4
 525 005a 04       		.uleb128 0x4
 526 005b 02       		.byte	0x2
 527 005c 05       		.byte	0x5
 528 005d 96010000 		.4byte	.LASF5
ARM GAS  C:\Users\Admin\AppData\Local\Temp\ccPZyxtz.s 			page 16


 529 0061 04       		.uleb128 0x4
 530 0062 02       		.byte	0x2
 531 0063 07       		.byte	0x7
 532 0064 39000000 		.4byte	.LASF6
 533 0068 04       		.uleb128 0x4
 534 0069 04       		.byte	0x4
 535 006a 05       		.byte	0x5
 536 006b D8010000 		.4byte	.LASF7
 537 006f 04       		.uleb128 0x4
 538 0070 04       		.byte	0x4
 539 0071 07       		.byte	0x7
 540 0072 61000000 		.4byte	.LASF8
 541 0076 04       		.uleb128 0x4
 542 0077 08       		.byte	0x8
 543 0078 07       		.byte	0x7
 544 0079 56010000 		.4byte	.LASF9
 545 007d 04       		.uleb128 0x4
 546 007e 04       		.byte	0x4
 547 007f 07       		.byte	0x7
 548 0080 7A010000 		.4byte	.LASF10
 549 0084 05       		.uleb128 0x5
 550 0085 04       		.byte	0x4
 551 0086 04       		.uleb128 0x4
 552 0087 01       		.byte	0x1
 553 0088 08       		.byte	0x8
 554 0089 91010000 		.4byte	.LASF11
 555 008d 06       		.uleb128 0x6
 556 008e 73000000 		.4byte	.LASF13
 557 0092 03       		.byte	0x3
 558 0093 FB01     		.2byte	0x1fb
 559 0095 53000000 		.4byte	0x53
 560 0099 06       		.uleb128 0x6
 561 009a 33010000 		.4byte	.LASF14
 562 009e 03       		.byte	0x3
 563 009f FC01     		.2byte	0x1fc
 564 00a1 61000000 		.4byte	0x61
 565 00a5 06       		.uleb128 0x6
 566 00a6 3A010000 		.4byte	.LASF15
 567 00aa 03       		.byte	0x3
 568 00ab FD01     		.2byte	0x1fd
 569 00ad 6F000000 		.4byte	0x6f
 570 00b1 04       		.uleb128 0x4
 571 00b2 04       		.byte	0x4
 572 00b3 04       		.byte	0x4
 573 00b4 4C000000 		.4byte	.LASF16
 574 00b8 04       		.uleb128 0x4
 575 00b9 08       		.byte	0x8
 576 00ba 04       		.byte	0x4
 577 00bb 1F010000 		.4byte	.LASF17
 578 00bf 06       		.uleb128 0x6
 579 00c0 5C000000 		.4byte	.LASF18
 580 00c4 03       		.byte	0x3
 581 00c5 A502     		.2byte	0x2a5
 582 00c7 CB000000 		.4byte	0xcb
 583 00cb 07       		.uleb128 0x7
 584 00cc 8D000000 		.4byte	0x8d
 585 00d0 06       		.uleb128 0x6
ARM GAS  C:\Users\Admin\AppData\Local\Temp\ccPZyxtz.s 			page 17


 586 00d1 00000000 		.4byte	.LASF19
 587 00d5 03       		.byte	0x3
 588 00d6 A702     		.2byte	0x2a7
 589 00d8 DC000000 		.4byte	0xdc
 590 00dc 07       		.uleb128 0x7
 591 00dd A5000000 		.4byte	0xa5
 592 00e1 08       		.uleb128 0x8
 593 00e2 79000000 		.4byte	.LASF20
 594 00e6 01       		.byte	0x1
 595 00e7 4C       		.byte	0x4c
 596 00e8 00000000 		.4byte	.LFB2
 597 00ec 1E000000 		.4byte	.LFE2-.LFB2
 598 00f0 01       		.uleb128 0x1
 599 00f1 9C       		.byte	0x9c
 600 00f2 0F010000 		.4byte	0x10f
 601 00f6 09       		.uleb128 0x9
 602 00f7 7300     		.ascii	"s\000"
 603 00f9 01       		.byte	0x1
 604 00fa 4C       		.byte	0x4c
 605 00fb 84000000 		.4byte	0x84
 606 00ff 02       		.uleb128 0x2
 607 0100 91       		.byte	0x91
 608 0101 74       		.sleb128 -12
 609 0102 09       		.uleb128 0x9
 610 0103 6E00     		.ascii	"n\000"
 611 0105 01       		.byte	0x1
 612 0106 4C       		.byte	0x4c
 613 0107 2C000000 		.4byte	0x2c
 614 010b 02       		.uleb128 0x2
 615 010c 91       		.byte	0x91
 616 010d 70       		.sleb128 -16
 617 010e 00       		.byte	0
 618 010f 08       		.uleb128 0x8
 619 0110 2F020000 		.4byte	.LASF21
 620 0114 01       		.byte	0x1
 621 0115 53       		.byte	0x53
 622 0116 00000000 		.4byte	.LFB3
 623 011a 20000000 		.4byte	.LFE3-.LFB3
 624 011e 01       		.uleb128 0x1
 625 011f 9C       		.byte	0x9c
 626 0120 4D010000 		.4byte	0x14d
 627 0124 0A       		.uleb128 0xa
 628 0125 52000000 		.4byte	.LASF22
 629 0129 01       		.byte	0x1
 630 012a 53       		.byte	0x53
 631 012b 84000000 		.4byte	0x84
 632 012f 02       		.uleb128 0x2
 633 0130 91       		.byte	0x91
 634 0131 74       		.sleb128 -12
 635 0132 09       		.uleb128 0x9
 636 0133 73726300 		.ascii	"src\000"
 637 0137 01       		.byte	0x1
 638 0138 53       		.byte	0x53
 639 0139 4D010000 		.4byte	0x14d
 640 013d 02       		.uleb128 0x2
 641 013e 91       		.byte	0x91
 642 013f 70       		.sleb128 -16
ARM GAS  C:\Users\Admin\AppData\Local\Temp\ccPZyxtz.s 			page 18


 643 0140 09       		.uleb128 0x9
 644 0141 6E00     		.ascii	"n\000"
 645 0143 01       		.byte	0x1
 646 0144 53       		.byte	0x53
 647 0145 2C000000 		.4byte	0x2c
 648 0149 02       		.uleb128 0x2
 649 014a 91       		.byte	0x91
 650 014b 6C       		.sleb128 -20
 651 014c 00       		.byte	0
 652 014d 0B       		.uleb128 0xb
 653 014e 04       		.byte	0x4
 654 014f 53010000 		.4byte	0x153
 655 0153 0C       		.uleb128 0xc
 656 0154 08       		.uleb128 0x8
 657 0155 1F020000 		.4byte	.LASF23
 658 0159 01       		.byte	0x1
 659 015a 5A       		.byte	0x5a
 660 015b 00000000 		.4byte	.LFB4
 661 015f 20000000 		.4byte	.LFE4-.LFB4
 662 0163 01       		.uleb128 0x1
 663 0164 9C       		.byte	0x9c
 664 0165 92010000 		.4byte	0x192
 665 0169 0A       		.uleb128 0xa
 666 016a 52000000 		.4byte	.LASF22
 667 016e 01       		.byte	0x1
 668 016f 5A       		.byte	0x5a
 669 0170 84000000 		.4byte	0x84
 670 0174 02       		.uleb128 0x2
 671 0175 91       		.byte	0x91
 672 0176 74       		.sleb128 -12
 673 0177 09       		.uleb128 0x9
 674 0178 73726300 		.ascii	"src\000"
 675 017c 01       		.byte	0x1
 676 017d 5A       		.byte	0x5a
 677 017e 4D010000 		.4byte	0x14d
 678 0182 02       		.uleb128 0x2
 679 0183 91       		.byte	0x91
 680 0184 70       		.sleb128 -16
 681 0185 09       		.uleb128 0x9
 682 0186 6E00     		.ascii	"n\000"
 683 0188 01       		.byte	0x1
 684 0189 5A       		.byte	0x5a
 685 018a 2C000000 		.4byte	0x2c
 686 018e 02       		.uleb128 0x2
 687 018f 91       		.byte	0x91
 688 0190 6C       		.sleb128 -20
 689 0191 00       		.byte	0
 690 0192 0D       		.uleb128 0xd
 691 0193 2E000000 		.4byte	.LASF24
 692 0197 01       		.byte	0x1
 693 0198 AA       		.byte	0xaa
 694 0199 00000000 		.4byte	.LFB5
 695 019d F0000000 		.4byte	.LFE5-.LFB5
 696 01a1 01       		.uleb128 0x1
 697 01a2 9C       		.byte	0x9c
 698 01a3 0E       		.uleb128 0xe
 699 01a4 0D000000 		.4byte	.LASF25
ARM GAS  C:\Users\Admin\AppData\Local\Temp\ccPZyxtz.s 			page 19


 700 01a8 01       		.byte	0x1
 701 01a9 EF       		.byte	0xef
 702 01aa 00000000 		.4byte	.LFB6
 703 01ae 28000000 		.4byte	.LFE6-.LFB6
 704 01b2 01       		.uleb128 0x1
 705 01b3 9C       		.byte	0x9c
 706 01b4 0F       		.uleb128 0xf
 707 01b5 26010000 		.4byte	.LASF33
 708 01b9 01       		.byte	0x1
 709 01ba 0A01     		.2byte	0x10a
 710 01bc F0000000 		.4byte	.LFB7
 711 01c0 F0000000 		.4byte	.LFE7-.LFB7
 712 01c4 01       		.uleb128 0x1
 713 01c5 9C       		.byte	0x9c
 714 01c6 10       		.uleb128 0x10
 715 01c7 FE000000 		.4byte	.LBB2
 716 01cb 86000000 		.4byte	.LBE2-.LBB2
 717 01cf 11       		.uleb128 0x11
 718 01d0 06       		.byte	0x6
 719 01d1 01       		.byte	0x1
 720 01d2 1301     		.2byte	0x113
 721 01d4 F3010000 		.4byte	0x1f3
 722 01d8 12       		.uleb128 0x12
 723 01d9 4E010000 		.4byte	.LASF26
 724 01dd 01       		.byte	0x1
 725 01de 1401     		.2byte	0x114
 726 01e0 84000000 		.4byte	0x84
 727 01e4 00       		.byte	0
 728 01e5 12       		.uleb128 0x12
 729 01e6 57000000 		.4byte	.LASF27
 730 01ea 01       		.byte	0x1
 731 01eb 1501     		.2byte	0x115
 732 01ed 99000000 		.4byte	0x99
 733 01f1 04       		.byte	0x4
 734 01f2 00       		.byte	0
 735 01f3 06       		.uleb128 0x6
 736 01f4 6D010000 		.4byte	.LASF28
 737 01f8 01       		.byte	0x1
 738 01f9 1601     		.2byte	0x116
 739 01fb CF010000 		.4byte	0x1cf
 740 01ff 13       		.uleb128 0x13
 741 0200 0F020000 		.4byte	0x20f
 742 0204 0F020000 		.4byte	0x20f
 743 0208 14       		.uleb128 0x14
 744 0209 7D000000 		.4byte	0x7d
 745 020d 01       		.byte	0x1
 746 020e 00       		.byte	0
 747 020f 15       		.uleb128 0x15
 748 0210 F3010000 		.4byte	0x1f3
 749 0214 16       		.uleb128 0x16
 750 0215 1E000000 		.4byte	.LASF29
 751 0219 01       		.byte	0x1
 752 021a 1801     		.2byte	0x118
 753 021c 26020000 		.4byte	0x226
 754 0220 05       		.uleb128 0x5
 755 0221 03       		.byte	0x3
 756 0222 00000000 		.4byte	cfg_memset_list.4893
ARM GAS  C:\Users\Admin\AppData\Local\Temp\ccPZyxtz.s 			page 20


 757 0226 15       		.uleb128 0x15
 758 0227 FF010000 		.4byte	0x1ff
 759 022b 17       		.uleb128 0x17
 760 022c 6900     		.ascii	"i\000"
 761 022e 01       		.byte	0x1
 762 022f 1E01     		.2byte	0x11e
 763 0231 8D000000 		.4byte	0x8d
 764 0235 02       		.uleb128 0x2
 765 0236 91       		.byte	0x91
 766 0237 77       		.sleb128 -9
 767 0238 10       		.uleb128 0x10
 768 0239 06010000 		.4byte	.LBB3
 769 023d 3C000000 		.4byte	.LBE3-.LBB3
 770 0241 17       		.uleb128 0x17
 771 0242 6D7300   		.ascii	"ms\000"
 772 0245 01       		.byte	0x1
 773 0246 2301     		.2byte	0x123
 774 0248 4F020000 		.4byte	0x24f
 775 024c 02       		.uleb128 0x2
 776 024d 91       		.byte	0x91
 777 024e 70       		.sleb128 -16
 778 024f 0B       		.uleb128 0xb
 779 0250 04       		.byte	0x4
 780 0251 0F020000 		.4byte	0x20f
 781 0255 00       		.byte	0
 782 0256 00       		.byte	0
 783 0257 00       		.byte	0
 784 0258 00       		.byte	0
 785              		.section	.debug_abbrev,"",%progbits
 786              	.Ldebug_abbrev0:
 787 0000 01       		.uleb128 0x1
 788 0001 11       		.uleb128 0x11
 789 0002 01       		.byte	0x1
 790 0003 25       		.uleb128 0x25
 791 0004 0E       		.uleb128 0xe
 792 0005 13       		.uleb128 0x13
 793 0006 0B       		.uleb128 0xb
 794 0007 03       		.uleb128 0x3
 795 0008 0E       		.uleb128 0xe
 796 0009 1B       		.uleb128 0x1b
 797 000a 0E       		.uleb128 0xe
 798 000b 55       		.uleb128 0x55
 799 000c 17       		.uleb128 0x17
 800 000d 11       		.uleb128 0x11
 801 000e 01       		.uleb128 0x1
 802 000f 10       		.uleb128 0x10
 803 0010 17       		.uleb128 0x17
 804 0011 00       		.byte	0
 805 0012 00       		.byte	0
 806 0013 02       		.uleb128 0x2
 807 0014 24       		.uleb128 0x24
 808 0015 00       		.byte	0
 809 0016 0B       		.uleb128 0xb
 810 0017 0B       		.uleb128 0xb
 811 0018 3E       		.uleb128 0x3e
 812 0019 0B       		.uleb128 0xb
 813 001a 03       		.uleb128 0x3
ARM GAS  C:\Users\Admin\AppData\Local\Temp\ccPZyxtz.s 			page 21


 814 001b 08       		.uleb128 0x8
 815 001c 00       		.byte	0
 816 001d 00       		.byte	0
 817 001e 03       		.uleb128 0x3
 818 001f 16       		.uleb128 0x16
 819 0020 00       		.byte	0
 820 0021 03       		.uleb128 0x3
 821 0022 0E       		.uleb128 0xe
 822 0023 3A       		.uleb128 0x3a
 823 0024 0B       		.uleb128 0xb
 824 0025 3B       		.uleb128 0x3b
 825 0026 0B       		.uleb128 0xb
 826 0027 49       		.uleb128 0x49
 827 0028 13       		.uleb128 0x13
 828 0029 00       		.byte	0
 829 002a 00       		.byte	0
 830 002b 04       		.uleb128 0x4
 831 002c 24       		.uleb128 0x24
 832 002d 00       		.byte	0
 833 002e 0B       		.uleb128 0xb
 834 002f 0B       		.uleb128 0xb
 835 0030 3E       		.uleb128 0x3e
 836 0031 0B       		.uleb128 0xb
 837 0032 03       		.uleb128 0x3
 838 0033 0E       		.uleb128 0xe
 839 0034 00       		.byte	0
 840 0035 00       		.byte	0
 841 0036 05       		.uleb128 0x5
 842 0037 0F       		.uleb128 0xf
 843 0038 00       		.byte	0
 844 0039 0B       		.uleb128 0xb
 845 003a 0B       		.uleb128 0xb
 846 003b 00       		.byte	0
 847 003c 00       		.byte	0
 848 003d 06       		.uleb128 0x6
 849 003e 16       		.uleb128 0x16
 850 003f 00       		.byte	0
 851 0040 03       		.uleb128 0x3
 852 0041 0E       		.uleb128 0xe
 853 0042 3A       		.uleb128 0x3a
 854 0043 0B       		.uleb128 0xb
 855 0044 3B       		.uleb128 0x3b
 856 0045 05       		.uleb128 0x5
 857 0046 49       		.uleb128 0x49
 858 0047 13       		.uleb128 0x13
 859 0048 00       		.byte	0
 860 0049 00       		.byte	0
 861 004a 07       		.uleb128 0x7
 862 004b 35       		.uleb128 0x35
 863 004c 00       		.byte	0
 864 004d 49       		.uleb128 0x49
 865 004e 13       		.uleb128 0x13
 866 004f 00       		.byte	0
 867 0050 00       		.byte	0
 868 0051 08       		.uleb128 0x8
 869 0052 2E       		.uleb128 0x2e
 870 0053 01       		.byte	0x1
ARM GAS  C:\Users\Admin\AppData\Local\Temp\ccPZyxtz.s 			page 22


 871 0054 03       		.uleb128 0x3
 872 0055 0E       		.uleb128 0xe
 873 0056 3A       		.uleb128 0x3a
 874 0057 0B       		.uleb128 0xb
 875 0058 3B       		.uleb128 0x3b
 876 0059 0B       		.uleb128 0xb
 877 005a 27       		.uleb128 0x27
 878 005b 19       		.uleb128 0x19
 879 005c 11       		.uleb128 0x11
 880 005d 01       		.uleb128 0x1
 881 005e 12       		.uleb128 0x12
 882 005f 06       		.uleb128 0x6
 883 0060 40       		.uleb128 0x40
 884 0061 18       		.uleb128 0x18
 885 0062 9642     		.uleb128 0x2116
 886 0064 19       		.uleb128 0x19
 887 0065 01       		.uleb128 0x1
 888 0066 13       		.uleb128 0x13
 889 0067 00       		.byte	0
 890 0068 00       		.byte	0
 891 0069 09       		.uleb128 0x9
 892 006a 05       		.uleb128 0x5
 893 006b 00       		.byte	0
 894 006c 03       		.uleb128 0x3
 895 006d 08       		.uleb128 0x8
 896 006e 3A       		.uleb128 0x3a
 897 006f 0B       		.uleb128 0xb
 898 0070 3B       		.uleb128 0x3b
 899 0071 0B       		.uleb128 0xb
 900 0072 49       		.uleb128 0x49
 901 0073 13       		.uleb128 0x13
 902 0074 02       		.uleb128 0x2
 903 0075 18       		.uleb128 0x18
 904 0076 00       		.byte	0
 905 0077 00       		.byte	0
 906 0078 0A       		.uleb128 0xa
 907 0079 05       		.uleb128 0x5
 908 007a 00       		.byte	0
 909 007b 03       		.uleb128 0x3
 910 007c 0E       		.uleb128 0xe
 911 007d 3A       		.uleb128 0x3a
 912 007e 0B       		.uleb128 0xb
 913 007f 3B       		.uleb128 0x3b
 914 0080 0B       		.uleb128 0xb
 915 0081 49       		.uleb128 0x49
 916 0082 13       		.uleb128 0x13
 917 0083 02       		.uleb128 0x2
 918 0084 18       		.uleb128 0x18
 919 0085 00       		.byte	0
 920 0086 00       		.byte	0
 921 0087 0B       		.uleb128 0xb
 922 0088 0F       		.uleb128 0xf
 923 0089 00       		.byte	0
 924 008a 0B       		.uleb128 0xb
 925 008b 0B       		.uleb128 0xb
 926 008c 49       		.uleb128 0x49
 927 008d 13       		.uleb128 0x13
ARM GAS  C:\Users\Admin\AppData\Local\Temp\ccPZyxtz.s 			page 23


 928 008e 00       		.byte	0
 929 008f 00       		.byte	0
 930 0090 0C       		.uleb128 0xc
 931 0091 26       		.uleb128 0x26
 932 0092 00       		.byte	0
 933 0093 00       		.byte	0
 934 0094 00       		.byte	0
 935 0095 0D       		.uleb128 0xd
 936 0096 2E       		.uleb128 0x2e
 937 0097 00       		.byte	0
 938 0098 03       		.uleb128 0x3
 939 0099 0E       		.uleb128 0xe
 940 009a 3A       		.uleb128 0x3a
 941 009b 0B       		.uleb128 0xb
 942 009c 3B       		.uleb128 0x3b
 943 009d 0B       		.uleb128 0xb
 944 009e 27       		.uleb128 0x27
 945 009f 19       		.uleb128 0x19
 946 00a0 11       		.uleb128 0x11
 947 00a1 01       		.uleb128 0x1
 948 00a2 12       		.uleb128 0x12
 949 00a3 06       		.uleb128 0x6
 950 00a4 40       		.uleb128 0x40
 951 00a5 18       		.uleb128 0x18
 952 00a6 9642     		.uleb128 0x2116
 953 00a8 19       		.uleb128 0x19
 954 00a9 00       		.byte	0
 955 00aa 00       		.byte	0
 956 00ab 0E       		.uleb128 0xe
 957 00ac 2E       		.uleb128 0x2e
 958 00ad 00       		.byte	0
 959 00ae 03       		.uleb128 0x3
 960 00af 0E       		.uleb128 0xe
 961 00b0 3A       		.uleb128 0x3a
 962 00b1 0B       		.uleb128 0xb
 963 00b2 3B       		.uleb128 0x3b
 964 00b3 0B       		.uleb128 0xb
 965 00b4 27       		.uleb128 0x27
 966 00b5 19       		.uleb128 0x19
 967 00b6 11       		.uleb128 0x11
 968 00b7 01       		.uleb128 0x1
 969 00b8 12       		.uleb128 0x12
 970 00b9 06       		.uleb128 0x6
 971 00ba 40       		.uleb128 0x40
 972 00bb 18       		.uleb128 0x18
 973 00bc 9742     		.uleb128 0x2117
 974 00be 19       		.uleb128 0x19
 975 00bf 00       		.byte	0
 976 00c0 00       		.byte	0
 977 00c1 0F       		.uleb128 0xf
 978 00c2 2E       		.uleb128 0x2e
 979 00c3 01       		.byte	0x1
 980 00c4 3F       		.uleb128 0x3f
 981 00c5 19       		.uleb128 0x19
 982 00c6 03       		.uleb128 0x3
 983 00c7 0E       		.uleb128 0xe
 984 00c8 3A       		.uleb128 0x3a
ARM GAS  C:\Users\Admin\AppData\Local\Temp\ccPZyxtz.s 			page 24


 985 00c9 0B       		.uleb128 0xb
 986 00ca 3B       		.uleb128 0x3b
 987 00cb 05       		.uleb128 0x5
 988 00cc 27       		.uleb128 0x27
 989 00cd 19       		.uleb128 0x19
 990 00ce 11       		.uleb128 0x11
 991 00cf 01       		.uleb128 0x1
 992 00d0 12       		.uleb128 0x12
 993 00d1 06       		.uleb128 0x6
 994 00d2 40       		.uleb128 0x40
 995 00d3 18       		.uleb128 0x18
 996 00d4 9642     		.uleb128 0x2116
 997 00d6 19       		.uleb128 0x19
 998 00d7 00       		.byte	0
 999 00d8 00       		.byte	0
 1000 00d9 10       		.uleb128 0x10
 1001 00da 0B       		.uleb128 0xb
 1002 00db 01       		.byte	0x1
 1003 00dc 11       		.uleb128 0x11
 1004 00dd 01       		.uleb128 0x1
 1005 00de 12       		.uleb128 0x12
 1006 00df 06       		.uleb128 0x6
 1007 00e0 00       		.byte	0
 1008 00e1 00       		.byte	0
 1009 00e2 11       		.uleb128 0x11
 1010 00e3 13       		.uleb128 0x13
 1011 00e4 01       		.byte	0x1
 1012 00e5 0B       		.uleb128 0xb
 1013 00e6 0B       		.uleb128 0xb
 1014 00e7 3A       		.uleb128 0x3a
 1015 00e8 0B       		.uleb128 0xb
 1016 00e9 3B       		.uleb128 0x3b
 1017 00ea 05       		.uleb128 0x5
 1018 00eb 01       		.uleb128 0x1
 1019 00ec 13       		.uleb128 0x13
 1020 00ed 00       		.byte	0
 1021 00ee 00       		.byte	0
 1022 00ef 12       		.uleb128 0x12
 1023 00f0 0D       		.uleb128 0xd
 1024 00f1 00       		.byte	0
 1025 00f2 03       		.uleb128 0x3
 1026 00f3 0E       		.uleb128 0xe
 1027 00f4 3A       		.uleb128 0x3a
 1028 00f5 0B       		.uleb128 0xb
 1029 00f6 3B       		.uleb128 0x3b
 1030 00f7 05       		.uleb128 0x5
 1031 00f8 49       		.uleb128 0x49
 1032 00f9 13       		.uleb128 0x13
 1033 00fa 38       		.uleb128 0x38
 1034 00fb 0B       		.uleb128 0xb
 1035 00fc 00       		.byte	0
 1036 00fd 00       		.byte	0
 1037 00fe 13       		.uleb128 0x13
 1038 00ff 01       		.uleb128 0x1
 1039 0100 01       		.byte	0x1
 1040 0101 49       		.uleb128 0x49
 1041 0102 13       		.uleb128 0x13
ARM GAS  C:\Users\Admin\AppData\Local\Temp\ccPZyxtz.s 			page 25


 1042 0103 01       		.uleb128 0x1
 1043 0104 13       		.uleb128 0x13
 1044 0105 00       		.byte	0
 1045 0106 00       		.byte	0
 1046 0107 14       		.uleb128 0x14
 1047 0108 21       		.uleb128 0x21
 1048 0109 00       		.byte	0
 1049 010a 49       		.uleb128 0x49
 1050 010b 13       		.uleb128 0x13
 1051 010c 2F       		.uleb128 0x2f
 1052 010d 0B       		.uleb128 0xb
 1053 010e 00       		.byte	0
 1054 010f 00       		.byte	0
 1055 0110 15       		.uleb128 0x15
 1056 0111 26       		.uleb128 0x26
 1057 0112 00       		.byte	0
 1058 0113 49       		.uleb128 0x49
 1059 0114 13       		.uleb128 0x13
 1060 0115 00       		.byte	0
 1061 0116 00       		.byte	0
 1062 0117 16       		.uleb128 0x16
 1063 0118 34       		.uleb128 0x34
 1064 0119 00       		.byte	0
 1065 011a 03       		.uleb128 0x3
 1066 011b 0E       		.uleb128 0xe
 1067 011c 3A       		.uleb128 0x3a
 1068 011d 0B       		.uleb128 0xb
 1069 011e 3B       		.uleb128 0x3b
 1070 011f 05       		.uleb128 0x5
 1071 0120 49       		.uleb128 0x49
 1072 0121 13       		.uleb128 0x13
 1073 0122 02       		.uleb128 0x2
 1074 0123 18       		.uleb128 0x18
 1075 0124 00       		.byte	0
 1076 0125 00       		.byte	0
 1077 0126 17       		.uleb128 0x17
 1078 0127 34       		.uleb128 0x34
 1079 0128 00       		.byte	0
 1080 0129 03       		.uleb128 0x3
 1081 012a 08       		.uleb128 0x8
 1082 012b 3A       		.uleb128 0x3a
 1083 012c 0B       		.uleb128 0xb
 1084 012d 3B       		.uleb128 0x3b
 1085 012e 05       		.uleb128 0x5
 1086 012f 49       		.uleb128 0x49
 1087 0130 13       		.uleb128 0x13
 1088 0131 02       		.uleb128 0x2
 1089 0132 18       		.uleb128 0x18
 1090 0133 00       		.byte	0
 1091 0134 00       		.byte	0
 1092 0135 00       		.byte	0
 1093              		.section	.debug_aranges,"",%progbits
 1094 0000 44000000 		.4byte	0x44
 1095 0004 0200     		.2byte	0x2
 1096 0006 00000000 		.4byte	.Ldebug_info0
 1097 000a 04       		.byte	0x4
 1098 000b 00       		.byte	0
ARM GAS  C:\Users\Admin\AppData\Local\Temp\ccPZyxtz.s 			page 26


 1099 000c 0000     		.2byte	0
 1100 000e 0000     		.2byte	0
 1101 0010 00000000 		.4byte	.LFB2
 1102 0014 1E000000 		.4byte	.LFE2-.LFB2
 1103 0018 00000000 		.4byte	.LFB3
 1104 001c 20000000 		.4byte	.LFE3-.LFB3
 1105 0020 00000000 		.4byte	.LFB4
 1106 0024 20000000 		.4byte	.LFE4-.LFB4
 1107 0028 00000000 		.4byte	.LFB5
 1108 002c F0000000 		.4byte	.LFE5-.LFB5
 1109 0030 00000000 		.4byte	.LFB6
 1110 0034 28000000 		.4byte	.LFE6-.LFB6
 1111 0038 F0000000 		.4byte	.LFB7
 1112 003c F0000000 		.4byte	.LFE7-.LFB7
 1113 0040 00000000 		.4byte	0
 1114 0044 00000000 		.4byte	0
 1115              		.section	.debug_ranges,"",%progbits
 1116              	.Ldebug_ranges0:
 1117 0000 00000000 		.4byte	.LFB2
 1118 0004 1E000000 		.4byte	.LFE2
 1119 0008 00000000 		.4byte	.LFB3
 1120 000c 20000000 		.4byte	.LFE3
 1121 0010 00000000 		.4byte	.LFB4
 1122 0014 20000000 		.4byte	.LFE4
 1123 0018 00000000 		.4byte	.LFB5
 1124 001c F0000000 		.4byte	.LFE5
 1125 0020 00000000 		.4byte	.LFB6
 1126 0024 28000000 		.4byte	.LFE6
 1127 0028 F0000000 		.4byte	.LFB7
 1128 002c E0010000 		.4byte	.LFE7
 1129 0030 00000000 		.4byte	0
 1130 0034 00000000 		.4byte	0
 1131              		.section	.debug_line,"",%progbits
 1132              	.Ldebug_line0:
 1133 0000 6E010000 		.section	.debug_str,"MS",%progbits,1
 1133      0200CB00 
 1133      00000201 
 1133      FB0E0D00 
 1133      01010101 
 1134              	.LASF19:
 1135 0000 72656733 		.ascii	"reg32\000"
 1135      3200
 1136              	.LASF12:
 1137 0006 73697A65 		.ascii	"size_t\000"
 1137      5F7400
 1138              	.LASF25:
 1139 000d 416E616C 		.ascii	"AnalogSetDefault\000"
 1139      6F675365 
 1139      74446566 
 1139      61756C74 
 1139      00
 1140              	.LASF29:
 1141 001e 6366675F 		.ascii	"cfg_memset_list\000"
 1141      6D656D73 
 1141      65745F6C 
 1141      69737400 
 1142              	.LASF24:
ARM GAS  C:\Users\Admin\AppData\Local\Temp\ccPZyxtz.s 			page 27


 1143 002e 436C6F63 		.ascii	"ClockSetup\000"
 1143      6B536574 
 1143      757000
 1144              	.LASF6:
 1145 0039 73686F72 		.ascii	"short unsigned int\000"
 1145      7420756E 
 1145      7369676E 
 1145      65642069 
 1145      6E7400
 1146              	.LASF16:
 1147 004c 666C6F61 		.ascii	"float\000"
 1147      7400
 1148              	.LASF22:
 1149 0052 64657374 		.ascii	"dest\000"
 1149      00
 1150              	.LASF27:
 1151 0057 73697A65 		.ascii	"size\000"
 1151      00
 1152              	.LASF18:
 1153 005c 72656738 		.ascii	"reg8\000"
 1153      00
 1154              	.LASF8:
 1155 0061 6C6F6E67 		.ascii	"long unsigned int\000"
 1155      20756E73 
 1155      69676E65 
 1155      6420696E 
 1155      7400
 1156              	.LASF13:
 1157 0073 75696E74 		.ascii	"uint8\000"
 1157      3800
 1158              	.LASF20:
 1159 0079 43594D45 		.ascii	"CYMEMZERO\000"
 1159      4D5A4552 
 1159      4F00
 1160              	.LASF30:
 1161 0083 474E5520 		.ascii	"GNU C11 5.4.1 20160609 (release) [ARM/embedded-5-br"
 1161      43313120 
 1161      352E342E 
 1161      31203230 
 1161      31363036 
 1162 00b6 616E6368 		.ascii	"anch revision 237715] -mcpu=cortex-m0 -mthumb -g -O"
 1162      20726576 
 1162      6973696F 
 1162      6E203233 
 1162      37373135 
 1163 00e9 30202D66 		.ascii	"0 -ffunction-sections -ffat-lto-objects\000"
 1163      66756E63 
 1163      74696F6E 
 1163      2D736563 
 1163      74696F6E 
 1164              	.LASF4:
 1165 0111 756E7369 		.ascii	"unsigned char\000"
 1165      676E6564 
 1165      20636861 
 1165      7200
 1166              	.LASF17:
 1167 011f 646F7562 		.ascii	"double\000"
ARM GAS  C:\Users\Admin\AppData\Local\Temp\ccPZyxtz.s 			page 28


 1167      6C6500
 1168              	.LASF33:
 1169 0126 63796669 		.ascii	"cyfitter_cfg\000"
 1169      74746572 
 1169      5F636667 
 1169      00
 1170              	.LASF14:
 1171 0133 75696E74 		.ascii	"uint16\000"
 1171      313600
 1172              	.LASF15:
 1173 013a 75696E74 		.ascii	"uint32\000"
 1173      333200
 1174              	.LASF0:
 1175 0141 756E7369 		.ascii	"unsigned int\000"
 1175      676E6564 
 1175      20696E74 
 1175      00
 1176              	.LASF26:
 1177 014e 61646472 		.ascii	"address\000"
 1177      65737300 
 1178              	.LASF9:
 1179 0156 6C6F6E67 		.ascii	"long long unsigned int\000"
 1179      206C6F6E 
 1179      6720756E 
 1179      7369676E 
 1179      65642069 
 1180              	.LASF28:
 1181 016d 6366675F 		.ascii	"cfg_memset_t\000"
 1181      6D656D73 
 1181      65745F74 
 1181      00
 1182              	.LASF10:
 1183 017a 73697A65 		.ascii	"sizetype\000"
 1183      74797065 
 1183      00
 1184              	.LASF1:
 1185 0183 6C6F6E67 		.ascii	"long long int\000"
 1185      206C6F6E 
 1185      6720696E 
 1185      7400
 1186              	.LASF11:
 1187 0191 63686172 		.ascii	"char\000"
 1187      00
 1188              	.LASF5:
 1189 0196 73686F72 		.ascii	"short int\000"
 1189      7420696E 
 1189      7400
 1190              	.LASF32:
 1191 01a0 443A5C4C 		.ascii	"D:\\LABs_BLE\\LABs_BLE\\Lab_1_2_LED_additional_gree"
 1191      4142735F 
 1191      424C455C 
 1191      4C414273 
 1191      5F424C45 
 1192 01d0 6E2E6379 		.ascii	"n.cydsn\000"
 1192      64736E00 
 1193              	.LASF7:
 1194 01d8 6C6F6E67 		.ascii	"long int\000"
ARM GAS  C:\Users\Admin\AppData\Local\Temp\ccPZyxtz.s 			page 29


 1194      20696E74 
 1194      00
 1195              	.LASF2:
 1196 01e1 6C6F6E67 		.ascii	"long double\000"
 1196      20646F75 
 1196      626C6500 
 1197              	.LASF3:
 1198 01ed 7369676E 		.ascii	"signed char\000"
 1198      65642063 
 1198      68617200 
 1199              	.LASF31:
 1200 01f9 47656E65 		.ascii	"Generated_Source\\PSoC4\\cyfitter_cfg.c\000"
 1200      72617465 
 1200      645F536F 
 1200      75726365 
 1200      5C50536F 
 1201              	.LASF23:
 1202 021f 4359434F 		.ascii	"CYCONFIGCPYCODE\000"
 1202      4E464947 
 1202      43505943 
 1202      4F444500 
 1203              	.LASF21:
 1204 022f 4359434F 		.ascii	"CYCONFIGCPY\000"
 1204      4E464947 
 1204      43505900 
 1205              		.ident	"GCC: (GNU Tools for ARM Embedded Processors) 5.4.1 20160609 (release) [ARM/embedded-5-bran
