Loading plugins phase: Elapsed time ==> 0s.130ms
<CYPRESSTAG name="CyDsfit arguments...">
cydsfit arguments: -.fdsnotice -.fdswarpdepfile=warp_dependencies.txt -.fdselabdepfile=elab_dependencies.txt -.fdsbldfile=generated_files.txt -.fdsreffile=referenced_files.txt -p D:\LABs_BLE\LABs_BLE\Lab_1_3_LED.cydsn\Lab_1_3_LED.cyprj -d CY8C4248LQI-BL583 -s D:\LABs_BLE\LABs_BLE\Lab_1_3_LED.cydsn\Generated_Source\PSoC4 -- -yv2 -q10 -ygs -o2 -v3 -.fftcfgtype=LE
</CYPRESSTAG>
<CYPRESSTAG name="Design elaboration results...">
</CYPRESSTAG>
Elaboration phase: Elapsed time ==> 0s.436ms
<CYPRESSTAG name="HDL generation results...">
</CYPRESSTAG>
HDL generation phase: Elapsed time ==> 0s.023ms
<CYPRESSTAG name="Synthesis results...">

     | | | | | | |
   _________________
  -|               |-
  -|               |-
  -|               |-
  -|    CYPRESS    |-
  -|               |-
  -|               |-   Warp Verilog Synthesis Compiler: Version 6.3 IR 41
  -|               |-   Copyright (C) 1991-2001 Cypress Semiconductor
   |_______________|
     | | | | | | |

======================================================================
Compiling:  Lab_1_3_LED.v
Program  :   C:\Program Files (x86)\Cypress\PSoC Creator\4.4\PSoC Creator\warp\bin\warp.exe
Options  :    -yv2 -q10 -ygs -o2 -v3 -.fftcfgtype=LE -ya -.fftprj=D:\LABs_BLE\LABs_BLE\Lab_1_3_LED.cydsn\Lab_1_3_LED.cyprj -dcpsoc3 Lab_1_3_LED.v -verilog
======================================================================

======================================================================
Compiling:  Lab_1_3_LED.v
Program  :   C:\Program Files (x86)\Cypress\PSoC Creator\4.4\PSoC Creator\warp\bin\warp.exe
Options  :    -yv2 -q10 -ygs -o2 -v3 -.fftcfgtype=LE -ya -.fftprj=D:\LABs_BLE\LABs_BLE\Lab_1_3_LED.cydsn\Lab_1_3_LED.cyprj -dcpsoc3 Lab_1_3_LED.v -verilog
======================================================================

======================================================================
Compiling:  Lab_1_3_LED.v
Program  :   vlogfe
Options  :    -yv2 -q10 -ygs -o2 -v3 -.fftcfgtype=LE -ya -.fftprj=D:\LABs_BLE\LABs_BLE\Lab_1_3_LED.cydsn\Lab_1_3_LED.cyprj -dcpsoc3 -verilog Lab_1_3_LED.v
======================================================================

vlogfe V6.3 IR 41:  Verilog parser
Sun Nov 23 08:22:44 2025


======================================================================
Compiling:  Lab_1_3_LED.v
Program  :   vpp
Options  :    -yv2 -q10 Lab_1_3_LED.v
======================================================================

vpp V6.3 IR 41:  Verilog Pre-Processor
Sun Nov 23 08:22:44 2025

Flattening file 'C:\Program Files (x86)\Cypress\PSoC Creator\4.4\PSoC Creator\psoc\content\CyPrimitives\cyprimitives.cylib\cy_tff_v1_0\cy_tff_v1_0.v'
Flattening file 'C:\Program Files (x86)\Cypress\PSoC Creator\4.4\PSoC Creator\psoc\content\CyPrimitives\cyprimitives.cylib\cy_constant_v1_0\cy_constant_v1_0.v'
Flattening file 'C:\Program Files (x86)\Cypress\PSoC Creator\4.4\PSoC Creator\psoc\content\CyComponentLibrary\CyComponentLibrary.cylib\FreqDiv_v1_0\FreqDiv_v1_0.v'
Flattening file 'C:\Program Files (x86)\Cypress\PSoC Creator\4.4\PSoC Creator\warp\lib\common\cypress.v'
Flattening file 'C:\Program Files (x86)\Cypress\PSoC Creator\4.4\PSoC Creator\warp\lib\common\cy_psoc3_inc.v'
Flattening file 'C:\Program Files (x86)\Cypress\PSoC Creator\4.4\PSoC Creator\psoc\content\CyPrimitives\cyprimitives.cylib\not_v1_0\not_v1_0.v'

vpp:  No errors.

Library 'work' => directory 'lcpsoc3'
General_symbol_table
General_symbol_table
Linking 'C:\Program Files (x86)\Cypress\PSoC Creator\4.4\PSoC Creator\warp\lib\common\std.vhd'.
Linking 'C:\Program Files (x86)\Cypress\PSoC Creator\4.4\PSoC Creator\warp\lib\common\cypress.vhd'.
Linking 'C:\Program Files (x86)\Cypress\PSoC Creator\4.4\PSoC Creator\warp\lib\common\work\cypress.vif'.
Linking 'C:\Program Files (x86)\Cypress\PSoC Creator\4.4\PSoC Creator\warp\lib\ieee\work\stdlogic.vif'.
Linking 'C:\Program Files (x86)\Cypress\PSoC Creator\4.4\PSoC Creator\warp\lib\common\stdlogic\lpmpkg.vif'.
Linking 'C:\Program Files (x86)\Cypress\PSoC Creator\4.4\PSoC Creator\warp\lib\common\stdlogic\rtlpkg.vif'.
Linking 'C:\Program Files (x86)\Cypress\PSoC Creator\4.4\PSoC Creator\warp\lib\common\stdlogic\mod_cnst.vif'.
Linking 'C:\Program Files (x86)\Cypress\PSoC Creator\4.4\PSoC Creator\warp\lib\common\stdlogic\mod_mthv.vif'.
Linking 'C:\Program Files (x86)\Cypress\PSoC Creator\4.4\PSoC Creator\warp\lib\common\stdlogic\mod_genv.vif'.
Using control file 'Lab_1_3_LED.ctl'.
C:\Program Files (x86)\Cypress\PSoC Creator\4.4\PSoC Creator\psoc\content\CyComponentLibrary\CyComponentLibrary.cylib\FreqDiv_v1_0\FreqDiv_v1_0.v (line 79, col 40):  Note: Substituting module 'add_vi_vv' for '+'.
C:\Program Files (x86)\Cypress\PSoC Creator\4.4\PSoC Creator\psoc\content\CyComponentLibrary\CyComponentLibrary.cylib\FreqDiv_v1_0\FreqDiv_v1_0.v (line 88, col 40):  Note: Substituting module 'add_vi_vv' for '+'.

vlogfe:  No errors.


======================================================================
Compiling:  Lab_1_3_LED.v
Program  :   tovif
Options  :    -yv2 -q10 -ygs -o2 -v3 -.fftcfgtype=LE -ya -.fftprj=D:\LABs_BLE\LABs_BLE\Lab_1_3_LED.cydsn\Lab_1_3_LED.cyprj -dcpsoc3 -verilog Lab_1_3_LED.v
======================================================================

tovif V6.3 IR 41:  High-level synthesis
Sun Nov 23 08:22:44 2025

Linking 'C:\Program Files (x86)\Cypress\PSoC Creator\4.4\PSoC Creator\warp\lib\common\std.vhd'.
Linking 'C:\Program Files (x86)\Cypress\PSoC Creator\4.4\PSoC Creator\warp\lib\common\cypress.vhd'.
Linking 'C:\Program Files (x86)\Cypress\PSoC Creator\4.4\PSoC Creator\warp\lib\common\work\cypress.vif'.
Linking 'C:\Program Files (x86)\Cypress\PSoC Creator\4.4\PSoC Creator\warp\lib\ieee\work\stdlogic.vif'.
Linking 'C:\Program Files (x86)\Cypress\PSoC Creator\4.4\PSoC Creator\warp\lib\common\stdlogic\lpmpkg.vif'.
Linking 'C:\Program Files (x86)\Cypress\PSoC Creator\4.4\PSoC Creator\warp\lib\common\stdlogic\rtlpkg.vif'.
Linking 'C:\Program Files (x86)\Cypress\PSoC Creator\4.4\PSoC Creator\warp\lib\common\stdlogic\mod_cnst.vif'.
Linking 'C:\Program Files (x86)\Cypress\PSoC Creator\4.4\PSoC Creator\warp\lib\common\stdlogic\mod_mthv.vif'.
Linking 'C:\Program Files (x86)\Cypress\PSoC Creator\4.4\PSoC Creator\warp\lib\common\stdlogic\mod_genv.vif'.
Linking 'D:\LABs_BLE\LABs_BLE\Lab_1_3_LED.cydsn\codegentemp\Lab_1_3_LED.ctl'.
Linking 'C:\Program Files (x86)\Cypress\PSoC Creator\4.4\PSoC Creator\psoc\content\CyPrimitives\cyprimitives.cylib\cy_tff_v1_0\cy_tff_v1_0.v'.
Linking 'D:\LABs_BLE\LABs_BLE\Lab_1_3_LED.cydsn\codegentemp\Lab_1_3_LED.v'.
Linking 'C:\Program Files (x86)\Cypress\PSoC Creator\4.4\PSoC Creator\psoc\content\CyPrimitives\cyprimitives.cylib\cy_constant_v1_0\cy_constant_v1_0.v'.
Linking 'C:\Program Files (x86)\Cypress\PSoC Creator\4.4\PSoC Creator\psoc\content\CyComponentLibrary\CyComponentLibrary.cylib\FreqDiv_v1_0\FreqDiv_v1_0.v'.
Linking 'C:\Program Files (x86)\Cypress\PSoC Creator\4.4\PSoC Creator\warp\lib\common\cypress.v'.
Linking 'C:\Program Files (x86)\Cypress\PSoC Creator\4.4\PSoC Creator\warp\lib\common\cy_psoc3_inc.v'.
Linking 'C:\Program Files (x86)\Cypress\PSoC Creator\4.4\PSoC Creator\psoc\content\CyPrimitives\cyprimitives.cylib\not_v1_0\not_v1_0.v'.
Linking 'C:\Program Files (x86)\Cypress\PSoC Creator\4.4\PSoC Creator\warp\lib\lcpsoc3\stdlogic\mod_cnst.vif'.

tovif:  No errors.


======================================================================
Compiling:  Lab_1_3_LED.v
Program  :   topld
Options  :    -yv2 -q10 -ygs -o2 -v3 -.fftcfgtype=LE -ya -.fftprj=D:\LABs_BLE\LABs_BLE\Lab_1_3_LED.cydsn\Lab_1_3_LED.cyprj -dcpsoc3 -verilog Lab_1_3_LED.v
======================================================================

topld V6.3 IR 41:  Synthesis and optimization
Sun Nov 23 08:22:44 2025

Linking 'C:\Program Files (x86)\Cypress\PSoC Creator\4.4\PSoC Creator\warp\lib\common\std.vhd'.
Linking 'C:\Program Files (x86)\Cypress\PSoC Creator\4.4\PSoC Creator\warp\lib\common\cypress.vhd'.
Linking 'C:\Program Files (x86)\Cypress\PSoC Creator\4.4\PSoC Creator\warp\lib\common\work\cypress.vif'.
Linking 'C:\Program Files (x86)\Cypress\PSoC Creator\4.4\PSoC Creator\warp\lib\ieee\work\stdlogic.vif'.
Linking 'C:\Program Files (x86)\Cypress\PSoC Creator\4.4\PSoC Creator\warp\lib\common\stdlogic\lpmpkg.vif'.
Linking 'C:\Program Files (x86)\Cypress\PSoC Creator\4.4\PSoC Creator\warp\lib\common\stdlogic\rtlpkg.vif'.
Linking 'C:\Program Files (x86)\Cypress\PSoC Creator\4.4\PSoC Creator\warp\lib\common\stdlogic\mod_cnst.vif'.
Linking 'C:\Program Files (x86)\Cypress\PSoC Creator\4.4\PSoC Creator\warp\lib\common\stdlogic\mod_mthv.vif'.
Linking 'C:\Program Files (x86)\Cypress\PSoC Creator\4.4\PSoC Creator\warp\lib\common\stdlogic\mod_genv.vif'.
Linking 'D:\LABs_BLE\LABs_BLE\Lab_1_3_LED.cydsn\codegentemp\Lab_1_3_LED.ctl'.
Linking 'C:\Program Files (x86)\Cypress\PSoC Creator\4.4\PSoC Creator\psoc\content\CyPrimitives\cyprimitives.cylib\cy_tff_v1_0\cy_tff_v1_0.v'.
Linking 'D:\LABs_BLE\LABs_BLE\Lab_1_3_LED.cydsn\codegentemp\Lab_1_3_LED.v'.
Linking 'C:\Program Files (x86)\Cypress\PSoC Creator\4.4\PSoC Creator\psoc\content\CyPrimitives\cyprimitives.cylib\cy_constant_v1_0\cy_constant_v1_0.v'.
Linking 'C:\Program Files (x86)\Cypress\PSoC Creator\4.4\PSoC Creator\psoc\content\CyComponentLibrary\CyComponentLibrary.cylib\FreqDiv_v1_0\FreqDiv_v1_0.v'.
Linking 'C:\Program Files (x86)\Cypress\PSoC Creator\4.4\PSoC Creator\warp\lib\common\cypress.v'.
Linking 'C:\Program Files (x86)\Cypress\PSoC Creator\4.4\PSoC Creator\warp\lib\common\cy_psoc3_inc.v'.
Linking 'C:\Program Files (x86)\Cypress\PSoC Creator\4.4\PSoC Creator\psoc\content\CyPrimitives\cyprimitives.cylib\not_v1_0\not_v1_0.v'.
Linking 'C:\Program Files (x86)\Cypress\PSoC Creator\4.4\PSoC Creator\warp\lib\lcpsoc3\stdlogic\mod_cnst.vif'.
Linking 'C:\Program Files (x86)\Cypress\PSoC Creator\4.4\PSoC Creator\warp\lib\lcpsoc3\stdlogic\cpsoc3.vif'.

----------------------------------------------------------
Detecting unused logic.
----------------------------------------------------------
    User names
	\FreqDiv_1:MODULE_1:b_31\
	\FreqDiv_1:MODULE_1:b_30\
	\FreqDiv_1:MODULE_1:b_29\
	\FreqDiv_1:MODULE_1:b_28\
	\FreqDiv_1:MODULE_1:b_27\
	\FreqDiv_1:MODULE_1:b_26\
	\FreqDiv_1:MODULE_1:b_25\
	\FreqDiv_1:MODULE_1:b_24\
	\FreqDiv_1:MODULE_1:b_23\
	\FreqDiv_1:MODULE_1:b_22\
	\FreqDiv_1:MODULE_1:b_21\
	\FreqDiv_1:MODULE_1:b_20\
	\FreqDiv_1:MODULE_1:b_19\
	\FreqDiv_1:MODULE_1:b_18\
	\FreqDiv_1:MODULE_1:b_17\
	\FreqDiv_1:MODULE_1:b_16\
	\FreqDiv_1:MODULE_1:b_15\
	\FreqDiv_1:MODULE_1:b_14\
	\FreqDiv_1:MODULE_1:b_13\
	\FreqDiv_1:MODULE_1:b_12\
	\FreqDiv_1:MODULE_1:b_11\
	\FreqDiv_1:MODULE_1:b_10\
	\FreqDiv_1:MODULE_1:b_9\
	\FreqDiv_1:MODULE_1:b_8\
	\FreqDiv_1:MODULE_1:b_7\
	\FreqDiv_1:MODULE_1:b_6\
	\FreqDiv_1:MODULE_1:b_5\
	\FreqDiv_1:MODULE_1:b_4\
	\FreqDiv_1:MODULE_1:b_3\
	\FreqDiv_1:MODULE_1:b_2\
	\FreqDiv_1:MODULE_1:b_1\
	\FreqDiv_1:MODULE_1:b_0\
	\FreqDiv_1:MODULE_1:g2:a0:a_31\
	\FreqDiv_1:MODULE_1:g2:a0:a_30\
	\FreqDiv_1:MODULE_1:g2:a0:a_29\
	\FreqDiv_1:MODULE_1:g2:a0:a_28\
	\FreqDiv_1:MODULE_1:g2:a0:a_27\
	\FreqDiv_1:MODULE_1:g2:a0:a_26\
	\FreqDiv_1:MODULE_1:g2:a0:a_25\
	\FreqDiv_1:MODULE_1:g2:a0:a_24\
	\FreqDiv_1:MODULE_1:g2:a0:b_31\
	\FreqDiv_1:MODULE_1:g2:a0:b_30\
	\FreqDiv_1:MODULE_1:g2:a0:b_29\
	\FreqDiv_1:MODULE_1:g2:a0:b_28\
	\FreqDiv_1:MODULE_1:g2:a0:b_27\
	\FreqDiv_1:MODULE_1:g2:a0:b_26\
	\FreqDiv_1:MODULE_1:g2:a0:b_25\
	\FreqDiv_1:MODULE_1:g2:a0:b_24\
	\FreqDiv_1:MODULE_1:g2:a0:b_23\
	\FreqDiv_1:MODULE_1:g2:a0:b_22\
	\FreqDiv_1:MODULE_1:g2:a0:b_21\
	\FreqDiv_1:MODULE_1:g2:a0:b_20\
	\FreqDiv_1:MODULE_1:g2:a0:b_19\
	\FreqDiv_1:MODULE_1:g2:a0:b_18\
	\FreqDiv_1:MODULE_1:g2:a0:b_17\
	\FreqDiv_1:MODULE_1:g2:a0:b_16\
	\FreqDiv_1:MODULE_1:g2:a0:b_15\
	\FreqDiv_1:MODULE_1:g2:a0:b_14\
	\FreqDiv_1:MODULE_1:g2:a0:b_13\
	\FreqDiv_1:MODULE_1:g2:a0:b_12\
	\FreqDiv_1:MODULE_1:g2:a0:b_11\
	\FreqDiv_1:MODULE_1:g2:a0:b_10\
	\FreqDiv_1:MODULE_1:g2:a0:b_9\
	\FreqDiv_1:MODULE_1:g2:a0:b_8\
	\FreqDiv_1:MODULE_1:g2:a0:b_7\
	\FreqDiv_1:MODULE_1:g2:a0:b_6\
	\FreqDiv_1:MODULE_1:g2:a0:b_5\
	\FreqDiv_1:MODULE_1:g2:a0:b_4\
	\FreqDiv_1:MODULE_1:g2:a0:b_3\
	\FreqDiv_1:MODULE_1:g2:a0:b_2\
	\FreqDiv_1:MODULE_1:g2:a0:b_1\
	\FreqDiv_1:MODULE_1:g2:a0:b_0\
	\FreqDiv_1:MODULE_1:g2:a0:s_31\
	\FreqDiv_1:MODULE_1:g2:a0:s_30\
	\FreqDiv_1:MODULE_1:g2:a0:s_29\
	\FreqDiv_1:MODULE_1:g2:a0:s_28\
	\FreqDiv_1:MODULE_1:g2:a0:s_27\
	\FreqDiv_1:MODULE_1:g2:a0:s_26\
	\FreqDiv_1:MODULE_1:g2:a0:s_25\
	\FreqDiv_1:MODULE_1:g2:a0:s_24\
	\FreqDiv_1:MODULE_1:g2:a0:s_23\
	\FreqDiv_1:MODULE_1:g2:a0:s_22\
	\FreqDiv_1:MODULE_1:g2:a0:s_21\
	\FreqDiv_1:MODULE_1:g2:a0:s_20\
	\FreqDiv_1:MODULE_1:g2:a0:s_19\
	\FreqDiv_1:MODULE_1:g2:a0:s_18\
	\FreqDiv_1:MODULE_1:g2:a0:s_17\
	\FreqDiv_1:MODULE_1:g2:a0:s_16\
	\FreqDiv_1:MODULE_1:g2:a0:s_15\
	\FreqDiv_1:MODULE_1:g2:a0:s_14\
	\FreqDiv_1:MODULE_1:g2:a0:s_13\
	\FreqDiv_1:MODULE_1:g2:a0:s_12\
	\FreqDiv_1:MODULE_1:g2:a0:s_11\
	\FreqDiv_1:MODULE_1:g2:a0:s_10\
	\FreqDiv_1:MODULE_1:g2:a0:s_9\
	\FreqDiv_1:MODULE_1:g2:a0:g1:z1:s0:g1:u0:c_31\
	\FreqDiv_1:MODULE_1:g2:a0:g1:z1:s0:g1:u0:c_30\
	\FreqDiv_1:MODULE_1:g2:a0:g1:z1:s0:g1:u0:c_29\
	\FreqDiv_1:MODULE_1:g2:a0:g1:z1:s0:g1:u0:c_28\
	\FreqDiv_1:MODULE_1:g2:a0:g1:z1:s0:g1:u0:c_27\
	\FreqDiv_1:MODULE_1:g2:a0:g1:z1:s0:g1:u0:c_26\
	\FreqDiv_1:MODULE_1:g2:a0:g1:z1:s0:g1:u0:c_25\

    Synthesized names
	\FreqDiv_1:add_vi_vv_MODGEN_1_31\
	\FreqDiv_1:add_vi_vv_MODGEN_1_30\
	\FreqDiv_1:add_vi_vv_MODGEN_1_29\
	\FreqDiv_1:add_vi_vv_MODGEN_1_28\
	\FreqDiv_1:add_vi_vv_MODGEN_1_27\
	\FreqDiv_1:add_vi_vv_MODGEN_1_26\
	\FreqDiv_1:add_vi_vv_MODGEN_1_25\
	\FreqDiv_1:add_vi_vv_MODGEN_1_24\
	\FreqDiv_1:add_vi_vv_MODGEN_1_23\
	\FreqDiv_1:add_vi_vv_MODGEN_1_22\
	\FreqDiv_1:add_vi_vv_MODGEN_1_21\
	\FreqDiv_1:add_vi_vv_MODGEN_1_20\
	\FreqDiv_1:add_vi_vv_MODGEN_1_19\
	\FreqDiv_1:add_vi_vv_MODGEN_1_18\
	\FreqDiv_1:add_vi_vv_MODGEN_1_17\
	\FreqDiv_1:add_vi_vv_MODGEN_1_16\
	\FreqDiv_1:add_vi_vv_MODGEN_1_15\
	\FreqDiv_1:add_vi_vv_MODGEN_1_14\
	\FreqDiv_1:add_vi_vv_MODGEN_1_13\
	\FreqDiv_1:add_vi_vv_MODGEN_1_12\
	\FreqDiv_1:add_vi_vv_MODGEN_1_11\
	\FreqDiv_1:add_vi_vv_MODGEN_1_10\
	\FreqDiv_1:add_vi_vv_MODGEN_1_9\

Deleted 102 User equations/components.
Deleted 23 Synthesized equations/components.

------------------------------------------------------
Alias Detection
------------------------------------------------------
Aliasing tmpOE__Pin_LED_1_net_0 to Net_36
Aliasing one to Net_36
Aliasing Net_30 to zero
Aliasing Net_28 to Net_36
Aliasing \FreqDiv_1:MODULE_1:g2:a0:a_23\ to zero
Aliasing \FreqDiv_1:MODULE_1:g2:a0:a_22\ to zero
Aliasing \FreqDiv_1:MODULE_1:g2:a0:a_21\ to zero
Aliasing \FreqDiv_1:MODULE_1:g2:a0:a_20\ to zero
Aliasing \FreqDiv_1:MODULE_1:g2:a0:a_19\ to zero
Aliasing \FreqDiv_1:MODULE_1:g2:a0:a_18\ to zero
Aliasing \FreqDiv_1:MODULE_1:g2:a0:a_17\ to zero
Aliasing \FreqDiv_1:MODULE_1:g2:a0:a_16\ to zero
Aliasing \FreqDiv_1:MODULE_1:g2:a0:a_15\ to zero
Aliasing \FreqDiv_1:MODULE_1:g2:a0:a_14\ to zero
Aliasing \FreqDiv_1:MODULE_1:g2:a0:a_13\ to zero
Aliasing \FreqDiv_1:MODULE_1:g2:a0:a_12\ to zero
Aliasing \FreqDiv_1:MODULE_1:g2:a0:a_11\ to zero
Aliasing \FreqDiv_1:MODULE_1:g2:a0:a_10\ to zero
Aliasing \FreqDiv_1:MODULE_1:g2:a0:a_9\ to zero
Aliasing \FreqDiv_1:MODULE_1:g2:a0:g1:z1:s0:g1:u0:b_0\ to Net_36
Aliasing tmpOE__Pin_BLUE_net_0 to Net_36
Aliasing tmpOE__Pin_GREEN_net_0 to Net_36
Removing Lhs of wire Net_35[6] = cy_tff_1[4]
Removing Lhs of wire tmpOE__Pin_LED_1_net_0[10] = Net_36[5]
Removing Lhs of wire one[15] = Net_36[5]
Removing Lhs of wire Net_30[21] = zero[11]
Removing Lhs of wire Net_28[22] = Net_36[5]
Removing Lhs of wire \FreqDiv_1:add_vi_vv_MODGEN_1_8\[32] = \FreqDiv_1:MODULE_1:g2:a0:s_8\[192]
Removing Lhs of wire \FreqDiv_1:add_vi_vv_MODGEN_1_7\[33] = \FreqDiv_1:MODULE_1:g2:a0:s_7\[193]
Removing Lhs of wire \FreqDiv_1:add_vi_vv_MODGEN_1_6\[34] = \FreqDiv_1:MODULE_1:g2:a0:s_6\[194]
Removing Lhs of wire \FreqDiv_1:add_vi_vv_MODGEN_1_5\[35] = \FreqDiv_1:MODULE_1:g2:a0:s_5\[195]
Removing Lhs of wire \FreqDiv_1:add_vi_vv_MODGEN_1_4\[36] = \FreqDiv_1:MODULE_1:g2:a0:s_4\[196]
Removing Lhs of wire \FreqDiv_1:add_vi_vv_MODGEN_1_3\[37] = \FreqDiv_1:MODULE_1:g2:a0:s_3\[197]
Removing Lhs of wire \FreqDiv_1:add_vi_vv_MODGEN_1_2\[38] = \FreqDiv_1:MODULE_1:g2:a0:s_2\[198]
Removing Lhs of wire \FreqDiv_1:add_vi_vv_MODGEN_1_1\[39] = \FreqDiv_1:MODULE_1:g2:a0:s_1\[199]
Removing Lhs of wire \FreqDiv_1:add_vi_vv_MODGEN_1_0\[40] = \FreqDiv_1:MODULE_1:g2:a0:s_0\[200]
Removing Lhs of wire \FreqDiv_1:MODULE_1:g2:a0:a_23\[81] = zero[11]
Removing Lhs of wire \FreqDiv_1:MODULE_1:g2:a0:a_22\[82] = zero[11]
Removing Lhs of wire \FreqDiv_1:MODULE_1:g2:a0:a_21\[83] = zero[11]
Removing Lhs of wire \FreqDiv_1:MODULE_1:g2:a0:a_20\[84] = zero[11]
Removing Lhs of wire \FreqDiv_1:MODULE_1:g2:a0:a_19\[85] = zero[11]
Removing Lhs of wire \FreqDiv_1:MODULE_1:g2:a0:a_18\[86] = zero[11]
Removing Lhs of wire \FreqDiv_1:MODULE_1:g2:a0:a_17\[87] = zero[11]
Removing Lhs of wire \FreqDiv_1:MODULE_1:g2:a0:a_16\[88] = zero[11]
Removing Lhs of wire \FreqDiv_1:MODULE_1:g2:a0:a_15\[89] = zero[11]
Removing Lhs of wire \FreqDiv_1:MODULE_1:g2:a0:a_14\[90] = zero[11]
Removing Lhs of wire \FreqDiv_1:MODULE_1:g2:a0:a_13\[91] = zero[11]
Removing Lhs of wire \FreqDiv_1:MODULE_1:g2:a0:a_12\[92] = zero[11]
Removing Lhs of wire \FreqDiv_1:MODULE_1:g2:a0:a_11\[93] = zero[11]
Removing Lhs of wire \FreqDiv_1:MODULE_1:g2:a0:a_10\[94] = zero[11]
Removing Lhs of wire \FreqDiv_1:MODULE_1:g2:a0:a_9\[95] = zero[11]
Removing Lhs of wire \FreqDiv_1:MODULE_1:g2:a0:a_8\[96] = \FreqDiv_1:MODIN1_8\[97]
Removing Lhs of wire \FreqDiv_1:MODIN1_8\[97] = \FreqDiv_1:count_8\[23]
Removing Lhs of wire \FreqDiv_1:MODULE_1:g2:a0:a_7\[98] = \FreqDiv_1:MODIN1_7\[99]
Removing Lhs of wire \FreqDiv_1:MODIN1_7\[99] = \FreqDiv_1:count_7\[24]
Removing Lhs of wire \FreqDiv_1:MODULE_1:g2:a0:a_6\[100] = \FreqDiv_1:MODIN1_6\[101]
Removing Lhs of wire \FreqDiv_1:MODIN1_6\[101] = \FreqDiv_1:count_6\[25]
Removing Lhs of wire \FreqDiv_1:MODULE_1:g2:a0:a_5\[102] = \FreqDiv_1:MODIN1_5\[103]
Removing Lhs of wire \FreqDiv_1:MODIN1_5\[103] = \FreqDiv_1:count_5\[26]
Removing Lhs of wire \FreqDiv_1:MODULE_1:g2:a0:a_4\[104] = \FreqDiv_1:MODIN1_4\[105]
Removing Lhs of wire \FreqDiv_1:MODIN1_4\[105] = \FreqDiv_1:count_4\[27]
Removing Lhs of wire \FreqDiv_1:MODULE_1:g2:a0:a_3\[106] = \FreqDiv_1:MODIN1_3\[107]
Removing Lhs of wire \FreqDiv_1:MODIN1_3\[107] = \FreqDiv_1:count_3\[28]
Removing Lhs of wire \FreqDiv_1:MODULE_1:g2:a0:a_2\[108] = \FreqDiv_1:MODIN1_2\[109]
Removing Lhs of wire \FreqDiv_1:MODIN1_2\[109] = \FreqDiv_1:count_2\[29]
Removing Lhs of wire \FreqDiv_1:MODULE_1:g2:a0:a_1\[110] = \FreqDiv_1:MODIN1_1\[111]
Removing Lhs of wire \FreqDiv_1:MODIN1_1\[111] = \FreqDiv_1:count_1\[30]
Removing Lhs of wire \FreqDiv_1:MODULE_1:g2:a0:a_0\[112] = \FreqDiv_1:MODIN1_0\[113]
Removing Lhs of wire \FreqDiv_1:MODIN1_0\[113] = \FreqDiv_1:count_0\[31]
Removing Lhs of wire \FreqDiv_1:MODULE_1:g2:a0:g1:z1:s0:g1:u0:c_0\[238] = Net_36[5]
Removing Lhs of wire \FreqDiv_1:MODULE_1:g2:a0:g1:z1:s0:g1:u0:b_0\[239] = Net_36[5]
Removing Lhs of wire tmpOE__Pin_BLUE_net_0[241] = Net_36[5]
Removing Lhs of wire tmpOE__Pin_GREEN_net_0[247] = Net_36[5]

------------------------------------------------------
Aliased 0 equations, 51 wires.
------------------------------------------------------

----------------------------------------------------------
Circuit simplification
----------------------------------------------------------

Substituting virtuals - pass 1:

Note:  Expanding virtual equation for 'Net_36' (cost = 0):
Net_36 <=  ('1') ;

Note:  Expanding virtual equation for 'zero' (cost = 0):
zero <=  ('0') ;

Note:  Expanding virtual equation for '\FreqDiv_1:MODULE_1:g2:a0:s_8\' (cost = 18):
\FreqDiv_1:MODULE_1:g2:a0:s_8\ <= ((not \FreqDiv_1:MODULE_1:g2:a0:g1:z1:s0:g1:u0:c_8\ and \FreqDiv_1:count_8\)
	OR (not \FreqDiv_1:count_8\ and \FreqDiv_1:MODULE_1:g2:a0:g1:z1:s0:g1:u0:c_8\));

Note:  Expanding virtual equation for '\FreqDiv_1:MODULE_1:g2:a0:g1:z1:s0:g1:u0:c_1\' (cost = 0):
\FreqDiv_1:MODULE_1:g2:a0:g1:z1:s0:g1:u0:c_1\ <= (\FreqDiv_1:count_0\);

Note:  Expanding virtual equation for '\FreqDiv_1:MODULE_1:g2:a0:s_0\' (cost = 0):
\FreqDiv_1:MODULE_1:g2:a0:s_0\ <= (not \FreqDiv_1:count_0\);

Note:  Expanding virtual equation for '\FreqDiv_1:MODULE_1:g2:a0:g1:z1:s0:g1:u0:c_17\' (cost = 0):
\FreqDiv_1:MODULE_1:g2:a0:g1:z1:s0:g1:u0:c_17\ <=  ('0') ;

Note:  Expanding virtual equation for '\FreqDiv_1:MODULE_1:g2:a0:g1:z1:s0:g1:u0:c_9\' (cost = 0):
\FreqDiv_1:MODULE_1:g2:a0:g1:z1:s0:g1:u0:c_9\ <= ((\FreqDiv_1:count_8\ and \FreqDiv_1:MODULE_1:g2:a0:g1:z1:s0:g1:u0:c_8\));


Substituting virtuals - pass 2:

Note:  Expanding virtual equation for '\FreqDiv_1:MODULE_1:g2:a0:g1:z1:s0:g1:u0:c_2\' (cost = 4):
\FreqDiv_1:MODULE_1:g2:a0:g1:z1:s0:g1:u0:c_2\ <= ((\FreqDiv_1:count_1\ and \FreqDiv_1:count_0\));

Note:  Expanding virtual equation for '\FreqDiv_1:MODULE_1:g2:a0:s_1\' (cost = 18):
\FreqDiv_1:MODULE_1:g2:a0:s_1\ <= ((not \FreqDiv_1:count_0\ and \FreqDiv_1:count_1\)
	OR (not \FreqDiv_1:count_1\ and \FreqDiv_1:count_0\));

Note:  Expanding virtual equation for '\FreqDiv_1:MODULE_1:g2:a0:g1:z1:s0:g1:u0:c_18\' (cost = 0):
\FreqDiv_1:MODULE_1:g2:a0:g1:z1:s0:g1:u0:c_18\ <=  ('0') ;

Note:  Expanding virtual equation for '\FreqDiv_1:MODULE_1:g2:a0:g1:z1:s0:g1:u0:c_10\' (cost = 0):
\FreqDiv_1:MODULE_1:g2:a0:g1:z1:s0:g1:u0:c_10\ <=  ('0') ;


Substituting virtuals - pass 3:

Note:  Expanding virtual equation for '\FreqDiv_1:MODULE_1:g2:a0:g1:z1:s0:g1:u0:c_3\' (cost = 5):
\FreqDiv_1:MODULE_1:g2:a0:g1:z1:s0:g1:u0:c_3\ <= ((\FreqDiv_1:count_2\ and \FreqDiv_1:count_1\ and \FreqDiv_1:count_0\));

Note:  Expanding virtual equation for '\FreqDiv_1:MODULE_1:g2:a0:s_2\' (cost = 27):
\FreqDiv_1:MODULE_1:g2:a0:s_2\ <= ((not \FreqDiv_1:count_1\ and \FreqDiv_1:count_2\)
	OR (not \FreqDiv_1:count_0\ and \FreqDiv_1:count_2\)
	OR (not \FreqDiv_1:count_2\ and \FreqDiv_1:count_1\ and \FreqDiv_1:count_0\));

Note:  Expanding virtual equation for '\FreqDiv_1:MODULE_1:g2:a0:g1:z1:s0:g1:u0:c_19\' (cost = 0):
\FreqDiv_1:MODULE_1:g2:a0:g1:z1:s0:g1:u0:c_19\ <=  ('0') ;

Note:  Expanding virtual equation for '\FreqDiv_1:MODULE_1:g2:a0:g1:z1:s0:g1:u0:c_11\' (cost = 0):
\FreqDiv_1:MODULE_1:g2:a0:g1:z1:s0:g1:u0:c_11\ <=  ('0') ;


Substituting virtuals - pass 4:

Note:  Expanding virtual equation for '\FreqDiv_1:MODULE_1:g2:a0:g1:z1:s0:g1:u0:c_4\' (cost = 6):
\FreqDiv_1:MODULE_1:g2:a0:g1:z1:s0:g1:u0:c_4\ <= ((\FreqDiv_1:count_3\ and \FreqDiv_1:count_2\ and \FreqDiv_1:count_1\ and \FreqDiv_1:count_0\));

Note:  Expanding virtual equation for '\FreqDiv_1:MODULE_1:g2:a0:s_3\' (cost = 36):
\FreqDiv_1:MODULE_1:g2:a0:s_3\ <= ((not \FreqDiv_1:count_2\ and \FreqDiv_1:count_3\)
	OR (not \FreqDiv_1:count_1\ and \FreqDiv_1:count_3\)
	OR (not \FreqDiv_1:count_0\ and \FreqDiv_1:count_3\)
	OR (not \FreqDiv_1:count_3\ and \FreqDiv_1:count_2\ and \FreqDiv_1:count_1\ and \FreqDiv_1:count_0\));

Note:  Expanding virtual equation for '\FreqDiv_1:MODULE_1:g2:a0:g1:z1:s0:g1:u0:c_20\' (cost = 0):
\FreqDiv_1:MODULE_1:g2:a0:g1:z1:s0:g1:u0:c_20\ <=  ('0') ;

Note:  Expanding virtual equation for '\FreqDiv_1:MODULE_1:g2:a0:g1:z1:s0:g1:u0:c_12\' (cost = 0):
\FreqDiv_1:MODULE_1:g2:a0:g1:z1:s0:g1:u0:c_12\ <=  ('0') ;


Substituting virtuals - pass 5:

Note:  Expanding virtual equation for '\FreqDiv_1:MODULE_1:g2:a0:g1:z1:s0:g1:u0:c_5\' (cost = 7):
\FreqDiv_1:MODULE_1:g2:a0:g1:z1:s0:g1:u0:c_5\ <= ((\FreqDiv_1:count_4\ and \FreqDiv_1:count_3\ and \FreqDiv_1:count_2\ and \FreqDiv_1:count_1\ and \FreqDiv_1:count_0\));

Note:  Expanding virtual equation for '\FreqDiv_1:MODULE_1:g2:a0:s_4\' (cost = 45):
\FreqDiv_1:MODULE_1:g2:a0:s_4\ <= ((not \FreqDiv_1:count_3\ and \FreqDiv_1:count_4\)
	OR (not \FreqDiv_1:count_2\ and \FreqDiv_1:count_4\)
	OR (not \FreqDiv_1:count_1\ and \FreqDiv_1:count_4\)
	OR (not \FreqDiv_1:count_0\ and \FreqDiv_1:count_4\)
	OR (not \FreqDiv_1:count_4\ and \FreqDiv_1:count_3\ and \FreqDiv_1:count_2\ and \FreqDiv_1:count_1\ and \FreqDiv_1:count_0\));

Note:  Expanding virtual equation for '\FreqDiv_1:MODULE_1:g2:a0:g1:z1:s0:g1:u0:c_21\' (cost = 0):
\FreqDiv_1:MODULE_1:g2:a0:g1:z1:s0:g1:u0:c_21\ <=  ('0') ;

Note:  Expanding virtual equation for '\FreqDiv_1:MODULE_1:g2:a0:g1:z1:s0:g1:u0:c_13\' (cost = 0):
\FreqDiv_1:MODULE_1:g2:a0:g1:z1:s0:g1:u0:c_13\ <=  ('0') ;


Substituting virtuals - pass 6:

Note:  Expanding virtual equation for '\FreqDiv_1:MODULE_1:g2:a0:g1:z1:s0:g1:u0:c_6\' (cost = 8):
\FreqDiv_1:MODULE_1:g2:a0:g1:z1:s0:g1:u0:c_6\ <= ((\FreqDiv_1:count_5\ and \FreqDiv_1:count_4\ and \FreqDiv_1:count_3\ and \FreqDiv_1:count_2\ and \FreqDiv_1:count_1\ and \FreqDiv_1:count_0\));

Note:  Expanding virtual equation for '\FreqDiv_1:MODULE_1:g2:a0:s_5\' (cost = 54):
\FreqDiv_1:MODULE_1:g2:a0:s_5\ <= ((not \FreqDiv_1:count_4\ and \FreqDiv_1:count_5\)
	OR (not \FreqDiv_1:count_3\ and \FreqDiv_1:count_5\)
	OR (not \FreqDiv_1:count_2\ and \FreqDiv_1:count_5\)
	OR (not \FreqDiv_1:count_1\ and \FreqDiv_1:count_5\)
	OR (not \FreqDiv_1:count_0\ and \FreqDiv_1:count_5\)
	OR (not \FreqDiv_1:count_5\ and \FreqDiv_1:count_4\ and \FreqDiv_1:count_3\ and \FreqDiv_1:count_2\ and \FreqDiv_1:count_1\ and \FreqDiv_1:count_0\));

Note:  Expanding virtual equation for '\FreqDiv_1:MODULE_1:g2:a0:g1:z1:s0:g1:u0:c_22\' (cost = 0):
\FreqDiv_1:MODULE_1:g2:a0:g1:z1:s0:g1:u0:c_22\ <=  ('0') ;

Note:  Expanding virtual equation for '\FreqDiv_1:MODULE_1:g2:a0:g1:z1:s0:g1:u0:c_14\' (cost = 0):
\FreqDiv_1:MODULE_1:g2:a0:g1:z1:s0:g1:u0:c_14\ <=  ('0') ;


Substituting virtuals - pass 7:

Note:  Expanding virtual equation for '\FreqDiv_1:MODULE_1:g2:a0:g1:z1:s0:g1:u0:c_7\' (cost = 9):
\FreqDiv_1:MODULE_1:g2:a0:g1:z1:s0:g1:u0:c_7\ <= ((\FreqDiv_1:count_6\ and \FreqDiv_1:count_5\ and \FreqDiv_1:count_4\ and \FreqDiv_1:count_3\ and \FreqDiv_1:count_2\ and \FreqDiv_1:count_1\ and \FreqDiv_1:count_0\));

Note:  Expanding virtual equation for '\FreqDiv_1:MODULE_1:g2:a0:s_6\' (cost = 63):
\FreqDiv_1:MODULE_1:g2:a0:s_6\ <= ((not \FreqDiv_1:count_5\ and \FreqDiv_1:count_6\)
	OR (not \FreqDiv_1:count_4\ and \FreqDiv_1:count_6\)
	OR (not \FreqDiv_1:count_3\ and \FreqDiv_1:count_6\)
	OR (not \FreqDiv_1:count_2\ and \FreqDiv_1:count_6\)
	OR (not \FreqDiv_1:count_1\ and \FreqDiv_1:count_6\)
	OR (not \FreqDiv_1:count_0\ and \FreqDiv_1:count_6\)
	OR (not \FreqDiv_1:count_6\ and \FreqDiv_1:count_5\ and \FreqDiv_1:count_4\ and \FreqDiv_1:count_3\ and \FreqDiv_1:count_2\ and \FreqDiv_1:count_1\ and \FreqDiv_1:count_0\));

Note:  Expanding virtual equation for '\FreqDiv_1:MODULE_1:g2:a0:g1:z1:s0:g1:u0:c_23\' (cost = 0):
\FreqDiv_1:MODULE_1:g2:a0:g1:z1:s0:g1:u0:c_23\ <=  ('0') ;

Note:  Expanding virtual equation for '\FreqDiv_1:MODULE_1:g2:a0:g1:z1:s0:g1:u0:c_15\' (cost = 0):
\FreqDiv_1:MODULE_1:g2:a0:g1:z1:s0:g1:u0:c_15\ <=  ('0') ;


Substituting virtuals - pass 8:

Note:  Expanding virtual equation for '\FreqDiv_1:MODULE_1:g2:a0:s_7\' (cost = 72):
\FreqDiv_1:MODULE_1:g2:a0:s_7\ <= ((not \FreqDiv_1:count_6\ and \FreqDiv_1:count_7\)
	OR (not \FreqDiv_1:count_5\ and \FreqDiv_1:count_7\)
	OR (not \FreqDiv_1:count_4\ and \FreqDiv_1:count_7\)
	OR (not \FreqDiv_1:count_3\ and \FreqDiv_1:count_7\)
	OR (not \FreqDiv_1:count_2\ and \FreqDiv_1:count_7\)
	OR (not \FreqDiv_1:count_1\ and \FreqDiv_1:count_7\)
	OR (not \FreqDiv_1:count_0\ and \FreqDiv_1:count_7\)
	OR (not \FreqDiv_1:count_7\ and \FreqDiv_1:count_6\ and \FreqDiv_1:count_5\ and \FreqDiv_1:count_4\ and \FreqDiv_1:count_3\ and \FreqDiv_1:count_2\ and \FreqDiv_1:count_1\ and \FreqDiv_1:count_0\));


Substituting virtuals - pass 9:


----------------------------------------------------------
Circuit simplification results:

	Expanded 32 signals.
	Turned 0 signals into soft nodes.
	Maximum default expansion cost was set at 3.
----------------------------------------------------------

------------------------------------------------------
Alias Detection
------------------------------------------------------
Aliasing \FreqDiv_1:MODULE_1:g2:a0:g1:z1:s0:g1:u0:b_24\ to zero
Aliasing \FreqDiv_1:MODULE_1:g2:a0:g1:z1:s0:g1:u0:b_16\ to zero
Aliasing cy_tff_1D to Net_41
Aliasing \FreqDiv_1:not_last_reset\\D\ to Net_36
Removing Lhs of wire \FreqDiv_1:MODULE_1:g2:a0:g1:z1:s0:g1:u0:b_24\[209] = zero[11]
Removing Lhs of wire \FreqDiv_1:MODULE_1:g2:a0:g1:z1:s0:g1:u0:b_16\[219] = zero[11]
Removing Lhs of wire cy_tff_1D[254] = Net_41[248]
Removing Lhs of wire \FreqDiv_1:not_last_reset\\D\[255] = Net_36[5]

------------------------------------------------------
Aliased 0 equations, 4 wires.
------------------------------------------------------

----------------------------------------------------------
Circuit simplification
----------------------------------------------------------

Eliminating unused logic - pass 1:


Eliminating unused logic - pass 2:


Substituting virtuals - pass 1:


----------------------------------------------------------
Circuit simplification results:

	Expanded 0 signals.
	Turned 0 signals into soft nodes.
	Maximum default expansion cost was set at 3.
----------------------------------------------------------

topld:  No errors.

CYPRESS_DIR    : C:\Program Files (x86)\Cypress\PSoC Creator\4.4\PSoC Creator\warp
Warp Program   : C:\Program Files (x86)\Cypress\PSoC Creator\4.4\PSoC Creator\warp\bin\warp.exe
Warp Arguments : -yv2 -q10 -ygs -o2 -v3 -.fftcfgtype=LE -ya -.fftprj=D:\LABs_BLE\LABs_BLE\Lab_1_3_LED.cydsn\Lab_1_3_LED.cyprj -dcpsoc3 Lab_1_3_LED.v -verilog
</CYPRESSTAG>
Warp synthesis phase: Elapsed time ==> 0s.294ms
<CYPRESSTAG name="Fitter results...">
<CYPRESSTAG name="Fitter startup details...">
cyp3fit: V4.4.0.80, Family: PSoC3, Started at: Sunday, 23 November 2025 08:22:44
Options: -yv2 -q10 -ygs -o2 -v3 -.fftcfgtype=LE -ya -.fftprj=D:\LABs_BLE\LABs_BLE\Lab_1_3_LED.cydsn\Lab_1_3_LED.cyprj -d CY8C4248LQI-BL583 Lab_1_3_LED.v -verilog
</CYPRESSTAG>
<CYPRESSTAG name="Design parsing">
Design parsing phase: Elapsed time ==> 0s.008ms
</CYPRESSTAG>
<CYPRESSTAG name="Tech Mapping">
<CYPRESSTAG name="Initial Mapping" icon="FILE_RPT_TECHM">
    Removed wire end \FreqDiv_1:MODULE_1:g2:a0:g1:z1:s0:g1:u0:c_24\ kept zero
    Removed wire end \FreqDiv_1:MODULE_1:g2:a0:g1:z1:s0:g1:u0:c_16\ kept zero
    Removed wire end \FreqDiv_1:MODULE_1:g2:a0:g1:z1:s0:g1:u0:c_8\ kept \FreqDiv_1:MODULE_1:g2:a0:g1:z1:s0:g1:u0:b_8\
<CYPRESSTAG name="Global Clock Selection" icon="FILE_RPT_TECHM">
    Digital Clock 0: Automatic-assigning  clock 'Clock_1'. Fanout=11, Signal=Net_15_digital
<CYPRESSTAG name="UDB Clock/Enable Remapping Results">
</CYPRESSTAG>
<CYPRESSTAG name="UDB Routed Clock Assignment">
    Routed Clock: Net_32:macrocell.q
        Effective Clock: ClockGenBlock:m0s8clockgenblockcell.gen_clk_out_0
        Enable Signal: Net_32:macrocell.q
</CYPRESSTAG>
</CYPRESSTAG>

Removing unused cells resulting from optimization
Done removing unused cells.
<CYPRESSTAG name="Duplicate Macrocell detection">
</CYPRESSTAG>
</CYPRESSTAG>
<CYPRESSTAG name="Duplicate Macrocell detection">
</CYPRESSTAG>
<CYPRESSTAG name="Design Equations" icon="FILE_RPT_EQUATION">

------------------------------------------------------------
Design Equations
------------------------------------------------------------
    <CYPRESSTAG name="Pin listing">

    ------------------------------------------------------------
    Pin listing
    ------------------------------------------------------------

    Pin : Name = Pin_LED_1(0)
        Attributes:
            Alias: LED1
            In Group/Port: True
            In Sync Option: AUTO
            Out Sync Option: NOSYNC
            Interrupt generated: False
            Interrupt mode: NONE
            Drive mode: CMOS_OUT
            VTrip: EITHER
            Slew: FAST
            Input Sync needed: False
            Output Sync needed: False
            SC shield enabled: False
            POR State: ANY
            LCD Mode: COMMON
            Register Mode: RegComb
            CaSense Mode: NEITHER
            Treat as pin: True
            Is OE Registered: False
            Uses Analog: False
            Can contain Digital: True
            Is SIO: False
            SIO Output Buf: NONREGULATED
            SIO Input Buf: SINGLE_ENDED
            SIO HiFreq: LOW
            SIO Hyst: DISABLED
            SIO Vtrip: MULTIPLIER_0_5
            SIO Multiplier Index: 0
            SIO RefSel: VCC_IO
            Required Capabilities: DIGITAL
            Initial Value: 1
            IO Voltage: 0
        PORT MAP (
            pa_out => Pin_LED_1(0)__PA ,
            annotation => Net_18 ,
            pad => Pin_LED_1(0)_PAD );
        Properties:
        {
        }

    Pin : Name = Pin_BLUE(0)
        Attributes:
            In Group/Port: True
            In Sync Option: AUTO
            Out Sync Option: NOSYNC
            Interrupt generated: False
            Interrupt mode: NONE
            Drive mode: CMOS_OUT
            VTrip: EITHER
            Slew: FAST
            Input Sync needed: False
            Output Sync needed: False
            SC shield enabled: False
            POR State: ANY
            LCD Mode: COMMON
            Register Mode: RegComb
            CaSense Mode: NEITHER
            Treat as pin: True
            Is OE Registered: False
            Uses Analog: False
            Can contain Digital: True
            Is SIO: False
            SIO Output Buf: NONREGULATED
            SIO Input Buf: SINGLE_ENDED
            SIO HiFreq: LOW
            SIO Hyst: DISABLED
            SIO Vtrip: MULTIPLIER_0_5
            SIO Multiplier Index: 0
            SIO RefSel: VCC_IO
            Required Capabilities: DIGITAL, ROUTABLE
            Initial Value: 1
            IO Voltage: 0
        PORT MAP (
            pa_out => Pin_BLUE(0)__PA ,
            pin_input => cy_tff_1 ,
            pad => Pin_BLUE(0)_PAD );
        Properties:
        {
        }

    Pin : Name = Pin_GREEN(0)
        Attributes:
            In Group/Port: True
            In Sync Option: AUTO
            Out Sync Option: NOSYNC
            Interrupt generated: False
            Interrupt mode: NONE
            Drive mode: CMOS_OUT
            VTrip: EITHER
            Slew: FAST
            Input Sync needed: False
            Output Sync needed: False
            SC shield enabled: False
            POR State: ANY
            LCD Mode: COMMON
            Register Mode: RegComb
            CaSense Mode: NEITHER
            Treat as pin: True
            Is OE Registered: False
            Uses Analog: False
            Can contain Digital: True
            Is SIO: False
            SIO Output Buf: NONREGULATED
            SIO Input Buf: SINGLE_ENDED
            SIO HiFreq: LOW
            SIO Hyst: DISABLED
            SIO Vtrip: MULTIPLIER_0_5
            SIO Multiplier Index: 0
            SIO RefSel: VCC_IO
            Required Capabilities: DIGITAL, ROUTABLE
            Initial Value: 1
            IO Voltage: 0
        PORT MAP (
            pa_out => Pin_GREEN(0)__PA ,
            pin_input => Net_41 ,
            pad => Pin_GREEN(0)_PAD );
        Properties:
        {
        }
    </CYPRESSTAG>
    <CYPRESSTAG name="Macrocell listing" icon="FILE_RPT_EQUATION">

    ------------------------------------------------------------
    Macrocell listing
    ------------------------------------------------------------

    MacroCell: Name=\FreqDiv_1:MODULE_1:g2:a0:g1:z1:s0:g1:u0:b_8\, Mode=(Combinatorial)
        Total # of inputs        : 8
        Total # of product terms : 1
            Clock Enable: True
        Main Equation            : 1 pterm
        (
              \FreqDiv_1:count_7\ * \FreqDiv_1:count_6\ * \FreqDiv_1:count_5\ * 
              \FreqDiv_1:count_4\ * \FreqDiv_1:count_3\ * \FreqDiv_1:count_2\ * 
              \FreqDiv_1:count_1\ * \FreqDiv_1:count_0\
        );
        Output = \FreqDiv_1:MODULE_1:g2:a0:g1:z1:s0:g1:u0:b_8\ (fanout=1)

    MacroCell: Name=Net_41, Mode=(Combinatorial)
        Total # of inputs        : 1
        Total # of product terms : 1
            Clock Enable: True
        Main Equation            : 1 pterm
        (
              !cy_tff_1
        );
        Output = Net_41 (fanout=1)

    MacroCell: Name=Net_32, Mode=(T-Register)
        Total # of inputs        : 11
        Total # of product terms : 3
        List of special equations: 
            Clock  = (Net_15_digital) => Global
            Clock Enable: True
        Main Equation            : 3 pterms
        (
              !Net_32 * !\FreqDiv_1:not_last_reset\
            + !Net_32 * \FreqDiv_1:count_8\ * \FreqDiv_1:count_7\ * 
              \FreqDiv_1:count_6\ * \FreqDiv_1:count_5\ * \FreqDiv_1:count_4\ * 
              !\FreqDiv_1:count_3\ * !\FreqDiv_1:count_2\ * 
              \FreqDiv_1:count_1\ * \FreqDiv_1:count_0\
            + Net_32 * \FreqDiv_1:not_last_reset\ * !\FreqDiv_1:count_8\ * 
              \FreqDiv_1:count_7\ * \FreqDiv_1:count_6\ * \FreqDiv_1:count_5\ * 
              \FreqDiv_1:count_4\ * \FreqDiv_1:count_3\ * 
              !\FreqDiv_1:count_2\ * !\FreqDiv_1:count_1\ * 
              \FreqDiv_1:count_0\
        );
        Output = Net_32 (fanout=2)

    MacroCell: Name=cy_tff_1, Mode=(T-Register)
        Total # of inputs        : 0
        Total # of product terms : 0
        List of special equations: 
            Clock  = (Net_15_digital) => Global
            Clock Enable: PosEdge(Net_32)
        Main Equation            : 0 pterms
        !(
            0
        );
        Output = cy_tff_1 (fanout=2)

    MacroCell: Name=\FreqDiv_1:not_last_reset\, Mode=(D-Register)
        Total # of inputs        : 0
        Total # of product terms : 0
        List of special equations: 
            Clock  = (Net_15_digital) => Global
            Clock Enable: True
        Main Equation            : 0 pterms
        !(
            0
        );
        Output = \FreqDiv_1:not_last_reset\ (fanout=10)

    MacroCell: Name=\FreqDiv_1:count_8\, Mode=(T-Register)
        Total # of inputs        : 11
        Total # of product terms : 2
        List of special equations: 
            Clock  = (Net_15_digital) => Global
            Clock Enable: True
        Main Equation            : 2 pterms
        (
              \FreqDiv_1:not_last_reset\ * \FreqDiv_1:count_8\ * 
              \FreqDiv_1:count_7\ * \FreqDiv_1:count_6\ * \FreqDiv_1:count_5\ * 
              \FreqDiv_1:count_4\ * !\FreqDiv_1:count_3\ * 
              !\FreqDiv_1:count_2\ * \FreqDiv_1:count_1\ * 
              \FreqDiv_1:count_0\
            + \FreqDiv_1:not_last_reset\ * 
              \FreqDiv_1:MODULE_1:g2:a0:g1:z1:s0:g1:u0:b_8\
        );
        Output = \FreqDiv_1:count_8\ (fanout=7)

    MacroCell: Name=\FreqDiv_1:count_7\, Mode=(T-Register)
        Total # of inputs        : 10
        Total # of product terms : 2
        List of special equations: 
            Clock  = (Net_15_digital) => Global
            Clock Enable: True
        Main Equation            : 2 pterms
        (
              \FreqDiv_1:not_last_reset\ * \FreqDiv_1:count_8\ * 
              \FreqDiv_1:count_7\ * \FreqDiv_1:count_6\ * \FreqDiv_1:count_5\ * 
              \FreqDiv_1:count_4\ * !\FreqDiv_1:count_3\ * 
              !\FreqDiv_1:count_2\ * \FreqDiv_1:count_1\ * 
              \FreqDiv_1:count_0\
            + \FreqDiv_1:not_last_reset\ * \FreqDiv_1:count_6\ * 
              \FreqDiv_1:count_5\ * \FreqDiv_1:count_4\ * \FreqDiv_1:count_3\ * 
              \FreqDiv_1:count_2\ * \FreqDiv_1:count_1\ * \FreqDiv_1:count_0\
        );
        Output = \FreqDiv_1:count_7\ (fanout=8)

    MacroCell: Name=\FreqDiv_1:count_6\, Mode=(T-Register)
        Total # of inputs        : 10
        Total # of product terms : 2
        List of special equations: 
            Clock  = (Net_15_digital) => Global
            Clock Enable: True
        Main Equation            : 2 pterms
        (
              \FreqDiv_1:not_last_reset\ * \FreqDiv_1:count_8\ * 
              \FreqDiv_1:count_7\ * \FreqDiv_1:count_6\ * \FreqDiv_1:count_5\ * 
              \FreqDiv_1:count_4\ * !\FreqDiv_1:count_3\ * 
              !\FreqDiv_1:count_2\ * \FreqDiv_1:count_1\ * 
              \FreqDiv_1:count_0\
            + \FreqDiv_1:not_last_reset\ * \FreqDiv_1:count_5\ * 
              \FreqDiv_1:count_4\ * \FreqDiv_1:count_3\ * \FreqDiv_1:count_2\ * 
              \FreqDiv_1:count_1\ * \FreqDiv_1:count_0\
        );
        Output = \FreqDiv_1:count_6\ (fanout=8)

    MacroCell: Name=\FreqDiv_1:count_5\, Mode=(T-Register)
        Total # of inputs        : 10
        Total # of product terms : 2
        List of special equations: 
            Clock  = (Net_15_digital) => Global
            Clock Enable: True
        Main Equation            : 2 pterms
        (
              \FreqDiv_1:not_last_reset\ * \FreqDiv_1:count_8\ * 
              \FreqDiv_1:count_7\ * \FreqDiv_1:count_6\ * \FreqDiv_1:count_5\ * 
              \FreqDiv_1:count_4\ * !\FreqDiv_1:count_3\ * 
              !\FreqDiv_1:count_2\ * \FreqDiv_1:count_1\ * 
              \FreqDiv_1:count_0\
            + \FreqDiv_1:not_last_reset\ * \FreqDiv_1:count_4\ * 
              \FreqDiv_1:count_3\ * \FreqDiv_1:count_2\ * \FreqDiv_1:count_1\ * 
              \FreqDiv_1:count_0\
        );
        Output = \FreqDiv_1:count_5\ (fanout=8)

    MacroCell: Name=\FreqDiv_1:count_4\, Mode=(T-Register)
        Total # of inputs        : 10
        Total # of product terms : 2
        List of special equations: 
            Clock  = (Net_15_digital) => Global
            Clock Enable: True
        Main Equation            : 2 pterms
        (
              \FreqDiv_1:not_last_reset\ * \FreqDiv_1:count_8\ * 
              \FreqDiv_1:count_7\ * \FreqDiv_1:count_6\ * \FreqDiv_1:count_5\ * 
              \FreqDiv_1:count_4\ * !\FreqDiv_1:count_3\ * 
              !\FreqDiv_1:count_2\ * \FreqDiv_1:count_1\ * 
              \FreqDiv_1:count_0\
            + \FreqDiv_1:not_last_reset\ * \FreqDiv_1:count_3\ * 
              \FreqDiv_1:count_2\ * \FreqDiv_1:count_1\ * \FreqDiv_1:count_0\
        );
        Output = \FreqDiv_1:count_4\ (fanout=8)

    MacroCell: Name=\FreqDiv_1:count_3\, Mode=(T-Register)
        Total # of inputs        : 4
        Total # of product terms : 1
        List of special equations: 
            Clock  = (Net_15_digital) => Global
            Clock Enable: True
        Main Equation            : 1 pterm
        (
              \FreqDiv_1:not_last_reset\ * \FreqDiv_1:count_2\ * 
              \FreqDiv_1:count_1\ * \FreqDiv_1:count_0\
        );
        Output = \FreqDiv_1:count_3\ (fanout=8)

    MacroCell: Name=\FreqDiv_1:count_2\, Mode=(T-Register)
        Total # of inputs        : 10
        Total # of product terms : 4
        List of special equations: 
            Clock  = (Net_15_digital) => Global
            Clock Enable: True
        Main Equation            : 4 pterms
        !(
              !\FreqDiv_1:not_last_reset\
            + \FreqDiv_1:count_8\ * \FreqDiv_1:count_7\ * \FreqDiv_1:count_6\ * 
              \FreqDiv_1:count_5\ * \FreqDiv_1:count_4\ * 
              !\FreqDiv_1:count_3\ * !\FreqDiv_1:count_2\
            + !\FreqDiv_1:count_1\
            + !\FreqDiv_1:count_0\
        );
        Output = \FreqDiv_1:count_2\ (fanout=9)

    MacroCell: Name=\FreqDiv_1:count_1\, Mode=(T-Register)
        Total # of inputs        : 2
        Total # of product terms : 1
        List of special equations: 
            Clock  = (Net_15_digital) => Global
            Clock Enable: True
        Main Equation            : 1 pterm
        (
              \FreqDiv_1:not_last_reset\ * \FreqDiv_1:count_0\
        );
        Output = \FreqDiv_1:count_1\ (fanout=9)

    MacroCell: Name=\FreqDiv_1:count_0\, Mode=(T-Register)
        Total # of inputs        : 1
        Total # of product terms : 1
        List of special equations: 
            Clock  = (Net_15_digital) => Global
            Clock Enable: True
        Main Equation            : 1 pterm
        (
              \FreqDiv_1:not_last_reset\
        );
        Output = \FreqDiv_1:count_0\ (fanout=10)
    </CYPRESSTAG>
    <CYPRESSTAG name="Datapath listing">
    </CYPRESSTAG>
    <CYPRESSTAG name="Status register listing">
    </CYPRESSTAG>
    <CYPRESSTAG name="StatusI register listing">
    </CYPRESSTAG>
    <CYPRESSTAG name="Sync listing">
    </CYPRESSTAG>
    <CYPRESSTAG name="Control register listing">
    </CYPRESSTAG>
    <CYPRESSTAG name="Count7 listing">
    </CYPRESSTAG>
    <CYPRESSTAG name="DRQ listing">
    </CYPRESSTAG>
    <CYPRESSTAG name="Interrupt listing">
    </CYPRESSTAG>
</CYPRESSTAG>
<CYPRESSTAG name="Technology mapping summary" expanded>

------------------------------------------------------------
Technology mapping summary
------------------------------------------------------------

Resource Type                 : Used : Free :  Max :  % Used
============================================================
Digital Clocks                :    1 :    3 :    4 : 25.00 %
Interrupts                    :    0 :   32 :   32 :  0.00 %
IO                            :    5 :   33 :   38 : 13.16 %
Segment LCD                   :    0 :    1 :    1 :  0.00 %
CapSense                      :    0 :    1 :    1 :  0.00 %
Die Temp                      :    0 :    1 :    1 :  0.00 %
Serial Communication (SCB)    :    0 :    2 :    2 :  0.00 %
BLE                           :    0 :    1 :    1 :  0.00 %
DMA Channels                  :    0 :    8 :    8 :  0.00 %
Timer/Counter/PWM             :    0 :    4 :    4 :  0.00 %
UDB                           :      :      :      :        
  Macrocells                  :   14 :   18 :   32 : 43.75 %
  Unique P-terms              :   18 :   46 :   64 : 28.13 %
  Total P-terms               :   22 :      :      :        
  Datapath Cells              :    0 :    4 :    4 :  0.00 %
  Status Cells                :    0 :    4 :    4 :  0.00 %
  Control Cells               :    0 :    4 :    4 :  0.00 %
Comparator/Opamp              :    0 :    4 :    4 :  0.00 %
LP Comparator                 :    0 :    2 :    2 :  0.00 %
SAR ADC                       :    0 :    1 :    1 :  0.00 %
DAC                           :      :      :      :        
  7-bit IDAC                  :    0 :    1 :    1 :  0.00 %
  8-bit IDAC                  :    0 :    1 :    1 :  0.00 %
</CYPRESSTAG>
Technology Mapping: Elapsed time ==> 0s.071ms
Tech Mapping phase: Elapsed time ==> 0s.079ms
</CYPRESSTAG>
<CYPRESSTAG name="Analog Placement">
<CYPRESSTAG name="FFB & IO Pre Placement">
<CYPRESSTAG name="Placement" icon="FILE_RPT_PLACEMENT">

Cell                                : Block                              
=========================================================================
Pin_LED_1(0)                        : [IOP=(0)][IoId=(2)]                
Pin_BLUE(0)                         : [IOP=(3)][IoId=(7)]                
Pin_GREEN(0)                        : [IOP=(3)][IoId=(6)]                
ClockGenBlock                       : CLK_GEN_[FFB(CLK_GEN,0)]           

</CYPRESSTAG>
</CYPRESSTAG>
<CYPRESSTAG name="Real Analog Placement">
Elapsed time ==> 0.1035026s
</CYPRESSTAG>
Analog Placement phase: Elapsed time ==> 0s.225ms
</CYPRESSTAG>
<CYPRESSTAG name="Analog Routing">
<CYPRESSTAG name="Analog Routing">
Route success=True, Iterations=1 Elapsed=0.0006555 secs
</CYPRESSTAG>
Analog Routing phase: Elapsed time ==> 0s.000ms
</CYPRESSTAG>
<CYPRESSTAG name="Analog Code Generation">
============ Analog Final Answer Routes ============
Dump of CyAnalogRoutingResultsDB
Map of net to items {
}
Map of item to net {
}
Mux Info {
}
Analog Code Generation phase: Elapsed time ==> 0s.017ms
</CYPRESSTAG>
<CYPRESSTAG name="Digital Placement">
<CYPRESSTAG name="Detailed placement messages">
I2076: Total run-time: 0.2 sec.

</CYPRESSTAG>
<CYPRESSTAG name="PLD Packing">
<CYPRESSTAG name="PLD Packing Summary" expanded>

------------------------------------------------------------
PLD Packing Summary
------------------------------------------------------------
            Resource Type : Used : Free :  Max :  % Used
    ====================================================
                     PLDs :    4 :    4 :    8 :  50.00%

<CYPRESSTAG name="PLD Statistics">

        PLD Resource Type :     Average/LAB
    =======================================
                   Inputs :            6.75
                   Pterms :            4.75
               Macrocells :            3.50
</CYPRESSTAG>
<CYPRESSTAG name="Packed PLD Contents">
Packed PLD Contents not displayed at this verbose level.</CYPRESSTAG>
</CYPRESSTAG>
PLD Packing: Elapsed time ==> 0s.000ms
</CYPRESSTAG>
<CYPRESSTAG name="Partitioning">
<CYPRESSTAG name="Initial Partitioning Summary">
Initial Partitioning Summary not displayed at this verbose level.</CYPRESSTAG>
<CYPRESSTAG name="Final Partitioning Summary">
Final Partitioning Summary not displayed at this verbose level.</CYPRESSTAG>
Partitioning: Elapsed time ==> 0s.000ms
</CYPRESSTAG>
<CYPRESSTAG name="Final Placement Summary">

------------------------------------------------------------
Final Placement Summary
------------------------------------------------------------

       Resource Type :      Count : Avg Inputs : Avg Outputs
    ========================================================
                 UDB :          2 :       8.50 :       7.00
<CYPRESSTAG name="Final Placement Details">
<CYPRESSTAG name="Component Details">

------------------------------------------------------------
Component Placement Details
------------------------------------------------------------
UDB [UDB=(0,0)] contents:
LAB@[UDB=(0,0)][LB=0] #macrocells=4, #inputs=4, #pterms=3
{
    [McSlotId=0]:     MacroCell: Name=\FreqDiv_1:count_3\, Mode=(T-Register) @ [UDB=(0,0)][LB=0][MC=0]
        Total # of inputs        : 4
        Total # of product terms : 1
        List of special equations: 
            Clock  = (Net_15_digital) => Global
            Clock Enable: True
        Main Equation            : 1 pterm
        (
              \FreqDiv_1:not_last_reset\ * \FreqDiv_1:count_2\ * 
              \FreqDiv_1:count_1\ * \FreqDiv_1:count_0\
        );
        Output = \FreqDiv_1:count_3\ (fanout=8)
        Properties               : 
        {
        }

    [McSlotId=1]:     MacroCell: Name=\FreqDiv_1:count_1\, Mode=(T-Register) @ [UDB=(0,0)][LB=0][MC=1]
        Total # of inputs        : 2
        Total # of product terms : 1
        List of special equations: 
            Clock  = (Net_15_digital) => Global
            Clock Enable: True
        Main Equation            : 1 pterm
        (
              \FreqDiv_1:not_last_reset\ * \FreqDiv_1:count_0\
        );
        Output = \FreqDiv_1:count_1\ (fanout=9)
        Properties               : 
        {
        }

    [McSlotId=2]:     MacroCell: Name=\FreqDiv_1:count_0\, Mode=(T-Register) @ [UDB=(0,0)][LB=0][MC=2]
        Total # of inputs        : 1
        Total # of product terms : 1
        List of special equations: 
            Clock  = (Net_15_digital) => Global
            Clock Enable: True
        Main Equation            : 1 pterm
        (
              \FreqDiv_1:not_last_reset\
        );
        Output = \FreqDiv_1:count_0\ (fanout=10)
        Properties               : 
        {
        }

    [McSlotId=3]:     MacroCell: Name=\FreqDiv_1:not_last_reset\, Mode=(D-Register) @ [UDB=(0,0)][LB=0][MC=3]
        Total # of inputs        : 0
        Total # of product terms : 0
        List of special equations: 
            Clock  = (Net_15_digital) => Global
            Clock Enable: True
        Main Equation            : 0 pterms
        !(
            0
        );
        Output = \FreqDiv_1:not_last_reset\ (fanout=10)
        Properties               : 
        {
        }
}

LAB@[UDB=(0,0)][LB=1] #macrocells=2, #inputs=1, #pterms=1
{
    [McSlotId=0]:     MacroCell: Name=Net_41, Mode=(Combinatorial) @ [UDB=(0,0)][LB=1][MC=0]
        Total # of inputs        : 1
        Total # of product terms : 1
            Clock Enable: True
        Main Equation            : 1 pterm
        (
              !cy_tff_1
        );
        Output = Net_41 (fanout=1)
        Properties               : 
        {
        }

    [McSlotId=1]:     MacroCell: Name=cy_tff_1, Mode=(T-Register) @ [UDB=(0,0)][LB=1][MC=1]
        Total # of inputs        : 0
        Total # of product terms : 0
        List of special equations: 
            Clock  = (Net_15_digital) => Global
            Clock Enable: PosEdge(Net_32)
        Main Equation            : 0 pterms
        !(
            0
        );
        Output = cy_tff_1 (fanout=2)
        Properties               : 
        {
        }

    [McSlotId=2]: (empty)
    [McSlotId=3]: (empty)
}

UDB [UDB=(0,1)] is empty.
UDB [UDB=(1,0)] contents:
LAB@[UDB=(1,0)][LB=0] #macrocells=4, #inputs=12, #pterms=7
{
    [McSlotId=0]:     MacroCell: Name=Net_32, Mode=(T-Register) @ [UDB=(1,0)][LB=0][MC=0]
        Total # of inputs        : 11
        Total # of product terms : 3
        List of special equations: 
            Clock  = (Net_15_digital) => Global
            Clock Enable: True
        Main Equation            : 3 pterms
        (
              !Net_32 * !\FreqDiv_1:not_last_reset\
            + !Net_32 * \FreqDiv_1:count_8\ * \FreqDiv_1:count_7\ * 
              \FreqDiv_1:count_6\ * \FreqDiv_1:count_5\ * \FreqDiv_1:count_4\ * 
              !\FreqDiv_1:count_3\ * !\FreqDiv_1:count_2\ * 
              \FreqDiv_1:count_1\ * \FreqDiv_1:count_0\
            + Net_32 * \FreqDiv_1:not_last_reset\ * !\FreqDiv_1:count_8\ * 
              \FreqDiv_1:count_7\ * \FreqDiv_1:count_6\ * \FreqDiv_1:count_5\ * 
              \FreqDiv_1:count_4\ * \FreqDiv_1:count_3\ * 
              !\FreqDiv_1:count_2\ * !\FreqDiv_1:count_1\ * 
              \FreqDiv_1:count_0\
        );
        Output = Net_32 (fanout=2)
        Properties               : 
        {
        }

    [McSlotId=1]:     MacroCell: Name=\FreqDiv_1:count_4\, Mode=(T-Register) @ [UDB=(1,0)][LB=0][MC=1]
        Total # of inputs        : 10
        Total # of product terms : 2
        List of special equations: 
            Clock  = (Net_15_digital) => Global
            Clock Enable: True
        Main Equation            : 2 pterms
        (
              \FreqDiv_1:not_last_reset\ * \FreqDiv_1:count_8\ * 
              \FreqDiv_1:count_7\ * \FreqDiv_1:count_6\ * \FreqDiv_1:count_5\ * 
              \FreqDiv_1:count_4\ * !\FreqDiv_1:count_3\ * 
              !\FreqDiv_1:count_2\ * \FreqDiv_1:count_1\ * 
              \FreqDiv_1:count_0\
            + \FreqDiv_1:not_last_reset\ * \FreqDiv_1:count_3\ * 
              \FreqDiv_1:count_2\ * \FreqDiv_1:count_1\ * \FreqDiv_1:count_0\
        );
        Output = \FreqDiv_1:count_4\ (fanout=8)
        Properties               : 
        {
        }

    [McSlotId=2]:     MacroCell: Name=\FreqDiv_1:MODULE_1:g2:a0:g1:z1:s0:g1:u0:b_8\, Mode=(Combinatorial) @ [UDB=(1,0)][LB=0][MC=2]
        Total # of inputs        : 8
        Total # of product terms : 1
            Clock Enable: True
        Main Equation            : 1 pterm
        (
              \FreqDiv_1:count_7\ * \FreqDiv_1:count_6\ * \FreqDiv_1:count_5\ * 
              \FreqDiv_1:count_4\ * \FreqDiv_1:count_3\ * \FreqDiv_1:count_2\ * 
              \FreqDiv_1:count_1\ * \FreqDiv_1:count_0\
        );
        Output = \FreqDiv_1:MODULE_1:g2:a0:g1:z1:s0:g1:u0:b_8\ (fanout=1)
        Properties               : 
        {
        }

    [McSlotId=3]:     MacroCell: Name=\FreqDiv_1:count_8\, Mode=(T-Register) @ [UDB=(1,0)][LB=0][MC=3]
        Total # of inputs        : 11
        Total # of product terms : 2
        List of special equations: 
            Clock  = (Net_15_digital) => Global
            Clock Enable: True
        Main Equation            : 2 pterms
        (
              \FreqDiv_1:not_last_reset\ * \FreqDiv_1:count_8\ * 
              \FreqDiv_1:count_7\ * \FreqDiv_1:count_6\ * \FreqDiv_1:count_5\ * 
              \FreqDiv_1:count_4\ * !\FreqDiv_1:count_3\ * 
              !\FreqDiv_1:count_2\ * \FreqDiv_1:count_1\ * 
              \FreqDiv_1:count_0\
            + \FreqDiv_1:not_last_reset\ * 
              \FreqDiv_1:MODULE_1:g2:a0:g1:z1:s0:g1:u0:b_8\
        );
        Output = \FreqDiv_1:count_8\ (fanout=7)
        Properties               : 
        {
        }
}

LAB@[UDB=(1,0)][LB=1] #macrocells=4, #inputs=10, #pterms=8
{
    [McSlotId=0]:     MacroCell: Name=\FreqDiv_1:count_5\, Mode=(T-Register) @ [UDB=(1,0)][LB=1][MC=0]
        Total # of inputs        : 10
        Total # of product terms : 2
        List of special equations: 
            Clock  = (Net_15_digital) => Global
            Clock Enable: True
        Main Equation            : 2 pterms
        (
              \FreqDiv_1:not_last_reset\ * \FreqDiv_1:count_8\ * 
              \FreqDiv_1:count_7\ * \FreqDiv_1:count_6\ * \FreqDiv_1:count_5\ * 
              \FreqDiv_1:count_4\ * !\FreqDiv_1:count_3\ * 
              !\FreqDiv_1:count_2\ * \FreqDiv_1:count_1\ * 
              \FreqDiv_1:count_0\
            + \FreqDiv_1:not_last_reset\ * \FreqDiv_1:count_4\ * 
              \FreqDiv_1:count_3\ * \FreqDiv_1:count_2\ * \FreqDiv_1:count_1\ * 
              \FreqDiv_1:count_0\
        );
        Output = \FreqDiv_1:count_5\ (fanout=8)
        Properties               : 
        {
        }

    [McSlotId=1]:     MacroCell: Name=\FreqDiv_1:count_6\, Mode=(T-Register) @ [UDB=(1,0)][LB=1][MC=1]
        Total # of inputs        : 10
        Total # of product terms : 2
        List of special equations: 
            Clock  = (Net_15_digital) => Global
            Clock Enable: True
        Main Equation            : 2 pterms
        (
              \FreqDiv_1:not_last_reset\ * \FreqDiv_1:count_8\ * 
              \FreqDiv_1:count_7\ * \FreqDiv_1:count_6\ * \FreqDiv_1:count_5\ * 
              \FreqDiv_1:count_4\ * !\FreqDiv_1:count_3\ * 
              !\FreqDiv_1:count_2\ * \FreqDiv_1:count_1\ * 
              \FreqDiv_1:count_0\
            + \FreqDiv_1:not_last_reset\ * \FreqDiv_1:count_5\ * 
              \FreqDiv_1:count_4\ * \FreqDiv_1:count_3\ * \FreqDiv_1:count_2\ * 
              \FreqDiv_1:count_1\ * \FreqDiv_1:count_0\
        );
        Output = \FreqDiv_1:count_6\ (fanout=8)
        Properties               : 
        {
        }

    [McSlotId=2]:     MacroCell: Name=\FreqDiv_1:count_7\, Mode=(T-Register) @ [UDB=(1,0)][LB=1][MC=2]
        Total # of inputs        : 10
        Total # of product terms : 2
        List of special equations: 
            Clock  = (Net_15_digital) => Global
            Clock Enable: True
        Main Equation            : 2 pterms
        (
              \FreqDiv_1:not_last_reset\ * \FreqDiv_1:count_8\ * 
              \FreqDiv_1:count_7\ * \FreqDiv_1:count_6\ * \FreqDiv_1:count_5\ * 
              \FreqDiv_1:count_4\ * !\FreqDiv_1:count_3\ * 
              !\FreqDiv_1:count_2\ * \FreqDiv_1:count_1\ * 
              \FreqDiv_1:count_0\
            + \FreqDiv_1:not_last_reset\ * \FreqDiv_1:count_6\ * 
              \FreqDiv_1:count_5\ * \FreqDiv_1:count_4\ * \FreqDiv_1:count_3\ * 
              \FreqDiv_1:count_2\ * \FreqDiv_1:count_1\ * \FreqDiv_1:count_0\
        );
        Output = \FreqDiv_1:count_7\ (fanout=8)
        Properties               : 
        {
        }

    [McSlotId=3]:     MacroCell: Name=\FreqDiv_1:count_2\, Mode=(T-Register) @ [UDB=(1,0)][LB=1][MC=3]
        Total # of inputs        : 10
        Total # of product terms : 4
        List of special equations: 
            Clock  = (Net_15_digital) => Global
            Clock Enable: True
        Main Equation            : 4 pterms
        !(
              !\FreqDiv_1:not_last_reset\
            + \FreqDiv_1:count_8\ * \FreqDiv_1:count_7\ * \FreqDiv_1:count_6\ * 
              \FreqDiv_1:count_5\ * \FreqDiv_1:count_4\ * 
              !\FreqDiv_1:count_3\ * !\FreqDiv_1:count_2\
            + !\FreqDiv_1:count_1\
            + !\FreqDiv_1:count_0\
        );
        Output = \FreqDiv_1:count_2\ (fanout=9)
        Properties               : 
        {
        }
}

UDB [UDB=(1,1)] is empty.
Intr container @ [IntrContainer=(0)]: empty
Drq container @ [DrqContainer=(0)]: empty
Port 0 contains the following IO cells:
[IoId=2]: 
Pin : Name = Pin_LED_1(0)
    Attributes:
        Alias: LED1
        In Group/Port: True
        In Sync Option: AUTO
        Out Sync Option: NOSYNC
        Interrupt generated: False
        Interrupt mode: NONE
        Drive mode: CMOS_OUT
        VTrip: EITHER
        Slew: FAST
        Input Sync needed: False
        Output Sync needed: False
        SC shield enabled: False
        POR State: ANY
        LCD Mode: COMMON
        Register Mode: RegComb
        CaSense Mode: NEITHER
        Treat as pin: True
        Is OE Registered: False
        Uses Analog: False
        Can contain Digital: True
        Is SIO: False
        SIO Output Buf: NONREGULATED
        SIO Input Buf: SINGLE_ENDED
        SIO HiFreq: LOW
        SIO Hyst: DISABLED
        SIO Vtrip: MULTIPLIER_0_5
        SIO Multiplier Index: 0
        SIO RefSel: VCC_IO
        Required Capabilities: DIGITAL
        Initial Value: 1
        IO Voltage: 0
    PORT MAP (
        pa_out => Pin_LED_1(0)__PA ,
        annotation => Net_18 ,
        pad => Pin_LED_1(0)_PAD );
    Properties:
    {
    }

Port 1 contains the following IO cells:
Port 2 contains the following IO cells:
Port 3 contains the following IO cells:
[IoId=6]: 
Pin : Name = Pin_GREEN(0)
    Attributes:
        In Group/Port: True
        In Sync Option: AUTO
        Out Sync Option: NOSYNC
        Interrupt generated: False
        Interrupt mode: NONE
        Drive mode: CMOS_OUT
        VTrip: EITHER
        Slew: FAST
        Input Sync needed: False
        Output Sync needed: False
        SC shield enabled: False
        POR State: ANY
        LCD Mode: COMMON
        Register Mode: RegComb
        CaSense Mode: NEITHER
        Treat as pin: True
        Is OE Registered: False
        Uses Analog: False
        Can contain Digital: True
        Is SIO: False
        SIO Output Buf: NONREGULATED
        SIO Input Buf: SINGLE_ENDED
        SIO HiFreq: LOW
        SIO Hyst: DISABLED
        SIO Vtrip: MULTIPLIER_0_5
        SIO Multiplier Index: 0
        SIO RefSel: VCC_IO
        Required Capabilities: DIGITAL, ROUTABLE
        Initial Value: 1
        IO Voltage: 0
    PORT MAP (
        pa_out => Pin_GREEN(0)__PA ,
        pin_input => Net_41 ,
        pad => Pin_GREEN(0)_PAD );
    Properties:
    {
    }

[IoId=7]: 
Pin : Name = Pin_BLUE(0)
    Attributes:
        In Group/Port: True
        In Sync Option: AUTO
        Out Sync Option: NOSYNC
        Interrupt generated: False
        Interrupt mode: NONE
        Drive mode: CMOS_OUT
        VTrip: EITHER
        Slew: FAST
        Input Sync needed: False
        Output Sync needed: False
        SC shield enabled: False
        POR State: ANY
        LCD Mode: COMMON
        Register Mode: RegComb
        CaSense Mode: NEITHER
        Treat as pin: True
        Is OE Registered: False
        Uses Analog: False
        Can contain Digital: True
        Is SIO: False
        SIO Output Buf: NONREGULATED
        SIO Input Buf: SINGLE_ENDED
        SIO HiFreq: LOW
        SIO Hyst: DISABLED
        SIO Vtrip: MULTIPLIER_0_5
        SIO Multiplier Index: 0
        SIO RefSel: VCC_IO
        Required Capabilities: DIGITAL, ROUTABLE
        Initial Value: 1
        IO Voltage: 0
    PORT MAP (
        pa_out => Pin_BLUE(0)__PA ,
        pin_input => cy_tff_1 ,
        pad => Pin_BLUE(0)_PAD );
    Properties:
    {
    }

Port 4 contains the following IO cells:
Port 5 contains the following IO cells:
Port 6 contains the following IO cells:
ARM group 0: empty
Clock group 0: 
    Clock Block @ F(Clock,0): 
    m0s8clockblockcell: Name =ClockBlock
        PORT MAP (
            hfclk => ClockBlock_HFCLK ,
            imo => ClockBlock_IMO ,
            ext => ClockBlock_EXTCLK ,
            sysclk => ClockBlock_SYSCLK ,
            eco => ClockBlock_ECO ,
            ilo => ClockBlock_ILO ,
            lfclk => ClockBlock_LFCLK ,
            wco => ClockBlock_WCO ,
            dsi_in_0 => ClockBlock_Routed1 ,
            udb_div_0 => dclk_to_genclk );
        Properties:
        {
        }
LCD group 0: empty
PICU group 0: empty
LPCOMP group 0: empty
SCB group 0: empty
CSD group 0: empty
CSIDAC8 group 0: empty
CSIDAC7 group 0: empty
TCPWM group 0: empty
OA group 0: empty
TEMP group 0: empty
SARADC group 0: empty
CLK_GEN group 0: 
    M0S8 Clock Gen Block @ F(CLK_GEN,0): 
    m0s8clockgenblockcell: Name =ClockGenBlock
        PORT MAP (
            gen_clk_out_0 => Net_15_digital ,
            gen_clk_in_0 => dclk_to_genclk );
        Properties:
        {
        }
LPCOMPBLOCK group 0: empty
PASSBLOCK group 0: empty
BLE group 0: empty
WCO group 0: empty
SRSS group 0: empty
CPUSS group 0: empty
IOSS group 0: empty
EXCO group 0: empty
</CYPRESSTAG>
<CYPRESSTAG name="Port Configuration Details">

------------------------------------------------------------
Port Configuration report
------------------------------------------------------------
     |     |       | Interrupt |                  |              | 
Port | Pin | Fixed |      Type |       Drive Mode |         Name | Connections
-----+-----+-------+-----------+------------------+--------------+-------------
   0 |   2 |     * |      NONE |         CMOS_OUT | Pin_LED_1(0) | 
-----+-----+-------+-----------+------------------+--------------+-------------
   3 |   6 |     * |      NONE |         CMOS_OUT | Pin_GREEN(0) | In(Net_41)
     |   7 |     * |      NONE |         CMOS_OUT |  Pin_BLUE(0) | In(cy_tff_1)
-------------------------------------------------------------------------------
</CYPRESSTAG>
</CYPRESSTAG>
</CYPRESSTAG>
Digital component placer commit/Report: Elapsed time ==> 0s.021ms
Digital Placement phase: Elapsed time ==> 0s.422ms
</CYPRESSTAG>
<CYPRESSTAG name="Digital Routing">
"C:\Program Files (x86)\Cypress\PSoC Creator\4.4\PSoC Creator\bin/sjrouter.exe" --xml-path "C:\Program Files (x86)\Cypress\PSoC Creator\4.4\PSoC Creator\dev\psoc4/3/256dma/route_arch-rrg.cydata" --vh2-path "Lab_1_3_LED_r.vh2" --pcf-path "Lab_1_3_LED.pco" --des-name "Lab_1_3_LED" --dsf-path "Lab_1_3_LED.dsf" --sdc-path "Lab_1_3_LED.sdc" --lib-path "Lab_1_3_LED_r.lib"
Routing successful.
Digital Routing phase: Elapsed time ==> 0s.414ms
</CYPRESSTAG>
<CYPRESSTAG name="Bitstream Generation">
Bitstream Generation phase: Elapsed time ==> 0s.141ms
</CYPRESSTAG>
<CYPRESSTAG name="Bitstream Verification">
Bitstream Verification phase: Elapsed time ==> 0s.016ms
</CYPRESSTAG>
<CYPRESSTAG name="Static timing analysis">
Timing report is in Lab_1_3_LED_timing.html.
Static timing analysis phase: Elapsed time ==> 0s.157ms
</CYPRESSTAG>
<CYPRESSTAG name="Data reporting">
Data reporting phase: Elapsed time ==> 0s.000ms
</CYPRESSTAG>
<CYPRESSTAG name="Database update...">
Design database save phase: Elapsed time ==> 0s.096ms
</CYPRESSTAG>
cydsfit: Elapsed time ==> 1s.594ms
</CYPRESSTAG>
Fitter phase: Elapsed time ==> 1s.594ms
API generation phase: Elapsed time ==> 0s.838ms
Dependency generation phase: Elapsed time ==> 0s.000ms
Cleanup phase: Elapsed time ==> 0s.000ms
