ARM GAS  C:\Users\Admin\AppData\Local\Temp\cc07KU0r.s 			page 1


   1              		.syntax unified
   2              		.cpu cortex-m0
   3              		.fpu softvfp
   4              		.eabi_attribute 20, 1
   5              		.eabi_attribute 21, 1
   6              		.eabi_attribute 23, 3
   7              		.eabi_attribute 24, 1
   8              		.eabi_attribute 25, 1
   9              		.eabi_attribute 26, 1
  10              		.eabi_attribute 30, 6
  11              		.eabi_attribute 34, 0
  12              		.eabi_attribute 18, 4
  13              		.thumb
  14              		.syntax unified
  15              		.file	"cyfitter_cfg.c"
  16              		.text
  17              	.Ltext0:
  18              		.cfi_sections	.debug_frame
  19              		.section	.text.CYMEMZERO,"ax",%progbits
  20              		.align	2
  21              		.code	16
  22              		.thumb_func
  23              		.type	CYMEMZERO, %function
  24              	CYMEMZERO:
  25              	.LFB2:
  26              		.file 1 "Generated_Source\\PSoC4\\cyfitter_cfg.c"
   1:Generated_Source\PSoC4/cyfitter_cfg.c **** 
   2:Generated_Source\PSoC4/cyfitter_cfg.c **** /*******************************************************************************
   3:Generated_Source\PSoC4/cyfitter_cfg.c **** * File Name: cyfitter_cfg.c
   4:Generated_Source\PSoC4/cyfitter_cfg.c **** * 
   5:Generated_Source\PSoC4/cyfitter_cfg.c **** * PSoC Creator  4.4
   6:Generated_Source\PSoC4/cyfitter_cfg.c **** *
   7:Generated_Source\PSoC4/cyfitter_cfg.c **** * Description:
   8:Generated_Source\PSoC4/cyfitter_cfg.c **** * This file contains device initialization code.
   9:Generated_Source\PSoC4/cyfitter_cfg.c **** * Except for the user defined sections in CyClockStartupError(), this file should not be modified.
  10:Generated_Source\PSoC4/cyfitter_cfg.c **** * This file is automatically generated by PSoC Creator.
  11:Generated_Source\PSoC4/cyfitter_cfg.c **** *
  12:Generated_Source\PSoC4/cyfitter_cfg.c **** ********************************************************************************
  13:Generated_Source\PSoC4/cyfitter_cfg.c **** * Copyright (c) 2007-2020 Cypress Semiconductor.  All rights reserved.
  14:Generated_Source\PSoC4/cyfitter_cfg.c **** * You may use this file only in accordance with the license, terms, conditions, 
  15:Generated_Source\PSoC4/cyfitter_cfg.c **** * disclaimers, and limitations in the end user license agreement accompanying 
  16:Generated_Source\PSoC4/cyfitter_cfg.c **** * the software package with which this file was provided.
  17:Generated_Source\PSoC4/cyfitter_cfg.c **** ********************************************************************************/
  18:Generated_Source\PSoC4/cyfitter_cfg.c **** 
  19:Generated_Source\PSoC4/cyfitter_cfg.c **** #include <string.h>
  20:Generated_Source\PSoC4/cyfitter_cfg.c **** #include "cytypes.h"
  21:Generated_Source\PSoC4/cyfitter_cfg.c **** #include "cydevice_trm.h"
  22:Generated_Source\PSoC4/cyfitter_cfg.c **** #include "cyfitter.h"
  23:Generated_Source\PSoC4/cyfitter_cfg.c **** #include "CyLib.h"
  24:Generated_Source\PSoC4/cyfitter_cfg.c **** #include "cyfitter_cfg.h"
  25:Generated_Source\PSoC4/cyfitter_cfg.c **** #include "cyapicallbacks.h"
  26:Generated_Source\PSoC4/cyfitter_cfg.c **** 
  27:Generated_Source\PSoC4/cyfitter_cfg.c **** 
  28:Generated_Source\PSoC4/cyfitter_cfg.c **** #if defined(__GNUC__) || defined(__ARMCC_VERSION)
  29:Generated_Source\PSoC4/cyfitter_cfg.c ****     #define CYPACKED 
  30:Generated_Source\PSoC4/cyfitter_cfg.c ****     #define CYPACKED_ATTR __attribute__ ((packed))
  31:Generated_Source\PSoC4/cyfitter_cfg.c ****     #define CYALIGNED __attribute__ ((aligned))
ARM GAS  C:\Users\Admin\AppData\Local\Temp\cc07KU0r.s 			page 2


  32:Generated_Source\PSoC4/cyfitter_cfg.c ****     #define CY_CFG_UNUSED __attribute__ ((unused))
  33:Generated_Source\PSoC4/cyfitter_cfg.c ****     #ifndef CY_CFG_SECTION
  34:Generated_Source\PSoC4/cyfitter_cfg.c ****         #define CY_CFG_SECTION __attribute__ ((section(".psocinit")))
  35:Generated_Source\PSoC4/cyfitter_cfg.c ****     #endif
  36:Generated_Source\PSoC4/cyfitter_cfg.c ****     
  37:Generated_Source\PSoC4/cyfitter_cfg.c ****     #if defined(__ARMCC_VERSION)
  38:Generated_Source\PSoC4/cyfitter_cfg.c ****         #define CY_CFG_MEMORY_BARRIER() __memory_changed()
  39:Generated_Source\PSoC4/cyfitter_cfg.c ****     #else
  40:Generated_Source\PSoC4/cyfitter_cfg.c ****         #define CY_CFG_MEMORY_BARRIER() __sync_synchronize()
  41:Generated_Source\PSoC4/cyfitter_cfg.c ****     #endif
  42:Generated_Source\PSoC4/cyfitter_cfg.c ****     
  43:Generated_Source\PSoC4/cyfitter_cfg.c **** #elif defined(__ICCARM__)
  44:Generated_Source\PSoC4/cyfitter_cfg.c ****     #include <intrinsics.h>
  45:Generated_Source\PSoC4/cyfitter_cfg.c **** 
  46:Generated_Source\PSoC4/cyfitter_cfg.c ****     #define CYPACKED __packed
  47:Generated_Source\PSoC4/cyfitter_cfg.c ****     #define CYPACKED_ATTR 
  48:Generated_Source\PSoC4/cyfitter_cfg.c ****     #define CYALIGNED _Pragma("data_alignment=4")
  49:Generated_Source\PSoC4/cyfitter_cfg.c ****     #define CY_CFG_UNUSED _Pragma("diag_suppress=Pe177")
  50:Generated_Source\PSoC4/cyfitter_cfg.c ****     #define CY_CFG_SECTION _Pragma("location=\".psocinit\"")
  51:Generated_Source\PSoC4/cyfitter_cfg.c ****     
  52:Generated_Source\PSoC4/cyfitter_cfg.c ****     #define CY_CFG_MEMORY_BARRIER() __DMB()
  53:Generated_Source\PSoC4/cyfitter_cfg.c ****     
  54:Generated_Source\PSoC4/cyfitter_cfg.c **** #else
  55:Generated_Source\PSoC4/cyfitter_cfg.c ****     #error Unsupported toolchain
  56:Generated_Source\PSoC4/cyfitter_cfg.c **** #endif
  57:Generated_Source\PSoC4/cyfitter_cfg.c **** 
  58:Generated_Source\PSoC4/cyfitter_cfg.c **** #ifndef CYCODE
  59:Generated_Source\PSoC4/cyfitter_cfg.c ****     #define CYCODE
  60:Generated_Source\PSoC4/cyfitter_cfg.c **** #endif
  61:Generated_Source\PSoC4/cyfitter_cfg.c **** #ifndef CYDATA
  62:Generated_Source\PSoC4/cyfitter_cfg.c ****     #define CYDATA
  63:Generated_Source\PSoC4/cyfitter_cfg.c **** #endif
  64:Generated_Source\PSoC4/cyfitter_cfg.c **** #ifndef CYFAR
  65:Generated_Source\PSoC4/cyfitter_cfg.c ****     #define CYFAR
  66:Generated_Source\PSoC4/cyfitter_cfg.c **** #endif
  67:Generated_Source\PSoC4/cyfitter_cfg.c **** #ifndef CYXDATA
  68:Generated_Source\PSoC4/cyfitter_cfg.c ****     #define CYXDATA
  69:Generated_Source\PSoC4/cyfitter_cfg.c **** #endif
  70:Generated_Source\PSoC4/cyfitter_cfg.c **** 
  71:Generated_Source\PSoC4/cyfitter_cfg.c **** 
  72:Generated_Source\PSoC4/cyfitter_cfg.c **** CY_CFG_UNUSED
  73:Generated_Source\PSoC4/cyfitter_cfg.c **** static void CYMEMZERO(void *s, size_t n);
  74:Generated_Source\PSoC4/cyfitter_cfg.c **** CY_CFG_UNUSED
  75:Generated_Source\PSoC4/cyfitter_cfg.c **** static void CYMEMZERO(void *s, size_t n)
  76:Generated_Source\PSoC4/cyfitter_cfg.c **** {
  27              		.loc 1 76 0
  28              		.cfi_startproc
  29              		@ args = 0, pretend = 0, frame = 8
  30              		@ frame_needed = 1, uses_anonymous_args = 0
  31 0000 80B5     		push	{r7, lr}
  32              		.cfi_def_cfa_offset 8
  33              		.cfi_offset 7, -8
  34              		.cfi_offset 14, -4
  35 0002 82B0     		sub	sp, sp, #8
  36              		.cfi_def_cfa_offset 16
  37 0004 00AF     		add	r7, sp, #0
  38              		.cfi_def_cfa_register 7
ARM GAS  C:\Users\Admin\AppData\Local\Temp\cc07KU0r.s 			page 3


  39 0006 7860     		str	r0, [r7, #4]
  40 0008 3960     		str	r1, [r7]
  77:Generated_Source\PSoC4/cyfitter_cfg.c **** 	(void)memset(s, 0, n);
  41              		.loc 1 77 0
  42 000a 3A68     		ldr	r2, [r7]
  43 000c 7B68     		ldr	r3, [r7, #4]
  44 000e 0021     		movs	r1, #0
  45 0010 1800     		movs	r0, r3
  46 0012 FFF7FEFF 		bl	memset
  78:Generated_Source\PSoC4/cyfitter_cfg.c **** }
  47              		.loc 1 78 0
  48 0016 C046     		nop
  49 0018 BD46     		mov	sp, r7
  50 001a 02B0     		add	sp, sp, #8
  51              		@ sp needed
  52 001c 80BD     		pop	{r7, pc}
  53              		.cfi_endproc
  54              	.LFE2:
  55              		.size	CYMEMZERO, .-CYMEMZERO
  56 001e C046     		.section	.text.CYCONFIGCPY,"ax",%progbits
  57              		.align	2
  58              		.code	16
  59              		.thumb_func
  60              		.type	CYCONFIGCPY, %function
  61              	CYCONFIGCPY:
  62              	.LFB3:
  79:Generated_Source\PSoC4/cyfitter_cfg.c **** CY_CFG_UNUSED
  80:Generated_Source\PSoC4/cyfitter_cfg.c **** static void CYCONFIGCPY(void *dest, const void *src, size_t n);
  81:Generated_Source\PSoC4/cyfitter_cfg.c **** CY_CFG_UNUSED
  82:Generated_Source\PSoC4/cyfitter_cfg.c **** static void CYCONFIGCPY(void *dest, const void *src, size_t n)
  83:Generated_Source\PSoC4/cyfitter_cfg.c **** {
  63              		.loc 1 83 0
  64              		.cfi_startproc
  65              		@ args = 0, pretend = 0, frame = 16
  66              		@ frame_needed = 1, uses_anonymous_args = 0
  67 0000 80B5     		push	{r7, lr}
  68              		.cfi_def_cfa_offset 8
  69              		.cfi_offset 7, -8
  70              		.cfi_offset 14, -4
  71 0002 84B0     		sub	sp, sp, #16
  72              		.cfi_def_cfa_offset 24
  73 0004 00AF     		add	r7, sp, #0
  74              		.cfi_def_cfa_register 7
  75 0006 F860     		str	r0, [r7, #12]
  76 0008 B960     		str	r1, [r7, #8]
  77 000a 7A60     		str	r2, [r7, #4]
  84:Generated_Source\PSoC4/cyfitter_cfg.c **** 	(void)memcpy(dest, src, n);
  78              		.loc 1 84 0
  79 000c 7A68     		ldr	r2, [r7, #4]
  80 000e B968     		ldr	r1, [r7, #8]
  81 0010 FB68     		ldr	r3, [r7, #12]
  82 0012 1800     		movs	r0, r3
  83 0014 FFF7FEFF 		bl	memcpy
  85:Generated_Source\PSoC4/cyfitter_cfg.c **** }
  84              		.loc 1 85 0
  85 0018 C046     		nop
  86 001a BD46     		mov	sp, r7
ARM GAS  C:\Users\Admin\AppData\Local\Temp\cc07KU0r.s 			page 4


  87 001c 04B0     		add	sp, sp, #16
  88              		@ sp needed
  89 001e 80BD     		pop	{r7, pc}
  90              		.cfi_endproc
  91              	.LFE3:
  92              		.size	CYCONFIGCPY, .-CYCONFIGCPY
  93              		.section	.text.CYCONFIGCPYCODE,"ax",%progbits
  94              		.align	2
  95              		.code	16
  96              		.thumb_func
  97              		.type	CYCONFIGCPYCODE, %function
  98              	CYCONFIGCPYCODE:
  99              	.LFB4:
  86:Generated_Source\PSoC4/cyfitter_cfg.c **** CY_CFG_UNUSED
  87:Generated_Source\PSoC4/cyfitter_cfg.c **** static void CYCONFIGCPYCODE(void *dest, const void *src, size_t n);
  88:Generated_Source\PSoC4/cyfitter_cfg.c **** CY_CFG_UNUSED
  89:Generated_Source\PSoC4/cyfitter_cfg.c **** static void CYCONFIGCPYCODE(void *dest, const void *src, size_t n)
  90:Generated_Source\PSoC4/cyfitter_cfg.c **** {
 100              		.loc 1 90 0
 101              		.cfi_startproc
 102              		@ args = 0, pretend = 0, frame = 16
 103              		@ frame_needed = 1, uses_anonymous_args = 0
 104 0000 80B5     		push	{r7, lr}
 105              		.cfi_def_cfa_offset 8
 106              		.cfi_offset 7, -8
 107              		.cfi_offset 14, -4
 108 0002 84B0     		sub	sp, sp, #16
 109              		.cfi_def_cfa_offset 24
 110 0004 00AF     		add	r7, sp, #0
 111              		.cfi_def_cfa_register 7
 112 0006 F860     		str	r0, [r7, #12]
 113 0008 B960     		str	r1, [r7, #8]
 114 000a 7A60     		str	r2, [r7, #4]
  91:Generated_Source\PSoC4/cyfitter_cfg.c **** 	(void)memcpy(dest, src, n);
 115              		.loc 1 91 0
 116 000c 7A68     		ldr	r2, [r7, #4]
 117 000e B968     		ldr	r1, [r7, #8]
 118 0010 FB68     		ldr	r3, [r7, #12]
 119 0012 1800     		movs	r0, r3
 120 0014 FFF7FEFF 		bl	memcpy
  92:Generated_Source\PSoC4/cyfitter_cfg.c **** }
 121              		.loc 1 92 0
 122 0018 C046     		nop
 123 001a BD46     		mov	sp, r7
 124 001c 04B0     		add	sp, sp, #16
 125              		@ sp needed
 126 001e 80BD     		pop	{r7, pc}
 127              		.cfi_endproc
 128              	.LFE4:
 129              		.size	CYCONFIGCPYCODE, .-CYCONFIGCPYCODE
 130              		.section	.text.cfg_write_bytes32,"ax",%progbits
 131              		.align	2
 132              		.code	16
 133              		.thumb_func
 134              		.type	cfg_write_bytes32, %function
 135              	cfg_write_bytes32:
 136              	.LFB5:
ARM GAS  C:\Users\Admin\AppData\Local\Temp\cc07KU0r.s 			page 5


  93:Generated_Source\PSoC4/cyfitter_cfg.c **** 
  94:Generated_Source\PSoC4/cyfitter_cfg.c **** 
  95:Generated_Source\PSoC4/cyfitter_cfg.c **** 
  96:Generated_Source\PSoC4/cyfitter_cfg.c **** 
  97:Generated_Source\PSoC4/cyfitter_cfg.c **** /* Clock startup error codes                                                   */
  98:Generated_Source\PSoC4/cyfitter_cfg.c **** #define CYCLOCKSTART_NO_ERROR    0u
  99:Generated_Source\PSoC4/cyfitter_cfg.c **** #define CYCLOCKSTART_XTAL_ERROR  1u
 100:Generated_Source\PSoC4/cyfitter_cfg.c **** #define CYCLOCKSTART_32KHZ_ERROR 2u
 101:Generated_Source\PSoC4/cyfitter_cfg.c **** #define CYCLOCKSTART_PLL_ERROR   3u
 102:Generated_Source\PSoC4/cyfitter_cfg.c **** #define CYCLOCKSTART_FLL_ERROR   4u
 103:Generated_Source\PSoC4/cyfitter_cfg.c **** #define CYCLOCKSTART_WCO_ERROR   5u
 104:Generated_Source\PSoC4/cyfitter_cfg.c **** 
 105:Generated_Source\PSoC4/cyfitter_cfg.c **** 
 106:Generated_Source\PSoC4/cyfitter_cfg.c **** #ifdef CY_NEED_CYCLOCKSTARTUPERROR
 107:Generated_Source\PSoC4/cyfitter_cfg.c **** /*******************************************************************************
 108:Generated_Source\PSoC4/cyfitter_cfg.c **** * Function Name: CyClockStartupError
 109:Generated_Source\PSoC4/cyfitter_cfg.c **** ********************************************************************************
 110:Generated_Source\PSoC4/cyfitter_cfg.c **** * Summary:
 111:Generated_Source\PSoC4/cyfitter_cfg.c **** *  If an error is encountered during clock configuration (crystal startup error,
 112:Generated_Source\PSoC4/cyfitter_cfg.c **** *  PLL lock error, etc.), the system will end up here.  Unless reimplemented by
 113:Generated_Source\PSoC4/cyfitter_cfg.c **** *  the customer, this function will stop in an infinite loop.
 114:Generated_Source\PSoC4/cyfitter_cfg.c **** *
 115:Generated_Source\PSoC4/cyfitter_cfg.c **** * Parameters:
 116:Generated_Source\PSoC4/cyfitter_cfg.c **** *   void
 117:Generated_Source\PSoC4/cyfitter_cfg.c **** *
 118:Generated_Source\PSoC4/cyfitter_cfg.c **** * Return:
 119:Generated_Source\PSoC4/cyfitter_cfg.c **** *   void
 120:Generated_Source\PSoC4/cyfitter_cfg.c **** *
 121:Generated_Source\PSoC4/cyfitter_cfg.c **** *******************************************************************************/
 122:Generated_Source\PSoC4/cyfitter_cfg.c **** CY_CFG_UNUSED
 123:Generated_Source\PSoC4/cyfitter_cfg.c **** static void CyClockStartupError(uint8 errorCode);
 124:Generated_Source\PSoC4/cyfitter_cfg.c **** CY_CFG_UNUSED
 125:Generated_Source\PSoC4/cyfitter_cfg.c **** static void CyClockStartupError(uint8 errorCode)
 126:Generated_Source\PSoC4/cyfitter_cfg.c **** {
 127:Generated_Source\PSoC4/cyfitter_cfg.c ****     /* To remove the compiler warning if errorCode not used.                */
 128:Generated_Source\PSoC4/cyfitter_cfg.c ****     errorCode = errorCode;
 129:Generated_Source\PSoC4/cyfitter_cfg.c **** 
 130:Generated_Source\PSoC4/cyfitter_cfg.c ****     /* If we have a clock startup error (bad MHz crystal, PLL lock, etc.),  */
 131:Generated_Source\PSoC4/cyfitter_cfg.c ****     /* we will end up here to allow the customer to implement something to  */
 132:Generated_Source\PSoC4/cyfitter_cfg.c ****     /* deal with the clock condition.                                       */
 133:Generated_Source\PSoC4/cyfitter_cfg.c **** 
 134:Generated_Source\PSoC4/cyfitter_cfg.c **** #ifdef CY_CFG_CLOCK_STARTUP_ERROR_CALLBACK
 135:Generated_Source\PSoC4/cyfitter_cfg.c ****     CY_CFG_Clock_Startup_ErrorCallback();
 136:Generated_Source\PSoC4/cyfitter_cfg.c **** #else
 137:Generated_Source\PSoC4/cyfitter_cfg.c ****     /*  If not using CY_CFG_CLOCK_STARTUP_ERROR_CALLBACK, place your clock startup code here. */
 138:Generated_Source\PSoC4/cyfitter_cfg.c ****     /* `#START CyClockStartupError` */
 139:Generated_Source\PSoC4/cyfitter_cfg.c **** 
 140:Generated_Source\PSoC4/cyfitter_cfg.c **** 
 141:Generated_Source\PSoC4/cyfitter_cfg.c **** 
 142:Generated_Source\PSoC4/cyfitter_cfg.c ****     /* `#END` */
 143:Generated_Source\PSoC4/cyfitter_cfg.c **** 
 144:Generated_Source\PSoC4/cyfitter_cfg.c ****     while(1) {}
 145:Generated_Source\PSoC4/cyfitter_cfg.c **** #endif /* CY_CFG_CLOCK_STARTUP_ERROR_CALLBACK */
 146:Generated_Source\PSoC4/cyfitter_cfg.c **** }
 147:Generated_Source\PSoC4/cyfitter_cfg.c **** #endif
 148:Generated_Source\PSoC4/cyfitter_cfg.c **** 
 149:Generated_Source\PSoC4/cyfitter_cfg.c **** #define CY_CFG_BASE_ADDR_COUNT 2u
ARM GAS  C:\Users\Admin\AppData\Local\Temp\cc07KU0r.s 			page 6


 150:Generated_Source\PSoC4/cyfitter_cfg.c **** CYPACKED typedef struct
 151:Generated_Source\PSoC4/cyfitter_cfg.c **** {
 152:Generated_Source\PSoC4/cyfitter_cfg.c **** 	uint8 offset;
 153:Generated_Source\PSoC4/cyfitter_cfg.c **** 	uint8 value;
 154:Generated_Source\PSoC4/cyfitter_cfg.c **** } CYPACKED_ATTR cy_cfg_addrvalue_t;
 155:Generated_Source\PSoC4/cyfitter_cfg.c **** 
 156:Generated_Source\PSoC4/cyfitter_cfg.c **** 
 157:Generated_Source\PSoC4/cyfitter_cfg.c **** 
 158:Generated_Source\PSoC4/cyfitter_cfg.c **** /*******************************************************************************
 159:Generated_Source\PSoC4/cyfitter_cfg.c **** * Function Name: cfg_write_bytes32
 160:Generated_Source\PSoC4/cyfitter_cfg.c **** ********************************************************************************
 161:Generated_Source\PSoC4/cyfitter_cfg.c **** * Summary:
 162:Generated_Source\PSoC4/cyfitter_cfg.c **** *  This function is used for setting up the chip configuration areas that
 163:Generated_Source\PSoC4/cyfitter_cfg.c **** *  contain relatively sparse data.
 164:Generated_Source\PSoC4/cyfitter_cfg.c **** *
 165:Generated_Source\PSoC4/cyfitter_cfg.c **** * Parameters:
 166:Generated_Source\PSoC4/cyfitter_cfg.c **** *   void
 167:Generated_Source\PSoC4/cyfitter_cfg.c **** *
 168:Generated_Source\PSoC4/cyfitter_cfg.c **** * Return:
 169:Generated_Source\PSoC4/cyfitter_cfg.c **** *   void
 170:Generated_Source\PSoC4/cyfitter_cfg.c **** *
 171:Generated_Source\PSoC4/cyfitter_cfg.c **** *******************************************************************************/
 172:Generated_Source\PSoC4/cyfitter_cfg.c **** static void cfg_write_bytes32(const uint32 addr_table[], const cy_cfg_addrvalue_t data_table[]);
 173:Generated_Source\PSoC4/cyfitter_cfg.c **** static void cfg_write_bytes32(const uint32 addr_table[], const cy_cfg_addrvalue_t data_table[])
 174:Generated_Source\PSoC4/cyfitter_cfg.c **** {
 137              		.loc 1 174 0
 138              		.cfi_startproc
 139              		@ args = 0, pretend = 0, frame = 24
 140              		@ frame_needed = 1, uses_anonymous_args = 0
 141 0000 80B5     		push	{r7, lr}
 142              		.cfi_def_cfa_offset 8
 143              		.cfi_offset 7, -8
 144              		.cfi_offset 14, -4
 145 0002 86B0     		sub	sp, sp, #24
 146              		.cfi_def_cfa_offset 32
 147 0004 00AF     		add	r7, sp, #0
 148              		.cfi_def_cfa_register 7
 149 0006 7860     		str	r0, [r7, #4]
 150 0008 3960     		str	r1, [r7]
 175:Generated_Source\PSoC4/cyfitter_cfg.c **** 	/* For 32-bit little-endian architectures */
 176:Generated_Source\PSoC4/cyfitter_cfg.c **** 	uint32 i, j = 0u;
 151              		.loc 1 176 0
 152 000a 0023     		movs	r3, #0
 153 000c 3B61     		str	r3, [r7, #16]
 177:Generated_Source\PSoC4/cyfitter_cfg.c **** 	for (i = 0u; i < CY_CFG_BASE_ADDR_COUNT; i++)
 154              		.loc 1 177 0
 155 000e 0023     		movs	r3, #0
 156 0010 7B61     		str	r3, [r7, #20]
 157 0012 2FE0     		b	.L5
 158              	.L8:
 159              	.LBB2:
 178:Generated_Source\PSoC4/cyfitter_cfg.c **** 	{
 179:Generated_Source\PSoC4/cyfitter_cfg.c **** 		uint32 baseAddr = addr_table[i];
 160              		.loc 1 179 0
 161 0014 7B69     		ldr	r3, [r7, #20]
 162 0016 9B00     		lsls	r3, r3, #2
 163 0018 7A68     		ldr	r2, [r7, #4]
ARM GAS  C:\Users\Admin\AppData\Local\Temp\cc07KU0r.s 			page 7


 164 001a D318     		adds	r3, r2, r3
 165 001c 1B68     		ldr	r3, [r3]
 166 001e BB60     		str	r3, [r7, #8]
 180:Generated_Source\PSoC4/cyfitter_cfg.c **** 		uint8 count = (uint8)baseAddr;
 167              		.loc 1 180 0
 168 0020 0F23     		movs	r3, #15
 169 0022 FB18     		adds	r3, r7, r3
 170 0024 BA68     		ldr	r2, [r7, #8]
 171 0026 1A70     		strb	r2, [r3]
 181:Generated_Source\PSoC4/cyfitter_cfg.c **** 		baseAddr &= 0xFFFFFF00u;
 172              		.loc 1 181 0
 173 0028 BB68     		ldr	r3, [r7, #8]
 174 002a FF22     		movs	r2, #255
 175 002c 9343     		bics	r3, r2
 176 002e BB60     		str	r3, [r7, #8]
 182:Generated_Source\PSoC4/cyfitter_cfg.c **** 		while (count != 0u)
 177              		.loc 1 182 0
 178 0030 18E0     		b	.L6
 179              	.L7:
 183:Generated_Source\PSoC4/cyfitter_cfg.c **** 		{
 184:Generated_Source\PSoC4/cyfitter_cfg.c **** 			CY_SET_REG8((void *)(baseAddr + data_table[j].offset), data_table[j].value);
 180              		.loc 1 184 0
 181 0032 3B69     		ldr	r3, [r7, #16]
 182 0034 5B00     		lsls	r3, r3, #1
 183 0036 3A68     		ldr	r2, [r7]
 184 0038 D318     		adds	r3, r2, r3
 185 003a 1B78     		ldrb	r3, [r3]
 186 003c 1A00     		movs	r2, r3
 187 003e BB68     		ldr	r3, [r7, #8]
 188 0040 D318     		adds	r3, r2, r3
 189 0042 1900     		movs	r1, r3
 190 0044 3B69     		ldr	r3, [r7, #16]
 191 0046 5B00     		lsls	r3, r3, #1
 192 0048 3A68     		ldr	r2, [r7]
 193 004a D318     		adds	r3, r2, r3
 194 004c 5B78     		ldrb	r3, [r3, #1]
 195 004e 0B70     		strb	r3, [r1]
 185:Generated_Source\PSoC4/cyfitter_cfg.c **** 			j++;
 196              		.loc 1 185 0
 197 0050 3B69     		ldr	r3, [r7, #16]
 198 0052 0133     		adds	r3, r3, #1
 199 0054 3B61     		str	r3, [r7, #16]
 186:Generated_Source\PSoC4/cyfitter_cfg.c **** 			count--;
 200              		.loc 1 186 0
 201 0056 0F23     		movs	r3, #15
 202 0058 FB18     		adds	r3, r7, r3
 203 005a 1A78     		ldrb	r2, [r3]
 204 005c 0F23     		movs	r3, #15
 205 005e FB18     		adds	r3, r7, r3
 206 0060 013A     		subs	r2, r2, #1
 207 0062 1A70     		strb	r2, [r3]
 208              	.L6:
 182:Generated_Source\PSoC4/cyfitter_cfg.c **** 		{
 209              		.loc 1 182 0
 210 0064 0F23     		movs	r3, #15
 211 0066 FB18     		adds	r3, r7, r3
 212 0068 1B78     		ldrb	r3, [r3]
ARM GAS  C:\Users\Admin\AppData\Local\Temp\cc07KU0r.s 			page 8


 213 006a 002B     		cmp	r3, #0
 214 006c E1D1     		bne	.L7
 215              	.LBE2:
 177:Generated_Source\PSoC4/cyfitter_cfg.c **** 	{
 216              		.loc 1 177 0 discriminator 2
 217 006e 7B69     		ldr	r3, [r7, #20]
 218 0070 0133     		adds	r3, r3, #1
 219 0072 7B61     		str	r3, [r7, #20]
 220              	.L5:
 177:Generated_Source\PSoC4/cyfitter_cfg.c **** 	{
 221              		.loc 1 177 0 is_stmt 0 discriminator 1
 222 0074 7B69     		ldr	r3, [r7, #20]
 223 0076 012B     		cmp	r3, #1
 224 0078 CCD9     		bls	.L8
 187:Generated_Source\PSoC4/cyfitter_cfg.c **** 		}
 188:Generated_Source\PSoC4/cyfitter_cfg.c **** 	}
 189:Generated_Source\PSoC4/cyfitter_cfg.c **** }
 225              		.loc 1 189 0 is_stmt 1
 226 007a C046     		nop
 227 007c BD46     		mov	sp, r7
 228 007e 06B0     		add	sp, sp, #24
 229              		@ sp needed
 230 0080 80BD     		pop	{r7, pc}
 231              		.cfi_endproc
 232              	.LFE5:
 233              		.size	cfg_write_bytes32, .-cfg_write_bytes32
 234 0082 C046     		.section	.psocinit,"ax",%progbits
 235              		.align	2
 236              		.code	16
 237              		.thumb_func
 238              		.type	ClockSetup, %function
 239              	ClockSetup:
 240              	.LFB6:
 190:Generated_Source\PSoC4/cyfitter_cfg.c **** 
 191:Generated_Source\PSoC4/cyfitter_cfg.c **** 
 192:Generated_Source\PSoC4/cyfitter_cfg.c **** /*******************************************************************************
 193:Generated_Source\PSoC4/cyfitter_cfg.c **** * Function Name: ClockSetup
 194:Generated_Source\PSoC4/cyfitter_cfg.c **** ********************************************************************************
 195:Generated_Source\PSoC4/cyfitter_cfg.c **** *
 196:Generated_Source\PSoC4/cyfitter_cfg.c **** * Summary:
 197:Generated_Source\PSoC4/cyfitter_cfg.c **** *   Performs the initialization of all of the clocks in the device based on the
 198:Generated_Source\PSoC4/cyfitter_cfg.c **** *   settings in the Clock tab of the DWR.  This includes enabling the requested
 199:Generated_Source\PSoC4/cyfitter_cfg.c **** *   clocks and setting the necessary dividers to produce the desired frequency. 
 200:Generated_Source\PSoC4/cyfitter_cfg.c **** *
 201:Generated_Source\PSoC4/cyfitter_cfg.c **** * Parameters:
 202:Generated_Source\PSoC4/cyfitter_cfg.c **** *   void
 203:Generated_Source\PSoC4/cyfitter_cfg.c **** *
 204:Generated_Source\PSoC4/cyfitter_cfg.c **** * Return:
 205:Generated_Source\PSoC4/cyfitter_cfg.c **** *   void
 206:Generated_Source\PSoC4/cyfitter_cfg.c **** *
 207:Generated_Source\PSoC4/cyfitter_cfg.c **** *******************************************************************************/
 208:Generated_Source\PSoC4/cyfitter_cfg.c **** static void ClockSetup(void);
 209:Generated_Source\PSoC4/cyfitter_cfg.c **** CY_CFG_SECTION
 210:Generated_Source\PSoC4/cyfitter_cfg.c **** static void ClockSetup(void)
 211:Generated_Source\PSoC4/cyfitter_cfg.c **** {
 241              		.loc 1 211 0
 242              		.cfi_startproc
ARM GAS  C:\Users\Admin\AppData\Local\Temp\cc07KU0r.s 			page 9


 243              		@ args = 0, pretend = 0, frame = 0
 244              		@ frame_needed = 1, uses_anonymous_args = 0
 245 0000 80B5     		push	{r7, lr}
 246              		.cfi_def_cfa_offset 8
 247              		.cfi_offset 7, -8
 248              		.cfi_offset 14, -4
 249 0002 00AF     		add	r7, sp, #0
 250              		.cfi_def_cfa_register 7
 212:Generated_Source\PSoC4/cyfitter_cfg.c **** 
 213:Generated_Source\PSoC4/cyfitter_cfg.c **** 	/* Set Flash Cycles based on max possible frequency in case a glitch occurs during ClockSetup(). *
 214:Generated_Source\PSoC4/cyfitter_cfg.c **** 	CY_SET_REG32((void CYXDATA *)(CYREG_CPUSS_FLASH_CTL), (0x0012u));
 251              		.loc 1 214 0
 252 0004 204B     		ldr	r3, .L10
 253 0006 1222     		movs	r2, #18
 254 0008 1A60     		str	r2, [r3]
 215:Generated_Source\PSoC4/cyfitter_cfg.c **** 
 216:Generated_Source\PSoC4/cyfitter_cfg.c **** 	/* Start the WCO */
 217:Generated_Source\PSoC4/cyfitter_cfg.c **** 	CySysClkWcoStart();
 255              		.loc 1 217 0
 256 000a FFF7FEFF 		bl	CySysClkWcoStart
 218:Generated_Source\PSoC4/cyfitter_cfg.c **** 	(void)CySysClkWcoSetPowerMode(CY_SYS_CLK_WCO_LPM);    /* Switch to the low power mode */
 257              		.loc 1 218 0
 258 000e 0120     		movs	r0, #1
 259 0010 FFF7FEFF 		bl	CySysClkWcoSetPowerMode
 219:Generated_Source\PSoC4/cyfitter_cfg.c **** 
 220:Generated_Source\PSoC4/cyfitter_cfg.c **** 	/* Setup and trim IMO based on desired frequency. */
 221:Generated_Source\PSoC4/cyfitter_cfg.c **** 	CySysClkWriteImoFreq(3u);
 260              		.loc 1 221 0
 261 0014 0320     		movs	r0, #3
 262 0016 FFF7FEFF 		bl	CySysClkWriteImoFreq
 222:Generated_Source\PSoC4/cyfitter_cfg.c **** 	/* CYDEV_CLK_ILO_CONFIG Starting address: CYDEV_CLK_ILO_CONFIG */
 223:Generated_Source\PSoC4/cyfitter_cfg.c **** 	CY_SET_REG32((void *)(CYREG_CLK_ILO_CONFIG), 0x80000006u);
 263              		.loc 1 223 0
 264 001a 1C4B     		ldr	r3, .L10+4
 265 001c 1C4A     		ldr	r2, .L10+8
 266 001e 1A60     		str	r2, [r3]
 224:Generated_Source\PSoC4/cyfitter_cfg.c **** 
 225:Generated_Source\PSoC4/cyfitter_cfg.c **** 
 226:Generated_Source\PSoC4/cyfitter_cfg.c **** 	/* Enable fast start mode for XO */
 227:Generated_Source\PSoC4/cyfitter_cfg.c **** 	CY_SET_REG32((void*)CYREG_BLE_BLERD_BB_XO, CY_GET_REG32((void*)CYREG_BLE_BLERD_BB_XO) | (uint32)0x
 267              		.loc 1 227 0
 268 0020 1C4B     		ldr	r3, .L10+12
 269 0022 1C4A     		ldr	r2, .L10+12
 270 0024 1268     		ldr	r2, [r2]
 271 0026 0221     		movs	r1, #2
 272 0028 0A43     		orrs	r2, r1
 273 002a 1A60     		str	r2, [r3]
 228:Generated_Source\PSoC4/cyfitter_cfg.c **** 	CY_SET_REG32((void *)(CYREG_BLE_BLERD_BB_XO_CAPTRIM), 0x00003E2Du);
 274              		.loc 1 228 0
 275 002c 1A4B     		ldr	r3, .L10+16
 276 002e 1B4A     		ldr	r2, .L10+20
 277 0030 1A60     		str	r2, [r3]
 229:Generated_Source\PSoC4/cyfitter_cfg.c **** 	/*Set XTAL(ECO) divider*/
 230:Generated_Source\PSoC4/cyfitter_cfg.c **** 	CY_SET_REG32((void *)(CYREG_BLE_BLESS_XTAL_CLK_DIV_CONFIG), 0x00000000u);
 278              		.loc 1 230 0
 279 0032 1B4B     		ldr	r3, .L10+24
 280 0034 0022     		movs	r2, #0
ARM GAS  C:\Users\Admin\AppData\Local\Temp\cc07KU0r.s 			page 10


 281 0036 1A60     		str	r2, [r3]
 231:Generated_Source\PSoC4/cyfitter_cfg.c **** 	/* Disable Crystal Stable Interrupt before enabling ECO */
 232:Generated_Source\PSoC4/cyfitter_cfg.c **** 	CY_SET_REG32((void*)CYREG_BLE_BLESS_LL_DSM_CTRL, CY_GET_REG32((void*)CYREG_BLE_BLESS_LL_DSM_CTRL) 
 282              		.loc 1 232 0
 283 0038 1A4B     		ldr	r3, .L10+28
 284 003a 1A4A     		ldr	r2, .L10+28
 285 003c 1268     		ldr	r2, [r2]
 286 003e 0821     		movs	r1, #8
 287 0040 8A43     		bics	r2, r1
 288 0042 1A60     		str	r2, [r3]
 233:Generated_Source\PSoC4/cyfitter_cfg.c **** 	/* Start the ECO and do not check status since it is not needed for HFCLK */
 234:Generated_Source\PSoC4/cyfitter_cfg.c **** 	(void)CySysClkEcoStart(2000u);
 289              		.loc 1 234 0
 290 0044 FA23     		movs	r3, #250
 291 0046 DB00     		lsls	r3, r3, #3
 292 0048 1800     		movs	r0, r3
 293 004a FFF7FEFF 		bl	CySysClkEcoStart
 235:Generated_Source\PSoC4/cyfitter_cfg.c **** 	CyDelayUs(1500u); /* Wait to stabilize */
 294              		.loc 1 235 0
 295 004e 164B     		ldr	r3, .L10+32
 296 0050 1800     		movs	r0, r3
 297 0052 FFF7FEFF 		bl	CyDelayUs
 236:Generated_Source\PSoC4/cyfitter_cfg.c **** 
 237:Generated_Source\PSoC4/cyfitter_cfg.c **** 	/* Setup phase aligned clocks */
 238:Generated_Source\PSoC4/cyfitter_cfg.c **** 	CY_SET_REG32((void *)CYREG_PERI_DIV_16_CTL0, 0x00000000u);
 298              		.loc 1 238 0
 299 0056 154B     		ldr	r3, .L10+36
 300 0058 0022     		movs	r2, #0
 301 005a 1A60     		str	r2, [r3]
 239:Generated_Source\PSoC4/cyfitter_cfg.c **** 	CY_SET_REG32((void *)CYREG_PERI_DIV_CMD, 0x8000FF40u);
 302              		.loc 1 239 0
 303 005c 144B     		ldr	r3, .L10+40
 304 005e 154A     		ldr	r2, .L10+44
 305 0060 1A60     		str	r2, [r3]
 240:Generated_Source\PSoC4/cyfitter_cfg.c **** 
 241:Generated_Source\PSoC4/cyfitter_cfg.c **** 	/* CYDEV_CLK_IMO_CONFIG Starting address: CYDEV_CLK_IMO_CONFIG */
 242:Generated_Source\PSoC4/cyfitter_cfg.c **** 	CY_SET_REG32((void *)(CYREG_CLK_IMO_CONFIG), 0x80000000u);
 306              		.loc 1 242 0
 307 0062 154B     		ldr	r3, .L10+48
 308 0064 8022     		movs	r2, #128
 309 0066 1206     		lsls	r2, r2, #24
 310 0068 1A60     		str	r2, [r3]
 243:Generated_Source\PSoC4/cyfitter_cfg.c **** 
 244:Generated_Source\PSoC4/cyfitter_cfg.c **** 	/* CYDEV_CLK_SELECT Starting address: CYDEV_CLK_SELECT */
 245:Generated_Source\PSoC4/cyfitter_cfg.c **** 	CY_SET_REG32((void *)(CYREG_CLK_SELECT), 0x00000000u);
 311              		.loc 1 245 0
 312 006a 144B     		ldr	r3, .L10+52
 313 006c 0022     		movs	r2, #0
 314 006e 1A60     		str	r2, [r3]
 246:Generated_Source\PSoC4/cyfitter_cfg.c **** 
 247:Generated_Source\PSoC4/cyfitter_cfg.c **** 	/* CYDEV_PERI_PCLK_CTL7 Starting address: CYDEV_PERI_PCLK_CTL7 */
 248:Generated_Source\PSoC4/cyfitter_cfg.c **** 	CY_SET_REG32((void *)(CYREG_PERI_PCLK_CTL7), 0x00000040u);
 315              		.loc 1 248 0
 316 0070 134B     		ldr	r3, .L10+56
 317 0072 4022     		movs	r2, #64
 318 0074 1A60     		str	r2, [r3]
 249:Generated_Source\PSoC4/cyfitter_cfg.c **** 
ARM GAS  C:\Users\Admin\AppData\Local\Temp\cc07KU0r.s 			page 11


 250:Generated_Source\PSoC4/cyfitter_cfg.c **** 	CY_SET_REG32((void *)(CYREG_WDT_CONFIG), 0x00000000u);
 319              		.loc 1 250 0
 320 0076 134B     		ldr	r3, .L10+60
 321 0078 0022     		movs	r2, #0
 322 007a 1A60     		str	r2, [r3]
 251:Generated_Source\PSoC4/cyfitter_cfg.c **** 	/* Set Flash Cycles based on newly configured 3.00MHz HFCLK. */
 252:Generated_Source\PSoC4/cyfitter_cfg.c **** 	CY_SET_REG32((void CYXDATA *)(CYREG_CPUSS_FLASH_CTL), (0x0000u));
 323              		.loc 1 252 0
 324 007c 024B     		ldr	r3, .L10
 325 007e 0022     		movs	r2, #0
 326 0080 1A60     		str	r2, [r3]
 253:Generated_Source\PSoC4/cyfitter_cfg.c **** }
 327              		.loc 1 253 0
 328 0082 C046     		nop
 329 0084 BD46     		mov	sp, r7
 330              		@ sp needed
 331 0086 80BD     		pop	{r7, pc}
 332              	.L11:
 333              		.align	2
 334              	.L10:
 335 0088 30001040 		.word	1074790448
 336 008c 04010B40 		.word	1074462980
 337 0090 06000080 		.word	-2147483642
 338 0094 78002E40 		.word	1076756600
 339 0098 7C002E40 		.word	1076756604
 340 009c 2D3E0000 		.word	15917
 341 00a0 64F02E40 		.word	1076818020
 342 00a4 6CF02E40 		.word	1076818028
 343 00a8 DC050000 		.word	1500
 344 00ac 00030140 		.word	1073808128
 345 00b0 00000140 		.word	1073807360
 346 00b4 40FF0080 		.word	-2147418304
 347 00b8 08010B40 		.word	1074462984
 348 00bc 00010B40 		.word	1074462976
 349 00c0 1C010140 		.word	1073807644
 350 00c4 0C020B40 		.word	1074463244
 351              		.cfi_endproc
 352              	.LFE6:
 353              		.size	ClockSetup, .-ClockSetup
 354              		.section	.text.AnalogSetDefault,"ax",%progbits
 355              		.align	2
 356              		.code	16
 357              		.thumb_func
 358              		.type	AnalogSetDefault, %function
 359              	AnalogSetDefault:
 360              	.LFB7:
 254:Generated_Source\PSoC4/cyfitter_cfg.c **** 
 255:Generated_Source\PSoC4/cyfitter_cfg.c **** 
 256:Generated_Source\PSoC4/cyfitter_cfg.c **** /* Analog API Functions */
 257:Generated_Source\PSoC4/cyfitter_cfg.c **** 
 258:Generated_Source\PSoC4/cyfitter_cfg.c **** 
 259:Generated_Source\PSoC4/cyfitter_cfg.c **** /*******************************************************************************
 260:Generated_Source\PSoC4/cyfitter_cfg.c **** * Function Name: AnalogSetDefault
 261:Generated_Source\PSoC4/cyfitter_cfg.c **** ********************************************************************************
 262:Generated_Source\PSoC4/cyfitter_cfg.c **** *
 263:Generated_Source\PSoC4/cyfitter_cfg.c **** * Summary:
 264:Generated_Source\PSoC4/cyfitter_cfg.c **** *  Sets up the analog portions of the chip to default values based on chip
ARM GAS  C:\Users\Admin\AppData\Local\Temp\cc07KU0r.s 			page 12


 265:Generated_Source\PSoC4/cyfitter_cfg.c **** *  configuration options from the project.
 266:Generated_Source\PSoC4/cyfitter_cfg.c **** *
 267:Generated_Source\PSoC4/cyfitter_cfg.c **** * Parameters:
 268:Generated_Source\PSoC4/cyfitter_cfg.c **** *  void
 269:Generated_Source\PSoC4/cyfitter_cfg.c **** *
 270:Generated_Source\PSoC4/cyfitter_cfg.c **** * Return:
 271:Generated_Source\PSoC4/cyfitter_cfg.c **** *  void
 272:Generated_Source\PSoC4/cyfitter_cfg.c **** *
 273:Generated_Source\PSoC4/cyfitter_cfg.c **** *******************************************************************************/
 274:Generated_Source\PSoC4/cyfitter_cfg.c **** static void AnalogSetDefault(void);
 275:Generated_Source\PSoC4/cyfitter_cfg.c **** static void AnalogSetDefault(void)
 276:Generated_Source\PSoC4/cyfitter_cfg.c **** {
 361              		.loc 1 276 0
 362              		.cfi_startproc
 363              		@ args = 0, pretend = 0, frame = 0
 364              		@ frame_needed = 1, uses_anonymous_args = 0
 365 0000 80B5     		push	{r7, lr}
 366              		.cfi_def_cfa_offset 8
 367              		.cfi_offset 7, -8
 368              		.cfi_offset 14, -4
 369 0002 00AF     		add	r7, sp, #0
 370              		.cfi_def_cfa_register 7
 277:Generated_Source\PSoC4/cyfitter_cfg.c **** 	CY_SET_XTND_REG32((void CYFAR *)CYREG_CTBM0_DFT_CTRL, 0x00000003u);
 371              		.loc 1 277 0
 372 0004 054B     		ldr	r3, .L13
 373 0006 0322     		movs	r2, #3
 374 0008 1A60     		str	r2, [r3]
 278:Generated_Source\PSoC4/cyfitter_cfg.c **** 	CY_SET_XTND_REG32((void CYFAR *)CYREG_CTBM1_DFT_CTRL, 0x00000003u);
 375              		.loc 1 278 0
 376 000a 054B     		ldr	r3, .L13+4
 377 000c 0322     		movs	r2, #3
 378 000e 1A60     		str	r2, [r3]
 279:Generated_Source\PSoC4/cyfitter_cfg.c **** 	CY_SET_XTND_REG32((void CYFAR *)CYREG_PASS_DSAB_DSAB_CTRL, 0x00000000u);
 379              		.loc 1 279 0
 380 0010 044B     		ldr	r3, .L13+8
 381 0012 0022     		movs	r2, #0
 382 0014 1A60     		str	r2, [r3]
 280:Generated_Source\PSoC4/cyfitter_cfg.c **** }
 383              		.loc 1 280 0
 384 0016 C046     		nop
 385 0018 BD46     		mov	sp, r7
 386              		@ sp needed
 387 001a 80BD     		pop	{r7, pc}
 388              	.L14:
 389              		.align	2
 390              	.L13:
 391 001c 30003040 		.word	1076887600
 392 0020 30003140 		.word	1076953136
 393 0024 000E3F40 		.word	1077874176
 394              		.cfi_endproc
 395              	.LFE7:
 396              		.size	AnalogSetDefault, .-AnalogSetDefault
 397              		.section	.psocinit
 398              		.align	2
 399              		.global	cyfitter_cfg
 400              		.code	16
 401              		.thumb_func
ARM GAS  C:\Users\Admin\AppData\Local\Temp\cc07KU0r.s 			page 13


 402              		.type	cyfitter_cfg, %function
 403              	cyfitter_cfg:
 404              	.LFB8:
 281:Generated_Source\PSoC4/cyfitter_cfg.c **** 
 282:Generated_Source\PSoC4/cyfitter_cfg.c **** 
 283:Generated_Source\PSoC4/cyfitter_cfg.c **** 
 284:Generated_Source\PSoC4/cyfitter_cfg.c **** 
 285:Generated_Source\PSoC4/cyfitter_cfg.c **** /*******************************************************************************
 286:Generated_Source\PSoC4/cyfitter_cfg.c **** * Function Name: cyfitter_cfg
 287:Generated_Source\PSoC4/cyfitter_cfg.c **** ********************************************************************************
 288:Generated_Source\PSoC4/cyfitter_cfg.c **** * Summary:
 289:Generated_Source\PSoC4/cyfitter_cfg.c **** *  This function is called by the start-up code for the selected device. It
 290:Generated_Source\PSoC4/cyfitter_cfg.c **** *  performs all of the necessary device configuration based on the design
 291:Generated_Source\PSoC4/cyfitter_cfg.c **** *  settings.  This includes settings from the Design Wide Resources (DWR) such
 292:Generated_Source\PSoC4/cyfitter_cfg.c **** *  as Clocks and Pins as well as any component configuration that is necessary.
 293:Generated_Source\PSoC4/cyfitter_cfg.c **** *
 294:Generated_Source\PSoC4/cyfitter_cfg.c **** * Parameters:
 295:Generated_Source\PSoC4/cyfitter_cfg.c **** *   void
 296:Generated_Source\PSoC4/cyfitter_cfg.c **** *
 297:Generated_Source\PSoC4/cyfitter_cfg.c **** * Return:
 298:Generated_Source\PSoC4/cyfitter_cfg.c **** *   void
 299:Generated_Source\PSoC4/cyfitter_cfg.c **** *
 300:Generated_Source\PSoC4/cyfitter_cfg.c **** *******************************************************************************/
 301:Generated_Source\PSoC4/cyfitter_cfg.c **** CY_CFG_SECTION
 302:Generated_Source\PSoC4/cyfitter_cfg.c **** void cyfitter_cfg(void)
 303:Generated_Source\PSoC4/cyfitter_cfg.c **** {
 405              		.loc 1 303 0
 406              		.cfi_startproc
 407              		@ args = 0, pretend = 0, frame = 8
 408              		@ frame_needed = 1, uses_anonymous_args = 0
 409 00c8 80B5     		push	{r7, lr}
 410              		.cfi_def_cfa_offset 8
 411              		.cfi_offset 7, -8
 412              		.cfi_offset 14, -4
 413 00ca 82B0     		sub	sp, sp, #8
 414              		.cfi_def_cfa_offset 16
 415 00cc 00AF     		add	r7, sp, #0
 416              		.cfi_def_cfa_register 7
 304:Generated_Source\PSoC4/cyfitter_cfg.c **** 	/* Disable interrupts by default. Let user enable if/when they want. */
 305:Generated_Source\PSoC4/cyfitter_cfg.c **** 	CyGlobalIntDisable;
 417              		.loc 1 305 0
 418              		.syntax divided
 419              	@ 305 "Generated_Source\PSoC4\cyfitter_cfg.c" 1
 420 00ce 72B6     		CPSID   i
 421              	@ 0 "" 2
 306:Generated_Source\PSoC4/cyfitter_cfg.c **** 
 307:Generated_Source\PSoC4/cyfitter_cfg.c **** 	CY_SET_REG32((void *)(CYREG_BLE_BLESS_LL_DSM_CTRL), 0x00000000u);
 422              		.loc 1 307 0
 423              		.thumb
 424              		.syntax unified
 425 00d0 324B     		ldr	r3, .L18
 426 00d2 0022     		movs	r2, #0
 427 00d4 1A60     		str	r2, [r3]
 428              	.LBB3:
 308:Generated_Source\PSoC4/cyfitter_cfg.c **** 
 309:Generated_Source\PSoC4/cyfitter_cfg.c **** 	{
 310:Generated_Source\PSoC4/cyfitter_cfg.c **** 		static const uint32 CYCODE cy_cfg_addr_table[] = {
ARM GAS  C:\Users\Admin\AppData\Local\Temp\cc07KU0r.s 			page 14


 311:Generated_Source\PSoC4/cyfitter_cfg.c **** 			0x400F4202u, /* Base address: 0x400F4200 Count: 2 */
 312:Generated_Source\PSoC4/cyfitter_cfg.c **** 			0x400F4303u, /* Base address: 0x400F4300 Count: 3 */
 313:Generated_Source\PSoC4/cyfitter_cfg.c **** 		};
 314:Generated_Source\PSoC4/cyfitter_cfg.c **** 
 315:Generated_Source\PSoC4/cyfitter_cfg.c **** 		static const cy_cfg_addrvalue_t CYCODE cy_cfg_data_table[] = {
 316:Generated_Source\PSoC4/cyfitter_cfg.c **** 			{0x10u, 0x10u},
 317:Generated_Source\PSoC4/cyfitter_cfg.c **** 			{0xC4u, 0x08u},
 318:Generated_Source\PSoC4/cyfitter_cfg.c **** 			{0x64u, 0x10u},
 319:Generated_Source\PSoC4/cyfitter_cfg.c **** 			{0x98u, 0x10u},
 320:Generated_Source\PSoC4/cyfitter_cfg.c **** 			{0xD8u, 0x01u},
 321:Generated_Source\PSoC4/cyfitter_cfg.c **** 		};
 322:Generated_Source\PSoC4/cyfitter_cfg.c **** 
 323:Generated_Source\PSoC4/cyfitter_cfg.c **** 
 324:Generated_Source\PSoC4/cyfitter_cfg.c **** 
 325:Generated_Source\PSoC4/cyfitter_cfg.c **** 		CYPACKED typedef struct {
 326:Generated_Source\PSoC4/cyfitter_cfg.c **** 			void CYFAR *address;
 327:Generated_Source\PSoC4/cyfitter_cfg.c **** 			uint16 size;
 328:Generated_Source\PSoC4/cyfitter_cfg.c **** 		} CYPACKED_ATTR cfg_memset_t;
 329:Generated_Source\PSoC4/cyfitter_cfg.c **** 
 330:Generated_Source\PSoC4/cyfitter_cfg.c **** 		static const cfg_memset_t CYCODE cfg_memset_list[] = {
 331:Generated_Source\PSoC4/cyfitter_cfg.c **** 			/* address, size */
 332:Generated_Source\PSoC4/cyfitter_cfg.c **** 			{(void CYFAR *)(CYDEV_UDB_P0_U0_BASE), 1024u},
 333:Generated_Source\PSoC4/cyfitter_cfg.c **** 			{(void CYFAR *)(CYDEV_UDB_DSI0_BASE), 1024u},
 334:Generated_Source\PSoC4/cyfitter_cfg.c **** 		};
 335:Generated_Source\PSoC4/cyfitter_cfg.c **** 
 336:Generated_Source\PSoC4/cyfitter_cfg.c **** 		uint8 CYDATA i;
 337:Generated_Source\PSoC4/cyfitter_cfg.c **** 
 338:Generated_Source\PSoC4/cyfitter_cfg.c **** 		/* Zero out critical memory blocks before beginning configuration */
 339:Generated_Source\PSoC4/cyfitter_cfg.c **** 		for (i = 0u; i < (sizeof(cfg_memset_list)/sizeof(cfg_memset_list[0])); i++)
 429              		.loc 1 339 0
 430 00d6 FB1D     		adds	r3, r7, #7
 431 00d8 0022     		movs	r2, #0
 432 00da 1A70     		strb	r2, [r3]
 433 00dc 22E0     		b	.L16
 434              	.L17:
 435              	.LBB4:
 340:Generated_Source\PSoC4/cyfitter_cfg.c **** 		{
 341:Generated_Source\PSoC4/cyfitter_cfg.c **** 			const cfg_memset_t CYCODE * CYDATA ms = &cfg_memset_list[i];
 436              		.loc 1 341 0 discriminator 3
 437 00de FB1D     		adds	r3, r7, #7
 438 00e0 1A78     		ldrb	r2, [r3]
 439 00e2 1300     		movs	r3, r2
 440 00e4 5B00     		lsls	r3, r3, #1
 441 00e6 9B18     		adds	r3, r3, r2
 442 00e8 5B00     		lsls	r3, r3, #1
 443 00ea 2D4A     		ldr	r2, .L18+4
 444 00ec 9B18     		adds	r3, r3, r2
 445 00ee 3B60     		str	r3, [r7]
 342:Generated_Source\PSoC4/cyfitter_cfg.c **** 			CYMEMZERO(ms->address, (size_t)(uint32)(ms->size));
 446              		.loc 1 342 0 discriminator 3
 447 00f0 3B68     		ldr	r3, [r7]
 448 00f2 1A78     		ldrb	r2, [r3]
 449 00f4 5978     		ldrb	r1, [r3, #1]
 450 00f6 0902     		lsls	r1, r1, #8
 451 00f8 0A43     		orrs	r2, r1
 452 00fa 9978     		ldrb	r1, [r3, #2]
 453 00fc 0904     		lsls	r1, r1, #16
ARM GAS  C:\Users\Admin\AppData\Local\Temp\cc07KU0r.s 			page 15


 454 00fe 0A43     		orrs	r2, r1
 455 0100 DB78     		ldrb	r3, [r3, #3]
 456 0102 1B06     		lsls	r3, r3, #24
 457 0104 1343     		orrs	r3, r2
 458 0106 1800     		movs	r0, r3
 459 0108 3B68     		ldr	r3, [r7]
 460 010a 1A79     		ldrb	r2, [r3, #4]
 461 010c 5B79     		ldrb	r3, [r3, #5]
 462 010e 1B02     		lsls	r3, r3, #8
 463 0110 1343     		orrs	r3, r2
 464 0112 9BB2     		uxth	r3, r3
 465 0114 1900     		movs	r1, r3
 466 0116 FFF7FEFF 		bl	CYMEMZERO
 467              	.LBE4:
 339:Generated_Source\PSoC4/cyfitter_cfg.c **** 		{
 468              		.loc 1 339 0 discriminator 3
 469 011a FB1D     		adds	r3, r7, #7
 470 011c 1A78     		ldrb	r2, [r3]
 471 011e FB1D     		adds	r3, r7, #7
 472 0120 0132     		adds	r2, r2, #1
 473 0122 1A70     		strb	r2, [r3]
 474              	.L16:
 339:Generated_Source\PSoC4/cyfitter_cfg.c **** 		{
 475              		.loc 1 339 0 is_stmt 0 discriminator 1
 476 0124 FB1D     		adds	r3, r7, #7
 477 0126 1B78     		ldrb	r3, [r3]
 478 0128 012B     		cmp	r3, #1
 479 012a D8D9     		bls	.L17
 343:Generated_Source\PSoC4/cyfitter_cfg.c **** 		}
 344:Generated_Source\PSoC4/cyfitter_cfg.c **** 
 345:Generated_Source\PSoC4/cyfitter_cfg.c **** 		cfg_write_bytes32(cy_cfg_addr_table, cy_cfg_data_table);
 480              		.loc 1 345 0 is_stmt 1
 481 012c 1D4A     		ldr	r2, .L18+8
 482 012e 1E4B     		ldr	r3, .L18+12
 483 0130 1100     		movs	r1, r2
 484 0132 1800     		movs	r0, r3
 485 0134 FFF7FEFF 		bl	cfg_write_bytes32
 346:Generated_Source\PSoC4/cyfitter_cfg.c **** 
 347:Generated_Source\PSoC4/cyfitter_cfg.c **** 		/* HSIOM Starting address: CYDEV_HSIOM_BASE */
 348:Generated_Source\PSoC4/cyfitter_cfg.c **** 		CY_SET_REG32((void *)(CYREG_HSIOM_PORT_SEL3), 0x30000000u);
 486              		.loc 1 348 0
 487 0138 1C4B     		ldr	r3, .L18+16
 488 013a C022     		movs	r2, #192
 489 013c 9205     		lsls	r2, r2, #22
 490 013e 1A60     		str	r2, [r3]
 349:Generated_Source\PSoC4/cyfitter_cfg.c **** 
 350:Generated_Source\PSoC4/cyfitter_cfg.c **** 		/* FORCED_HSIOM Starting address: CYDEV_HSIOM_PORT_SEL0 */
 351:Generated_Source\PSoC4/cyfitter_cfg.c **** 		CY_SET_REG32((void *)(CYREG_HSIOM_PORT_SEL0), 0x00000000u);
 491              		.loc 1 351 0
 492 0140 1B4B     		ldr	r3, .L18+20
 493 0142 0022     		movs	r2, #0
 494 0144 1A60     		str	r2, [r3]
 352:Generated_Source\PSoC4/cyfitter_cfg.c **** 
 353:Generated_Source\PSoC4/cyfitter_cfg.c **** 		/* IOPINS0_0 Starting address: CYDEV_GPIO_PRT0_PC */
 354:Generated_Source\PSoC4/cyfitter_cfg.c **** 		CY_SET_REG32((void *)(CYREG_GPIO_PRT0_PC), 0x00000000u);
 495              		.loc 1 354 0
 496 0146 1B4B     		ldr	r3, .L18+24
ARM GAS  C:\Users\Admin\AppData\Local\Temp\cc07KU0r.s 			page 16


 497 0148 0022     		movs	r2, #0
 498 014a 1A60     		str	r2, [r3]
 355:Generated_Source\PSoC4/cyfitter_cfg.c **** 
 356:Generated_Source\PSoC4/cyfitter_cfg.c **** 		/* UDB_PA_2 Starting address: CYDEV_UDB_PA2_BASE */
 357:Generated_Source\PSoC4/cyfitter_cfg.c **** 		CY_SET_REG32((void *)(CYDEV_UDB_PA2_BASE), 0x00990000u);
 499              		.loc 1 357 0
 500 014c 1A4B     		ldr	r3, .L18+28
 501 014e 9922     		movs	r2, #153
 502 0150 1204     		lsls	r2, r2, #16
 503 0152 1A60     		str	r2, [r3]
 358:Generated_Source\PSoC4/cyfitter_cfg.c **** 
 359:Generated_Source\PSoC4/cyfitter_cfg.c **** 		/* UDB_PA_3 Starting address: CYDEV_UDB_PA3_BASE */
 360:Generated_Source\PSoC4/cyfitter_cfg.c **** 		CY_SET_REG32((void *)(CYDEV_UDB_PA3_BASE), 0x00990000u);
 504              		.loc 1 360 0
 505 0154 194B     		ldr	r3, .L18+32
 506 0156 9922     		movs	r2, #153
 507 0158 1204     		lsls	r2, r2, #16
 508 015a 1A60     		str	r2, [r3]
 361:Generated_Source\PSoC4/cyfitter_cfg.c **** 		CY_SET_REG32((void *)(CYREG_UDB_PA3_CFG8), 0xC0000000u);
 509              		.loc 1 361 0
 510 015c 184B     		ldr	r3, .L18+36
 511 015e C022     		movs	r2, #192
 512 0160 1206     		lsls	r2, r2, #24
 513 0162 1A60     		str	r2, [r3]
 362:Generated_Source\PSoC4/cyfitter_cfg.c **** 
 363:Generated_Source\PSoC4/cyfitter_cfg.c **** 		/* Enable digital routing */
 364:Generated_Source\PSoC4/cyfitter_cfg.c **** 		CY_SET_XTND_REG8((void *)CYREG_UDB_UDBIF_BANK_CTL, (uint8)(CY_GET_XTND_REG8((void *)CYREG_UDB_UDB
 514              		.loc 1 364 0
 515 0164 174A     		ldr	r2, .L18+40
 516 0166 174B     		ldr	r3, .L18+40
 517 0168 1B78     		ldrb	r3, [r3]
 518 016a DBB2     		uxtb	r3, r3
 519 016c 0621     		movs	r1, #6
 520 016e 0B43     		orrs	r3, r1
 521 0170 DBB2     		uxtb	r3, r3
 522 0172 1370     		strb	r3, [r2]
 523              	.LBE3:
 365:Generated_Source\PSoC4/cyfitter_cfg.c **** 	}
 366:Generated_Source\PSoC4/cyfitter_cfg.c **** 
 367:Generated_Source\PSoC4/cyfitter_cfg.c **** 	/* Perform second pass device configuration. These items must be configured in specific order afte
 368:Generated_Source\PSoC4/cyfitter_cfg.c **** 	/* IOPINS0_2 Starting address: CYDEV_GPIO_PRT2_BASE */
 369:Generated_Source\PSoC4/cyfitter_cfg.c **** 	CY_SET_REG32((void *)(CYREG_GPIO_PRT2_PC), 0x00180000u);
 524              		.loc 1 369 0
 525 0174 144B     		ldr	r3, .L18+44
 526 0176 C022     		movs	r2, #192
 527 0178 5203     		lsls	r2, r2, #13
 528 017a 1A60     		str	r2, [r3]
 370:Generated_Source\PSoC4/cyfitter_cfg.c **** 
 371:Generated_Source\PSoC4/cyfitter_cfg.c **** 	/* IOPINS0_3 Starting address: CYDEV_GPIO_PRT3_BASE */
 372:Generated_Source\PSoC4/cyfitter_cfg.c **** 	CY_SET_REG32((void *)(CYDEV_GPIO_PRT3_BASE), 0x00000080u);
 529              		.loc 1 372 0
 530 017c 134B     		ldr	r3, .L18+48
 531 017e 8022     		movs	r2, #128
 532 0180 1A60     		str	r2, [r3]
 373:Generated_Source\PSoC4/cyfitter_cfg.c **** 	CY_SET_REG32((void *)(CYREG_GPIO_PRT3_PC), 0x00D80000u);
 533              		.loc 1 373 0
 534 0182 134B     		ldr	r3, .L18+52
ARM GAS  C:\Users\Admin\AppData\Local\Temp\cc07KU0r.s 			page 17


 535 0184 D822     		movs	r2, #216
 536 0186 1204     		lsls	r2, r2, #16
 537 0188 1A60     		str	r2, [r3]
 374:Generated_Source\PSoC4/cyfitter_cfg.c **** 
 375:Generated_Source\PSoC4/cyfitter_cfg.c **** 
 376:Generated_Source\PSoC4/cyfitter_cfg.c **** 	/* Setup clocks based on selections from Clock DWR */
 377:Generated_Source\PSoC4/cyfitter_cfg.c **** 	ClockSetup();
 538              		.loc 1 377 0
 539 018a FFF739FF 		bl	ClockSetup
 378:Generated_Source\PSoC4/cyfitter_cfg.c **** 
 379:Generated_Source\PSoC4/cyfitter_cfg.c **** 	/* Perform basic analog initialization to defaults */
 380:Generated_Source\PSoC4/cyfitter_cfg.c **** 	AnalogSetDefault();
 540              		.loc 1 380 0
 541 018e FFF7FEFF 		bl	AnalogSetDefault
 381:Generated_Source\PSoC4/cyfitter_cfg.c **** 
 382:Generated_Source\PSoC4/cyfitter_cfg.c **** }
 542              		.loc 1 382 0
 543 0192 C046     		nop
 544 0194 BD46     		mov	sp, r7
 545 0196 02B0     		add	sp, sp, #8
 546              		@ sp needed
 547 0198 80BD     		pop	{r7, pc}
 548              	.L19:
 549 019a C046     		.align	2
 550              	.L18:
 551 019c 6CF02E40 		.word	1076818028
 552 01a0 00000000 		.word	cfg_memset_list.4916
 553 01a4 14000000 		.word	cy_cfg_data_table.4911
 554 01a8 0C000000 		.word	cy_cfg_addr_table.4910
 555 01ac 00030240 		.word	1073873664
 556 01b0 00000240 		.word	1073872896
 557 01b4 08000440 		.word	1074003976
 558 01b8 20500F40 		.word	1074745376
 559 01bc 30500F40 		.word	1074745392
 560 01c0 38500F40 		.word	1074745400
 561 01c4 00700F40 		.word	1074753536
 562 01c8 08020440 		.word	1074004488
 563 01cc 00030440 		.word	1074004736
 564 01d0 08030440 		.word	1074004744
 565              		.cfi_endproc
 566              	.LFE8:
 567              		.size	cyfitter_cfg, .-cyfitter_cfg
 568              		.section	.rodata
 569              		.align	2
 570              		.type	cfg_memset_list.4916, %object
 571              		.size	cfg_memset_list.4916, 12
 572              	cfg_memset_list.4916:
 573 0000 00300F40 		.word	1074737152
 574 0004 0004     		.short	1024
 575 0006 00400F40 		.4byte	1074741248
 576 000a 0004     		.short	1024
 577              		.align	2
 578              		.type	cy_cfg_addr_table.4910, %object
 579              		.size	cy_cfg_addr_table.4910, 8
 580              	cy_cfg_addr_table.4910:
 581 000c 02420F40 		.word	1074741762
 582 0010 03430F40 		.word	1074742019
ARM GAS  C:\Users\Admin\AppData\Local\Temp\cc07KU0r.s 			page 18


 583              		.align	2
 584              		.type	cy_cfg_data_table.4911, %object
 585              		.size	cy_cfg_data_table.4911, 10
 586              	cy_cfg_data_table.4911:
 587 0014 10       		.byte	16
 588 0015 10       		.byte	16
 589 0016 C4       		.byte	-60
 590 0017 08       		.byte	8
 591 0018 64       		.byte	100
 592 0019 10       		.byte	16
 593 001a 98       		.byte	-104
 594 001b 10       		.byte	16
 595 001c D8       		.byte	-40
 596 001d 01       		.byte	1
 597              		.text
 598              	.Letext0:
 599              		.file 2 "c:\\program files (x86)\\cypress\\psoc creator\\4.4\\psoc creator\\import\\gnu\\arm\\5.4.
 600              		.file 3 "Generated_Source\\PSoC4\\cytypes.h"
 601              		.section	.debug_info,"",%progbits
 602              	.Ldebug_info0:
 603 0000 5A030000 		.4byte	0x35a
 604 0004 0400     		.2byte	0x4
 605 0006 00000000 		.4byte	.Ldebug_abbrev0
 606 000a 04       		.byte	0x4
 607 000b 01       		.uleb128 0x1
 608 000c A0000000 		.4byte	.LASF40
 609 0010 0C       		.byte	0xc
 610 0011 73020000 		.4byte	.LASF41
 611 0015 1B020000 		.4byte	.LASF42
 612 0019 00000000 		.4byte	.Ldebug_ranges0+0
 613 001d 00000000 		.4byte	0
 614 0021 00000000 		.4byte	.Ldebug_line0
 615 0025 02       		.uleb128 0x2
 616 0026 04       		.byte	0x4
 617 0027 05       		.byte	0x5
 618 0028 696E7400 		.ascii	"int\000"
 619 002c 03       		.uleb128 0x3
 620 002d 06000000 		.4byte	.LASF12
 621 0031 02       		.byte	0x2
 622 0032 D8       		.byte	0xd8
 623 0033 37000000 		.4byte	0x37
 624 0037 04       		.uleb128 0x4
 625 0038 04       		.byte	0x4
 626 0039 07       		.byte	0x7
 627 003a 86010000 		.4byte	.LASF0
 628 003e 04       		.uleb128 0x4
 629 003f 08       		.byte	0x8
 630 0040 05       		.byte	0x5
 631 0041 E4010000 		.4byte	.LASF1
 632 0045 04       		.uleb128 0x4
 633 0046 08       		.byte	0x8
 634 0047 04       		.byte	0x4
 635 0048 5B020000 		.4byte	.LASF2
 636 004c 04       		.uleb128 0x4
 637 004d 01       		.byte	0x1
 638 004e 06       		.byte	0x6
 639 004f 67020000 		.4byte	.LASF3
ARM GAS  C:\Users\Admin\AppData\Local\Temp\cc07KU0r.s 			page 19


 640 0053 04       		.uleb128 0x4
 641 0054 01       		.byte	0x1
 642 0055 08       		.byte	0x8
 643 0056 2E010000 		.4byte	.LASF4
 644 005a 04       		.uleb128 0x4
 645 005b 02       		.byte	0x2
 646 005c 05       		.byte	0x5
 647 005d 11020000 		.4byte	.LASF5
 648 0061 04       		.uleb128 0x4
 649 0062 02       		.byte	0x2
 650 0063 07       		.byte	0x7
 651 0064 D1010000 		.4byte	.LASF6
 652 0068 04       		.uleb128 0x4
 653 0069 04       		.byte	0x4
 654 006a 05       		.byte	0x5
 655 006b 52020000 		.4byte	.LASF7
 656 006f 04       		.uleb128 0x4
 657 0070 04       		.byte	0x4
 658 0071 07       		.byte	0x7
 659 0072 7E000000 		.4byte	.LASF8
 660 0076 04       		.uleb128 0x4
 661 0077 08       		.byte	0x8
 662 0078 07       		.byte	0x7
 663 0079 9B010000 		.4byte	.LASF9
 664 007d 04       		.uleb128 0x4
 665 007e 04       		.byte	0x4
 666 007f 07       		.byte	0x7
 667 0080 C8010000 		.4byte	.LASF10
 668 0084 05       		.uleb128 0x5
 669 0085 04       		.byte	0x4
 670 0086 04       		.uleb128 0x4
 671 0087 01       		.byte	0x1
 672 0088 08       		.byte	0x8
 673 0089 F2010000 		.4byte	.LASF11
 674 008d 06       		.uleb128 0x6
 675 008e 90000000 		.4byte	.LASF13
 676 0092 03       		.byte	0x3
 677 0093 E401     		.2byte	0x1e4
 678 0095 53000000 		.4byte	0x53
 679 0099 06       		.uleb128 0x6
 680 009a 6D010000 		.4byte	.LASF14
 681 009e 03       		.byte	0x3
 682 009f E501     		.2byte	0x1e5
 683 00a1 61000000 		.4byte	0x61
 684 00a5 06       		.uleb128 0x6
 685 00a6 7F010000 		.4byte	.LASF15
 686 00aa 03       		.byte	0x3
 687 00ab E601     		.2byte	0x1e6
 688 00ad 6F000000 		.4byte	0x6f
 689 00b1 04       		.uleb128 0x4
 690 00b2 04       		.byte	0x4
 691 00b3 04       		.byte	0x4
 692 00b4 59000000 		.4byte	.LASF16
 693 00b8 04       		.uleb128 0x4
 694 00b9 08       		.byte	0x8
 695 00ba 04       		.byte	0x4
 696 00bb 3C010000 		.4byte	.LASF17
ARM GAS  C:\Users\Admin\AppData\Local\Temp\cc07KU0r.s 			page 20


 697 00bf 06       		.uleb128 0x6
 698 00c0 79000000 		.4byte	.LASF18
 699 00c4 03       		.byte	0x3
 700 00c5 8E02     		.2byte	0x28e
 701 00c7 CB000000 		.4byte	0xcb
 702 00cb 07       		.uleb128 0x7
 703 00cc 8D000000 		.4byte	0x8d
 704 00d0 06       		.uleb128 0x6
 705 00d1 00000000 		.4byte	.LASF19
 706 00d5 03       		.byte	0x3
 707 00d6 9002     		.2byte	0x290
 708 00d8 DC000000 		.4byte	0xdc
 709 00dc 07       		.uleb128 0x7
 710 00dd A5000000 		.4byte	0xa5
 711 00e1 08       		.uleb128 0x8
 712 00e2 02       		.byte	0x2
 713 00e3 01       		.byte	0x1
 714 00e4 96       		.byte	0x96
 715 00e5 02010000 		.4byte	0x102
 716 00e9 09       		.uleb128 0x9
 717 00ea 0A020000 		.4byte	.LASF20
 718 00ee 01       		.byte	0x1
 719 00ef 98       		.byte	0x98
 720 00f0 8D000000 		.4byte	0x8d
 721 00f4 00       		.byte	0
 722 00f5 09       		.uleb128 0x9
 723 00f6 1E000000 		.4byte	.LASF21
 724 00fa 01       		.byte	0x1
 725 00fb 99       		.byte	0x99
 726 00fc 8D000000 		.4byte	0x8d
 727 0100 01       		.byte	0x1
 728 0101 00       		.byte	0
 729 0102 03       		.uleb128 0x3
 730 0103 F7010000 		.4byte	.LASF22
 731 0107 01       		.byte	0x1
 732 0108 9A       		.byte	0x9a
 733 0109 E1000000 		.4byte	0xe1
 734 010d 0A       		.uleb128 0xa
 735 010e 96000000 		.4byte	.LASF23
 736 0112 01       		.byte	0x1
 737 0113 4B       		.byte	0x4b
 738 0114 00000000 		.4byte	.LFB2
 739 0118 1E000000 		.4byte	.LFE2-.LFB2
 740 011c 01       		.uleb128 0x1
 741 011d 9C       		.byte	0x9c
 742 011e 3B010000 		.4byte	0x13b
 743 0122 0B       		.uleb128 0xb
 744 0123 7300     		.ascii	"s\000"
 745 0125 01       		.byte	0x1
 746 0126 4B       		.byte	0x4b
 747 0127 84000000 		.4byte	0x84
 748 012b 02       		.uleb128 0x2
 749 012c 91       		.byte	0x91
 750 012d 74       		.sleb128 -12
 751 012e 0B       		.uleb128 0xb
 752 012f 6E00     		.ascii	"n\000"
 753 0131 01       		.byte	0x1
ARM GAS  C:\Users\Admin\AppData\Local\Temp\cc07KU0r.s 			page 21


 754 0132 4B       		.byte	0x4b
 755 0133 2C000000 		.4byte	0x2c
 756 0137 02       		.uleb128 0x2
 757 0138 91       		.byte	0x91
 758 0139 70       		.sleb128 -16
 759 013a 00       		.byte	0
 760 013b 0A       		.uleb128 0xa
 761 013c A9020000 		.4byte	.LASF24
 762 0140 01       		.byte	0x1
 763 0141 52       		.byte	0x52
 764 0142 00000000 		.4byte	.LFB3
 765 0146 20000000 		.4byte	.LFE3-.LFB3
 766 014a 01       		.uleb128 0x1
 767 014b 9C       		.byte	0x9c
 768 014c 79010000 		.4byte	0x179
 769 0150 0C       		.uleb128 0xc
 770 0151 5F000000 		.4byte	.LASF25
 771 0155 01       		.byte	0x1
 772 0156 52       		.byte	0x52
 773 0157 84000000 		.4byte	0x84
 774 015b 02       		.uleb128 0x2
 775 015c 91       		.byte	0x91
 776 015d 74       		.sleb128 -12
 777 015e 0B       		.uleb128 0xb
 778 015f 73726300 		.ascii	"src\000"
 779 0163 01       		.byte	0x1
 780 0164 52       		.byte	0x52
 781 0165 79010000 		.4byte	0x179
 782 0169 02       		.uleb128 0x2
 783 016a 91       		.byte	0x91
 784 016b 70       		.sleb128 -16
 785 016c 0B       		.uleb128 0xb
 786 016d 6E00     		.ascii	"n\000"
 787 016f 01       		.byte	0x1
 788 0170 52       		.byte	0x52
 789 0171 2C000000 		.4byte	0x2c
 790 0175 02       		.uleb128 0x2
 791 0176 91       		.byte	0x91
 792 0177 6C       		.sleb128 -20
 793 0178 00       		.byte	0
 794 0179 0D       		.uleb128 0xd
 795 017a 04       		.byte	0x4
 796 017b 7F010000 		.4byte	0x17f
 797 017f 0E       		.uleb128 0xe
 798 0180 0A       		.uleb128 0xa
 799 0181 99020000 		.4byte	.LASF26
 800 0185 01       		.byte	0x1
 801 0186 59       		.byte	0x59
 802 0187 00000000 		.4byte	.LFB4
 803 018b 20000000 		.4byte	.LFE4-.LFB4
 804 018f 01       		.uleb128 0x1
 805 0190 9C       		.byte	0x9c
 806 0191 BE010000 		.4byte	0x1be
 807 0195 0C       		.uleb128 0xc
 808 0196 5F000000 		.4byte	.LASF25
 809 019a 01       		.byte	0x1
 810 019b 59       		.byte	0x59
ARM GAS  C:\Users\Admin\AppData\Local\Temp\cc07KU0r.s 			page 22


 811 019c 84000000 		.4byte	0x84
 812 01a0 02       		.uleb128 0x2
 813 01a1 91       		.byte	0x91
 814 01a2 74       		.sleb128 -12
 815 01a3 0B       		.uleb128 0xb
 816 01a4 73726300 		.ascii	"src\000"
 817 01a8 01       		.byte	0x1
 818 01a9 59       		.byte	0x59
 819 01aa 79010000 		.4byte	0x179
 820 01ae 02       		.uleb128 0x2
 821 01af 91       		.byte	0x91
 822 01b0 70       		.sleb128 -16
 823 01b1 0B       		.uleb128 0xb
 824 01b2 6E00     		.ascii	"n\000"
 825 01b4 01       		.byte	0x1
 826 01b5 59       		.byte	0x59
 827 01b6 2C000000 		.4byte	0x2c
 828 01ba 02       		.uleb128 0x2
 829 01bb 91       		.byte	0x91
 830 01bc 6C       		.sleb128 -20
 831 01bd 00       		.byte	0
 832 01be 0F       		.uleb128 0xf
 833 01bf 43010000 		.4byte	.LASF27
 834 01c3 01       		.byte	0x1
 835 01c4 AD       		.byte	0xad
 836 01c5 00000000 		.4byte	.LFB5
 837 01c9 82000000 		.4byte	.LFE5-.LFB5
 838 01cd 01       		.uleb128 0x1
 839 01ce 9C       		.byte	0x9c
 840 01cf 2E020000 		.4byte	0x22e
 841 01d3 0C       		.uleb128 0xc
 842 01d4 62010000 		.4byte	.LASF28
 843 01d8 01       		.byte	0x1
 844 01d9 AD       		.byte	0xad
 845 01da 2E020000 		.4byte	0x22e
 846 01de 02       		.uleb128 0x2
 847 01df 91       		.byte	0x91
 848 01e0 64       		.sleb128 -28
 849 01e1 0C       		.uleb128 0xc
 850 01e2 74010000 		.4byte	.LASF29
 851 01e6 01       		.byte	0x1
 852 01e7 AD       		.byte	0xad
 853 01e8 39020000 		.4byte	0x239
 854 01ec 02       		.uleb128 0x2
 855 01ed 91       		.byte	0x91
 856 01ee 60       		.sleb128 -32
 857 01ef 10       		.uleb128 0x10
 858 01f0 6900     		.ascii	"i\000"
 859 01f2 01       		.byte	0x1
 860 01f3 B0       		.byte	0xb0
 861 01f4 A5000000 		.4byte	0xa5
 862 01f8 02       		.uleb128 0x2
 863 01f9 91       		.byte	0x91
 864 01fa 74       		.sleb128 -12
 865 01fb 10       		.uleb128 0x10
 866 01fc 6A00     		.ascii	"j\000"
 867 01fe 01       		.byte	0x1
ARM GAS  C:\Users\Admin\AppData\Local\Temp\cc07KU0r.s 			page 23


 868 01ff B0       		.byte	0xb0
 869 0200 A5000000 		.4byte	0xa5
 870 0204 02       		.uleb128 0x2
 871 0205 91       		.byte	0x91
 872 0206 70       		.sleb128 -16
 873 0207 11       		.uleb128 0x11
 874 0208 14000000 		.4byte	.LBB2
 875 020c 5A000000 		.4byte	.LBE2-.LBB2
 876 0210 12       		.uleb128 0x12
 877 0211 BF010000 		.4byte	.LASF30
 878 0215 01       		.byte	0x1
 879 0216 B3       		.byte	0xb3
 880 0217 A5000000 		.4byte	0xa5
 881 021b 02       		.uleb128 0x2
 882 021c 91       		.byte	0x91
 883 021d 68       		.sleb128 -24
 884 021e 12       		.uleb128 0x12
 885 021f 24000000 		.4byte	.LASF31
 886 0223 01       		.byte	0x1
 887 0224 B4       		.byte	0xb4
 888 0225 8D000000 		.4byte	0x8d
 889 0229 02       		.uleb128 0x2
 890 022a 91       		.byte	0x91
 891 022b 6F       		.sleb128 -17
 892 022c 00       		.byte	0
 893 022d 00       		.byte	0
 894 022e 0D       		.uleb128 0xd
 895 022f 04       		.byte	0x4
 896 0230 34020000 		.4byte	0x234
 897 0234 13       		.uleb128 0x13
 898 0235 A5000000 		.4byte	0xa5
 899 0239 0D       		.uleb128 0xd
 900 023a 04       		.byte	0x4
 901 023b 3F020000 		.4byte	0x23f
 902 023f 13       		.uleb128 0x13
 903 0240 02010000 		.4byte	0x102
 904 0244 14       		.uleb128 0x14
 905 0245 2A000000 		.4byte	.LASF32
 906 0249 01       		.byte	0x1
 907 024a D2       		.byte	0xd2
 908 024b 00000000 		.4byte	.LFB6
 909 024f C8000000 		.4byte	.LFE6-.LFB6
 910 0253 01       		.uleb128 0x1
 911 0254 9C       		.byte	0x9c
 912 0255 15       		.uleb128 0x15
 913 0256 0D000000 		.4byte	.LASF33
 914 025a 01       		.byte	0x1
 915 025b 1301     		.2byte	0x113
 916 025d 00000000 		.4byte	.LFB7
 917 0261 28000000 		.4byte	.LFE7-.LFB7
 918 0265 01       		.uleb128 0x1
 919 0266 9C       		.byte	0x9c
 920 0267 16       		.uleb128 0x16
 921 0268 55010000 		.4byte	.LASF43
 922 026c 01       		.byte	0x1
 923 026d 2E01     		.2byte	0x12e
 924 026f C8000000 		.4byte	.LFB8
ARM GAS  C:\Users\Admin\AppData\Local\Temp\cc07KU0r.s 			page 24


 925 0273 0C010000 		.4byte	.LFE8-.LFB8
 926 0277 01       		.uleb128 0x1
 927 0278 9C       		.byte	0x9c
 928 0279 33030000 		.4byte	0x333
 929 027d 11       		.uleb128 0x11
 930 027e D6000000 		.4byte	.LBB3
 931 0282 9E000000 		.4byte	.LBE3-.LBB3
 932 0286 17       		.uleb128 0x17
 933 0287 35000000 		.4byte	.LASF34
 934 028b 01       		.byte	0x1
 935 028c 3601     		.2byte	0x136
 936 028e 43030000 		.4byte	0x343
 937 0292 05       		.uleb128 0x5
 938 0293 03       		.byte	0x3
 939 0294 0C000000 		.4byte	cy_cfg_addr_table.4910
 940 0298 17       		.uleb128 0x17
 941 0299 47000000 		.4byte	.LASF35
 942 029d 01       		.byte	0x1
 943 029e 3B01     		.2byte	0x13b
 944 02a0 58030000 		.4byte	0x358
 945 02a4 05       		.uleb128 0x5
 946 02a5 03       		.byte	0x3
 947 02a6 14000000 		.4byte	cy_cfg_data_table.4911
 948 02aa 18       		.uleb128 0x18
 949 02ab 06       		.byte	0x6
 950 02ac 01       		.byte	0x1
 951 02ad 4501     		.2byte	0x145
 952 02af CE020000 		.4byte	0x2ce
 953 02b3 19       		.uleb128 0x19
 954 02b4 93010000 		.4byte	.LASF36
 955 02b8 01       		.byte	0x1
 956 02b9 4601     		.2byte	0x146
 957 02bb 84000000 		.4byte	0x84
 958 02bf 00       		.byte	0
 959 02c0 19       		.uleb128 0x19
 960 02c1 74000000 		.4byte	.LASF37
 961 02c5 01       		.byte	0x1
 962 02c6 4701     		.2byte	0x147
 963 02c8 99000000 		.4byte	0x99
 964 02cc 04       		.byte	0x4
 965 02cd 00       		.byte	0
 966 02ce 06       		.uleb128 0x6
 967 02cf B2010000 		.4byte	.LASF38
 968 02d3 01       		.byte	0x1
 969 02d4 4801     		.2byte	0x148
 970 02d6 AA020000 		.4byte	0x2aa
 971 02da 1A       		.uleb128 0x1a
 972 02db EA020000 		.4byte	0x2ea
 973 02df EA020000 		.4byte	0x2ea
 974 02e3 1B       		.uleb128 0x1b
 975 02e4 7D000000 		.4byte	0x7d
 976 02e8 01       		.byte	0x1
 977 02e9 00       		.byte	0
 978 02ea 13       		.uleb128 0x13
 979 02eb CE020000 		.4byte	0x2ce
 980 02ef 17       		.uleb128 0x17
 981 02f0 64000000 		.4byte	.LASF39
ARM GAS  C:\Users\Admin\AppData\Local\Temp\cc07KU0r.s 			page 25


 982 02f4 01       		.byte	0x1
 983 02f5 4A01     		.2byte	0x14a
 984 02f7 01030000 		.4byte	0x301
 985 02fb 05       		.uleb128 0x5
 986 02fc 03       		.byte	0x3
 987 02fd 00000000 		.4byte	cfg_memset_list.4916
 988 0301 13       		.uleb128 0x13
 989 0302 DA020000 		.4byte	0x2da
 990 0306 1C       		.uleb128 0x1c
 991 0307 6900     		.ascii	"i\000"
 992 0309 01       		.byte	0x1
 993 030a 5001     		.2byte	0x150
 994 030c 8D000000 		.4byte	0x8d
 995 0310 02       		.uleb128 0x2
 996 0311 91       		.byte	0x91
 997 0312 77       		.sleb128 -9
 998 0313 11       		.uleb128 0x11
 999 0314 DE000000 		.4byte	.LBB4
 1000 0318 3C000000 		.4byte	.LBE4-.LBB4
 1001 031c 1C       		.uleb128 0x1c
 1002 031d 6D7300   		.ascii	"ms\000"
 1003 0320 01       		.byte	0x1
 1004 0321 5501     		.2byte	0x155
 1005 0323 2A030000 		.4byte	0x32a
 1006 0327 02       		.uleb128 0x2
 1007 0328 91       		.byte	0x91
 1008 0329 70       		.sleb128 -16
 1009 032a 0D       		.uleb128 0xd
 1010 032b 04       		.byte	0x4
 1011 032c EA020000 		.4byte	0x2ea
 1012 0330 00       		.byte	0
 1013 0331 00       		.byte	0
 1014 0332 00       		.byte	0
 1015 0333 1A       		.uleb128 0x1a
 1016 0334 34020000 		.4byte	0x234
 1017 0338 43030000 		.4byte	0x343
 1018 033c 1B       		.uleb128 0x1b
 1019 033d 7D000000 		.4byte	0x7d
 1020 0341 01       		.byte	0x1
 1021 0342 00       		.byte	0
 1022 0343 13       		.uleb128 0x13
 1023 0344 33030000 		.4byte	0x333
 1024 0348 1A       		.uleb128 0x1a
 1025 0349 3F020000 		.4byte	0x23f
 1026 034d 58030000 		.4byte	0x358
 1027 0351 1B       		.uleb128 0x1b
 1028 0352 7D000000 		.4byte	0x7d
 1029 0356 04       		.byte	0x4
 1030 0357 00       		.byte	0
 1031 0358 13       		.uleb128 0x13
 1032 0359 48030000 		.4byte	0x348
 1033 035d 00       		.byte	0
 1034              		.section	.debug_abbrev,"",%progbits
 1035              	.Ldebug_abbrev0:
 1036 0000 01       		.uleb128 0x1
 1037 0001 11       		.uleb128 0x11
 1038 0002 01       		.byte	0x1
ARM GAS  C:\Users\Admin\AppData\Local\Temp\cc07KU0r.s 			page 26


 1039 0003 25       		.uleb128 0x25
 1040 0004 0E       		.uleb128 0xe
 1041 0005 13       		.uleb128 0x13
 1042 0006 0B       		.uleb128 0xb
 1043 0007 03       		.uleb128 0x3
 1044 0008 0E       		.uleb128 0xe
 1045 0009 1B       		.uleb128 0x1b
 1046 000a 0E       		.uleb128 0xe
 1047 000b 55       		.uleb128 0x55
 1048 000c 17       		.uleb128 0x17
 1049 000d 11       		.uleb128 0x11
 1050 000e 01       		.uleb128 0x1
 1051 000f 10       		.uleb128 0x10
 1052 0010 17       		.uleb128 0x17
 1053 0011 00       		.byte	0
 1054 0012 00       		.byte	0
 1055 0013 02       		.uleb128 0x2
 1056 0014 24       		.uleb128 0x24
 1057 0015 00       		.byte	0
 1058 0016 0B       		.uleb128 0xb
 1059 0017 0B       		.uleb128 0xb
 1060 0018 3E       		.uleb128 0x3e
 1061 0019 0B       		.uleb128 0xb
 1062 001a 03       		.uleb128 0x3
 1063 001b 08       		.uleb128 0x8
 1064 001c 00       		.byte	0
 1065 001d 00       		.byte	0
 1066 001e 03       		.uleb128 0x3
 1067 001f 16       		.uleb128 0x16
 1068 0020 00       		.byte	0
 1069 0021 03       		.uleb128 0x3
 1070 0022 0E       		.uleb128 0xe
 1071 0023 3A       		.uleb128 0x3a
 1072 0024 0B       		.uleb128 0xb
 1073 0025 3B       		.uleb128 0x3b
 1074 0026 0B       		.uleb128 0xb
 1075 0027 49       		.uleb128 0x49
 1076 0028 13       		.uleb128 0x13
 1077 0029 00       		.byte	0
 1078 002a 00       		.byte	0
 1079 002b 04       		.uleb128 0x4
 1080 002c 24       		.uleb128 0x24
 1081 002d 00       		.byte	0
 1082 002e 0B       		.uleb128 0xb
 1083 002f 0B       		.uleb128 0xb
 1084 0030 3E       		.uleb128 0x3e
 1085 0031 0B       		.uleb128 0xb
 1086 0032 03       		.uleb128 0x3
 1087 0033 0E       		.uleb128 0xe
 1088 0034 00       		.byte	0
 1089 0035 00       		.byte	0
 1090 0036 05       		.uleb128 0x5
 1091 0037 0F       		.uleb128 0xf
 1092 0038 00       		.byte	0
 1093 0039 0B       		.uleb128 0xb
 1094 003a 0B       		.uleb128 0xb
 1095 003b 00       		.byte	0
ARM GAS  C:\Users\Admin\AppData\Local\Temp\cc07KU0r.s 			page 27


 1096 003c 00       		.byte	0
 1097 003d 06       		.uleb128 0x6
 1098 003e 16       		.uleb128 0x16
 1099 003f 00       		.byte	0
 1100 0040 03       		.uleb128 0x3
 1101 0041 0E       		.uleb128 0xe
 1102 0042 3A       		.uleb128 0x3a
 1103 0043 0B       		.uleb128 0xb
 1104 0044 3B       		.uleb128 0x3b
 1105 0045 05       		.uleb128 0x5
 1106 0046 49       		.uleb128 0x49
 1107 0047 13       		.uleb128 0x13
 1108 0048 00       		.byte	0
 1109 0049 00       		.byte	0
 1110 004a 07       		.uleb128 0x7
 1111 004b 35       		.uleb128 0x35
 1112 004c 00       		.byte	0
 1113 004d 49       		.uleb128 0x49
 1114 004e 13       		.uleb128 0x13
 1115 004f 00       		.byte	0
 1116 0050 00       		.byte	0
 1117 0051 08       		.uleb128 0x8
 1118 0052 13       		.uleb128 0x13
 1119 0053 01       		.byte	0x1
 1120 0054 0B       		.uleb128 0xb
 1121 0055 0B       		.uleb128 0xb
 1122 0056 3A       		.uleb128 0x3a
 1123 0057 0B       		.uleb128 0xb
 1124 0058 3B       		.uleb128 0x3b
 1125 0059 0B       		.uleb128 0xb
 1126 005a 01       		.uleb128 0x1
 1127 005b 13       		.uleb128 0x13
 1128 005c 00       		.byte	0
 1129 005d 00       		.byte	0
 1130 005e 09       		.uleb128 0x9
 1131 005f 0D       		.uleb128 0xd
 1132 0060 00       		.byte	0
 1133 0061 03       		.uleb128 0x3
 1134 0062 0E       		.uleb128 0xe
 1135 0063 3A       		.uleb128 0x3a
 1136 0064 0B       		.uleb128 0xb
 1137 0065 3B       		.uleb128 0x3b
 1138 0066 0B       		.uleb128 0xb
 1139 0067 49       		.uleb128 0x49
 1140 0068 13       		.uleb128 0x13
 1141 0069 38       		.uleb128 0x38
 1142 006a 0B       		.uleb128 0xb
 1143 006b 00       		.byte	0
 1144 006c 00       		.byte	0
 1145 006d 0A       		.uleb128 0xa
 1146 006e 2E       		.uleb128 0x2e
 1147 006f 01       		.byte	0x1
 1148 0070 03       		.uleb128 0x3
 1149 0071 0E       		.uleb128 0xe
 1150 0072 3A       		.uleb128 0x3a
 1151 0073 0B       		.uleb128 0xb
 1152 0074 3B       		.uleb128 0x3b
ARM GAS  C:\Users\Admin\AppData\Local\Temp\cc07KU0r.s 			page 28


 1153 0075 0B       		.uleb128 0xb
 1154 0076 27       		.uleb128 0x27
 1155 0077 19       		.uleb128 0x19
 1156 0078 11       		.uleb128 0x11
 1157 0079 01       		.uleb128 0x1
 1158 007a 12       		.uleb128 0x12
 1159 007b 06       		.uleb128 0x6
 1160 007c 40       		.uleb128 0x40
 1161 007d 18       		.uleb128 0x18
 1162 007e 9642     		.uleb128 0x2116
 1163 0080 19       		.uleb128 0x19
 1164 0081 01       		.uleb128 0x1
 1165 0082 13       		.uleb128 0x13
 1166 0083 00       		.byte	0
 1167 0084 00       		.byte	0
 1168 0085 0B       		.uleb128 0xb
 1169 0086 05       		.uleb128 0x5
 1170 0087 00       		.byte	0
 1171 0088 03       		.uleb128 0x3
 1172 0089 08       		.uleb128 0x8
 1173 008a 3A       		.uleb128 0x3a
 1174 008b 0B       		.uleb128 0xb
 1175 008c 3B       		.uleb128 0x3b
 1176 008d 0B       		.uleb128 0xb
 1177 008e 49       		.uleb128 0x49
 1178 008f 13       		.uleb128 0x13
 1179 0090 02       		.uleb128 0x2
 1180 0091 18       		.uleb128 0x18
 1181 0092 00       		.byte	0
 1182 0093 00       		.byte	0
 1183 0094 0C       		.uleb128 0xc
 1184 0095 05       		.uleb128 0x5
 1185 0096 00       		.byte	0
 1186 0097 03       		.uleb128 0x3
 1187 0098 0E       		.uleb128 0xe
 1188 0099 3A       		.uleb128 0x3a
 1189 009a 0B       		.uleb128 0xb
 1190 009b 3B       		.uleb128 0x3b
 1191 009c 0B       		.uleb128 0xb
 1192 009d 49       		.uleb128 0x49
 1193 009e 13       		.uleb128 0x13
 1194 009f 02       		.uleb128 0x2
 1195 00a0 18       		.uleb128 0x18
 1196 00a1 00       		.byte	0
 1197 00a2 00       		.byte	0
 1198 00a3 0D       		.uleb128 0xd
 1199 00a4 0F       		.uleb128 0xf
 1200 00a5 00       		.byte	0
 1201 00a6 0B       		.uleb128 0xb
 1202 00a7 0B       		.uleb128 0xb
 1203 00a8 49       		.uleb128 0x49
 1204 00a9 13       		.uleb128 0x13
 1205 00aa 00       		.byte	0
 1206 00ab 00       		.byte	0
 1207 00ac 0E       		.uleb128 0xe
 1208 00ad 26       		.uleb128 0x26
 1209 00ae 00       		.byte	0
ARM GAS  C:\Users\Admin\AppData\Local\Temp\cc07KU0r.s 			page 29


 1210 00af 00       		.byte	0
 1211 00b0 00       		.byte	0
 1212 00b1 0F       		.uleb128 0xf
 1213 00b2 2E       		.uleb128 0x2e
 1214 00b3 01       		.byte	0x1
 1215 00b4 03       		.uleb128 0x3
 1216 00b5 0E       		.uleb128 0xe
 1217 00b6 3A       		.uleb128 0x3a
 1218 00b7 0B       		.uleb128 0xb
 1219 00b8 3B       		.uleb128 0x3b
 1220 00b9 0B       		.uleb128 0xb
 1221 00ba 27       		.uleb128 0x27
 1222 00bb 19       		.uleb128 0x19
 1223 00bc 11       		.uleb128 0x11
 1224 00bd 01       		.uleb128 0x1
 1225 00be 12       		.uleb128 0x12
 1226 00bf 06       		.uleb128 0x6
 1227 00c0 40       		.uleb128 0x40
 1228 00c1 18       		.uleb128 0x18
 1229 00c2 9742     		.uleb128 0x2117
 1230 00c4 19       		.uleb128 0x19
 1231 00c5 01       		.uleb128 0x1
 1232 00c6 13       		.uleb128 0x13
 1233 00c7 00       		.byte	0
 1234 00c8 00       		.byte	0
 1235 00c9 10       		.uleb128 0x10
 1236 00ca 34       		.uleb128 0x34
 1237 00cb 00       		.byte	0
 1238 00cc 03       		.uleb128 0x3
 1239 00cd 08       		.uleb128 0x8
 1240 00ce 3A       		.uleb128 0x3a
 1241 00cf 0B       		.uleb128 0xb
 1242 00d0 3B       		.uleb128 0x3b
 1243 00d1 0B       		.uleb128 0xb
 1244 00d2 49       		.uleb128 0x49
 1245 00d3 13       		.uleb128 0x13
 1246 00d4 02       		.uleb128 0x2
 1247 00d5 18       		.uleb128 0x18
 1248 00d6 00       		.byte	0
 1249 00d7 00       		.byte	0
 1250 00d8 11       		.uleb128 0x11
 1251 00d9 0B       		.uleb128 0xb
 1252 00da 01       		.byte	0x1
 1253 00db 11       		.uleb128 0x11
 1254 00dc 01       		.uleb128 0x1
 1255 00dd 12       		.uleb128 0x12
 1256 00de 06       		.uleb128 0x6
 1257 00df 00       		.byte	0
 1258 00e0 00       		.byte	0
 1259 00e1 12       		.uleb128 0x12
 1260 00e2 34       		.uleb128 0x34
 1261 00e3 00       		.byte	0
 1262 00e4 03       		.uleb128 0x3
 1263 00e5 0E       		.uleb128 0xe
 1264 00e6 3A       		.uleb128 0x3a
 1265 00e7 0B       		.uleb128 0xb
 1266 00e8 3B       		.uleb128 0x3b
ARM GAS  C:\Users\Admin\AppData\Local\Temp\cc07KU0r.s 			page 30


 1267 00e9 0B       		.uleb128 0xb
 1268 00ea 49       		.uleb128 0x49
 1269 00eb 13       		.uleb128 0x13
 1270 00ec 02       		.uleb128 0x2
 1271 00ed 18       		.uleb128 0x18
 1272 00ee 00       		.byte	0
 1273 00ef 00       		.byte	0
 1274 00f0 13       		.uleb128 0x13
 1275 00f1 26       		.uleb128 0x26
 1276 00f2 00       		.byte	0
 1277 00f3 49       		.uleb128 0x49
 1278 00f4 13       		.uleb128 0x13
 1279 00f5 00       		.byte	0
 1280 00f6 00       		.byte	0
 1281 00f7 14       		.uleb128 0x14
 1282 00f8 2E       		.uleb128 0x2e
 1283 00f9 00       		.byte	0
 1284 00fa 03       		.uleb128 0x3
 1285 00fb 0E       		.uleb128 0xe
 1286 00fc 3A       		.uleb128 0x3a
 1287 00fd 0B       		.uleb128 0xb
 1288 00fe 3B       		.uleb128 0x3b
 1289 00ff 0B       		.uleb128 0xb
 1290 0100 27       		.uleb128 0x27
 1291 0101 19       		.uleb128 0x19
 1292 0102 11       		.uleb128 0x11
 1293 0103 01       		.uleb128 0x1
 1294 0104 12       		.uleb128 0x12
 1295 0105 06       		.uleb128 0x6
 1296 0106 40       		.uleb128 0x40
 1297 0107 18       		.uleb128 0x18
 1298 0108 9642     		.uleb128 0x2116
 1299 010a 19       		.uleb128 0x19
 1300 010b 00       		.byte	0
 1301 010c 00       		.byte	0
 1302 010d 15       		.uleb128 0x15
 1303 010e 2E       		.uleb128 0x2e
 1304 010f 00       		.byte	0
 1305 0110 03       		.uleb128 0x3
 1306 0111 0E       		.uleb128 0xe
 1307 0112 3A       		.uleb128 0x3a
 1308 0113 0B       		.uleb128 0xb
 1309 0114 3B       		.uleb128 0x3b
 1310 0115 05       		.uleb128 0x5
 1311 0116 27       		.uleb128 0x27
 1312 0117 19       		.uleb128 0x19
 1313 0118 11       		.uleb128 0x11
 1314 0119 01       		.uleb128 0x1
 1315 011a 12       		.uleb128 0x12
 1316 011b 06       		.uleb128 0x6
 1317 011c 40       		.uleb128 0x40
 1318 011d 18       		.uleb128 0x18
 1319 011e 9742     		.uleb128 0x2117
 1320 0120 19       		.uleb128 0x19
 1321 0121 00       		.byte	0
 1322 0122 00       		.byte	0
 1323 0123 16       		.uleb128 0x16
ARM GAS  C:\Users\Admin\AppData\Local\Temp\cc07KU0r.s 			page 31


 1324 0124 2E       		.uleb128 0x2e
 1325 0125 01       		.byte	0x1
 1326 0126 3F       		.uleb128 0x3f
 1327 0127 19       		.uleb128 0x19
 1328 0128 03       		.uleb128 0x3
 1329 0129 0E       		.uleb128 0xe
 1330 012a 3A       		.uleb128 0x3a
 1331 012b 0B       		.uleb128 0xb
 1332 012c 3B       		.uleb128 0x3b
 1333 012d 05       		.uleb128 0x5
 1334 012e 27       		.uleb128 0x27
 1335 012f 19       		.uleb128 0x19
 1336 0130 11       		.uleb128 0x11
 1337 0131 01       		.uleb128 0x1
 1338 0132 12       		.uleb128 0x12
 1339 0133 06       		.uleb128 0x6
 1340 0134 40       		.uleb128 0x40
 1341 0135 18       		.uleb128 0x18
 1342 0136 9642     		.uleb128 0x2116
 1343 0138 19       		.uleb128 0x19
 1344 0139 01       		.uleb128 0x1
 1345 013a 13       		.uleb128 0x13
 1346 013b 00       		.byte	0
 1347 013c 00       		.byte	0
 1348 013d 17       		.uleb128 0x17
 1349 013e 34       		.uleb128 0x34
 1350 013f 00       		.byte	0
 1351 0140 03       		.uleb128 0x3
 1352 0141 0E       		.uleb128 0xe
 1353 0142 3A       		.uleb128 0x3a
 1354 0143 0B       		.uleb128 0xb
 1355 0144 3B       		.uleb128 0x3b
 1356 0145 05       		.uleb128 0x5
 1357 0146 49       		.uleb128 0x49
 1358 0147 13       		.uleb128 0x13
 1359 0148 02       		.uleb128 0x2
 1360 0149 18       		.uleb128 0x18
 1361 014a 00       		.byte	0
 1362 014b 00       		.byte	0
 1363 014c 18       		.uleb128 0x18
 1364 014d 13       		.uleb128 0x13
 1365 014e 01       		.byte	0x1
 1366 014f 0B       		.uleb128 0xb
 1367 0150 0B       		.uleb128 0xb
 1368 0151 3A       		.uleb128 0x3a
 1369 0152 0B       		.uleb128 0xb
 1370 0153 3B       		.uleb128 0x3b
 1371 0154 05       		.uleb128 0x5
 1372 0155 01       		.uleb128 0x1
 1373 0156 13       		.uleb128 0x13
 1374 0157 00       		.byte	0
 1375 0158 00       		.byte	0
 1376 0159 19       		.uleb128 0x19
 1377 015a 0D       		.uleb128 0xd
 1378 015b 00       		.byte	0
 1379 015c 03       		.uleb128 0x3
 1380 015d 0E       		.uleb128 0xe
ARM GAS  C:\Users\Admin\AppData\Local\Temp\cc07KU0r.s 			page 32


 1381 015e 3A       		.uleb128 0x3a
 1382 015f 0B       		.uleb128 0xb
 1383 0160 3B       		.uleb128 0x3b
 1384 0161 05       		.uleb128 0x5
 1385 0162 49       		.uleb128 0x49
 1386 0163 13       		.uleb128 0x13
 1387 0164 38       		.uleb128 0x38
 1388 0165 0B       		.uleb128 0xb
 1389 0166 00       		.byte	0
 1390 0167 00       		.byte	0
 1391 0168 1A       		.uleb128 0x1a
 1392 0169 01       		.uleb128 0x1
 1393 016a 01       		.byte	0x1
 1394 016b 49       		.uleb128 0x49
 1395 016c 13       		.uleb128 0x13
 1396 016d 01       		.uleb128 0x1
 1397 016e 13       		.uleb128 0x13
 1398 016f 00       		.byte	0
 1399 0170 00       		.byte	0
 1400 0171 1B       		.uleb128 0x1b
 1401 0172 21       		.uleb128 0x21
 1402 0173 00       		.byte	0
 1403 0174 49       		.uleb128 0x49
 1404 0175 13       		.uleb128 0x13
 1405 0176 2F       		.uleb128 0x2f
 1406 0177 0B       		.uleb128 0xb
 1407 0178 00       		.byte	0
 1408 0179 00       		.byte	0
 1409 017a 1C       		.uleb128 0x1c
 1410 017b 34       		.uleb128 0x34
 1411 017c 00       		.byte	0
 1412 017d 03       		.uleb128 0x3
 1413 017e 08       		.uleb128 0x8
 1414 017f 3A       		.uleb128 0x3a
 1415 0180 0B       		.uleb128 0xb
 1416 0181 3B       		.uleb128 0x3b
 1417 0182 05       		.uleb128 0x5
 1418 0183 49       		.uleb128 0x49
 1419 0184 13       		.uleb128 0x13
 1420 0185 02       		.uleb128 0x2
 1421 0186 18       		.uleb128 0x18
 1422 0187 00       		.byte	0
 1423 0188 00       		.byte	0
 1424 0189 00       		.byte	0
 1425              		.section	.debug_aranges,"",%progbits
 1426 0000 4C000000 		.4byte	0x4c
 1427 0004 0200     		.2byte	0x2
 1428 0006 00000000 		.4byte	.Ldebug_info0
 1429 000a 04       		.byte	0x4
 1430 000b 00       		.byte	0
 1431 000c 0000     		.2byte	0
 1432 000e 0000     		.2byte	0
 1433 0010 00000000 		.4byte	.LFB2
 1434 0014 1E000000 		.4byte	.LFE2-.LFB2
 1435 0018 00000000 		.4byte	.LFB3
 1436 001c 20000000 		.4byte	.LFE3-.LFB3
 1437 0020 00000000 		.4byte	.LFB4
ARM GAS  C:\Users\Admin\AppData\Local\Temp\cc07KU0r.s 			page 33


 1438 0024 20000000 		.4byte	.LFE4-.LFB4
 1439 0028 00000000 		.4byte	.LFB5
 1440 002c 82000000 		.4byte	.LFE5-.LFB5
 1441 0030 00000000 		.4byte	.LFB6
 1442 0034 C8000000 		.4byte	.LFE6-.LFB6
 1443 0038 00000000 		.4byte	.LFB7
 1444 003c 28000000 		.4byte	.LFE7-.LFB7
 1445 0040 C8000000 		.4byte	.LFB8
 1446 0044 0C010000 		.4byte	.LFE8-.LFB8
 1447 0048 00000000 		.4byte	0
 1448 004c 00000000 		.4byte	0
 1449              		.section	.debug_ranges,"",%progbits
 1450              	.Ldebug_ranges0:
 1451 0000 00000000 		.4byte	.LFB2
 1452 0004 1E000000 		.4byte	.LFE2
 1453 0008 00000000 		.4byte	.LFB3
 1454 000c 20000000 		.4byte	.LFE3
 1455 0010 00000000 		.4byte	.LFB4
 1456 0014 20000000 		.4byte	.LFE4
 1457 0018 00000000 		.4byte	.LFB5
 1458 001c 82000000 		.4byte	.LFE5
 1459 0020 00000000 		.4byte	.LFB6
 1460 0024 C8000000 		.4byte	.LFE6
 1461 0028 00000000 		.4byte	.LFB7
 1462 002c 28000000 		.4byte	.LFE7
 1463 0030 C8000000 		.4byte	.LFB8
 1464 0034 D4010000 		.4byte	.LFE8
 1465 0038 00000000 		.4byte	0
 1466 003c 00000000 		.4byte	0
 1467              		.section	.debug_line,"",%progbits
 1468              	.Ldebug_line0:
 1469 0000 96010000 		.section	.debug_str,"MS",%progbits,1
 1469      0200CB00 
 1469      00000201 
 1469      FB0E0D00 
 1469      01010101 
 1470              	.LASF19:
 1471 0000 72656733 		.ascii	"reg32\000"
 1471      3200
 1472              	.LASF12:
 1473 0006 73697A65 		.ascii	"size_t\000"
 1473      5F7400
 1474              	.LASF33:
 1475 000d 416E616C 		.ascii	"AnalogSetDefault\000"
 1475      6F675365 
 1475      74446566 
 1475      61756C74 
 1475      00
 1476              	.LASF21:
 1477 001e 76616C75 		.ascii	"value\000"
 1477      6500
 1478              	.LASF31:
 1479 0024 636F756E 		.ascii	"count\000"
 1479      7400
 1480              	.LASF32:
 1481 002a 436C6F63 		.ascii	"ClockSetup\000"
 1481      6B536574 
ARM GAS  C:\Users\Admin\AppData\Local\Temp\cc07KU0r.s 			page 34


 1481      757000
 1482              	.LASF34:
 1483 0035 63795F63 		.ascii	"cy_cfg_addr_table\000"
 1483      66675F61 
 1483      6464725F 
 1483      7461626C 
 1483      6500
 1484              	.LASF35:
 1485 0047 63795F63 		.ascii	"cy_cfg_data_table\000"
 1485      66675F64 
 1485      6174615F 
 1485      7461626C 
 1485      6500
 1486              	.LASF16:
 1487 0059 666C6F61 		.ascii	"float\000"
 1487      7400
 1488              	.LASF25:
 1489 005f 64657374 		.ascii	"dest\000"
 1489      00
 1490              	.LASF39:
 1491 0064 6366675F 		.ascii	"cfg_memset_list\000"
 1491      6D656D73 
 1491      65745F6C 
 1491      69737400 
 1492              	.LASF37:
 1493 0074 73697A65 		.ascii	"size\000"
 1493      00
 1494              	.LASF18:
 1495 0079 72656738 		.ascii	"reg8\000"
 1495      00
 1496              	.LASF8:
 1497 007e 6C6F6E67 		.ascii	"long unsigned int\000"
 1497      20756E73 
 1497      69676E65 
 1497      6420696E 
 1497      7400
 1498              	.LASF13:
 1499 0090 75696E74 		.ascii	"uint8\000"
 1499      3800
 1500              	.LASF23:
 1501 0096 43594D45 		.ascii	"CYMEMZERO\000"
 1501      4D5A4552 
 1501      4F00
 1502              	.LASF40:
 1503 00a0 474E5520 		.ascii	"GNU C11 5.4.1 20160609 (release) [ARM/embedded-5-br"
 1503      43313120 
 1503      352E342E 
 1503      31203230 
 1503      31363036 
 1504 00d3 616E6368 		.ascii	"anch revision 237715] -mcpu=cortex-m0 -mthumb -g -O"
 1504      20726576 
 1504      6973696F 
 1504      6E203233 
 1504      37373135 
 1505 0106 30202D66 		.ascii	"0 -ffunction-sections -ffat-lto-objects\000"
 1505      66756E63 
 1505      74696F6E 
ARM GAS  C:\Users\Admin\AppData\Local\Temp\cc07KU0r.s 			page 35


 1505      2D736563 
 1505      74696F6E 
 1506              	.LASF4:
 1507 012e 756E7369 		.ascii	"unsigned char\000"
 1507      676E6564 
 1507      20636861 
 1507      7200
 1508              	.LASF17:
 1509 013c 646F7562 		.ascii	"double\000"
 1509      6C6500
 1510              	.LASF27:
 1511 0143 6366675F 		.ascii	"cfg_write_bytes32\000"
 1511      77726974 
 1511      655F6279 
 1511      74657333 
 1511      3200
 1512              	.LASF43:
 1513 0155 63796669 		.ascii	"cyfitter_cfg\000"
 1513      74746572 
 1513      5F636667 
 1513      00
 1514              	.LASF28:
 1515 0162 61646472 		.ascii	"addr_table\000"
 1515      5F746162 
 1515      6C6500
 1516              	.LASF14:
 1517 016d 75696E74 		.ascii	"uint16\000"
 1517      313600
 1518              	.LASF29:
 1519 0174 64617461 		.ascii	"data_table\000"
 1519      5F746162 
 1519      6C6500
 1520              	.LASF15:
 1521 017f 75696E74 		.ascii	"uint32\000"
 1521      333200
 1522              	.LASF0:
 1523 0186 756E7369 		.ascii	"unsigned int\000"
 1523      676E6564 
 1523      20696E74 
 1523      00
 1524              	.LASF36:
 1525 0193 61646472 		.ascii	"address\000"
 1525      65737300 
 1526              	.LASF9:
 1527 019b 6C6F6E67 		.ascii	"long long unsigned int\000"
 1527      206C6F6E 
 1527      6720756E 
 1527      7369676E 
 1527      65642069 
 1528              	.LASF38:
 1529 01b2 6366675F 		.ascii	"cfg_memset_t\000"
 1529      6D656D73 
 1529      65745F74 
 1529      00
 1530              	.LASF30:
 1531 01bf 62617365 		.ascii	"baseAddr\000"
 1531      41646472 
ARM GAS  C:\Users\Admin\AppData\Local\Temp\cc07KU0r.s 			page 36


 1531      00
 1532              	.LASF10:
 1533 01c8 73697A65 		.ascii	"sizetype\000"
 1533      74797065 
 1533      00
 1534              	.LASF6:
 1535 01d1 73686F72 		.ascii	"short unsigned int\000"
 1535      7420756E 
 1535      7369676E 
 1535      65642069 
 1535      6E7400
 1536              	.LASF1:
 1537 01e4 6C6F6E67 		.ascii	"long long int\000"
 1537      206C6F6E 
 1537      6720696E 
 1537      7400
 1538              	.LASF11:
 1539 01f2 63686172 		.ascii	"char\000"
 1539      00
 1540              	.LASF22:
 1541 01f7 63795F63 		.ascii	"cy_cfg_addrvalue_t\000"
 1541      66675F61 
 1541      64647276 
 1541      616C7565 
 1541      5F7400
 1542              	.LASF20:
 1543 020a 6F666673 		.ascii	"offset\000"
 1543      657400
 1544              	.LASF5:
 1545 0211 73686F72 		.ascii	"short int\000"
 1545      7420696E 
 1545      7400
 1546              	.LASF42:
 1547 021b 443A5C4C 		.ascii	"D:\\LABs_BLE\\LABs_BLE\\Lab_1_1_LED_additional_blue"
 1547      4142735F 
 1547      424C455C 
 1547      4C414273 
 1547      5F424C45 
 1548 024b 2E637964 		.ascii	".cydsn\000"
 1548      736E00
 1549              	.LASF7:
 1550 0252 6C6F6E67 		.ascii	"long int\000"
 1550      20696E74 
 1550      00
 1551              	.LASF2:
 1552 025b 6C6F6E67 		.ascii	"long double\000"
 1552      20646F75 
 1552      626C6500 
 1553              	.LASF3:
 1554 0267 7369676E 		.ascii	"signed char\000"
 1554      65642063 
 1554      68617200 
 1555              	.LASF41:
 1556 0273 47656E65 		.ascii	"Generated_Source\\PSoC4\\cyfitter_cfg.c\000"
 1556      72617465 
 1556      645F536F 
 1556      75726365 
ARM GAS  C:\Users\Admin\AppData\Local\Temp\cc07KU0r.s 			page 37


 1556      5C50536F 
 1557              	.LASF26:
 1558 0299 4359434F 		.ascii	"CYCONFIGCPYCODE\000"
 1558      4E464947 
 1558      43505943 
 1558      4F444500 
 1559              	.LASF24:
 1560 02a9 4359434F 		.ascii	"CYCONFIGCPY\000"
 1560      4E464947 
 1560      43505900 
 1561              		.ident	"GCC: (GNU Tools for ARM Embedded Processors) 5.4.1 20160609 (release) [ARM/embedded-5-bran
