ARM GAS  C:\Users\Admin\AppData\Local\Temp\ccj56NJQ.s 			page 1


   1              		.syntax unified
   2              		.cpu cortex-m0
   3              		.fpu softvfp
   4              		.eabi_attribute 20, 1
   5              		.eabi_attribute 21, 1
   6              		.eabi_attribute 23, 3
   7              		.eabi_attribute 24, 1
   8              		.eabi_attribute 25, 1
   9              		.eabi_attribute 26, 1
  10              		.eabi_attribute 30, 6
  11              		.eabi_attribute 34, 0
  12              		.eabi_attribute 18, 4
  13              		.thumb
  14              		.syntax unified
  15              		.file	"cyfitter_cfg.c"
  16              		.text
  17              	.Ltext0:
  18              		.cfi_sections	.debug_frame
  19              		.section	.text.CYMEMZERO,"ax",%progbits
  20              		.align	2
  21              		.code	16
  22              		.thumb_func
  23              		.type	CYMEMZERO, %function
  24              	CYMEMZERO:
  25              	.LFB2:
  26              		.file 1 "Generated_Source\\PSoC4\\cyfitter_cfg.c"
   1:Generated_Source\PSoC4/cyfitter_cfg.c **** 
   2:Generated_Source\PSoC4/cyfitter_cfg.c **** /*******************************************************************************
   3:Generated_Source\PSoC4/cyfitter_cfg.c **** * File Name: cyfitter_cfg.c
   4:Generated_Source\PSoC4/cyfitter_cfg.c **** * 
   5:Generated_Source\PSoC4/cyfitter_cfg.c **** * PSoC Creator  4.4
   6:Generated_Source\PSoC4/cyfitter_cfg.c **** *
   7:Generated_Source\PSoC4/cyfitter_cfg.c **** * Description:
   8:Generated_Source\PSoC4/cyfitter_cfg.c **** * This file contains device initialization code.
   9:Generated_Source\PSoC4/cyfitter_cfg.c **** * Except for the user defined sections in CyClockStartupError(), this file should not be modified.
  10:Generated_Source\PSoC4/cyfitter_cfg.c **** * This file is automatically generated by PSoC Creator.
  11:Generated_Source\PSoC4/cyfitter_cfg.c **** *
  12:Generated_Source\PSoC4/cyfitter_cfg.c **** ********************************************************************************
  13:Generated_Source\PSoC4/cyfitter_cfg.c **** * Copyright (c) 2007-2020 Cypress Semiconductor.  All rights reserved.
  14:Generated_Source\PSoC4/cyfitter_cfg.c **** * You may use this file only in accordance with the license, terms, conditions, 
  15:Generated_Source\PSoC4/cyfitter_cfg.c **** * disclaimers, and limitations in the end user license agreement accompanying 
  16:Generated_Source\PSoC4/cyfitter_cfg.c **** * the software package with which this file was provided.
  17:Generated_Source\PSoC4/cyfitter_cfg.c **** ********************************************************************************/
  18:Generated_Source\PSoC4/cyfitter_cfg.c **** 
  19:Generated_Source\PSoC4/cyfitter_cfg.c **** #include <string.h>
  20:Generated_Source\PSoC4/cyfitter_cfg.c **** #include "cytypes.h"
  21:Generated_Source\PSoC4/cyfitter_cfg.c **** #include "cydevice_trm.h"
  22:Generated_Source\PSoC4/cyfitter_cfg.c **** #include "cyfitter.h"
  23:Generated_Source\PSoC4/cyfitter_cfg.c **** #include "CyLib.h"
  24:Generated_Source\PSoC4/cyfitter_cfg.c **** #include "cyfitter_cfg.h"
  25:Generated_Source\PSoC4/cyfitter_cfg.c **** 
  26:Generated_Source\PSoC4/cyfitter_cfg.c **** 
  27:Generated_Source\PSoC4/cyfitter_cfg.c **** #if defined(__GNUC__) || defined(__ARMCC_VERSION)
  28:Generated_Source\PSoC4/cyfitter_cfg.c ****     #define CYPACKED 
  29:Generated_Source\PSoC4/cyfitter_cfg.c ****     #define CYPACKED_ATTR __attribute__ ((packed))
  30:Generated_Source\PSoC4/cyfitter_cfg.c ****     #define CYALIGNED __attribute__ ((aligned))
  31:Generated_Source\PSoC4/cyfitter_cfg.c ****     #define CY_CFG_UNUSED __attribute__ ((unused))
ARM GAS  C:\Users\Admin\AppData\Local\Temp\ccj56NJQ.s 			page 2


  32:Generated_Source\PSoC4/cyfitter_cfg.c ****     #ifndef CY_CFG_SECTION
  33:Generated_Source\PSoC4/cyfitter_cfg.c ****         #define CY_CFG_SECTION __attribute__ ((section(".psocinit")))
  34:Generated_Source\PSoC4/cyfitter_cfg.c ****     #endif
  35:Generated_Source\PSoC4/cyfitter_cfg.c ****     
  36:Generated_Source\PSoC4/cyfitter_cfg.c ****     #if defined(__ARMCC_VERSION)
  37:Generated_Source\PSoC4/cyfitter_cfg.c ****         #define CY_CFG_MEMORY_BARRIER() __memory_changed()
  38:Generated_Source\PSoC4/cyfitter_cfg.c ****     #else
  39:Generated_Source\PSoC4/cyfitter_cfg.c ****         #define CY_CFG_MEMORY_BARRIER() __sync_synchronize()
  40:Generated_Source\PSoC4/cyfitter_cfg.c ****     #endif
  41:Generated_Source\PSoC4/cyfitter_cfg.c ****     
  42:Generated_Source\PSoC4/cyfitter_cfg.c **** #elif defined(__ICCARM__)
  43:Generated_Source\PSoC4/cyfitter_cfg.c ****     #include <intrinsics.h>
  44:Generated_Source\PSoC4/cyfitter_cfg.c **** 
  45:Generated_Source\PSoC4/cyfitter_cfg.c ****     #define CYPACKED __packed
  46:Generated_Source\PSoC4/cyfitter_cfg.c ****     #define CYPACKED_ATTR 
  47:Generated_Source\PSoC4/cyfitter_cfg.c ****     #define CYALIGNED _Pragma("data_alignment=4")
  48:Generated_Source\PSoC4/cyfitter_cfg.c ****     #define CY_CFG_UNUSED _Pragma("diag_suppress=Pe177")
  49:Generated_Source\PSoC4/cyfitter_cfg.c ****     #define CY_CFG_SECTION _Pragma("location=\".psocinit\"")
  50:Generated_Source\PSoC4/cyfitter_cfg.c ****     
  51:Generated_Source\PSoC4/cyfitter_cfg.c ****     #define CY_CFG_MEMORY_BARRIER() __DMB()
  52:Generated_Source\PSoC4/cyfitter_cfg.c ****     
  53:Generated_Source\PSoC4/cyfitter_cfg.c **** #else
  54:Generated_Source\PSoC4/cyfitter_cfg.c ****     #error Unsupported toolchain
  55:Generated_Source\PSoC4/cyfitter_cfg.c **** #endif
  56:Generated_Source\PSoC4/cyfitter_cfg.c **** 
  57:Generated_Source\PSoC4/cyfitter_cfg.c **** #ifndef CYCODE
  58:Generated_Source\PSoC4/cyfitter_cfg.c ****     #define CYCODE
  59:Generated_Source\PSoC4/cyfitter_cfg.c **** #endif
  60:Generated_Source\PSoC4/cyfitter_cfg.c **** #ifndef CYDATA
  61:Generated_Source\PSoC4/cyfitter_cfg.c ****     #define CYDATA
  62:Generated_Source\PSoC4/cyfitter_cfg.c **** #endif
  63:Generated_Source\PSoC4/cyfitter_cfg.c **** #ifndef CYFAR
  64:Generated_Source\PSoC4/cyfitter_cfg.c ****     #define CYFAR
  65:Generated_Source\PSoC4/cyfitter_cfg.c **** #endif
  66:Generated_Source\PSoC4/cyfitter_cfg.c **** #ifndef CYXDATA
  67:Generated_Source\PSoC4/cyfitter_cfg.c ****     #define CYXDATA
  68:Generated_Source\PSoC4/cyfitter_cfg.c **** #endif
  69:Generated_Source\PSoC4/cyfitter_cfg.c **** 
  70:Generated_Source\PSoC4/cyfitter_cfg.c **** 
  71:Generated_Source\PSoC4/cyfitter_cfg.c **** CY_CFG_UNUSED
  72:Generated_Source\PSoC4/cyfitter_cfg.c **** static void CYMEMZERO(void *s, size_t n);
  73:Generated_Source\PSoC4/cyfitter_cfg.c **** CY_CFG_UNUSED
  74:Generated_Source\PSoC4/cyfitter_cfg.c **** static void CYMEMZERO(void *s, size_t n)
  75:Generated_Source\PSoC4/cyfitter_cfg.c **** {
  27              		.loc 1 75 0
  28              		.cfi_startproc
  29              		@ args = 0, pretend = 0, frame = 8
  30              		@ frame_needed = 1, uses_anonymous_args = 0
  31 0000 80B5     		push	{r7, lr}
  32              		.cfi_def_cfa_offset 8
  33              		.cfi_offset 7, -8
  34              		.cfi_offset 14, -4
  35 0002 82B0     		sub	sp, sp, #8
  36              		.cfi_def_cfa_offset 16
  37 0004 00AF     		add	r7, sp, #0
  38              		.cfi_def_cfa_register 7
  39 0006 7860     		str	r0, [r7, #4]
ARM GAS  C:\Users\Admin\AppData\Local\Temp\ccj56NJQ.s 			page 3


  40 0008 3960     		str	r1, [r7]
  76:Generated_Source\PSoC4/cyfitter_cfg.c **** 	(void)memset(s, 0, n);
  41              		.loc 1 76 0
  42 000a 3A68     		ldr	r2, [r7]
  43 000c 7B68     		ldr	r3, [r7, #4]
  44 000e 0021     		movs	r1, #0
  45 0010 1800     		movs	r0, r3
  46 0012 FFF7FEFF 		bl	memset
  77:Generated_Source\PSoC4/cyfitter_cfg.c **** }
  47              		.loc 1 77 0
  48 0016 C046     		nop
  49 0018 BD46     		mov	sp, r7
  50 001a 02B0     		add	sp, sp, #8
  51              		@ sp needed
  52 001c 80BD     		pop	{r7, pc}
  53              		.cfi_endproc
  54              	.LFE2:
  55              		.size	CYMEMZERO, .-CYMEMZERO
  56 001e C046     		.section	.text.CYCONFIGCPY,"ax",%progbits
  57              		.align	2
  58              		.code	16
  59              		.thumb_func
  60              		.type	CYCONFIGCPY, %function
  61              	CYCONFIGCPY:
  62              	.LFB3:
  78:Generated_Source\PSoC4/cyfitter_cfg.c **** CY_CFG_UNUSED
  79:Generated_Source\PSoC4/cyfitter_cfg.c **** static void CYCONFIGCPY(void *dest, const void *src, size_t n);
  80:Generated_Source\PSoC4/cyfitter_cfg.c **** CY_CFG_UNUSED
  81:Generated_Source\PSoC4/cyfitter_cfg.c **** static void CYCONFIGCPY(void *dest, const void *src, size_t n)
  82:Generated_Source\PSoC4/cyfitter_cfg.c **** {
  63              		.loc 1 82 0
  64              		.cfi_startproc
  65              		@ args = 0, pretend = 0, frame = 16
  66              		@ frame_needed = 1, uses_anonymous_args = 0
  67 0000 80B5     		push	{r7, lr}
  68              		.cfi_def_cfa_offset 8
  69              		.cfi_offset 7, -8
  70              		.cfi_offset 14, -4
  71 0002 84B0     		sub	sp, sp, #16
  72              		.cfi_def_cfa_offset 24
  73 0004 00AF     		add	r7, sp, #0
  74              		.cfi_def_cfa_register 7
  75 0006 F860     		str	r0, [r7, #12]
  76 0008 B960     		str	r1, [r7, #8]
  77 000a 7A60     		str	r2, [r7, #4]
  83:Generated_Source\PSoC4/cyfitter_cfg.c **** 	(void)memcpy(dest, src, n);
  78              		.loc 1 83 0
  79 000c 7A68     		ldr	r2, [r7, #4]
  80 000e B968     		ldr	r1, [r7, #8]
  81 0010 FB68     		ldr	r3, [r7, #12]
  82 0012 1800     		movs	r0, r3
  83 0014 FFF7FEFF 		bl	memcpy
  84:Generated_Source\PSoC4/cyfitter_cfg.c **** }
  84              		.loc 1 84 0
  85 0018 C046     		nop
  86 001a BD46     		mov	sp, r7
  87 001c 04B0     		add	sp, sp, #16
ARM GAS  C:\Users\Admin\AppData\Local\Temp\ccj56NJQ.s 			page 4


  88              		@ sp needed
  89 001e 80BD     		pop	{r7, pc}
  90              		.cfi_endproc
  91              	.LFE3:
  92              		.size	CYCONFIGCPY, .-CYCONFIGCPY
  93              		.section	.text.CYCONFIGCPYCODE,"ax",%progbits
  94              		.align	2
  95              		.code	16
  96              		.thumb_func
  97              		.type	CYCONFIGCPYCODE, %function
  98              	CYCONFIGCPYCODE:
  99              	.LFB4:
  85:Generated_Source\PSoC4/cyfitter_cfg.c **** CY_CFG_UNUSED
  86:Generated_Source\PSoC4/cyfitter_cfg.c **** static void CYCONFIGCPYCODE(void *dest, const void *src, size_t n);
  87:Generated_Source\PSoC4/cyfitter_cfg.c **** CY_CFG_UNUSED
  88:Generated_Source\PSoC4/cyfitter_cfg.c **** static void CYCONFIGCPYCODE(void *dest, const void *src, size_t n)
  89:Generated_Source\PSoC4/cyfitter_cfg.c **** {
 100              		.loc 1 89 0
 101              		.cfi_startproc
 102              		@ args = 0, pretend = 0, frame = 16
 103              		@ frame_needed = 1, uses_anonymous_args = 0
 104 0000 80B5     		push	{r7, lr}
 105              		.cfi_def_cfa_offset 8
 106              		.cfi_offset 7, -8
 107              		.cfi_offset 14, -4
 108 0002 84B0     		sub	sp, sp, #16
 109              		.cfi_def_cfa_offset 24
 110 0004 00AF     		add	r7, sp, #0
 111              		.cfi_def_cfa_register 7
 112 0006 F860     		str	r0, [r7, #12]
 113 0008 B960     		str	r1, [r7, #8]
 114 000a 7A60     		str	r2, [r7, #4]
  90:Generated_Source\PSoC4/cyfitter_cfg.c **** 	(void)memcpy(dest, src, n);
 115              		.loc 1 90 0
 116 000c 7A68     		ldr	r2, [r7, #4]
 117 000e B968     		ldr	r1, [r7, #8]
 118 0010 FB68     		ldr	r3, [r7, #12]
 119 0012 1800     		movs	r0, r3
 120 0014 FFF7FEFF 		bl	memcpy
  91:Generated_Source\PSoC4/cyfitter_cfg.c **** }
 121              		.loc 1 91 0
 122 0018 C046     		nop
 123 001a BD46     		mov	sp, r7
 124 001c 04B0     		add	sp, sp, #16
 125              		@ sp needed
 126 001e 80BD     		pop	{r7, pc}
 127              		.cfi_endproc
 128              	.LFE4:
 129              		.size	CYCONFIGCPYCODE, .-CYCONFIGCPYCODE
 130              		.section	.psocinit,"ax",%progbits
 131              		.align	2
 132              		.code	16
 133              		.thumb_func
 134              		.type	ClockSetup, %function
 135              	ClockSetup:
 136              	.LFB5:
  92:Generated_Source\PSoC4/cyfitter_cfg.c **** 
ARM GAS  C:\Users\Admin\AppData\Local\Temp\ccj56NJQ.s 			page 5


  93:Generated_Source\PSoC4/cyfitter_cfg.c **** 
  94:Generated_Source\PSoC4/cyfitter_cfg.c **** 
  95:Generated_Source\PSoC4/cyfitter_cfg.c **** 
  96:Generated_Source\PSoC4/cyfitter_cfg.c **** /* Clock startup error codes                                                   */
  97:Generated_Source\PSoC4/cyfitter_cfg.c **** #define CYCLOCKSTART_NO_ERROR    0u
  98:Generated_Source\PSoC4/cyfitter_cfg.c **** #define CYCLOCKSTART_XTAL_ERROR  1u
  99:Generated_Source\PSoC4/cyfitter_cfg.c **** #define CYCLOCKSTART_32KHZ_ERROR 2u
 100:Generated_Source\PSoC4/cyfitter_cfg.c **** #define CYCLOCKSTART_PLL_ERROR   3u
 101:Generated_Source\PSoC4/cyfitter_cfg.c **** #define CYCLOCKSTART_FLL_ERROR   4u
 102:Generated_Source\PSoC4/cyfitter_cfg.c **** #define CYCLOCKSTART_WCO_ERROR   5u
 103:Generated_Source\PSoC4/cyfitter_cfg.c **** 
 104:Generated_Source\PSoC4/cyfitter_cfg.c **** 
 105:Generated_Source\PSoC4/cyfitter_cfg.c **** #ifdef CY_NEED_CYCLOCKSTARTUPERROR
 106:Generated_Source\PSoC4/cyfitter_cfg.c **** /*******************************************************************************
 107:Generated_Source\PSoC4/cyfitter_cfg.c **** * Function Name: CyClockStartupError
 108:Generated_Source\PSoC4/cyfitter_cfg.c **** ********************************************************************************
 109:Generated_Source\PSoC4/cyfitter_cfg.c **** * Summary:
 110:Generated_Source\PSoC4/cyfitter_cfg.c **** *  If an error is encountered during clock configuration (crystal startup error,
 111:Generated_Source\PSoC4/cyfitter_cfg.c **** *  PLL lock error, etc.), the system will end up here.  Unless reimplemented by
 112:Generated_Source\PSoC4/cyfitter_cfg.c **** *  the customer, this function will stop in an infinite loop.
 113:Generated_Source\PSoC4/cyfitter_cfg.c **** *
 114:Generated_Source\PSoC4/cyfitter_cfg.c **** * Parameters:
 115:Generated_Source\PSoC4/cyfitter_cfg.c **** *   void
 116:Generated_Source\PSoC4/cyfitter_cfg.c **** *
 117:Generated_Source\PSoC4/cyfitter_cfg.c **** * Return:
 118:Generated_Source\PSoC4/cyfitter_cfg.c **** *   void
 119:Generated_Source\PSoC4/cyfitter_cfg.c **** *
 120:Generated_Source\PSoC4/cyfitter_cfg.c **** *******************************************************************************/
 121:Generated_Source\PSoC4/cyfitter_cfg.c **** CY_CFG_UNUSED
 122:Generated_Source\PSoC4/cyfitter_cfg.c **** static void CyClockStartupError(uint8 errorCode);
 123:Generated_Source\PSoC4/cyfitter_cfg.c **** CY_CFG_UNUSED
 124:Generated_Source\PSoC4/cyfitter_cfg.c **** static void CyClockStartupError(uint8 errorCode)
 125:Generated_Source\PSoC4/cyfitter_cfg.c **** {
 126:Generated_Source\PSoC4/cyfitter_cfg.c ****     /* To remove the compiler warning if errorCode not used.                */
 127:Generated_Source\PSoC4/cyfitter_cfg.c ****     errorCode = errorCode;
 128:Generated_Source\PSoC4/cyfitter_cfg.c **** 
 129:Generated_Source\PSoC4/cyfitter_cfg.c ****     /* If we have a clock startup error (bad MHz crystal, PLL lock, etc.),  */
 130:Generated_Source\PSoC4/cyfitter_cfg.c ****     /* we will end up here to allow the customer to implement something to  */
 131:Generated_Source\PSoC4/cyfitter_cfg.c ****     /* deal with the clock condition.                                       */
 132:Generated_Source\PSoC4/cyfitter_cfg.c **** 
 133:Generated_Source\PSoC4/cyfitter_cfg.c **** #ifdef CY_CFG_CLOCK_STARTUP_ERROR_CALLBACK
 134:Generated_Source\PSoC4/cyfitter_cfg.c ****     CY_CFG_Clock_Startup_ErrorCallback();
 135:Generated_Source\PSoC4/cyfitter_cfg.c **** #else
 136:Generated_Source\PSoC4/cyfitter_cfg.c ****     /*  If not using CY_CFG_CLOCK_STARTUP_ERROR_CALLBACK, place your clock startup code here. */
 137:Generated_Source\PSoC4/cyfitter_cfg.c ****     /* `#START CyClockStartupError` */
 138:Generated_Source\PSoC4/cyfitter_cfg.c **** 
 139:Generated_Source\PSoC4/cyfitter_cfg.c **** 
 140:Generated_Source\PSoC4/cyfitter_cfg.c **** 
 141:Generated_Source\PSoC4/cyfitter_cfg.c ****     /* `#END` */
 142:Generated_Source\PSoC4/cyfitter_cfg.c **** 
 143:Generated_Source\PSoC4/cyfitter_cfg.c ****     while(1) {}
 144:Generated_Source\PSoC4/cyfitter_cfg.c **** #endif /* CY_CFG_CLOCK_STARTUP_ERROR_CALLBACK */
 145:Generated_Source\PSoC4/cyfitter_cfg.c **** }
 146:Generated_Source\PSoC4/cyfitter_cfg.c **** #endif
 147:Generated_Source\PSoC4/cyfitter_cfg.c **** 
 148:Generated_Source\PSoC4/cyfitter_cfg.c **** 
 149:Generated_Source\PSoC4/cyfitter_cfg.c **** 
ARM GAS  C:\Users\Admin\AppData\Local\Temp\ccj56NJQ.s 			page 6


 150:Generated_Source\PSoC4/cyfitter_cfg.c **** /*******************************************************************************
 151:Generated_Source\PSoC4/cyfitter_cfg.c **** * Function Name: ClockSetup
 152:Generated_Source\PSoC4/cyfitter_cfg.c **** ********************************************************************************
 153:Generated_Source\PSoC4/cyfitter_cfg.c **** *
 154:Generated_Source\PSoC4/cyfitter_cfg.c **** * Summary:
 155:Generated_Source\PSoC4/cyfitter_cfg.c **** *   Performs the initialization of all of the clocks in the device based on the
 156:Generated_Source\PSoC4/cyfitter_cfg.c **** *   settings in the Clock tab of the DWR.  This includes enabling the requested
 157:Generated_Source\PSoC4/cyfitter_cfg.c **** *   clocks and setting the necessary dividers to produce the desired frequency. 
 158:Generated_Source\PSoC4/cyfitter_cfg.c **** *
 159:Generated_Source\PSoC4/cyfitter_cfg.c **** * Parameters:
 160:Generated_Source\PSoC4/cyfitter_cfg.c **** *   void
 161:Generated_Source\PSoC4/cyfitter_cfg.c **** *
 162:Generated_Source\PSoC4/cyfitter_cfg.c **** * Return:
 163:Generated_Source\PSoC4/cyfitter_cfg.c **** *   void
 164:Generated_Source\PSoC4/cyfitter_cfg.c **** *
 165:Generated_Source\PSoC4/cyfitter_cfg.c **** *******************************************************************************/
 166:Generated_Source\PSoC4/cyfitter_cfg.c **** static void ClockSetup(void);
 167:Generated_Source\PSoC4/cyfitter_cfg.c **** CY_CFG_SECTION
 168:Generated_Source\PSoC4/cyfitter_cfg.c **** static void ClockSetup(void)
 169:Generated_Source\PSoC4/cyfitter_cfg.c **** {
 137              		.loc 1 169 0
 138              		.cfi_startproc
 139              		@ args = 0, pretend = 0, frame = 0
 140              		@ frame_needed = 1, uses_anonymous_args = 0
 141 0000 80B5     		push	{r7, lr}
 142              		.cfi_def_cfa_offset 8
 143              		.cfi_offset 7, -8
 144              		.cfi_offset 14, -4
 145 0002 00AF     		add	r7, sp, #0
 146              		.cfi_def_cfa_register 7
 170:Generated_Source\PSoC4/cyfitter_cfg.c **** 
 171:Generated_Source\PSoC4/cyfitter_cfg.c **** 	/* Set Flash Cycles based on max possible frequency in case a glitch occurs during ClockSetup(). *
 172:Generated_Source\PSoC4/cyfitter_cfg.c **** 	CY_SET_REG32((void CYXDATA *)(CYREG_CPUSS_FLASH_CTL), (0x0012u));
 147              		.loc 1 172 0
 148 0004 1C4B     		ldr	r3, .L5
 149 0006 1222     		movs	r2, #18
 150 0008 1A60     		str	r2, [r3]
 173:Generated_Source\PSoC4/cyfitter_cfg.c **** 
 174:Generated_Source\PSoC4/cyfitter_cfg.c **** 	/* Start the WCO */
 175:Generated_Source\PSoC4/cyfitter_cfg.c **** 	CySysClkWcoStart();
 151              		.loc 1 175 0
 152 000a FFF7FEFF 		bl	CySysClkWcoStart
 176:Generated_Source\PSoC4/cyfitter_cfg.c **** 	(void)CySysClkWcoSetPowerMode(CY_SYS_CLK_WCO_LPM);    /* Switch to the low power mode */
 153              		.loc 1 176 0
 154 000e 0120     		movs	r0, #1
 155 0010 FFF7FEFF 		bl	CySysClkWcoSetPowerMode
 177:Generated_Source\PSoC4/cyfitter_cfg.c **** 
 178:Generated_Source\PSoC4/cyfitter_cfg.c **** 	/* Setup and trim IMO based on desired frequency. */
 179:Generated_Source\PSoC4/cyfitter_cfg.c **** 	CySysClkWriteImoFreq(3u);
 156              		.loc 1 179 0
 157 0014 0320     		movs	r0, #3
 158 0016 FFF7FEFF 		bl	CySysClkWriteImoFreq
 180:Generated_Source\PSoC4/cyfitter_cfg.c **** 	/* CYDEV_CLK_ILO_CONFIG Starting address: CYDEV_CLK_ILO_CONFIG */
 181:Generated_Source\PSoC4/cyfitter_cfg.c **** 	CY_SET_REG32((void *)(CYREG_CLK_ILO_CONFIG), 0x80000006u);
 159              		.loc 1 181 0
 160 001a 184B     		ldr	r3, .L5+4
 161 001c 184A     		ldr	r2, .L5+8
ARM GAS  C:\Users\Admin\AppData\Local\Temp\ccj56NJQ.s 			page 7


 162 001e 1A60     		str	r2, [r3]
 182:Generated_Source\PSoC4/cyfitter_cfg.c **** 
 183:Generated_Source\PSoC4/cyfitter_cfg.c **** 
 184:Generated_Source\PSoC4/cyfitter_cfg.c **** 	/* Enable fast start mode for XO */
 185:Generated_Source\PSoC4/cyfitter_cfg.c **** 	CY_SET_REG32((void*)CYREG_BLE_BLERD_BB_XO, CY_GET_REG32((void*)CYREG_BLE_BLERD_BB_XO) | (uint32)0x
 163              		.loc 1 185 0
 164 0020 184B     		ldr	r3, .L5+12
 165 0022 184A     		ldr	r2, .L5+12
 166 0024 1268     		ldr	r2, [r2]
 167 0026 0221     		movs	r1, #2
 168 0028 0A43     		orrs	r2, r1
 169 002a 1A60     		str	r2, [r3]
 186:Generated_Source\PSoC4/cyfitter_cfg.c **** 	CY_SET_REG32((void *)(CYREG_BLE_BLERD_BB_XO_CAPTRIM), 0x00003E2Du);
 170              		.loc 1 186 0
 171 002c 164B     		ldr	r3, .L5+16
 172 002e 174A     		ldr	r2, .L5+20
 173 0030 1A60     		str	r2, [r3]
 187:Generated_Source\PSoC4/cyfitter_cfg.c **** 	/*Set XTAL(ECO) divider*/
 188:Generated_Source\PSoC4/cyfitter_cfg.c **** 	CY_SET_REG32((void *)(CYREG_BLE_BLESS_XTAL_CLK_DIV_CONFIG), 0x00000000u);
 174              		.loc 1 188 0
 175 0032 174B     		ldr	r3, .L5+24
 176 0034 0022     		movs	r2, #0
 177 0036 1A60     		str	r2, [r3]
 189:Generated_Source\PSoC4/cyfitter_cfg.c **** 	/* Disable Crystal Stable Interrupt before enabling ECO */
 190:Generated_Source\PSoC4/cyfitter_cfg.c **** 	CY_SET_REG32((void*)CYREG_BLE_BLESS_LL_DSM_CTRL, CY_GET_REG32((void*)CYREG_BLE_BLESS_LL_DSM_CTRL) 
 178              		.loc 1 190 0
 179 0038 164B     		ldr	r3, .L5+28
 180 003a 164A     		ldr	r2, .L5+28
 181 003c 1268     		ldr	r2, [r2]
 182 003e 0821     		movs	r1, #8
 183 0040 8A43     		bics	r2, r1
 184 0042 1A60     		str	r2, [r3]
 191:Generated_Source\PSoC4/cyfitter_cfg.c **** 	/* Start the ECO and do not check status since it is not needed for HFCLK */
 192:Generated_Source\PSoC4/cyfitter_cfg.c **** 	(void)CySysClkEcoStart(2000u);
 185              		.loc 1 192 0
 186 0044 FA23     		movs	r3, #250
 187 0046 DB00     		lsls	r3, r3, #3
 188 0048 1800     		movs	r0, r3
 189 004a FFF7FEFF 		bl	CySysClkEcoStart
 193:Generated_Source\PSoC4/cyfitter_cfg.c **** 	CyDelayUs(1500u); /* Wait to stabilize */
 190              		.loc 1 193 0
 191 004e 124B     		ldr	r3, .L5+32
 192 0050 1800     		movs	r0, r3
 193 0052 FFF7FEFF 		bl	CyDelayUs
 194:Generated_Source\PSoC4/cyfitter_cfg.c **** 
 195:Generated_Source\PSoC4/cyfitter_cfg.c **** 	/* Setup phase aligned clocks */
 196:Generated_Source\PSoC4/cyfitter_cfg.c **** 
 197:Generated_Source\PSoC4/cyfitter_cfg.c **** 	/* CYDEV_CLK_IMO_CONFIG Starting address: CYDEV_CLK_IMO_CONFIG */
 198:Generated_Source\PSoC4/cyfitter_cfg.c **** 	CY_SET_REG32((void *)(CYREG_CLK_IMO_CONFIG), 0x80000000u);
 194              		.loc 1 198 0
 195 0056 114B     		ldr	r3, .L5+36
 196 0058 8022     		movs	r2, #128
 197 005a 1206     		lsls	r2, r2, #24
 198 005c 1A60     		str	r2, [r3]
 199:Generated_Source\PSoC4/cyfitter_cfg.c **** 
 200:Generated_Source\PSoC4/cyfitter_cfg.c **** 	/* CYDEV_CLK_SELECT Starting address: CYDEV_CLK_SELECT */
 201:Generated_Source\PSoC4/cyfitter_cfg.c **** 	CY_SET_REG32((void *)(CYREG_CLK_SELECT), 0x00000000u);
ARM GAS  C:\Users\Admin\AppData\Local\Temp\ccj56NJQ.s 			page 8


 199              		.loc 1 201 0
 200 005e 104B     		ldr	r3, .L5+40
 201 0060 0022     		movs	r2, #0
 202 0062 1A60     		str	r2, [r3]
 202:Generated_Source\PSoC4/cyfitter_cfg.c **** 
 203:Generated_Source\PSoC4/cyfitter_cfg.c **** 	CY_SET_REG32((void *)(CYREG_WDT_CONFIG), 0x00000000u);
 203              		.loc 1 203 0
 204 0064 0F4B     		ldr	r3, .L5+44
 205 0066 0022     		movs	r2, #0
 206 0068 1A60     		str	r2, [r3]
 204:Generated_Source\PSoC4/cyfitter_cfg.c **** 	/* Set Flash Cycles based on newly configured 3.00MHz HFCLK. */
 205:Generated_Source\PSoC4/cyfitter_cfg.c **** 	CY_SET_REG32((void CYXDATA *)(CYREG_CPUSS_FLASH_CTL), (0x0000u));
 207              		.loc 1 205 0
 208 006a 034B     		ldr	r3, .L5
 209 006c 0022     		movs	r2, #0
 210 006e 1A60     		str	r2, [r3]
 206:Generated_Source\PSoC4/cyfitter_cfg.c **** }
 211              		.loc 1 206 0
 212 0070 C046     		nop
 213 0072 BD46     		mov	sp, r7
 214              		@ sp needed
 215 0074 80BD     		pop	{r7, pc}
 216              	.L6:
 217 0076 C046     		.align	2
 218              	.L5:
 219 0078 30001040 		.word	1074790448
 220 007c 04010B40 		.word	1074462980
 221 0080 06000080 		.word	-2147483642
 222 0084 78002E40 		.word	1076756600
 223 0088 7C002E40 		.word	1076756604
 224 008c 2D3E0000 		.word	15917
 225 0090 64F02E40 		.word	1076818020
 226 0094 6CF02E40 		.word	1076818028
 227 0098 DC050000 		.word	1500
 228 009c 08010B40 		.word	1074462984
 229 00a0 00010B40 		.word	1074462976
 230 00a4 0C020B40 		.word	1074463244
 231              		.cfi_endproc
 232              	.LFE5:
 233              		.size	ClockSetup, .-ClockSetup
 234              		.section	.text.AnalogSetDefault,"ax",%progbits
 235              		.align	2
 236              		.code	16
 237              		.thumb_func
 238              		.type	AnalogSetDefault, %function
 239              	AnalogSetDefault:
 240              	.LFB6:
 207:Generated_Source\PSoC4/cyfitter_cfg.c **** 
 208:Generated_Source\PSoC4/cyfitter_cfg.c **** 
 209:Generated_Source\PSoC4/cyfitter_cfg.c **** /* Analog API Functions */
 210:Generated_Source\PSoC4/cyfitter_cfg.c **** 
 211:Generated_Source\PSoC4/cyfitter_cfg.c **** 
 212:Generated_Source\PSoC4/cyfitter_cfg.c **** /*******************************************************************************
 213:Generated_Source\PSoC4/cyfitter_cfg.c **** * Function Name: AnalogSetDefault
 214:Generated_Source\PSoC4/cyfitter_cfg.c **** ********************************************************************************
 215:Generated_Source\PSoC4/cyfitter_cfg.c **** *
 216:Generated_Source\PSoC4/cyfitter_cfg.c **** * Summary:
ARM GAS  C:\Users\Admin\AppData\Local\Temp\ccj56NJQ.s 			page 9


 217:Generated_Source\PSoC4/cyfitter_cfg.c **** *  Sets up the analog portions of the chip to default values based on chip
 218:Generated_Source\PSoC4/cyfitter_cfg.c **** *  configuration options from the project.
 219:Generated_Source\PSoC4/cyfitter_cfg.c **** *
 220:Generated_Source\PSoC4/cyfitter_cfg.c **** * Parameters:
 221:Generated_Source\PSoC4/cyfitter_cfg.c **** *  void
 222:Generated_Source\PSoC4/cyfitter_cfg.c **** *
 223:Generated_Source\PSoC4/cyfitter_cfg.c **** * Return:
 224:Generated_Source\PSoC4/cyfitter_cfg.c **** *  void
 225:Generated_Source\PSoC4/cyfitter_cfg.c **** *
 226:Generated_Source\PSoC4/cyfitter_cfg.c **** *******************************************************************************/
 227:Generated_Source\PSoC4/cyfitter_cfg.c **** static void AnalogSetDefault(void);
 228:Generated_Source\PSoC4/cyfitter_cfg.c **** static void AnalogSetDefault(void)
 229:Generated_Source\PSoC4/cyfitter_cfg.c **** {
 241              		.loc 1 229 0
 242              		.cfi_startproc
 243              		@ args = 0, pretend = 0, frame = 0
 244              		@ frame_needed = 1, uses_anonymous_args = 0
 245 0000 80B5     		push	{r7, lr}
 246              		.cfi_def_cfa_offset 8
 247              		.cfi_offset 7, -8
 248              		.cfi_offset 14, -4
 249 0002 00AF     		add	r7, sp, #0
 250              		.cfi_def_cfa_register 7
 230:Generated_Source\PSoC4/cyfitter_cfg.c **** 	CY_SET_XTND_REG32((void CYFAR *)CYREG_CTBM0_DFT_CTRL, 0x00000003u);
 251              		.loc 1 230 0
 252 0004 054B     		ldr	r3, .L8
 253 0006 0322     		movs	r2, #3
 254 0008 1A60     		str	r2, [r3]
 231:Generated_Source\PSoC4/cyfitter_cfg.c **** 	CY_SET_XTND_REG32((void CYFAR *)CYREG_CTBM1_DFT_CTRL, 0x00000003u);
 255              		.loc 1 231 0
 256 000a 054B     		ldr	r3, .L8+4
 257 000c 0322     		movs	r2, #3
 258 000e 1A60     		str	r2, [r3]
 232:Generated_Source\PSoC4/cyfitter_cfg.c **** 	CY_SET_XTND_REG32((void CYFAR *)CYREG_PASS_DSAB_DSAB_CTRL, 0x00000000u);
 259              		.loc 1 232 0
 260 0010 044B     		ldr	r3, .L8+8
 261 0012 0022     		movs	r2, #0
 262 0014 1A60     		str	r2, [r3]
 233:Generated_Source\PSoC4/cyfitter_cfg.c **** }
 263              		.loc 1 233 0
 264 0016 C046     		nop
 265 0018 BD46     		mov	sp, r7
 266              		@ sp needed
 267 001a 80BD     		pop	{r7, pc}
 268              	.L9:
 269              		.align	2
 270              	.L8:
 271 001c 30003040 		.word	1076887600
 272 0020 30003140 		.word	1076953136
 273 0024 000E3F40 		.word	1077874176
 274              		.cfi_endproc
 275              	.LFE6:
 276              		.size	AnalogSetDefault, .-AnalogSetDefault
 277              		.section	.psocinit
 278              		.align	2
 279              		.global	cyfitter_cfg
 280              		.code	16
ARM GAS  C:\Users\Admin\AppData\Local\Temp\ccj56NJQ.s 			page 10


 281              		.thumb_func
 282              		.type	cyfitter_cfg, %function
 283              	cyfitter_cfg:
 284              	.LFB7:
 234:Generated_Source\PSoC4/cyfitter_cfg.c **** 
 235:Generated_Source\PSoC4/cyfitter_cfg.c **** 
 236:Generated_Source\PSoC4/cyfitter_cfg.c **** 
 237:Generated_Source\PSoC4/cyfitter_cfg.c **** 
 238:Generated_Source\PSoC4/cyfitter_cfg.c **** /*******************************************************************************
 239:Generated_Source\PSoC4/cyfitter_cfg.c **** * Function Name: cyfitter_cfg
 240:Generated_Source\PSoC4/cyfitter_cfg.c **** ********************************************************************************
 241:Generated_Source\PSoC4/cyfitter_cfg.c **** * Summary:
 242:Generated_Source\PSoC4/cyfitter_cfg.c **** *  This function is called by the start-up code for the selected device. It
 243:Generated_Source\PSoC4/cyfitter_cfg.c **** *  performs all of the necessary device configuration based on the design
 244:Generated_Source\PSoC4/cyfitter_cfg.c **** *  settings.  This includes settings from the Design Wide Resources (DWR) such
 245:Generated_Source\PSoC4/cyfitter_cfg.c **** *  as Clocks and Pins as well as any component configuration that is necessary.
 246:Generated_Source\PSoC4/cyfitter_cfg.c **** *
 247:Generated_Source\PSoC4/cyfitter_cfg.c **** * Parameters:
 248:Generated_Source\PSoC4/cyfitter_cfg.c **** *   void
 249:Generated_Source\PSoC4/cyfitter_cfg.c **** *
 250:Generated_Source\PSoC4/cyfitter_cfg.c **** * Return:
 251:Generated_Source\PSoC4/cyfitter_cfg.c **** *   void
 252:Generated_Source\PSoC4/cyfitter_cfg.c **** *
 253:Generated_Source\PSoC4/cyfitter_cfg.c **** *******************************************************************************/
 254:Generated_Source\PSoC4/cyfitter_cfg.c **** CY_CFG_SECTION
 255:Generated_Source\PSoC4/cyfitter_cfg.c **** void cyfitter_cfg(void)
 256:Generated_Source\PSoC4/cyfitter_cfg.c **** {
 285              		.loc 1 256 0
 286              		.cfi_startproc
 287              		@ args = 0, pretend = 0, frame = 8
 288              		@ frame_needed = 1, uses_anonymous_args = 0
 289 00a8 80B5     		push	{r7, lr}
 290              		.cfi_def_cfa_offset 8
 291              		.cfi_offset 7, -8
 292              		.cfi_offset 14, -4
 293 00aa 82B0     		sub	sp, sp, #8
 294              		.cfi_def_cfa_offset 16
 295 00ac 00AF     		add	r7, sp, #0
 296              		.cfi_def_cfa_register 7
 257:Generated_Source\PSoC4/cyfitter_cfg.c **** 	/* Disable interrupts by default. Let user enable if/when they want. */
 258:Generated_Source\PSoC4/cyfitter_cfg.c **** 	CyGlobalIntDisable;
 297              		.loc 1 258 0
 298              		.syntax divided
 299              	@ 258 "Generated_Source\PSoC4\cyfitter_cfg.c" 1
 300 00ae 72B6     		CPSID   i
 301              	@ 0 "" 2
 259:Generated_Source\PSoC4/cyfitter_cfg.c **** 
 260:Generated_Source\PSoC4/cyfitter_cfg.c **** 	CY_SET_REG32((void *)(CYREG_BLE_BLESS_LL_DSM_CTRL), 0x00000000u);
 302              		.loc 1 260 0
 303              		.thumb
 304              		.syntax unified
 305 00b0 294B     		ldr	r3, .L13
 306 00b2 0022     		movs	r2, #0
 307 00b4 1A60     		str	r2, [r3]
 308              	.LBB2:
 261:Generated_Source\PSoC4/cyfitter_cfg.c **** 
 262:Generated_Source\PSoC4/cyfitter_cfg.c **** 	{
ARM GAS  C:\Users\Admin\AppData\Local\Temp\ccj56NJQ.s 			page 11


 263:Generated_Source\PSoC4/cyfitter_cfg.c **** 
 264:Generated_Source\PSoC4/cyfitter_cfg.c **** 		CYPACKED typedef struct {
 265:Generated_Source\PSoC4/cyfitter_cfg.c **** 			void CYFAR *address;
 266:Generated_Source\PSoC4/cyfitter_cfg.c **** 			uint16 size;
 267:Generated_Source\PSoC4/cyfitter_cfg.c **** 		} CYPACKED_ATTR cfg_memset_t;
 268:Generated_Source\PSoC4/cyfitter_cfg.c **** 
 269:Generated_Source\PSoC4/cyfitter_cfg.c **** 		static const cfg_memset_t CYCODE cfg_memset_list[] = {
 270:Generated_Source\PSoC4/cyfitter_cfg.c **** 			/* address, size */
 271:Generated_Source\PSoC4/cyfitter_cfg.c **** 			{(void CYFAR *)(CYDEV_UDB_P0_U0_BASE), 1024u},
 272:Generated_Source\PSoC4/cyfitter_cfg.c **** 			{(void CYFAR *)(CYDEV_UDB_DSI0_BASE), 1024u},
 273:Generated_Source\PSoC4/cyfitter_cfg.c **** 		};
 274:Generated_Source\PSoC4/cyfitter_cfg.c **** 
 275:Generated_Source\PSoC4/cyfitter_cfg.c **** 		uint8 CYDATA i;
 276:Generated_Source\PSoC4/cyfitter_cfg.c **** 
 277:Generated_Source\PSoC4/cyfitter_cfg.c **** 		/* Zero out critical memory blocks before beginning configuration */
 278:Generated_Source\PSoC4/cyfitter_cfg.c **** 		for (i = 0u; i < (sizeof(cfg_memset_list)/sizeof(cfg_memset_list[0])); i++)
 309              		.loc 1 278 0
 310 00b6 FB1D     		adds	r3, r7, #7
 311 00b8 0022     		movs	r2, #0
 312 00ba 1A70     		strb	r2, [r3]
 313 00bc 22E0     		b	.L11
 314              	.L12:
 315              	.LBB3:
 279:Generated_Source\PSoC4/cyfitter_cfg.c **** 		{
 280:Generated_Source\PSoC4/cyfitter_cfg.c **** 			const cfg_memset_t CYCODE * CYDATA ms = &cfg_memset_list[i];
 316              		.loc 1 280 0 discriminator 3
 317 00be FB1D     		adds	r3, r7, #7
 318 00c0 1A78     		ldrb	r2, [r3]
 319 00c2 1300     		movs	r3, r2
 320 00c4 5B00     		lsls	r3, r3, #1
 321 00c6 9B18     		adds	r3, r3, r2
 322 00c8 5B00     		lsls	r3, r3, #1
 323 00ca 244A     		ldr	r2, .L13+4
 324 00cc 9B18     		adds	r3, r3, r2
 325 00ce 3B60     		str	r3, [r7]
 281:Generated_Source\PSoC4/cyfitter_cfg.c **** 			CYMEMZERO(ms->address, (size_t)(uint32)(ms->size));
 326              		.loc 1 281 0 discriminator 3
 327 00d0 3B68     		ldr	r3, [r7]
 328 00d2 1A78     		ldrb	r2, [r3]
 329 00d4 5978     		ldrb	r1, [r3, #1]
 330 00d6 0902     		lsls	r1, r1, #8
 331 00d8 0A43     		orrs	r2, r1
 332 00da 9978     		ldrb	r1, [r3, #2]
 333 00dc 0904     		lsls	r1, r1, #16
 334 00de 0A43     		orrs	r2, r1
 335 00e0 DB78     		ldrb	r3, [r3, #3]
 336 00e2 1B06     		lsls	r3, r3, #24
 337 00e4 1343     		orrs	r3, r2
 338 00e6 1800     		movs	r0, r3
 339 00e8 3B68     		ldr	r3, [r7]
 340 00ea 1A79     		ldrb	r2, [r3, #4]
 341 00ec 5B79     		ldrb	r3, [r3, #5]
 342 00ee 1B02     		lsls	r3, r3, #8
 343 00f0 1343     		orrs	r3, r2
 344 00f2 9BB2     		uxth	r3, r3
 345 00f4 1900     		movs	r1, r3
 346 00f6 FFF7FEFF 		bl	CYMEMZERO
ARM GAS  C:\Users\Admin\AppData\Local\Temp\ccj56NJQ.s 			page 12


 347              	.LBE3:
 278:Generated_Source\PSoC4/cyfitter_cfg.c **** 		{
 348              		.loc 1 278 0 discriminator 3
 349 00fa FB1D     		adds	r3, r7, #7
 350 00fc 1A78     		ldrb	r2, [r3]
 351 00fe FB1D     		adds	r3, r7, #7
 352 0100 0132     		adds	r2, r2, #1
 353 0102 1A70     		strb	r2, [r3]
 354              	.L11:
 278:Generated_Source\PSoC4/cyfitter_cfg.c **** 		{
 355              		.loc 1 278 0 is_stmt 0 discriminator 1
 356 0104 FB1D     		adds	r3, r7, #7
 357 0106 1B78     		ldrb	r3, [r3]
 358 0108 012B     		cmp	r3, #1
 359 010a D8D9     		bls	.L12
 282:Generated_Source\PSoC4/cyfitter_cfg.c **** 		}
 283:Generated_Source\PSoC4/cyfitter_cfg.c **** 
 284:Generated_Source\PSoC4/cyfitter_cfg.c **** 		/* FORCED_HSIOM Starting address: CYDEV_HSIOM_PORT_SEL0 */
 285:Generated_Source\PSoC4/cyfitter_cfg.c **** 		CY_SET_REG32((void *)(CYREG_HSIOM_PORT_SEL0), 0x00000000u);
 360              		.loc 1 285 0 is_stmt 1
 361 010c 144B     		ldr	r3, .L13+8
 362 010e 0022     		movs	r2, #0
 363 0110 1A60     		str	r2, [r3]
 286:Generated_Source\PSoC4/cyfitter_cfg.c **** 
 287:Generated_Source\PSoC4/cyfitter_cfg.c **** 		/* IOPINS0_0 Starting address: CYDEV_GPIO_PRT0_PC */
 288:Generated_Source\PSoC4/cyfitter_cfg.c **** 		CY_SET_REG32((void *)(CYREG_GPIO_PRT0_PC), 0x00000000u);
 364              		.loc 1 288 0
 365 0112 144B     		ldr	r3, .L13+12
 366 0114 0022     		movs	r2, #0
 367 0116 1A60     		str	r2, [r3]
 289:Generated_Source\PSoC4/cyfitter_cfg.c **** 
 290:Generated_Source\PSoC4/cyfitter_cfg.c **** 		/* UDB_PA_2 Starting address: CYDEV_UDB_PA2_BASE */
 291:Generated_Source\PSoC4/cyfitter_cfg.c **** 		CY_SET_REG32((void *)(CYDEV_UDB_PA2_BASE), 0x00990000u);
 368              		.loc 1 291 0
 369 0118 134B     		ldr	r3, .L13+16
 370 011a 9922     		movs	r2, #153
 371 011c 1204     		lsls	r2, r2, #16
 372 011e 1A60     		str	r2, [r3]
 292:Generated_Source\PSoC4/cyfitter_cfg.c **** 
 293:Generated_Source\PSoC4/cyfitter_cfg.c **** 		/* UDB_PA_3 Starting address: CYDEV_UDB_PA3_BASE */
 294:Generated_Source\PSoC4/cyfitter_cfg.c **** 		CY_SET_REG32((void *)(CYDEV_UDB_PA3_BASE), 0x00990000u);
 373              		.loc 1 294 0
 374 0120 124B     		ldr	r3, .L13+20
 375 0122 9922     		movs	r2, #153
 376 0124 1204     		lsls	r2, r2, #16
 377 0126 1A60     		str	r2, [r3]
 295:Generated_Source\PSoC4/cyfitter_cfg.c **** 
 296:Generated_Source\PSoC4/cyfitter_cfg.c **** 		/* Enable digital routing */
 297:Generated_Source\PSoC4/cyfitter_cfg.c **** 		CY_SET_XTND_REG8((void *)CYREG_UDB_UDBIF_BANK_CTL, (uint8)(CY_GET_XTND_REG8((void *)CYREG_UDB_UDB
 378              		.loc 1 297 0
 379 0128 114A     		ldr	r2, .L13+24
 380 012a 114B     		ldr	r3, .L13+24
 381 012c 1B78     		ldrb	r3, [r3]
 382 012e DBB2     		uxtb	r3, r3
 383 0130 0621     		movs	r1, #6
 384 0132 0B43     		orrs	r3, r1
 385 0134 DBB2     		uxtb	r3, r3
ARM GAS  C:\Users\Admin\AppData\Local\Temp\ccj56NJQ.s 			page 13


 386 0136 1370     		strb	r3, [r2]
 387              	.LBE2:
 298:Generated_Source\PSoC4/cyfitter_cfg.c **** 	}
 299:Generated_Source\PSoC4/cyfitter_cfg.c **** 
 300:Generated_Source\PSoC4/cyfitter_cfg.c **** 	/* Perform second pass device configuration. These items must be configured in specific order afte
 301:Generated_Source\PSoC4/cyfitter_cfg.c **** 	/* IOPINS0_2 Starting address: CYDEV_GPIO_PRT2_BASE */
 302:Generated_Source\PSoC4/cyfitter_cfg.c **** 	CY_SET_REG32((void *)(CYREG_GPIO_PRT2_PC), 0x00180000u);
 388              		.loc 1 302 0
 389 0138 0E4B     		ldr	r3, .L13+28
 390 013a C022     		movs	r2, #192
 391 013c 5203     		lsls	r2, r2, #13
 392 013e 1A60     		str	r2, [r3]
 303:Generated_Source\PSoC4/cyfitter_cfg.c **** 
 304:Generated_Source\PSoC4/cyfitter_cfg.c **** 	/* IOPINS0_3 Starting address: CYDEV_GPIO_PRT3_BASE */
 305:Generated_Source\PSoC4/cyfitter_cfg.c **** 	CY_SET_REG32((void *)(CYREG_GPIO_PRT3_PC), 0x00D80000u);
 393              		.loc 1 305 0
 394 0140 0D4B     		ldr	r3, .L13+32
 395 0142 D822     		movs	r2, #216
 396 0144 1204     		lsls	r2, r2, #16
 397 0146 1A60     		str	r2, [r3]
 306:Generated_Source\PSoC4/cyfitter_cfg.c **** 
 307:Generated_Source\PSoC4/cyfitter_cfg.c **** 
 308:Generated_Source\PSoC4/cyfitter_cfg.c **** 	/* Setup clocks based on selections from Clock DWR */
 309:Generated_Source\PSoC4/cyfitter_cfg.c **** 	ClockSetup();
 398              		.loc 1 309 0
 399 0148 FFF75AFF 		bl	ClockSetup
 310:Generated_Source\PSoC4/cyfitter_cfg.c **** 
 311:Generated_Source\PSoC4/cyfitter_cfg.c **** 	/* Perform basic analog initialization to defaults */
 312:Generated_Source\PSoC4/cyfitter_cfg.c **** 	AnalogSetDefault();
 400              		.loc 1 312 0
 401 014c FFF7FEFF 		bl	AnalogSetDefault
 313:Generated_Source\PSoC4/cyfitter_cfg.c **** 
 314:Generated_Source\PSoC4/cyfitter_cfg.c **** }
 402              		.loc 1 314 0
 403 0150 C046     		nop
 404 0152 BD46     		mov	sp, r7
 405 0154 02B0     		add	sp, sp, #8
 406              		@ sp needed
 407 0156 80BD     		pop	{r7, pc}
 408              	.L14:
 409              		.align	2
 410              	.L13:
 411 0158 6CF02E40 		.word	1076818028
 412 015c 00000000 		.word	cfg_memset_list.4893
 413 0160 00000240 		.word	1073872896
 414 0164 08000440 		.word	1074003976
 415 0168 20500F40 		.word	1074745376
 416 016c 30500F40 		.word	1074745392
 417 0170 00700F40 		.word	1074753536
 418 0174 08020440 		.word	1074004488
 419 0178 08030440 		.word	1074004744
 420              		.cfi_endproc
 421              	.LFE7:
 422              		.size	cyfitter_cfg, .-cyfitter_cfg
 423              		.section	.rodata
 424              		.align	2
 425              		.type	cfg_memset_list.4893, %object
ARM GAS  C:\Users\Admin\AppData\Local\Temp\ccj56NJQ.s 			page 14


 426              		.size	cfg_memset_list.4893, 12
 427              	cfg_memset_list.4893:
 428 0000 00300F40 		.word	1074737152
 429 0004 0004     		.short	1024
 430 0006 00400F40 		.4byte	1074741248
 431 000a 0004     		.short	1024
 432              		.text
 433              	.Letext0:
 434              		.file 2 "c:\\program files (x86)\\cypress\\psoc creator\\4.4\\psoc creator\\import\\gnu\\arm\\5.4.
 435              		.file 3 "Generated_Source\\PSoC4\\cytypes.h"
 436              		.section	.debug_info,"",%progbits
 437              	.Ldebug_info0:
 438 0000 54020000 		.4byte	0x254
 439 0004 0400     		.2byte	0x4
 440 0006 00000000 		.4byte	.Ldebug_abbrev0
 441 000a 04       		.byte	0x4
 442 000b 01       		.uleb128 0x1
 443 000c 83000000 		.4byte	.LASF30
 444 0010 0C       		.byte	0xc
 445 0011 E8010000 		.4byte	.LASF31
 446 0015 11010000 		.4byte	.LASF32
 447 0019 00000000 		.4byte	.Ldebug_ranges0+0
 448 001d 00000000 		.4byte	0
 449 0021 00000000 		.4byte	.Ldebug_line0
 450 0025 02       		.uleb128 0x2
 451 0026 04       		.byte	0x4
 452 0027 05       		.byte	0x5
 453 0028 696E7400 		.ascii	"int\000"
 454 002c 03       		.uleb128 0x3
 455 002d 06000000 		.4byte	.LASF12
 456 0031 02       		.byte	0x2
 457 0032 D8       		.byte	0xd8
 458 0033 37000000 		.4byte	0x37
 459 0037 04       		.uleb128 0x4
 460 0038 04       		.byte	0x4
 461 0039 07       		.byte	0x7
 462 003a 68010000 		.4byte	.LASF0
 463 003e 04       		.uleb128 0x4
 464 003f 08       		.byte	0x8
 465 0040 05       		.byte	0x5
 466 0041 AA010000 		.4byte	.LASF1
 467 0045 04       		.uleb128 0x4
 468 0046 08       		.byte	0x8
 469 0047 04       		.byte	0x4
 470 0048 D0010000 		.4byte	.LASF2
 471 004c 04       		.uleb128 0x4
 472 004d 01       		.byte	0x1
 473 004e 06       		.byte	0x6
 474 004f DC010000 		.4byte	.LASF3
 475 0053 04       		.uleb128 0x4
 476 0054 01       		.byte	0x1
 477 0055 08       		.byte	0x8
 478 0056 5A010000 		.4byte	.LASF4
 479 005a 04       		.uleb128 0x4
 480 005b 02       		.byte	0x2
 481 005c 05       		.byte	0x5
 482 005d BD010000 		.4byte	.LASF5
ARM GAS  C:\Users\Admin\AppData\Local\Temp\ccj56NJQ.s 			page 15


 483 0061 04       		.uleb128 0x4
 484 0062 02       		.byte	0x2
 485 0063 07       		.byte	0x7
 486 0064 39000000 		.4byte	.LASF6
 487 0068 04       		.uleb128 0x4
 488 0069 04       		.byte	0x4
 489 006a 05       		.byte	0x5
 490 006b C7010000 		.4byte	.LASF7
 491 006f 04       		.uleb128 0x4
 492 0070 04       		.byte	0x4
 493 0071 07       		.byte	0x7
 494 0072 61000000 		.4byte	.LASF8
 495 0076 04       		.uleb128 0x4
 496 0077 08       		.byte	0x8
 497 0078 07       		.byte	0x7
 498 0079 7D010000 		.4byte	.LASF9
 499 007d 04       		.uleb128 0x4
 500 007e 04       		.byte	0x4
 501 007f 07       		.byte	0x7
 502 0080 A1010000 		.4byte	.LASF10
 503 0084 05       		.uleb128 0x5
 504 0085 04       		.byte	0x4
 505 0086 04       		.uleb128 0x4
 506 0087 01       		.byte	0x1
 507 0088 08       		.byte	0x8
 508 0089 B8010000 		.4byte	.LASF11
 509 008d 06       		.uleb128 0x6
 510 008e 73000000 		.4byte	.LASF13
 511 0092 03       		.byte	0x3
 512 0093 E401     		.2byte	0x1e4
 513 0095 53000000 		.4byte	0x53
 514 0099 06       		.uleb128 0x6
 515 009a 4C010000 		.4byte	.LASF14
 516 009e 03       		.byte	0x3
 517 009f E501     		.2byte	0x1e5
 518 00a1 61000000 		.4byte	0x61
 519 00a5 06       		.uleb128 0x6
 520 00a6 53010000 		.4byte	.LASF15
 521 00aa 03       		.byte	0x3
 522 00ab E601     		.2byte	0x1e6
 523 00ad 6F000000 		.4byte	0x6f
 524 00b1 04       		.uleb128 0x4
 525 00b2 04       		.byte	0x4
 526 00b3 04       		.byte	0x4
 527 00b4 4C000000 		.4byte	.LASF16
 528 00b8 04       		.uleb128 0x4
 529 00b9 08       		.byte	0x8
 530 00ba 04       		.byte	0x4
 531 00bb 38010000 		.4byte	.LASF17
 532 00bf 06       		.uleb128 0x6
 533 00c0 5C000000 		.4byte	.LASF18
 534 00c4 03       		.byte	0x3
 535 00c5 8E02     		.2byte	0x28e
 536 00c7 CB000000 		.4byte	0xcb
 537 00cb 07       		.uleb128 0x7
 538 00cc 8D000000 		.4byte	0x8d
 539 00d0 06       		.uleb128 0x6
ARM GAS  C:\Users\Admin\AppData\Local\Temp\ccj56NJQ.s 			page 16


 540 00d1 00000000 		.4byte	.LASF19
 541 00d5 03       		.byte	0x3
 542 00d6 9002     		.2byte	0x290
 543 00d8 DC000000 		.4byte	0xdc
 544 00dc 07       		.uleb128 0x7
 545 00dd A5000000 		.4byte	0xa5
 546 00e1 08       		.uleb128 0x8
 547 00e2 79000000 		.4byte	.LASF20
 548 00e6 01       		.byte	0x1
 549 00e7 4A       		.byte	0x4a
 550 00e8 00000000 		.4byte	.LFB2
 551 00ec 1E000000 		.4byte	.LFE2-.LFB2
 552 00f0 01       		.uleb128 0x1
 553 00f1 9C       		.byte	0x9c
 554 00f2 0F010000 		.4byte	0x10f
 555 00f6 09       		.uleb128 0x9
 556 00f7 7300     		.ascii	"s\000"
 557 00f9 01       		.byte	0x1
 558 00fa 4A       		.byte	0x4a
 559 00fb 84000000 		.4byte	0x84
 560 00ff 02       		.uleb128 0x2
 561 0100 91       		.byte	0x91
 562 0101 74       		.sleb128 -12
 563 0102 09       		.uleb128 0x9
 564 0103 6E00     		.ascii	"n\000"
 565 0105 01       		.byte	0x1
 566 0106 4A       		.byte	0x4a
 567 0107 2C000000 		.4byte	0x2c
 568 010b 02       		.uleb128 0x2
 569 010c 91       		.byte	0x91
 570 010d 70       		.sleb128 -16
 571 010e 00       		.byte	0
 572 010f 08       		.uleb128 0x8
 573 0110 1E020000 		.4byte	.LASF21
 574 0114 01       		.byte	0x1
 575 0115 51       		.byte	0x51
 576 0116 00000000 		.4byte	.LFB3
 577 011a 20000000 		.4byte	.LFE3-.LFB3
 578 011e 01       		.uleb128 0x1
 579 011f 9C       		.byte	0x9c
 580 0120 4D010000 		.4byte	0x14d
 581 0124 0A       		.uleb128 0xa
 582 0125 52000000 		.4byte	.LASF22
 583 0129 01       		.byte	0x1
 584 012a 51       		.byte	0x51
 585 012b 84000000 		.4byte	0x84
 586 012f 02       		.uleb128 0x2
 587 0130 91       		.byte	0x91
 588 0131 74       		.sleb128 -12
 589 0132 09       		.uleb128 0x9
 590 0133 73726300 		.ascii	"src\000"
 591 0137 01       		.byte	0x1
 592 0138 51       		.byte	0x51
 593 0139 4D010000 		.4byte	0x14d
 594 013d 02       		.uleb128 0x2
 595 013e 91       		.byte	0x91
 596 013f 70       		.sleb128 -16
ARM GAS  C:\Users\Admin\AppData\Local\Temp\ccj56NJQ.s 			page 17


 597 0140 09       		.uleb128 0x9
 598 0141 6E00     		.ascii	"n\000"
 599 0143 01       		.byte	0x1
 600 0144 51       		.byte	0x51
 601 0145 2C000000 		.4byte	0x2c
 602 0149 02       		.uleb128 0x2
 603 014a 91       		.byte	0x91
 604 014b 6C       		.sleb128 -20
 605 014c 00       		.byte	0
 606 014d 0B       		.uleb128 0xb
 607 014e 04       		.byte	0x4
 608 014f 53010000 		.4byte	0x153
 609 0153 0C       		.uleb128 0xc
 610 0154 08       		.uleb128 0x8
 611 0155 0E020000 		.4byte	.LASF23
 612 0159 01       		.byte	0x1
 613 015a 58       		.byte	0x58
 614 015b 00000000 		.4byte	.LFB4
 615 015f 20000000 		.4byte	.LFE4-.LFB4
 616 0163 01       		.uleb128 0x1
 617 0164 9C       		.byte	0x9c
 618 0165 92010000 		.4byte	0x192
 619 0169 0A       		.uleb128 0xa
 620 016a 52000000 		.4byte	.LASF22
 621 016e 01       		.byte	0x1
 622 016f 58       		.byte	0x58
 623 0170 84000000 		.4byte	0x84
 624 0174 02       		.uleb128 0x2
 625 0175 91       		.byte	0x91
 626 0176 74       		.sleb128 -12
 627 0177 09       		.uleb128 0x9
 628 0178 73726300 		.ascii	"src\000"
 629 017c 01       		.byte	0x1
 630 017d 58       		.byte	0x58
 631 017e 4D010000 		.4byte	0x14d
 632 0182 02       		.uleb128 0x2
 633 0183 91       		.byte	0x91
 634 0184 70       		.sleb128 -16
 635 0185 09       		.uleb128 0x9
 636 0186 6E00     		.ascii	"n\000"
 637 0188 01       		.byte	0x1
 638 0189 58       		.byte	0x58
 639 018a 2C000000 		.4byte	0x2c
 640 018e 02       		.uleb128 0x2
 641 018f 91       		.byte	0x91
 642 0190 6C       		.sleb128 -20
 643 0191 00       		.byte	0
 644 0192 0D       		.uleb128 0xd
 645 0193 2E000000 		.4byte	.LASF24
 646 0197 01       		.byte	0x1
 647 0198 A8       		.byte	0xa8
 648 0199 00000000 		.4byte	.LFB5
 649 019d A8000000 		.4byte	.LFE5-.LFB5
 650 01a1 01       		.uleb128 0x1
 651 01a2 9C       		.byte	0x9c
 652 01a3 0E       		.uleb128 0xe
 653 01a4 0D000000 		.4byte	.LASF25
ARM GAS  C:\Users\Admin\AppData\Local\Temp\ccj56NJQ.s 			page 18


 654 01a8 01       		.byte	0x1
 655 01a9 E4       		.byte	0xe4
 656 01aa 00000000 		.4byte	.LFB6
 657 01ae 28000000 		.4byte	.LFE6-.LFB6
 658 01b2 01       		.uleb128 0x1
 659 01b3 9C       		.byte	0x9c
 660 01b4 0F       		.uleb128 0xf
 661 01b5 3F010000 		.4byte	.LASF33
 662 01b9 01       		.byte	0x1
 663 01ba FF       		.byte	0xff
 664 01bb A8000000 		.4byte	.LFB7
 665 01bf D4000000 		.4byte	.LFE7-.LFB7
 666 01c3 01       		.uleb128 0x1
 667 01c4 9C       		.byte	0x9c
 668 01c5 10       		.uleb128 0x10
 669 01c6 B6000000 		.4byte	.LBB2
 670 01ca 82000000 		.4byte	.LBE2-.LBB2
 671 01ce 11       		.uleb128 0x11
 672 01cf 06       		.byte	0x6
 673 01d0 01       		.byte	0x1
 674 01d1 0801     		.2byte	0x108
 675 01d3 F2010000 		.4byte	0x1f2
 676 01d7 12       		.uleb128 0x12
 677 01d8 75010000 		.4byte	.LASF26
 678 01dc 01       		.byte	0x1
 679 01dd 0901     		.2byte	0x109
 680 01df 84000000 		.4byte	0x84
 681 01e3 00       		.byte	0
 682 01e4 12       		.uleb128 0x12
 683 01e5 57000000 		.4byte	.LASF27
 684 01e9 01       		.byte	0x1
 685 01ea 0A01     		.2byte	0x10a
 686 01ec 99000000 		.4byte	0x99
 687 01f0 04       		.byte	0x4
 688 01f1 00       		.byte	0
 689 01f2 06       		.uleb128 0x6
 690 01f3 94010000 		.4byte	.LASF28
 691 01f7 01       		.byte	0x1
 692 01f8 0B01     		.2byte	0x10b
 693 01fa CE010000 		.4byte	0x1ce
 694 01fe 13       		.uleb128 0x13
 695 01ff 0E020000 		.4byte	0x20e
 696 0203 0E020000 		.4byte	0x20e
 697 0207 14       		.uleb128 0x14
 698 0208 7D000000 		.4byte	0x7d
 699 020c 01       		.byte	0x1
 700 020d 00       		.byte	0
 701 020e 15       		.uleb128 0x15
 702 020f F2010000 		.4byte	0x1f2
 703 0213 16       		.uleb128 0x16
 704 0214 1E000000 		.4byte	.LASF29
 705 0218 01       		.byte	0x1
 706 0219 0D01     		.2byte	0x10d
 707 021b 25020000 		.4byte	0x225
 708 021f 05       		.uleb128 0x5
 709 0220 03       		.byte	0x3
 710 0221 00000000 		.4byte	cfg_memset_list.4893
ARM GAS  C:\Users\Admin\AppData\Local\Temp\ccj56NJQ.s 			page 19


 711 0225 15       		.uleb128 0x15
 712 0226 FE010000 		.4byte	0x1fe
 713 022a 17       		.uleb128 0x17
 714 022b 6900     		.ascii	"i\000"
 715 022d 01       		.byte	0x1
 716 022e 1301     		.2byte	0x113
 717 0230 8D000000 		.4byte	0x8d
 718 0234 02       		.uleb128 0x2
 719 0235 91       		.byte	0x91
 720 0236 77       		.sleb128 -9
 721 0237 10       		.uleb128 0x10
 722 0238 BE000000 		.4byte	.LBB3
 723 023c 3C000000 		.4byte	.LBE3-.LBB3
 724 0240 17       		.uleb128 0x17
 725 0241 6D7300   		.ascii	"ms\000"
 726 0244 01       		.byte	0x1
 727 0245 1801     		.2byte	0x118
 728 0247 4E020000 		.4byte	0x24e
 729 024b 02       		.uleb128 0x2
 730 024c 91       		.byte	0x91
 731 024d 70       		.sleb128 -16
 732 024e 0B       		.uleb128 0xb
 733 024f 04       		.byte	0x4
 734 0250 0E020000 		.4byte	0x20e
 735 0254 00       		.byte	0
 736 0255 00       		.byte	0
 737 0256 00       		.byte	0
 738 0257 00       		.byte	0
 739              		.section	.debug_abbrev,"",%progbits
 740              	.Ldebug_abbrev0:
 741 0000 01       		.uleb128 0x1
 742 0001 11       		.uleb128 0x11
 743 0002 01       		.byte	0x1
 744 0003 25       		.uleb128 0x25
 745 0004 0E       		.uleb128 0xe
 746 0005 13       		.uleb128 0x13
 747 0006 0B       		.uleb128 0xb
 748 0007 03       		.uleb128 0x3
 749 0008 0E       		.uleb128 0xe
 750 0009 1B       		.uleb128 0x1b
 751 000a 0E       		.uleb128 0xe
 752 000b 55       		.uleb128 0x55
 753 000c 17       		.uleb128 0x17
 754 000d 11       		.uleb128 0x11
 755 000e 01       		.uleb128 0x1
 756 000f 10       		.uleb128 0x10
 757 0010 17       		.uleb128 0x17
 758 0011 00       		.byte	0
 759 0012 00       		.byte	0
 760 0013 02       		.uleb128 0x2
 761 0014 24       		.uleb128 0x24
 762 0015 00       		.byte	0
 763 0016 0B       		.uleb128 0xb
 764 0017 0B       		.uleb128 0xb
 765 0018 3E       		.uleb128 0x3e
 766 0019 0B       		.uleb128 0xb
 767 001a 03       		.uleb128 0x3
ARM GAS  C:\Users\Admin\AppData\Local\Temp\ccj56NJQ.s 			page 20


 768 001b 08       		.uleb128 0x8
 769 001c 00       		.byte	0
 770 001d 00       		.byte	0
 771 001e 03       		.uleb128 0x3
 772 001f 16       		.uleb128 0x16
 773 0020 00       		.byte	0
 774 0021 03       		.uleb128 0x3
 775 0022 0E       		.uleb128 0xe
 776 0023 3A       		.uleb128 0x3a
 777 0024 0B       		.uleb128 0xb
 778 0025 3B       		.uleb128 0x3b
 779 0026 0B       		.uleb128 0xb
 780 0027 49       		.uleb128 0x49
 781 0028 13       		.uleb128 0x13
 782 0029 00       		.byte	0
 783 002a 00       		.byte	0
 784 002b 04       		.uleb128 0x4
 785 002c 24       		.uleb128 0x24
 786 002d 00       		.byte	0
 787 002e 0B       		.uleb128 0xb
 788 002f 0B       		.uleb128 0xb
 789 0030 3E       		.uleb128 0x3e
 790 0031 0B       		.uleb128 0xb
 791 0032 03       		.uleb128 0x3
 792 0033 0E       		.uleb128 0xe
 793 0034 00       		.byte	0
 794 0035 00       		.byte	0
 795 0036 05       		.uleb128 0x5
 796 0037 0F       		.uleb128 0xf
 797 0038 00       		.byte	0
 798 0039 0B       		.uleb128 0xb
 799 003a 0B       		.uleb128 0xb
 800 003b 00       		.byte	0
 801 003c 00       		.byte	0
 802 003d 06       		.uleb128 0x6
 803 003e 16       		.uleb128 0x16
 804 003f 00       		.byte	0
 805 0040 03       		.uleb128 0x3
 806 0041 0E       		.uleb128 0xe
 807 0042 3A       		.uleb128 0x3a
 808 0043 0B       		.uleb128 0xb
 809 0044 3B       		.uleb128 0x3b
 810 0045 05       		.uleb128 0x5
 811 0046 49       		.uleb128 0x49
 812 0047 13       		.uleb128 0x13
 813 0048 00       		.byte	0
 814 0049 00       		.byte	0
 815 004a 07       		.uleb128 0x7
 816 004b 35       		.uleb128 0x35
 817 004c 00       		.byte	0
 818 004d 49       		.uleb128 0x49
 819 004e 13       		.uleb128 0x13
 820 004f 00       		.byte	0
 821 0050 00       		.byte	0
 822 0051 08       		.uleb128 0x8
 823 0052 2E       		.uleb128 0x2e
 824 0053 01       		.byte	0x1
ARM GAS  C:\Users\Admin\AppData\Local\Temp\ccj56NJQ.s 			page 21


 825 0054 03       		.uleb128 0x3
 826 0055 0E       		.uleb128 0xe
 827 0056 3A       		.uleb128 0x3a
 828 0057 0B       		.uleb128 0xb
 829 0058 3B       		.uleb128 0x3b
 830 0059 0B       		.uleb128 0xb
 831 005a 27       		.uleb128 0x27
 832 005b 19       		.uleb128 0x19
 833 005c 11       		.uleb128 0x11
 834 005d 01       		.uleb128 0x1
 835 005e 12       		.uleb128 0x12
 836 005f 06       		.uleb128 0x6
 837 0060 40       		.uleb128 0x40
 838 0061 18       		.uleb128 0x18
 839 0062 9642     		.uleb128 0x2116
 840 0064 19       		.uleb128 0x19
 841 0065 01       		.uleb128 0x1
 842 0066 13       		.uleb128 0x13
 843 0067 00       		.byte	0
 844 0068 00       		.byte	0
 845 0069 09       		.uleb128 0x9
 846 006a 05       		.uleb128 0x5
 847 006b 00       		.byte	0
 848 006c 03       		.uleb128 0x3
 849 006d 08       		.uleb128 0x8
 850 006e 3A       		.uleb128 0x3a
 851 006f 0B       		.uleb128 0xb
 852 0070 3B       		.uleb128 0x3b
 853 0071 0B       		.uleb128 0xb
 854 0072 49       		.uleb128 0x49
 855 0073 13       		.uleb128 0x13
 856 0074 02       		.uleb128 0x2
 857 0075 18       		.uleb128 0x18
 858 0076 00       		.byte	0
 859 0077 00       		.byte	0
 860 0078 0A       		.uleb128 0xa
 861 0079 05       		.uleb128 0x5
 862 007a 00       		.byte	0
 863 007b 03       		.uleb128 0x3
 864 007c 0E       		.uleb128 0xe
 865 007d 3A       		.uleb128 0x3a
 866 007e 0B       		.uleb128 0xb
 867 007f 3B       		.uleb128 0x3b
 868 0080 0B       		.uleb128 0xb
 869 0081 49       		.uleb128 0x49
 870 0082 13       		.uleb128 0x13
 871 0083 02       		.uleb128 0x2
 872 0084 18       		.uleb128 0x18
 873 0085 00       		.byte	0
 874 0086 00       		.byte	0
 875 0087 0B       		.uleb128 0xb
 876 0088 0F       		.uleb128 0xf
 877 0089 00       		.byte	0
 878 008a 0B       		.uleb128 0xb
 879 008b 0B       		.uleb128 0xb
 880 008c 49       		.uleb128 0x49
 881 008d 13       		.uleb128 0x13
ARM GAS  C:\Users\Admin\AppData\Local\Temp\ccj56NJQ.s 			page 22


 882 008e 00       		.byte	0
 883 008f 00       		.byte	0
 884 0090 0C       		.uleb128 0xc
 885 0091 26       		.uleb128 0x26
 886 0092 00       		.byte	0
 887 0093 00       		.byte	0
 888 0094 00       		.byte	0
 889 0095 0D       		.uleb128 0xd
 890 0096 2E       		.uleb128 0x2e
 891 0097 00       		.byte	0
 892 0098 03       		.uleb128 0x3
 893 0099 0E       		.uleb128 0xe
 894 009a 3A       		.uleb128 0x3a
 895 009b 0B       		.uleb128 0xb
 896 009c 3B       		.uleb128 0x3b
 897 009d 0B       		.uleb128 0xb
 898 009e 27       		.uleb128 0x27
 899 009f 19       		.uleb128 0x19
 900 00a0 11       		.uleb128 0x11
 901 00a1 01       		.uleb128 0x1
 902 00a2 12       		.uleb128 0x12
 903 00a3 06       		.uleb128 0x6
 904 00a4 40       		.uleb128 0x40
 905 00a5 18       		.uleb128 0x18
 906 00a6 9642     		.uleb128 0x2116
 907 00a8 19       		.uleb128 0x19
 908 00a9 00       		.byte	0
 909 00aa 00       		.byte	0
 910 00ab 0E       		.uleb128 0xe
 911 00ac 2E       		.uleb128 0x2e
 912 00ad 00       		.byte	0
 913 00ae 03       		.uleb128 0x3
 914 00af 0E       		.uleb128 0xe
 915 00b0 3A       		.uleb128 0x3a
 916 00b1 0B       		.uleb128 0xb
 917 00b2 3B       		.uleb128 0x3b
 918 00b3 0B       		.uleb128 0xb
 919 00b4 27       		.uleb128 0x27
 920 00b5 19       		.uleb128 0x19
 921 00b6 11       		.uleb128 0x11
 922 00b7 01       		.uleb128 0x1
 923 00b8 12       		.uleb128 0x12
 924 00b9 06       		.uleb128 0x6
 925 00ba 40       		.uleb128 0x40
 926 00bb 18       		.uleb128 0x18
 927 00bc 9742     		.uleb128 0x2117
 928 00be 19       		.uleb128 0x19
 929 00bf 00       		.byte	0
 930 00c0 00       		.byte	0
 931 00c1 0F       		.uleb128 0xf
 932 00c2 2E       		.uleb128 0x2e
 933 00c3 01       		.byte	0x1
 934 00c4 3F       		.uleb128 0x3f
 935 00c5 19       		.uleb128 0x19
 936 00c6 03       		.uleb128 0x3
 937 00c7 0E       		.uleb128 0xe
 938 00c8 3A       		.uleb128 0x3a
ARM GAS  C:\Users\Admin\AppData\Local\Temp\ccj56NJQ.s 			page 23


 939 00c9 0B       		.uleb128 0xb
 940 00ca 3B       		.uleb128 0x3b
 941 00cb 0B       		.uleb128 0xb
 942 00cc 27       		.uleb128 0x27
 943 00cd 19       		.uleb128 0x19
 944 00ce 11       		.uleb128 0x11
 945 00cf 01       		.uleb128 0x1
 946 00d0 12       		.uleb128 0x12
 947 00d1 06       		.uleb128 0x6
 948 00d2 40       		.uleb128 0x40
 949 00d3 18       		.uleb128 0x18
 950 00d4 9642     		.uleb128 0x2116
 951 00d6 19       		.uleb128 0x19
 952 00d7 00       		.byte	0
 953 00d8 00       		.byte	0
 954 00d9 10       		.uleb128 0x10
 955 00da 0B       		.uleb128 0xb
 956 00db 01       		.byte	0x1
 957 00dc 11       		.uleb128 0x11
 958 00dd 01       		.uleb128 0x1
 959 00de 12       		.uleb128 0x12
 960 00df 06       		.uleb128 0x6
 961 00e0 00       		.byte	0
 962 00e1 00       		.byte	0
 963 00e2 11       		.uleb128 0x11
 964 00e3 13       		.uleb128 0x13
 965 00e4 01       		.byte	0x1
 966 00e5 0B       		.uleb128 0xb
 967 00e6 0B       		.uleb128 0xb
 968 00e7 3A       		.uleb128 0x3a
 969 00e8 0B       		.uleb128 0xb
 970 00e9 3B       		.uleb128 0x3b
 971 00ea 05       		.uleb128 0x5
 972 00eb 01       		.uleb128 0x1
 973 00ec 13       		.uleb128 0x13
 974 00ed 00       		.byte	0
 975 00ee 00       		.byte	0
 976 00ef 12       		.uleb128 0x12
 977 00f0 0D       		.uleb128 0xd
 978 00f1 00       		.byte	0
 979 00f2 03       		.uleb128 0x3
 980 00f3 0E       		.uleb128 0xe
 981 00f4 3A       		.uleb128 0x3a
 982 00f5 0B       		.uleb128 0xb
 983 00f6 3B       		.uleb128 0x3b
 984 00f7 05       		.uleb128 0x5
 985 00f8 49       		.uleb128 0x49
 986 00f9 13       		.uleb128 0x13
 987 00fa 38       		.uleb128 0x38
 988 00fb 0B       		.uleb128 0xb
 989 00fc 00       		.byte	0
 990 00fd 00       		.byte	0
 991 00fe 13       		.uleb128 0x13
 992 00ff 01       		.uleb128 0x1
 993 0100 01       		.byte	0x1
 994 0101 49       		.uleb128 0x49
 995 0102 13       		.uleb128 0x13
ARM GAS  C:\Users\Admin\AppData\Local\Temp\ccj56NJQ.s 			page 24


 996 0103 01       		.uleb128 0x1
 997 0104 13       		.uleb128 0x13
 998 0105 00       		.byte	0
 999 0106 00       		.byte	0
 1000 0107 14       		.uleb128 0x14
 1001 0108 21       		.uleb128 0x21
 1002 0109 00       		.byte	0
 1003 010a 49       		.uleb128 0x49
 1004 010b 13       		.uleb128 0x13
 1005 010c 2F       		.uleb128 0x2f
 1006 010d 0B       		.uleb128 0xb
 1007 010e 00       		.byte	0
 1008 010f 00       		.byte	0
 1009 0110 15       		.uleb128 0x15
 1010 0111 26       		.uleb128 0x26
 1011 0112 00       		.byte	0
 1012 0113 49       		.uleb128 0x49
 1013 0114 13       		.uleb128 0x13
 1014 0115 00       		.byte	0
 1015 0116 00       		.byte	0
 1016 0117 16       		.uleb128 0x16
 1017 0118 34       		.uleb128 0x34
 1018 0119 00       		.byte	0
 1019 011a 03       		.uleb128 0x3
 1020 011b 0E       		.uleb128 0xe
 1021 011c 3A       		.uleb128 0x3a
 1022 011d 0B       		.uleb128 0xb
 1023 011e 3B       		.uleb128 0x3b
 1024 011f 05       		.uleb128 0x5
 1025 0120 49       		.uleb128 0x49
 1026 0121 13       		.uleb128 0x13
 1027 0122 02       		.uleb128 0x2
 1028 0123 18       		.uleb128 0x18
 1029 0124 00       		.byte	0
 1030 0125 00       		.byte	0
 1031 0126 17       		.uleb128 0x17
 1032 0127 34       		.uleb128 0x34
 1033 0128 00       		.byte	0
 1034 0129 03       		.uleb128 0x3
 1035 012a 08       		.uleb128 0x8
 1036 012b 3A       		.uleb128 0x3a
 1037 012c 0B       		.uleb128 0xb
 1038 012d 3B       		.uleb128 0x3b
 1039 012e 05       		.uleb128 0x5
 1040 012f 49       		.uleb128 0x49
 1041 0130 13       		.uleb128 0x13
 1042 0131 02       		.uleb128 0x2
 1043 0132 18       		.uleb128 0x18
 1044 0133 00       		.byte	0
 1045 0134 00       		.byte	0
 1046 0135 00       		.byte	0
 1047              		.section	.debug_aranges,"",%progbits
 1048 0000 44000000 		.4byte	0x44
 1049 0004 0200     		.2byte	0x2
 1050 0006 00000000 		.4byte	.Ldebug_info0
 1051 000a 04       		.byte	0x4
 1052 000b 00       		.byte	0
ARM GAS  C:\Users\Admin\AppData\Local\Temp\ccj56NJQ.s 			page 25


 1053 000c 0000     		.2byte	0
 1054 000e 0000     		.2byte	0
 1055 0010 00000000 		.4byte	.LFB2
 1056 0014 1E000000 		.4byte	.LFE2-.LFB2
 1057 0018 00000000 		.4byte	.LFB3
 1058 001c 20000000 		.4byte	.LFE3-.LFB3
 1059 0020 00000000 		.4byte	.LFB4
 1060 0024 20000000 		.4byte	.LFE4-.LFB4
 1061 0028 00000000 		.4byte	.LFB5
 1062 002c A8000000 		.4byte	.LFE5-.LFB5
 1063 0030 00000000 		.4byte	.LFB6
 1064 0034 28000000 		.4byte	.LFE6-.LFB6
 1065 0038 A8000000 		.4byte	.LFB7
 1066 003c D4000000 		.4byte	.LFE7-.LFB7
 1067 0040 00000000 		.4byte	0
 1068 0044 00000000 		.4byte	0
 1069              		.section	.debug_ranges,"",%progbits
 1070              	.Ldebug_ranges0:
 1071 0000 00000000 		.4byte	.LFB2
 1072 0004 1E000000 		.4byte	.LFE2
 1073 0008 00000000 		.4byte	.LFB3
 1074 000c 20000000 		.4byte	.LFE3
 1075 0010 00000000 		.4byte	.LFB4
 1076 0014 20000000 		.4byte	.LFE4
 1077 0018 00000000 		.4byte	.LFB5
 1078 001c A8000000 		.4byte	.LFE5
 1079 0020 00000000 		.4byte	.LFB6
 1080 0024 28000000 		.4byte	.LFE6
 1081 0028 A8000000 		.4byte	.LFB7
 1082 002c 7C010000 		.4byte	.LFE7
 1083 0030 00000000 		.4byte	0
 1084 0034 00000000 		.4byte	0
 1085              		.section	.debug_line,"",%progbits
 1086              	.Ldebug_line0:
 1087 0000 65010000 		.section	.debug_str,"MS",%progbits,1
 1087      0200CB00 
 1087      00000201 
 1087      FB0E0D00 
 1087      01010101 
 1088              	.LASF19:
 1089 0000 72656733 		.ascii	"reg32\000"
 1089      3200
 1090              	.LASF12:
 1091 0006 73697A65 		.ascii	"size_t\000"
 1091      5F7400
 1092              	.LASF25:
 1093 000d 416E616C 		.ascii	"AnalogSetDefault\000"
 1093      6F675365 
 1093      74446566 
 1093      61756C74 
 1093      00
 1094              	.LASF29:
 1095 001e 6366675F 		.ascii	"cfg_memset_list\000"
 1095      6D656D73 
 1095      65745F6C 
 1095      69737400 
 1096              	.LASF24:
ARM GAS  C:\Users\Admin\AppData\Local\Temp\ccj56NJQ.s 			page 26


 1097 002e 436C6F63 		.ascii	"ClockSetup\000"
 1097      6B536574 
 1097      757000
 1098              	.LASF6:
 1099 0039 73686F72 		.ascii	"short unsigned int\000"
 1099      7420756E 
 1099      7369676E 
 1099      65642069 
 1099      6E7400
 1100              	.LASF16:
 1101 004c 666C6F61 		.ascii	"float\000"
 1101      7400
 1102              	.LASF22:
 1103 0052 64657374 		.ascii	"dest\000"
 1103      00
 1104              	.LASF27:
 1105 0057 73697A65 		.ascii	"size\000"
 1105      00
 1106              	.LASF18:
 1107 005c 72656738 		.ascii	"reg8\000"
 1107      00
 1108              	.LASF8:
 1109 0061 6C6F6E67 		.ascii	"long unsigned int\000"
 1109      20756E73 
 1109      69676E65 
 1109      6420696E 
 1109      7400
 1110              	.LASF13:
 1111 0073 75696E74 		.ascii	"uint8\000"
 1111      3800
 1112              	.LASF20:
 1113 0079 43594D45 		.ascii	"CYMEMZERO\000"
 1113      4D5A4552 
 1113      4F00
 1114              	.LASF30:
 1115 0083 474E5520 		.ascii	"GNU C11 5.4.1 20160609 (release) [ARM/embedded-5-br"
 1115      43313120 
 1115      352E342E 
 1115      31203230 
 1115      31363036 
 1116 00b6 616E6368 		.ascii	"anch revision 237715] -mcpu=cortex-m0 -mthumb -g -O"
 1116      20726576 
 1116      6973696F 
 1116      6E203233 
 1116      37373135 
 1117 00e9 30202D66 		.ascii	"0 -ffunction-sections -ffat-lto-objects\000"
 1117      66756E63 
 1117      74696F6E 
 1117      2D736563 
 1117      74696F6E 
 1118              	.LASF32:
 1119 0111 443A5C4C 		.ascii	"D:\\LABs_BLE\\LABs_BLE\\Lab_1_1_LED.cydsn\000"
 1119      4142735F 
 1119      424C455C 
 1119      4C414273 
 1119      5F424C45 
 1120              	.LASF17:
ARM GAS  C:\Users\Admin\AppData\Local\Temp\ccj56NJQ.s 			page 27


 1121 0138 646F7562 		.ascii	"double\000"
 1121      6C6500
 1122              	.LASF33:
 1123 013f 63796669 		.ascii	"cyfitter_cfg\000"
 1123      74746572 
 1123      5F636667 
 1123      00
 1124              	.LASF14:
 1125 014c 75696E74 		.ascii	"uint16\000"
 1125      313600
 1126              	.LASF15:
 1127 0153 75696E74 		.ascii	"uint32\000"
 1127      333200
 1128              	.LASF4:
 1129 015a 756E7369 		.ascii	"unsigned char\000"
 1129      676E6564 
 1129      20636861 
 1129      7200
 1130              	.LASF0:
 1131 0168 756E7369 		.ascii	"unsigned int\000"
 1131      676E6564 
 1131      20696E74 
 1131      00
 1132              	.LASF26:
 1133 0175 61646472 		.ascii	"address\000"
 1133      65737300 
 1134              	.LASF9:
 1135 017d 6C6F6E67 		.ascii	"long long unsigned int\000"
 1135      206C6F6E 
 1135      6720756E 
 1135      7369676E 
 1135      65642069 
 1136              	.LASF28:
 1137 0194 6366675F 		.ascii	"cfg_memset_t\000"
 1137      6D656D73 
 1137      65745F74 
 1137      00
 1138              	.LASF10:
 1139 01a1 73697A65 		.ascii	"sizetype\000"
 1139      74797065 
 1139      00
 1140              	.LASF1:
 1141 01aa 6C6F6E67 		.ascii	"long long int\000"
 1141      206C6F6E 
 1141      6720696E 
 1141      7400
 1142              	.LASF11:
 1143 01b8 63686172 		.ascii	"char\000"
 1143      00
 1144              	.LASF5:
 1145 01bd 73686F72 		.ascii	"short int\000"
 1145      7420696E 
 1145      7400
 1146              	.LASF7:
 1147 01c7 6C6F6E67 		.ascii	"long int\000"
 1147      20696E74 
 1147      00
ARM GAS  C:\Users\Admin\AppData\Local\Temp\ccj56NJQ.s 			page 28


 1148              	.LASF2:
 1149 01d0 6C6F6E67 		.ascii	"long double\000"
 1149      20646F75 
 1149      626C6500 
 1150              	.LASF3:
 1151 01dc 7369676E 		.ascii	"signed char\000"
 1151      65642063 
 1151      68617200 
 1152              	.LASF31:
 1153 01e8 47656E65 		.ascii	"Generated_Source\\PSoC4\\cyfitter_cfg.c\000"
 1153      72617465 
 1153      645F536F 
 1153      75726365 
 1153      5C50536F 
 1154              	.LASF23:
 1155 020e 4359434F 		.ascii	"CYCONFIGCPYCODE\000"
 1155      4E464947 
 1155      43505943 
 1155      4F444500 
 1156              	.LASF21:
 1157 021e 4359434F 		.ascii	"CYCONFIGCPY\000"
 1157      4E464947 
 1157      43505900 
 1158              		.ident	"GCC: (GNU Tools for ARM Embedded Processors) 5.4.1 20160609 (release) [ARM/embedded-5-bran
