ARM GAS  C:\Users\Admin\AppData\Local\Temp\cc8MlqJ9.s 			page 1


   1              		.syntax unified
   2              		.cpu cortex-m0
   3              		.fpu softvfp
   4              		.eabi_attribute 20, 1
   5              		.eabi_attribute 21, 1
   6              		.eabi_attribute 23, 3
   7              		.eabi_attribute 24, 1
   8              		.eabi_attribute 25, 1
   9              		.eabi_attribute 26, 1
  10              		.eabi_attribute 30, 6
  11              		.eabi_attribute 34, 0
  12              		.eabi_attribute 18, 4
  13              		.thumb
  14              		.syntax unified
  15              		.file	"cymetadata.c"
  16              		.text
  17              	.Ltext0:
  18              		.cfi_sections	.debug_frame
  19              		.global	cy_meta_flashprotect
  20              		.section	.cyflashprotect,"a",%progbits
  21              		.align	2
  22              		.type	cy_meta_flashprotect, %object
  23              		.size	cy_meta_flashprotect, 128
  24              	cy_meta_flashprotect:
  25 0000 FF       		.byte	-1
  26 0001 FF       		.byte	-1
  27 0002 FF       		.byte	-1
  28 0003 FF       		.byte	-1
  29 0004 00       		.byte	0
  30 0005 00       		.byte	0
  31 0006 00       		.byte	0
  32 0007 00       		.byte	0
  33 0008 00       		.byte	0
  34 0009 00       		.byte	0
  35 000a 00       		.byte	0
  36 000b 00       		.byte	0
  37 000c 00       		.byte	0
  38 000d 00       		.byte	0
  39 000e 00       		.byte	0
  40 000f 00       		.byte	0
  41 0010 00       		.byte	0
  42 0011 00       		.byte	0
  43 0012 00       		.byte	0
  44 0013 00       		.byte	0
  45 0014 00       		.byte	0
  46 0015 00       		.byte	0
  47 0016 00       		.byte	0
  48 0017 00       		.byte	0
  49 0018 00       		.byte	0
  50 0019 00       		.byte	0
  51 001a 00       		.byte	0
  52 001b 00       		.byte	0
  53 001c 00       		.byte	0
  54 001d 00       		.byte	0
  55 001e 00       		.byte	0
  56 001f 00       		.byte	0
  57 0020 00       		.byte	0
ARM GAS  C:\Users\Admin\AppData\Local\Temp\cc8MlqJ9.s 			page 2


  58 0021 00       		.byte	0
  59 0022 00       		.byte	0
  60 0023 00       		.byte	0
  61 0024 00       		.byte	0
  62 0025 00       		.byte	0
  63 0026 00       		.byte	0
  64 0027 00       		.byte	0
  65 0028 00       		.byte	0
  66 0029 00       		.byte	0
  67 002a 00       		.byte	0
  68 002b 00       		.byte	0
  69 002c 00       		.byte	0
  70 002d 00       		.byte	0
  71 002e 00       		.byte	0
  72 002f 00       		.byte	0
  73 0030 00       		.byte	0
  74 0031 00       		.byte	0
  75 0032 00       		.byte	0
  76 0033 00       		.byte	0
  77 0034 00       		.byte	0
  78 0035 00       		.byte	0
  79 0036 00       		.byte	0
  80 0037 00       		.byte	0
  81 0038 00       		.byte	0
  82 0039 00       		.byte	0
  83 003a 00       		.byte	0
  84 003b 00       		.byte	0
  85 003c 00       		.byte	0
  86 003d 00       		.byte	0
  87 003e 00       		.byte	0
  88 003f 00       		.byte	0
  89 0040 00       		.byte	0
  90 0041 00       		.byte	0
  91 0042 00       		.byte	0
  92 0043 00       		.byte	0
  93 0044 00       		.byte	0
  94 0045 00       		.byte	0
  95 0046 00       		.byte	0
  96 0047 00       		.byte	0
  97 0048 00       		.byte	0
  98 0049 00       		.byte	0
  99 004a 00       		.byte	0
 100 004b 00       		.byte	0
 101 004c 00       		.byte	0
 102 004d 00       		.byte	0
 103 004e 00       		.byte	0
 104 004f 00       		.byte	0
 105 0050 00       		.byte	0
 106 0051 00       		.byte	0
 107 0052 00       		.byte	0
 108 0053 00       		.byte	0
 109 0054 00       		.byte	0
 110 0055 00       		.byte	0
 111 0056 00       		.byte	0
 112 0057 00       		.byte	0
 113 0058 00       		.byte	0
 114 0059 00       		.byte	0
ARM GAS  C:\Users\Admin\AppData\Local\Temp\cc8MlqJ9.s 			page 3


 115 005a 00       		.byte	0
 116 005b 00       		.byte	0
 117 005c 00       		.byte	0
 118 005d 00       		.byte	0
 119 005e 00       		.byte	0
 120 005f 00       		.byte	0
 121 0060 00       		.byte	0
 122 0061 00       		.byte	0
 123 0062 00       		.byte	0
 124 0063 00       		.byte	0
 125 0064 00       		.byte	0
 126 0065 00       		.byte	0
 127 0066 00       		.byte	0
 128 0067 00       		.byte	0
 129 0068 00       		.byte	0
 130 0069 00       		.byte	0
 131 006a 00       		.byte	0
 132 006b 00       		.byte	0
 133 006c 00       		.byte	0
 134 006d 00       		.byte	0
 135 006e 00       		.byte	0
 136 006f 00       		.byte	0
 137 0070 00       		.byte	0
 138 0071 00       		.byte	0
 139 0072 00       		.byte	0
 140 0073 00       		.byte	0
 141 0074 00       		.byte	0
 142 0075 00       		.byte	0
 143 0076 00       		.byte	0
 144 0077 00       		.byte	0
 145 0078 00       		.byte	0
 146 0079 00       		.byte	0
 147 007a 00       		.byte	0
 148 007b 00       		.byte	0
 149 007c 00       		.byte	0
 150 007d 00       		.byte	0
 151 007e 00       		.byte	0
 152 007f 00       		.byte	0
 153              		.global	cy_metadata
 154              		.section	.cymeta,"a",%progbits
 155              		.align	2
 156              		.type	cy_metadata, %object
 157              		.size	cy_metadata, 12
 158              	cy_metadata:
 159 0000 00       		.byte	0
 160 0001 02       		.byte	2
 161 0002 1A       		.byte	26
 162 0003 17       		.byte	23
 163 0004 11       		.byte	17
 164 0005 AA       		.byte	-86
 165 0006 00       		.byte	0
 166 0007 00       		.byte	0
 167 0008 00       		.byte	0
 168 0009 00       		.byte	0
 169 000a 00       		.byte	0
 170 000b 00       		.byte	0
 171              		.global	cy_meta_chipprotect
ARM GAS  C:\Users\Admin\AppData\Local\Temp\cc8MlqJ9.s 			page 4


 172              		.section	.cychipprotect,"a",%progbits
 173              		.align	2
 174              		.type	cy_meta_chipprotect, %object
 175              		.size	cy_meta_chipprotect, 1
 176              	cy_meta_chipprotect:
 177 0000 01       		.byte	1
 178              		.text
 179              	.Letext0:
 180              		.file 1 "c:\\program files (x86)\\cypress\\psoc creator\\4.4\\psoc creator\\import\\gnu\\arm\\5.4.
 181              		.file 2 "c:\\program files (x86)\\cypress\\psoc creator\\4.4\\psoc creator\\import\\gnu\\arm\\5.4.
 182              		.file 3 "Generated_Source\\PSoC4\\cymetadata.c"
 183              		.section	.debug_info,"",%progbits
 184              	.Ldebug_info0:
 185 0000 F4000000 		.4byte	0xf4
 186 0004 0400     		.2byte	0x4
 187 0006 00000000 		.4byte	.Ldebug_abbrev0
 188 000a 04       		.byte	0x4
 189 000b 01       		.uleb128 0x1
 190 000c 98000000 		.4byte	.LASF15
 191 0010 0C       		.byte	0xc
 192 0011 4F000000 		.4byte	.LASF16
 193 0015 33010000 		.4byte	.LASF17
 194 0019 00000000 		.4byte	.Ldebug_line0
 195 001d 02       		.uleb128 0x2
 196 001e 01       		.byte	0x1
 197 001f 06       		.byte	0x6
 198 0020 A1010000 		.4byte	.LASF0
 199 0024 03       		.uleb128 0x3
 200 0025 00000000 		.4byte	.LASF9
 201 0029 01       		.byte	0x1
 202 002a 1D       		.byte	0x1d
 203 002b 2F000000 		.4byte	0x2f
 204 002f 02       		.uleb128 0x2
 205 0030 01       		.byte	0x1
 206 0031 08       		.byte	0x8
 207 0032 41000000 		.4byte	.LASF1
 208 0036 02       		.uleb128 0x2
 209 0037 02       		.byte	0x2
 210 0038 05       		.byte	0x5
 211 0039 8E010000 		.4byte	.LASF2
 212 003d 02       		.uleb128 0x2
 213 003e 02       		.byte	0x2
 214 003f 07       		.byte	0x7
 215 0040 85000000 		.4byte	.LASF3
 216 0044 02       		.uleb128 0x2
 217 0045 04       		.byte	0x4
 218 0046 05       		.byte	0x5
 219 0047 98010000 		.4byte	.LASF4
 220 004b 02       		.uleb128 0x2
 221 004c 04       		.byte	0x4
 222 004d 07       		.byte	0x7
 223 004e 73000000 		.4byte	.LASF5
 224 0052 02       		.uleb128 0x2
 225 0053 08       		.byte	0x8
 226 0054 05       		.byte	0x5
 227 0055 80010000 		.4byte	.LASF6
 228 0059 02       		.uleb128 0x2
ARM GAS  C:\Users\Admin\AppData\Local\Temp\cc8MlqJ9.s 			page 5


 229 005a 08       		.byte	0x8
 230 005b 07       		.byte	0x7
 231 005c 2A000000 		.4byte	.LASF7
 232 0060 04       		.uleb128 0x4
 233 0061 04       		.byte	0x4
 234 0062 05       		.byte	0x5
 235 0063 696E7400 		.ascii	"int\000"
 236 0067 02       		.uleb128 0x2
 237 0068 04       		.byte	0x4
 238 0069 07       		.byte	0x7
 239 006a 26010000 		.4byte	.LASF8
 240 006e 03       		.uleb128 0x3
 241 006f 5A010000 		.4byte	.LASF10
 242 0073 02       		.byte	0x2
 243 0074 18       		.byte	0x18
 244 0075 24000000 		.4byte	0x24
 245 0079 05       		.uleb128 0x5
 246 007a 90000000 		.4byte	0x90
 247 007e 89000000 		.4byte	0x89
 248 0082 06       		.uleb128 0x6
 249 0083 89000000 		.4byte	0x89
 250 0087 7F       		.byte	0x7f
 251 0088 00       		.byte	0
 252 0089 02       		.uleb128 0x2
 253 008a 04       		.byte	0x4
 254 008b 07       		.byte	0x7
 255 008c 77010000 		.4byte	.LASF11
 256 0090 07       		.uleb128 0x7
 257 0091 6E000000 		.4byte	0x6e
 258 0095 08       		.uleb128 0x8
 259 0096 62010000 		.4byte	.LASF12
 260 009a 03       		.byte	0x3
 261 009b 1F       		.byte	0x1f
 262 009c A6000000 		.4byte	0xa6
 263 00a0 05       		.uleb128 0x5
 264 00a1 03       		.byte	0x3
 265 00a2 00000000 		.4byte	cy_meta_flashprotect
 266 00a6 07       		.uleb128 0x7
 267 00a7 79000000 		.4byte	0x79
 268 00ab 05       		.uleb128 0x5
 269 00ac 90000000 		.4byte	0x90
 270 00b0 BB000000 		.4byte	0xbb
 271 00b4 06       		.uleb128 0x6
 272 00b5 89000000 		.4byte	0x89
 273 00b9 0B       		.byte	0xb
 274 00ba 00       		.byte	0
 275 00bb 08       		.uleb128 0x8
 276 00bc 1E000000 		.4byte	.LASF13
 277 00c0 03       		.byte	0x3
 278 00c1 3C       		.byte	0x3c
 279 00c2 CC000000 		.4byte	0xcc
 280 00c6 05       		.uleb128 0x5
 281 00c7 03       		.byte	0x3
 282 00c8 00000000 		.4byte	cy_metadata
 283 00cc 07       		.uleb128 0x7
 284 00cd AB000000 		.4byte	0xab
 285 00d1 05       		.uleb128 0x5
ARM GAS  C:\Users\Admin\AppData\Local\Temp\cc8MlqJ9.s 			page 6


 286 00d2 90000000 		.4byte	0x90
 287 00d6 E1000000 		.4byte	0xe1
 288 00da 06       		.uleb128 0x6
 289 00db 89000000 		.4byte	0x89
 290 00df 00       		.byte	0
 291 00e0 00       		.byte	0
 292 00e1 08       		.uleb128 0x8
 293 00e2 0A000000 		.4byte	.LASF14
 294 00e6 03       		.byte	0x3
 295 00e7 4B       		.byte	0x4b
 296 00e8 F2000000 		.4byte	0xf2
 297 00ec 05       		.uleb128 0x5
 298 00ed 03       		.byte	0x3
 299 00ee 00000000 		.4byte	cy_meta_chipprotect
 300 00f2 07       		.uleb128 0x7
 301 00f3 D1000000 		.4byte	0xd1
 302 00f7 00       		.byte	0
 303              		.section	.debug_abbrev,"",%progbits
 304              	.Ldebug_abbrev0:
 305 0000 01       		.uleb128 0x1
 306 0001 11       		.uleb128 0x11
 307 0002 01       		.byte	0x1
 308 0003 25       		.uleb128 0x25
 309 0004 0E       		.uleb128 0xe
 310 0005 13       		.uleb128 0x13
 311 0006 0B       		.uleb128 0xb
 312 0007 03       		.uleb128 0x3
 313 0008 0E       		.uleb128 0xe
 314 0009 1B       		.uleb128 0x1b
 315 000a 0E       		.uleb128 0xe
 316 000b 10       		.uleb128 0x10
 317 000c 17       		.uleb128 0x17
 318 000d 00       		.byte	0
 319 000e 00       		.byte	0
 320 000f 02       		.uleb128 0x2
 321 0010 24       		.uleb128 0x24
 322 0011 00       		.byte	0
 323 0012 0B       		.uleb128 0xb
 324 0013 0B       		.uleb128 0xb
 325 0014 3E       		.uleb128 0x3e
 326 0015 0B       		.uleb128 0xb
 327 0016 03       		.uleb128 0x3
 328 0017 0E       		.uleb128 0xe
 329 0018 00       		.byte	0
 330 0019 00       		.byte	0
 331 001a 03       		.uleb128 0x3
 332 001b 16       		.uleb128 0x16
 333 001c 00       		.byte	0
 334 001d 03       		.uleb128 0x3
 335 001e 0E       		.uleb128 0xe
 336 001f 3A       		.uleb128 0x3a
 337 0020 0B       		.uleb128 0xb
 338 0021 3B       		.uleb128 0x3b
 339 0022 0B       		.uleb128 0xb
 340 0023 49       		.uleb128 0x49
 341 0024 13       		.uleb128 0x13
 342 0025 00       		.byte	0
ARM GAS  C:\Users\Admin\AppData\Local\Temp\cc8MlqJ9.s 			page 7


 343 0026 00       		.byte	0
 344 0027 04       		.uleb128 0x4
 345 0028 24       		.uleb128 0x24
 346 0029 00       		.byte	0
 347 002a 0B       		.uleb128 0xb
 348 002b 0B       		.uleb128 0xb
 349 002c 3E       		.uleb128 0x3e
 350 002d 0B       		.uleb128 0xb
 351 002e 03       		.uleb128 0x3
 352 002f 08       		.uleb128 0x8
 353 0030 00       		.byte	0
 354 0031 00       		.byte	0
 355 0032 05       		.uleb128 0x5
 356 0033 01       		.uleb128 0x1
 357 0034 01       		.byte	0x1
 358 0035 49       		.uleb128 0x49
 359 0036 13       		.uleb128 0x13
 360 0037 01       		.uleb128 0x1
 361 0038 13       		.uleb128 0x13
 362 0039 00       		.byte	0
 363 003a 00       		.byte	0
 364 003b 06       		.uleb128 0x6
 365 003c 21       		.uleb128 0x21
 366 003d 00       		.byte	0
 367 003e 49       		.uleb128 0x49
 368 003f 13       		.uleb128 0x13
 369 0040 2F       		.uleb128 0x2f
 370 0041 0B       		.uleb128 0xb
 371 0042 00       		.byte	0
 372 0043 00       		.byte	0
 373 0044 07       		.uleb128 0x7
 374 0045 26       		.uleb128 0x26
 375 0046 00       		.byte	0
 376 0047 49       		.uleb128 0x49
 377 0048 13       		.uleb128 0x13
 378 0049 00       		.byte	0
 379 004a 00       		.byte	0
 380 004b 08       		.uleb128 0x8
 381 004c 34       		.uleb128 0x34
 382 004d 00       		.byte	0
 383 004e 03       		.uleb128 0x3
 384 004f 0E       		.uleb128 0xe
 385 0050 3A       		.uleb128 0x3a
 386 0051 0B       		.uleb128 0xb
 387 0052 3B       		.uleb128 0x3b
 388 0053 0B       		.uleb128 0xb
 389 0054 49       		.uleb128 0x49
 390 0055 13       		.uleb128 0x13
 391 0056 3F       		.uleb128 0x3f
 392 0057 19       		.uleb128 0x19
 393 0058 02       		.uleb128 0x2
 394 0059 18       		.uleb128 0x18
 395 005a 00       		.byte	0
 396 005b 00       		.byte	0
 397 005c 00       		.byte	0
 398              		.section	.debug_aranges,"",%progbits
 399 0000 14000000 		.4byte	0x14
ARM GAS  C:\Users\Admin\AppData\Local\Temp\cc8MlqJ9.s 			page 8


 400 0004 0200     		.2byte	0x2
 401 0006 00000000 		.4byte	.Ldebug_info0
 402 000a 04       		.byte	0x4
 403 000b 00       		.byte	0
 404 000c 0000     		.2byte	0
 405 000e 0000     		.2byte	0
 406 0010 00000000 		.4byte	0
 407 0014 00000000 		.4byte	0
 408              		.section	.debug_line,"",%progbits
 409              	.Ldebug_line0:
 410 0000 3D010000 		.section	.debug_str,"MS",%progbits,1
 410      02003701 
 410      00000201 
 410      FB0E0D00 
 410      01010101 
 411              	.LASF9:
 412 0000 5F5F7569 		.ascii	"__uint8_t\000"
 412      6E74385F 
 412      7400
 413              	.LASF14:
 414 000a 63795F6D 		.ascii	"cy_meta_chipprotect\000"
 414      6574615F 
 414      63686970 
 414      70726F74 
 414      65637400 
 415              	.LASF13:
 416 001e 63795F6D 		.ascii	"cy_metadata\000"
 416      65746164 
 416      61746100 
 417              	.LASF7:
 418 002a 6C6F6E67 		.ascii	"long long unsigned int\000"
 418      206C6F6E 
 418      6720756E 
 418      7369676E 
 418      65642069 
 419              	.LASF1:
 420 0041 756E7369 		.ascii	"unsigned char\000"
 420      676E6564 
 420      20636861 
 420      7200
 421              	.LASF16:
 422 004f 47656E65 		.ascii	"Generated_Source\\PSoC4\\cymetadata.c\000"
 422      72617465 
 422      645F536F 
 422      75726365 
 422      5C50536F 
 423              	.LASF5:
 424 0073 6C6F6E67 		.ascii	"long unsigned int\000"
 424      20756E73 
 424      69676E65 
 424      6420696E 
 424      7400
 425              	.LASF3:
 426 0085 73686F72 		.ascii	"short unsigned int\000"
 426      7420756E 
 426      7369676E 
 426      65642069 
ARM GAS  C:\Users\Admin\AppData\Local\Temp\cc8MlqJ9.s 			page 9


 426      6E7400
 427              	.LASF15:
 428 0098 474E5520 		.ascii	"GNU C11 5.4.1 20160609 (release) [ARM/embedded-5-br"
 428      43313120 
 428      352E342E 
 428      31203230 
 428      31363036 
 429 00cb 616E6368 		.ascii	"anch revision 237715] -mcpu=cortex-m0 -mthumb -g -O"
 429      20726576 
 429      6973696F 
 429      6E203233 
 429      37373135 
 430 00fe 30202D66 		.ascii	"0 -ffunction-sections -ffat-lto-objects\000"
 430      66756E63 
 430      74696F6E 
 430      2D736563 
 430      74696F6E 
 431              	.LASF8:
 432 0126 756E7369 		.ascii	"unsigned int\000"
 432      676E6564 
 432      20696E74 
 432      00
 433              	.LASF17:
 434 0133 443A5C4C 		.ascii	"D:\\LABs_BLE\\LABs_BLE\\Lab_1_1_LED.cydsn\000"
 434      4142735F 
 434      424C455C 
 434      4C414273 
 434      5F424C45 
 435              	.LASF10:
 436 015a 75696E74 		.ascii	"uint8_t\000"
 436      385F7400 
 437              	.LASF12:
 438 0162 63795F6D 		.ascii	"cy_meta_flashprotect\000"
 438      6574615F 
 438      666C6173 
 438      6870726F 
 438      74656374 
 439              	.LASF11:
 440 0177 73697A65 		.ascii	"sizetype\000"
 440      74797065 
 440      00
 441              	.LASF6:
 442 0180 6C6F6E67 		.ascii	"long long int\000"
 442      206C6F6E 
 442      6720696E 
 442      7400
 443              	.LASF2:
 444 018e 73686F72 		.ascii	"short int\000"
 444      7420696E 
 444      7400
 445              	.LASF4:
 446 0198 6C6F6E67 		.ascii	"long int\000"
 446      20696E74 
 446      00
 447              	.LASF0:
 448 01a1 7369676E 		.ascii	"signed char\000"
 448      65642063 
ARM GAS  C:\Users\Admin\AppData\Local\Temp\cc8MlqJ9.s 			page 10


 448      68617200 
 449              		.ident	"GCC: (GNU Tools for ARM Embedded Processors) 5.4.1 20160609 (release) [ARM/embedded-5-bran
