ARM GAS  C:\Users\Admin\AppData\Local\Temp\ccFQLDyW.s 			page 1


   1              		.syntax unified
   2              		.cpu cortex-m0
   3              		.fpu softvfp
   4              		.eabi_attribute 20, 1
   5              		.eabi_attribute 21, 1
   6              		.eabi_attribute 23, 3
   7              		.eabi_attribute 24, 1
   8              		.eabi_attribute 25, 1
   9              		.eabi_attribute 26, 1
  10              		.eabi_attribute 30, 1
  11              		.eabi_attribute 34, 0
  12              		.eabi_attribute 18, 4
  13              		.thumb
  14              		.syntax unified
  15              		.file	"main.c"
  16              		.text
  17              	.Ltext0:
  18              		.cfi_sections	.debug_frame
  19              		.section	.text.main,"ax",%progbits
  20              		.align	2
  21              		.global	main
  22              		.code	16
  23              		.thumb_func
  24              		.type	main, %function
  25              	main:
  26              	.LFB35:
  27              		.file 1 "main.c"
   1:main.c        **** /* ========================================
   2:main.c        ****  *
   3:main.c        ****  * Copyright YOUR COMPANY, THE YEAR
   4:main.c        ****  * All Rights Reserved
   5:main.c        ****  * UNPUBLISHED, LICENSED SOFTWARE.
   6:main.c        ****  *
   7:main.c        ****  * CONFIDENTIAL AND PROPRIETARY INFORMATION
   8:main.c        ****  * WHICH IS THE PROPERTY OF your company.
   9:main.c        ****  *
  10:main.c        ****  * ========================================
  11:main.c        **** */
  12:main.c        **** #include <project.h>
  13:main.c        **** 
  14:main.c        **** int main()
  15:main.c        **** {
  28              		.loc 1 15 0
  29              		.cfi_startproc
  30              		@ Volatile: function does not return.
  31              		@ args = 0, pretend = 0, frame = 0
  32              		@ frame_needed = 0, uses_anonymous_args = 0
  33              		@ link register save eliminated.
  34              	.L2:
  35 0000 FEE7     		b	.L2
  36              		.cfi_endproc
  37              	.LFE35:
  38              		.size	main, .-main
  39 0002 C046     		.text
  40              	.Letext0:
  41              		.section	.debug_info,"",%progbits
  42              	.Ldebug_info0:
ARM GAS  C:\Users\Admin\AppData\Local\Temp\ccFQLDyW.s 			page 2


  43 0000 A0000000 		.4byte	0xa0
  44 0004 0400     		.2byte	0x4
  45 0006 00000000 		.4byte	.Ldebug_abbrev0
  46 000a 04       		.byte	0x4
  47 000b 01       		.uleb128 0x1
  48 000c A0000000 		.4byte	.LASF14
  49 0010 0C       		.byte	0xc
  50 0011 1B000000 		.4byte	.LASF15
  51 0015 56000000 		.4byte	.LASF16
  52 0019 00000000 		.4byte	.Ldebug_ranges0+0
  53 001d 00000000 		.4byte	0
  54 0021 00000000 		.4byte	.Ldebug_line0
  55 0025 02       		.uleb128 0x2
  56 0026 01       		.byte	0x1
  57 0027 06       		.byte	0x6
  58 0028 41010000 		.4byte	.LASF0
  59 002c 02       		.uleb128 0x2
  60 002d 01       		.byte	0x1
  61 002e 08       		.byte	0x8
  62 002f 7D000000 		.4byte	.LASF1
  63 0033 02       		.uleb128 0x2
  64 0034 02       		.byte	0x2
  65 0035 05       		.byte	0x5
  66 0036 59010000 		.4byte	.LASF2
  67 003a 02       		.uleb128 0x2
  68 003b 02       		.byte	0x2
  69 003c 07       		.byte	0x7
  70 003d 2E010000 		.4byte	.LASF3
  71 0041 02       		.uleb128 0x2
  72 0042 04       		.byte	0x4
  73 0043 05       		.byte	0x5
  74 0044 90000000 		.4byte	.LASF4
  75 0048 02       		.uleb128 0x2
  76 0049 04       		.byte	0x4
  77 004a 07       		.byte	0x7
  78 004b 27000000 		.4byte	.LASF5
  79 004f 02       		.uleb128 0x2
  80 0050 08       		.byte	0x8
  81 0051 05       		.byte	0x5
  82 0052 00000000 		.4byte	.LASF6
  83 0056 02       		.uleb128 0x2
  84 0057 08       		.byte	0x8
  85 0058 07       		.byte	0x7
  86 0059 39000000 		.4byte	.LASF7
  87 005d 03       		.uleb128 0x3
  88 005e 04       		.byte	0x4
  89 005f 05       		.byte	0x5
  90 0060 696E7400 		.ascii	"int\000"
  91 0064 02       		.uleb128 0x2
  92 0065 04       		.byte	0x4
  93 0066 07       		.byte	0x7
  94 0067 0E000000 		.4byte	.LASF8
  95 006b 02       		.uleb128 0x2
  96 006c 04       		.byte	0x4
  97 006d 04       		.byte	0x4
  98 006e 50000000 		.4byte	.LASF9
  99 0072 02       		.uleb128 0x2
ARM GAS  C:\Users\Admin\AppData\Local\Temp\ccFQLDyW.s 			page 3


 100 0073 08       		.byte	0x8
 101 0074 04       		.byte	0x4
 102 0075 99000000 		.4byte	.LASF10
 103 0079 02       		.uleb128 0x2
 104 007a 01       		.byte	0x1
 105 007b 08       		.byte	0x8
 106 007c 8B000000 		.4byte	.LASF11
 107 0080 02       		.uleb128 0x2
 108 0081 04       		.byte	0x4
 109 0082 07       		.byte	0x7
 110 0083 63010000 		.4byte	.LASF12
 111 0087 02       		.uleb128 0x2
 112 0088 08       		.byte	0x8
 113 0089 04       		.byte	0x4
 114 008a 4D010000 		.4byte	.LASF13
 115 008e 04       		.uleb128 0x4
 116 008f 22000000 		.4byte	.LASF17
 117 0093 01       		.byte	0x1
 118 0094 0E       		.byte	0xe
 119 0095 5D000000 		.4byte	0x5d
 120 0099 00000000 		.4byte	.LFB35
 121 009d 02000000 		.4byte	.LFE35-.LFB35
 122 00a1 01       		.uleb128 0x1
 123 00a2 9C       		.byte	0x9c
 124 00a3 00       		.byte	0
 125              		.section	.debug_abbrev,"",%progbits
 126              	.Ldebug_abbrev0:
 127 0000 01       		.uleb128 0x1
 128 0001 11       		.uleb128 0x11
 129 0002 01       		.byte	0x1
 130 0003 25       		.uleb128 0x25
 131 0004 0E       		.uleb128 0xe
 132 0005 13       		.uleb128 0x13
 133 0006 0B       		.uleb128 0xb
 134 0007 03       		.uleb128 0x3
 135 0008 0E       		.uleb128 0xe
 136 0009 1B       		.uleb128 0x1b
 137 000a 0E       		.uleb128 0xe
 138 000b 55       		.uleb128 0x55
 139 000c 17       		.uleb128 0x17
 140 000d 11       		.uleb128 0x11
 141 000e 01       		.uleb128 0x1
 142 000f 10       		.uleb128 0x10
 143 0010 17       		.uleb128 0x17
 144 0011 00       		.byte	0
 145 0012 00       		.byte	0
 146 0013 02       		.uleb128 0x2
 147 0014 24       		.uleb128 0x24
 148 0015 00       		.byte	0
 149 0016 0B       		.uleb128 0xb
 150 0017 0B       		.uleb128 0xb
 151 0018 3E       		.uleb128 0x3e
 152 0019 0B       		.uleb128 0xb
 153 001a 03       		.uleb128 0x3
 154 001b 0E       		.uleb128 0xe
 155 001c 00       		.byte	0
 156 001d 00       		.byte	0
ARM GAS  C:\Users\Admin\AppData\Local\Temp\ccFQLDyW.s 			page 4


 157 001e 03       		.uleb128 0x3
 158 001f 24       		.uleb128 0x24
 159 0020 00       		.byte	0
 160 0021 0B       		.uleb128 0xb
 161 0022 0B       		.uleb128 0xb
 162 0023 3E       		.uleb128 0x3e
 163 0024 0B       		.uleb128 0xb
 164 0025 03       		.uleb128 0x3
 165 0026 08       		.uleb128 0x8
 166 0027 00       		.byte	0
 167 0028 00       		.byte	0
 168 0029 04       		.uleb128 0x4
 169 002a 2E       		.uleb128 0x2e
 170 002b 00       		.byte	0
 171 002c 3F       		.uleb128 0x3f
 172 002d 19       		.uleb128 0x19
 173 002e 03       		.uleb128 0x3
 174 002f 0E       		.uleb128 0xe
 175 0030 3A       		.uleb128 0x3a
 176 0031 0B       		.uleb128 0xb
 177 0032 3B       		.uleb128 0x3b
 178 0033 0B       		.uleb128 0xb
 179 0034 49       		.uleb128 0x49
 180 0035 13       		.uleb128 0x13
 181 0036 8701     		.uleb128 0x87
 182 0038 19       		.uleb128 0x19
 183 0039 11       		.uleb128 0x11
 184 003a 01       		.uleb128 0x1
 185 003b 12       		.uleb128 0x12
 186 003c 06       		.uleb128 0x6
 187 003d 40       		.uleb128 0x40
 188 003e 18       		.uleb128 0x18
 189 003f 9742     		.uleb128 0x2117
 190 0041 19       		.uleb128 0x19
 191 0042 00       		.byte	0
 192 0043 00       		.byte	0
 193 0044 00       		.byte	0
 194              		.section	.debug_aranges,"",%progbits
 195 0000 1C000000 		.4byte	0x1c
 196 0004 0200     		.2byte	0x2
 197 0006 00000000 		.4byte	.Ldebug_info0
 198 000a 04       		.byte	0x4
 199 000b 00       		.byte	0
 200 000c 0000     		.2byte	0
 201 000e 0000     		.2byte	0
 202 0010 00000000 		.4byte	.LFB35
 203 0014 02000000 		.4byte	.LFE35-.LFB35
 204 0018 00000000 		.4byte	0
 205 001c 00000000 		.4byte	0
 206              		.section	.debug_ranges,"",%progbits
 207              	.Ldebug_ranges0:
 208 0000 00000000 		.4byte	.LFB35
 209 0004 02000000 		.4byte	.LFE35
 210 0008 00000000 		.4byte	0
 211 000c 00000000 		.4byte	0
 212              		.section	.debug_line,"",%progbits
 213              	.Ldebug_line0:
ARM GAS  C:\Users\Admin\AppData\Local\Temp\ccFQLDyW.s 			page 5


 214 0000 32000000 		.section	.debug_str,"MS",%progbits,1
 214      02001D00 
 214      00000201 
 214      FB0E0D00 
 214      01010101 
 215              	.LASF6:
 216 0000 6C6F6E67 		.ascii	"long long int\000"
 216      206C6F6E 
 216      6720696E 
 216      7400
 217              	.LASF8:
 218 000e 756E7369 		.ascii	"unsigned int\000"
 218      676E6564 
 218      20696E74 
 218      00
 219              	.LASF15:
 220 001b 6D61696E 		.ascii	"main.c\000"
 220      2E6300
 221              	.LASF17:
 222 0022 6D61696E 		.ascii	"main\000"
 222      00
 223              	.LASF5:
 224 0027 6C6F6E67 		.ascii	"long unsigned int\000"
 224      20756E73 
 224      69676E65 
 224      6420696E 
 224      7400
 225              	.LASF7:
 226 0039 6C6F6E67 		.ascii	"long long unsigned int\000"
 226      206C6F6E 
 226      6720756E 
 226      7369676E 
 226      65642069 
 227              	.LASF9:
 228 0050 666C6F61 		.ascii	"float\000"
 228      7400
 229              	.LASF16:
 230 0056 443A5C4C 		.ascii	"D:\\LABs_BLE\\LABs_BLE\\Lab_1_3_LED.cydsn\000"
 230      4142735F 
 230      424C455C 
 230      4C414273 
 230      5F424C45 
 231              	.LASF1:
 232 007d 756E7369 		.ascii	"unsigned char\000"
 232      676E6564 
 232      20636861 
 232      7200
 233              	.LASF11:
 234 008b 63686172 		.ascii	"char\000"
 234      00
 235              	.LASF4:
 236 0090 6C6F6E67 		.ascii	"long int\000"
 236      20696E74 
 236      00
 237              	.LASF10:
 238 0099 646F7562 		.ascii	"double\000"
 238      6C6500
ARM GAS  C:\Users\Admin\AppData\Local\Temp\ccFQLDyW.s 			page 6


 239              	.LASF14:
 240 00a0 474E5520 		.ascii	"GNU C11 5.4.1 20160609 (release) [ARM/embedded-5-br"
 240      43313120 
 240      352E342E 
 240      31203230 
 240      31363036 
 241 00d3 616E6368 		.ascii	"anch revision 237715] -mcpu=cortex-m0 -mthumb -g -O"
 241      20726576 
 241      6973696F 
 241      6E203233 
 241      37373135 
 242 0106 67202D66 		.ascii	"g -ffunction-sections -ffat-lto-objects\000"
 242      66756E63 
 242      74696F6E 
 242      2D736563 
 242      74696F6E 
 243              	.LASF3:
 244 012e 73686F72 		.ascii	"short unsigned int\000"
 244      7420756E 
 244      7369676E 
 244      65642069 
 244      6E7400
 245              	.LASF0:
 246 0141 7369676E 		.ascii	"signed char\000"
 246      65642063 
 246      68617200 
 247              	.LASF13:
 248 014d 6C6F6E67 		.ascii	"long double\000"
 248      20646F75 
 248      626C6500 
 249              	.LASF2:
 250 0159 73686F72 		.ascii	"short int\000"
 250      7420696E 
 250      7400
 251              	.LASF12:
 252 0163 73697A65 		.ascii	"sizetype\000"
 252      74797065 
 252      00
 253              		.ident	"GCC: (GNU Tools for ARM Embedded Processors) 5.4.1 20160609 (release) [ARM/embedded-5-bran
