ARM GAS  C:\Users\Admin\AppData\Local\Temp\cc3YxYUt.s 			page 1


   1              		.syntax unified
   2              		.cpu cortex-m0
   3              		.fpu softvfp
   4              		.eabi_attribute 20, 1
   5              		.eabi_attribute 21, 1
   6              		.eabi_attribute 23, 3
   7              		.eabi_attribute 24, 1
   8              		.eabi_attribute 25, 1
   9              		.eabi_attribute 26, 1
  10              		.eabi_attribute 30, 6
  11              		.eabi_attribute 34, 0
  12              		.eabi_attribute 18, 4
  13              		.thumb
  14              		.syntax unified
  15              		.file	"cyfitter_cfg.c"
  16              		.text
  17              	.Ltext0:
  18              		.cfi_sections	.debug_frame
  19              		.section	.text.CYMEMZERO,"ax",%progbits
  20              		.align	2
  21              		.code	16
  22              		.thumb_func
  23              		.type	CYMEMZERO, %function
  24              	CYMEMZERO:
  25              	.LFB2:
  26              		.file 1 "Generated_Source\\PSoC4\\cyfitter_cfg.c"
   1:Generated_Source\PSoC4/cyfitter_cfg.c **** 
   2:Generated_Source\PSoC4/cyfitter_cfg.c **** /*******************************************************************************
   3:Generated_Source\PSoC4/cyfitter_cfg.c **** * File Name: cyfitter_cfg.c
   4:Generated_Source\PSoC4/cyfitter_cfg.c **** * 
   5:Generated_Source\PSoC4/cyfitter_cfg.c **** * PSoC Creator  4.4
   6:Generated_Source\PSoC4/cyfitter_cfg.c **** *
   7:Generated_Source\PSoC4/cyfitter_cfg.c **** * Description:
   8:Generated_Source\PSoC4/cyfitter_cfg.c **** * This file contains device initialization code.
   9:Generated_Source\PSoC4/cyfitter_cfg.c **** * Except for the user defined sections in CyClockStartupError(), this file should not be modified.
  10:Generated_Source\PSoC4/cyfitter_cfg.c **** * This file is automatically generated by PSoC Creator.
  11:Generated_Source\PSoC4/cyfitter_cfg.c **** *
  12:Generated_Source\PSoC4/cyfitter_cfg.c **** ********************************************************************************
  13:Generated_Source\PSoC4/cyfitter_cfg.c **** * Copyright (c) 2007-2020 Cypress Semiconductor.  All rights reserved.
  14:Generated_Source\PSoC4/cyfitter_cfg.c **** * You may use this file only in accordance with the license, terms, conditions, 
  15:Generated_Source\PSoC4/cyfitter_cfg.c **** * disclaimers, and limitations in the end user license agreement accompanying 
  16:Generated_Source\PSoC4/cyfitter_cfg.c **** * the software package with which this file was provided.
  17:Generated_Source\PSoC4/cyfitter_cfg.c **** ********************************************************************************/
  18:Generated_Source\PSoC4/cyfitter_cfg.c **** 
  19:Generated_Source\PSoC4/cyfitter_cfg.c **** #include <string.h>
  20:Generated_Source\PSoC4/cyfitter_cfg.c **** #include "cytypes.h"
  21:Generated_Source\PSoC4/cyfitter_cfg.c **** #include "cydevice_trm.h"
  22:Generated_Source\PSoC4/cyfitter_cfg.c **** #include "cyfitter.h"
  23:Generated_Source\PSoC4/cyfitter_cfg.c **** #include "CyLib.h"
  24:Generated_Source\PSoC4/cyfitter_cfg.c **** #include "CyLFClk.h"
  25:Generated_Source\PSoC4/cyfitter_cfg.c **** #include "cyfitter_cfg.h"
  26:Generated_Source\PSoC4/cyfitter_cfg.c **** #include "cyapicallbacks.h"
  27:Generated_Source\PSoC4/cyfitter_cfg.c **** 
  28:Generated_Source\PSoC4/cyfitter_cfg.c **** 
  29:Generated_Source\PSoC4/cyfitter_cfg.c **** #if defined(__GNUC__) || defined(__ARMCC_VERSION)
  30:Generated_Source\PSoC4/cyfitter_cfg.c ****     #define CYPACKED 
  31:Generated_Source\PSoC4/cyfitter_cfg.c ****     #define CYPACKED_ATTR __attribute__ ((packed))
ARM GAS  C:\Users\Admin\AppData\Local\Temp\cc3YxYUt.s 			page 2


  32:Generated_Source\PSoC4/cyfitter_cfg.c ****     #define CYALIGNED __attribute__ ((aligned))
  33:Generated_Source\PSoC4/cyfitter_cfg.c ****     #define CY_CFG_UNUSED __attribute__ ((unused))
  34:Generated_Source\PSoC4/cyfitter_cfg.c ****     #ifndef CY_CFG_SECTION
  35:Generated_Source\PSoC4/cyfitter_cfg.c ****         #define CY_CFG_SECTION __attribute__ ((section(".psocinit")))
  36:Generated_Source\PSoC4/cyfitter_cfg.c ****     #endif
  37:Generated_Source\PSoC4/cyfitter_cfg.c ****     
  38:Generated_Source\PSoC4/cyfitter_cfg.c ****     #if defined(__ARMCC_VERSION)
  39:Generated_Source\PSoC4/cyfitter_cfg.c ****         #define CY_CFG_MEMORY_BARRIER() __memory_changed()
  40:Generated_Source\PSoC4/cyfitter_cfg.c ****     #else
  41:Generated_Source\PSoC4/cyfitter_cfg.c ****         #define CY_CFG_MEMORY_BARRIER() __sync_synchronize()
  42:Generated_Source\PSoC4/cyfitter_cfg.c ****     #endif
  43:Generated_Source\PSoC4/cyfitter_cfg.c ****     
  44:Generated_Source\PSoC4/cyfitter_cfg.c **** #elif defined(__ICCARM__)
  45:Generated_Source\PSoC4/cyfitter_cfg.c ****     #include <intrinsics.h>
  46:Generated_Source\PSoC4/cyfitter_cfg.c **** 
  47:Generated_Source\PSoC4/cyfitter_cfg.c ****     #define CYPACKED __packed
  48:Generated_Source\PSoC4/cyfitter_cfg.c ****     #define CYPACKED_ATTR 
  49:Generated_Source\PSoC4/cyfitter_cfg.c ****     #define CYALIGNED _Pragma("data_alignment=4")
  50:Generated_Source\PSoC4/cyfitter_cfg.c ****     #define CY_CFG_UNUSED _Pragma("diag_suppress=Pe177")
  51:Generated_Source\PSoC4/cyfitter_cfg.c ****     #define CY_CFG_SECTION _Pragma("location=\".psocinit\"")
  52:Generated_Source\PSoC4/cyfitter_cfg.c ****     
  53:Generated_Source\PSoC4/cyfitter_cfg.c ****     #define CY_CFG_MEMORY_BARRIER() __DMB()
  54:Generated_Source\PSoC4/cyfitter_cfg.c ****     
  55:Generated_Source\PSoC4/cyfitter_cfg.c **** #else
  56:Generated_Source\PSoC4/cyfitter_cfg.c ****     #error Unsupported toolchain
  57:Generated_Source\PSoC4/cyfitter_cfg.c **** #endif
  58:Generated_Source\PSoC4/cyfitter_cfg.c **** 
  59:Generated_Source\PSoC4/cyfitter_cfg.c **** #ifndef CYCODE
  60:Generated_Source\PSoC4/cyfitter_cfg.c ****     #define CYCODE
  61:Generated_Source\PSoC4/cyfitter_cfg.c **** #endif
  62:Generated_Source\PSoC4/cyfitter_cfg.c **** #ifndef CYDATA
  63:Generated_Source\PSoC4/cyfitter_cfg.c ****     #define CYDATA
  64:Generated_Source\PSoC4/cyfitter_cfg.c **** #endif
  65:Generated_Source\PSoC4/cyfitter_cfg.c **** #ifndef CYFAR
  66:Generated_Source\PSoC4/cyfitter_cfg.c ****     #define CYFAR
  67:Generated_Source\PSoC4/cyfitter_cfg.c **** #endif
  68:Generated_Source\PSoC4/cyfitter_cfg.c **** #ifndef CYXDATA
  69:Generated_Source\PSoC4/cyfitter_cfg.c ****     #define CYXDATA
  70:Generated_Source\PSoC4/cyfitter_cfg.c **** #endif
  71:Generated_Source\PSoC4/cyfitter_cfg.c **** 
  72:Generated_Source\PSoC4/cyfitter_cfg.c **** 
  73:Generated_Source\PSoC4/cyfitter_cfg.c **** CY_CFG_UNUSED
  74:Generated_Source\PSoC4/cyfitter_cfg.c **** static void CYMEMZERO(void *s, size_t n);
  75:Generated_Source\PSoC4/cyfitter_cfg.c **** CY_CFG_UNUSED
  76:Generated_Source\PSoC4/cyfitter_cfg.c **** static void CYMEMZERO(void *s, size_t n)
  77:Generated_Source\PSoC4/cyfitter_cfg.c **** {
  27              		.loc 1 77 0
  28              		.cfi_startproc
  29              		@ args = 0, pretend = 0, frame = 8
  30              		@ frame_needed = 1, uses_anonymous_args = 0
  31 0000 80B5     		push	{r7, lr}
  32              		.cfi_def_cfa_offset 8
  33              		.cfi_offset 7, -8
  34              		.cfi_offset 14, -4
  35 0002 82B0     		sub	sp, sp, #8
  36              		.cfi_def_cfa_offset 16
  37 0004 00AF     		add	r7, sp, #0
ARM GAS  C:\Users\Admin\AppData\Local\Temp\cc3YxYUt.s 			page 3


  38              		.cfi_def_cfa_register 7
  39 0006 7860     		str	r0, [r7, #4]
  40 0008 3960     		str	r1, [r7]
  78:Generated_Source\PSoC4/cyfitter_cfg.c **** 	(void)memset(s, 0, n);
  41              		.loc 1 78 0
  42 000a 3A68     		ldr	r2, [r7]
  43 000c 7B68     		ldr	r3, [r7, #4]
  44 000e 0021     		movs	r1, #0
  45 0010 1800     		movs	r0, r3
  46 0012 FFF7FEFF 		bl	memset
  79:Generated_Source\PSoC4/cyfitter_cfg.c **** }
  47              		.loc 1 79 0
  48 0016 C046     		nop
  49 0018 BD46     		mov	sp, r7
  50 001a 02B0     		add	sp, sp, #8
  51              		@ sp needed
  52 001c 80BD     		pop	{r7, pc}
  53              		.cfi_endproc
  54              	.LFE2:
  55              		.size	CYMEMZERO, .-CYMEMZERO
  56 001e C046     		.section	.text.CYCONFIGCPY,"ax",%progbits
  57              		.align	2
  58              		.code	16
  59              		.thumb_func
  60              		.type	CYCONFIGCPY, %function
  61              	CYCONFIGCPY:
  62              	.LFB3:
  80:Generated_Source\PSoC4/cyfitter_cfg.c **** CY_CFG_UNUSED
  81:Generated_Source\PSoC4/cyfitter_cfg.c **** static void CYCONFIGCPY(void *dest, const void *src, size_t n);
  82:Generated_Source\PSoC4/cyfitter_cfg.c **** CY_CFG_UNUSED
  83:Generated_Source\PSoC4/cyfitter_cfg.c **** static void CYCONFIGCPY(void *dest, const void *src, size_t n)
  84:Generated_Source\PSoC4/cyfitter_cfg.c **** {
  63              		.loc 1 84 0
  64              		.cfi_startproc
  65              		@ args = 0, pretend = 0, frame = 16
  66              		@ frame_needed = 1, uses_anonymous_args = 0
  67 0000 80B5     		push	{r7, lr}
  68              		.cfi_def_cfa_offset 8
  69              		.cfi_offset 7, -8
  70              		.cfi_offset 14, -4
  71 0002 84B0     		sub	sp, sp, #16
  72              		.cfi_def_cfa_offset 24
  73 0004 00AF     		add	r7, sp, #0
  74              		.cfi_def_cfa_register 7
  75 0006 F860     		str	r0, [r7, #12]
  76 0008 B960     		str	r1, [r7, #8]
  77 000a 7A60     		str	r2, [r7, #4]
  85:Generated_Source\PSoC4/cyfitter_cfg.c **** 	(void)memcpy(dest, src, n);
  78              		.loc 1 85 0
  79 000c 7A68     		ldr	r2, [r7, #4]
  80 000e B968     		ldr	r1, [r7, #8]
  81 0010 FB68     		ldr	r3, [r7, #12]
  82 0012 1800     		movs	r0, r3
  83 0014 FFF7FEFF 		bl	memcpy
  86:Generated_Source\PSoC4/cyfitter_cfg.c **** }
  84              		.loc 1 86 0
  85 0018 C046     		nop
ARM GAS  C:\Users\Admin\AppData\Local\Temp\cc3YxYUt.s 			page 4


  86 001a BD46     		mov	sp, r7
  87 001c 04B0     		add	sp, sp, #16
  88              		@ sp needed
  89 001e 80BD     		pop	{r7, pc}
  90              		.cfi_endproc
  91              	.LFE3:
  92              		.size	CYCONFIGCPY, .-CYCONFIGCPY
  93              		.section	.text.CYCONFIGCPYCODE,"ax",%progbits
  94              		.align	2
  95              		.code	16
  96              		.thumb_func
  97              		.type	CYCONFIGCPYCODE, %function
  98              	CYCONFIGCPYCODE:
  99              	.LFB4:
  87:Generated_Source\PSoC4/cyfitter_cfg.c **** CY_CFG_UNUSED
  88:Generated_Source\PSoC4/cyfitter_cfg.c **** static void CYCONFIGCPYCODE(void *dest, const void *src, size_t n);
  89:Generated_Source\PSoC4/cyfitter_cfg.c **** CY_CFG_UNUSED
  90:Generated_Source\PSoC4/cyfitter_cfg.c **** static void CYCONFIGCPYCODE(void *dest, const void *src, size_t n)
  91:Generated_Source\PSoC4/cyfitter_cfg.c **** {
 100              		.loc 1 91 0
 101              		.cfi_startproc
 102              		@ args = 0, pretend = 0, frame = 16
 103              		@ frame_needed = 1, uses_anonymous_args = 0
 104 0000 80B5     		push	{r7, lr}
 105              		.cfi_def_cfa_offset 8
 106              		.cfi_offset 7, -8
 107              		.cfi_offset 14, -4
 108 0002 84B0     		sub	sp, sp, #16
 109              		.cfi_def_cfa_offset 24
 110 0004 00AF     		add	r7, sp, #0
 111              		.cfi_def_cfa_register 7
 112 0006 F860     		str	r0, [r7, #12]
 113 0008 B960     		str	r1, [r7, #8]
 114 000a 7A60     		str	r2, [r7, #4]
  92:Generated_Source\PSoC4/cyfitter_cfg.c **** 	(void)memcpy(dest, src, n);
 115              		.loc 1 92 0
 116 000c 7A68     		ldr	r2, [r7, #4]
 117 000e B968     		ldr	r1, [r7, #8]
 118 0010 FB68     		ldr	r3, [r7, #12]
 119 0012 1800     		movs	r0, r3
 120 0014 FFF7FEFF 		bl	memcpy
  93:Generated_Source\PSoC4/cyfitter_cfg.c **** }
 121              		.loc 1 93 0
 122 0018 C046     		nop
 123 001a BD46     		mov	sp, r7
 124 001c 04B0     		add	sp, sp, #16
 125              		@ sp needed
 126 001e 80BD     		pop	{r7, pc}
 127              		.cfi_endproc
 128              	.LFE4:
 129              		.size	CYCONFIGCPYCODE, .-CYCONFIGCPYCODE
 130              		.section	.text.cfg_write_bytes32,"ax",%progbits
 131              		.align	2
 132              		.code	16
 133              		.thumb_func
 134              		.type	cfg_write_bytes32, %function
 135              	cfg_write_bytes32:
ARM GAS  C:\Users\Admin\AppData\Local\Temp\cc3YxYUt.s 			page 5


 136              	.LFB5:
  94:Generated_Source\PSoC4/cyfitter_cfg.c **** 
  95:Generated_Source\PSoC4/cyfitter_cfg.c **** 
  96:Generated_Source\PSoC4/cyfitter_cfg.c **** 
  97:Generated_Source\PSoC4/cyfitter_cfg.c **** 
  98:Generated_Source\PSoC4/cyfitter_cfg.c **** /* Clock startup error codes                                                   */
  99:Generated_Source\PSoC4/cyfitter_cfg.c **** #define CYCLOCKSTART_NO_ERROR    0u
 100:Generated_Source\PSoC4/cyfitter_cfg.c **** #define CYCLOCKSTART_XTAL_ERROR  1u
 101:Generated_Source\PSoC4/cyfitter_cfg.c **** #define CYCLOCKSTART_32KHZ_ERROR 2u
 102:Generated_Source\PSoC4/cyfitter_cfg.c **** #define CYCLOCKSTART_PLL_ERROR   3u
 103:Generated_Source\PSoC4/cyfitter_cfg.c **** #define CYCLOCKSTART_FLL_ERROR   4u
 104:Generated_Source\PSoC4/cyfitter_cfg.c **** #define CYCLOCKSTART_WCO_ERROR   5u
 105:Generated_Source\PSoC4/cyfitter_cfg.c **** 
 106:Generated_Source\PSoC4/cyfitter_cfg.c **** 
 107:Generated_Source\PSoC4/cyfitter_cfg.c **** #ifdef CY_NEED_CYCLOCKSTARTUPERROR
 108:Generated_Source\PSoC4/cyfitter_cfg.c **** /*******************************************************************************
 109:Generated_Source\PSoC4/cyfitter_cfg.c **** * Function Name: CyClockStartupError
 110:Generated_Source\PSoC4/cyfitter_cfg.c **** ********************************************************************************
 111:Generated_Source\PSoC4/cyfitter_cfg.c **** * Summary:
 112:Generated_Source\PSoC4/cyfitter_cfg.c **** *  If an error is encountered during clock configuration (crystal startup error,
 113:Generated_Source\PSoC4/cyfitter_cfg.c **** *  PLL lock error, etc.), the system will end up here.  Unless reimplemented by
 114:Generated_Source\PSoC4/cyfitter_cfg.c **** *  the customer, this function will stop in an infinite loop.
 115:Generated_Source\PSoC4/cyfitter_cfg.c **** *
 116:Generated_Source\PSoC4/cyfitter_cfg.c **** * Parameters:
 117:Generated_Source\PSoC4/cyfitter_cfg.c **** *   void
 118:Generated_Source\PSoC4/cyfitter_cfg.c **** *
 119:Generated_Source\PSoC4/cyfitter_cfg.c **** * Return:
 120:Generated_Source\PSoC4/cyfitter_cfg.c **** *   void
 121:Generated_Source\PSoC4/cyfitter_cfg.c **** *
 122:Generated_Source\PSoC4/cyfitter_cfg.c **** *******************************************************************************/
 123:Generated_Source\PSoC4/cyfitter_cfg.c **** CY_CFG_UNUSED
 124:Generated_Source\PSoC4/cyfitter_cfg.c **** static void CyClockStartupError(uint8 errorCode);
 125:Generated_Source\PSoC4/cyfitter_cfg.c **** CY_CFG_UNUSED
 126:Generated_Source\PSoC4/cyfitter_cfg.c **** static void CyClockStartupError(uint8 errorCode)
 127:Generated_Source\PSoC4/cyfitter_cfg.c **** {
 128:Generated_Source\PSoC4/cyfitter_cfg.c ****     /* To remove the compiler warning if errorCode not used.                */
 129:Generated_Source\PSoC4/cyfitter_cfg.c ****     errorCode = errorCode;
 130:Generated_Source\PSoC4/cyfitter_cfg.c **** 
 131:Generated_Source\PSoC4/cyfitter_cfg.c ****     /* If we have a clock startup error (bad MHz crystal, PLL lock, etc.),  */
 132:Generated_Source\PSoC4/cyfitter_cfg.c ****     /* we will end up here to allow the customer to implement something to  */
 133:Generated_Source\PSoC4/cyfitter_cfg.c ****     /* deal with the clock condition.                                       */
 134:Generated_Source\PSoC4/cyfitter_cfg.c **** 
 135:Generated_Source\PSoC4/cyfitter_cfg.c **** #ifdef CY_CFG_CLOCK_STARTUP_ERROR_CALLBACK
 136:Generated_Source\PSoC4/cyfitter_cfg.c ****     CY_CFG_Clock_Startup_ErrorCallback();
 137:Generated_Source\PSoC4/cyfitter_cfg.c **** #else
 138:Generated_Source\PSoC4/cyfitter_cfg.c ****     /*  If not using CY_CFG_CLOCK_STARTUP_ERROR_CALLBACK, place your clock startup code here. */
 139:Generated_Source\PSoC4/cyfitter_cfg.c ****     /* `#START CyClockStartupError` */
 140:Generated_Source\PSoC4/cyfitter_cfg.c **** 
 141:Generated_Source\PSoC4/cyfitter_cfg.c **** 
 142:Generated_Source\PSoC4/cyfitter_cfg.c **** 
 143:Generated_Source\PSoC4/cyfitter_cfg.c ****     /* `#END` */
 144:Generated_Source\PSoC4/cyfitter_cfg.c **** 
 145:Generated_Source\PSoC4/cyfitter_cfg.c ****     while(1) {}
 146:Generated_Source\PSoC4/cyfitter_cfg.c **** #endif /* CY_CFG_CLOCK_STARTUP_ERROR_CALLBACK */
 147:Generated_Source\PSoC4/cyfitter_cfg.c **** }
 148:Generated_Source\PSoC4/cyfitter_cfg.c **** #endif
 149:Generated_Source\PSoC4/cyfitter_cfg.c **** 
ARM GAS  C:\Users\Admin\AppData\Local\Temp\cc3YxYUt.s 			page 6


 150:Generated_Source\PSoC4/cyfitter_cfg.c **** #define CY_CFG_BASE_ADDR_COUNT 2u
 151:Generated_Source\PSoC4/cyfitter_cfg.c **** CYPACKED typedef struct
 152:Generated_Source\PSoC4/cyfitter_cfg.c **** {
 153:Generated_Source\PSoC4/cyfitter_cfg.c **** 	uint8 offset;
 154:Generated_Source\PSoC4/cyfitter_cfg.c **** 	uint8 value;
 155:Generated_Source\PSoC4/cyfitter_cfg.c **** } CYPACKED_ATTR cy_cfg_addrvalue_t;
 156:Generated_Source\PSoC4/cyfitter_cfg.c **** 
 157:Generated_Source\PSoC4/cyfitter_cfg.c **** 
 158:Generated_Source\PSoC4/cyfitter_cfg.c **** 
 159:Generated_Source\PSoC4/cyfitter_cfg.c **** /*******************************************************************************
 160:Generated_Source\PSoC4/cyfitter_cfg.c **** * Function Name: cfg_write_bytes32
 161:Generated_Source\PSoC4/cyfitter_cfg.c **** ********************************************************************************
 162:Generated_Source\PSoC4/cyfitter_cfg.c **** * Summary:
 163:Generated_Source\PSoC4/cyfitter_cfg.c **** *  This function is used for setting up the chip configuration areas that
 164:Generated_Source\PSoC4/cyfitter_cfg.c **** *  contain relatively sparse data.
 165:Generated_Source\PSoC4/cyfitter_cfg.c **** *
 166:Generated_Source\PSoC4/cyfitter_cfg.c **** * Parameters:
 167:Generated_Source\PSoC4/cyfitter_cfg.c **** *   void
 168:Generated_Source\PSoC4/cyfitter_cfg.c **** *
 169:Generated_Source\PSoC4/cyfitter_cfg.c **** * Return:
 170:Generated_Source\PSoC4/cyfitter_cfg.c **** *   void
 171:Generated_Source\PSoC4/cyfitter_cfg.c **** *
 172:Generated_Source\PSoC4/cyfitter_cfg.c **** *******************************************************************************/
 173:Generated_Source\PSoC4/cyfitter_cfg.c **** static void cfg_write_bytes32(const uint32 addr_table[], const cy_cfg_addrvalue_t data_table[]);
 174:Generated_Source\PSoC4/cyfitter_cfg.c **** static void cfg_write_bytes32(const uint32 addr_table[], const cy_cfg_addrvalue_t data_table[])
 175:Generated_Source\PSoC4/cyfitter_cfg.c **** {
 137              		.loc 1 175 0
 138              		.cfi_startproc
 139              		@ args = 0, pretend = 0, frame = 24
 140              		@ frame_needed = 1, uses_anonymous_args = 0
 141 0000 80B5     		push	{r7, lr}
 142              		.cfi_def_cfa_offset 8
 143              		.cfi_offset 7, -8
 144              		.cfi_offset 14, -4
 145 0002 86B0     		sub	sp, sp, #24
 146              		.cfi_def_cfa_offset 32
 147 0004 00AF     		add	r7, sp, #0
 148              		.cfi_def_cfa_register 7
 149 0006 7860     		str	r0, [r7, #4]
 150 0008 3960     		str	r1, [r7]
 176:Generated_Source\PSoC4/cyfitter_cfg.c **** 	/* For 32-bit little-endian architectures */
 177:Generated_Source\PSoC4/cyfitter_cfg.c **** 	uint32 i, j = 0u;
 151              		.loc 1 177 0
 152 000a 0023     		movs	r3, #0
 153 000c 3B61     		str	r3, [r7, #16]
 178:Generated_Source\PSoC4/cyfitter_cfg.c **** 	for (i = 0u; i < CY_CFG_BASE_ADDR_COUNT; i++)
 154              		.loc 1 178 0
 155 000e 0023     		movs	r3, #0
 156 0010 7B61     		str	r3, [r7, #20]
 157 0012 2FE0     		b	.L5
 158              	.L8:
 159              	.LBB2:
 179:Generated_Source\PSoC4/cyfitter_cfg.c **** 	{
 180:Generated_Source\PSoC4/cyfitter_cfg.c **** 		uint32 baseAddr = addr_table[i];
 160              		.loc 1 180 0
 161 0014 7B69     		ldr	r3, [r7, #20]
 162 0016 9B00     		lsls	r3, r3, #2
ARM GAS  C:\Users\Admin\AppData\Local\Temp\cc3YxYUt.s 			page 7


 163 0018 7A68     		ldr	r2, [r7, #4]
 164 001a D318     		adds	r3, r2, r3
 165 001c 1B68     		ldr	r3, [r3]
 166 001e BB60     		str	r3, [r7, #8]
 181:Generated_Source\PSoC4/cyfitter_cfg.c **** 		uint8 count = (uint8)baseAddr;
 167              		.loc 1 181 0
 168 0020 0F23     		movs	r3, #15
 169 0022 FB18     		adds	r3, r7, r3
 170 0024 BA68     		ldr	r2, [r7, #8]
 171 0026 1A70     		strb	r2, [r3]
 182:Generated_Source\PSoC4/cyfitter_cfg.c **** 		baseAddr &= 0xFFFFFF00u;
 172              		.loc 1 182 0
 173 0028 BB68     		ldr	r3, [r7, #8]
 174 002a FF22     		movs	r2, #255
 175 002c 9343     		bics	r3, r2
 176 002e BB60     		str	r3, [r7, #8]
 183:Generated_Source\PSoC4/cyfitter_cfg.c **** 		while (count != 0u)
 177              		.loc 1 183 0
 178 0030 18E0     		b	.L6
 179              	.L7:
 184:Generated_Source\PSoC4/cyfitter_cfg.c **** 		{
 185:Generated_Source\PSoC4/cyfitter_cfg.c **** 			CY_SET_REG8((void *)(baseAddr + data_table[j].offset), data_table[j].value);
 180              		.loc 1 185 0
 181 0032 3B69     		ldr	r3, [r7, #16]
 182 0034 5B00     		lsls	r3, r3, #1
 183 0036 3A68     		ldr	r2, [r7]
 184 0038 D318     		adds	r3, r2, r3
 185 003a 1B78     		ldrb	r3, [r3]
 186 003c 1A00     		movs	r2, r3
 187 003e BB68     		ldr	r3, [r7, #8]
 188 0040 D318     		adds	r3, r2, r3
 189 0042 1900     		movs	r1, r3
 190 0044 3B69     		ldr	r3, [r7, #16]
 191 0046 5B00     		lsls	r3, r3, #1
 192 0048 3A68     		ldr	r2, [r7]
 193 004a D318     		adds	r3, r2, r3
 194 004c 5B78     		ldrb	r3, [r3, #1]
 195 004e 0B70     		strb	r3, [r1]
 186:Generated_Source\PSoC4/cyfitter_cfg.c **** 			j++;
 196              		.loc 1 186 0
 197 0050 3B69     		ldr	r3, [r7, #16]
 198 0052 0133     		adds	r3, r3, #1
 199 0054 3B61     		str	r3, [r7, #16]
 187:Generated_Source\PSoC4/cyfitter_cfg.c **** 			count--;
 200              		.loc 1 187 0
 201 0056 0F23     		movs	r3, #15
 202 0058 FB18     		adds	r3, r7, r3
 203 005a 1A78     		ldrb	r2, [r3]
 204 005c 0F23     		movs	r3, #15
 205 005e FB18     		adds	r3, r7, r3
 206 0060 013A     		subs	r2, r2, #1
 207 0062 1A70     		strb	r2, [r3]
 208              	.L6:
 183:Generated_Source\PSoC4/cyfitter_cfg.c **** 		{
 209              		.loc 1 183 0
 210 0064 0F23     		movs	r3, #15
 211 0066 FB18     		adds	r3, r7, r3
ARM GAS  C:\Users\Admin\AppData\Local\Temp\cc3YxYUt.s 			page 8


 212 0068 1B78     		ldrb	r3, [r3]
 213 006a 002B     		cmp	r3, #0
 214 006c E1D1     		bne	.L7
 215              	.LBE2:
 178:Generated_Source\PSoC4/cyfitter_cfg.c **** 	{
 216              		.loc 1 178 0 discriminator 2
 217 006e 7B69     		ldr	r3, [r7, #20]
 218 0070 0133     		adds	r3, r3, #1
 219 0072 7B61     		str	r3, [r7, #20]
 220              	.L5:
 178:Generated_Source\PSoC4/cyfitter_cfg.c **** 	{
 221              		.loc 1 178 0 is_stmt 0 discriminator 1
 222 0074 7B69     		ldr	r3, [r7, #20]
 223 0076 012B     		cmp	r3, #1
 224 0078 CCD9     		bls	.L8
 188:Generated_Source\PSoC4/cyfitter_cfg.c **** 		}
 189:Generated_Source\PSoC4/cyfitter_cfg.c **** 	}
 190:Generated_Source\PSoC4/cyfitter_cfg.c **** }
 225              		.loc 1 190 0 is_stmt 1
 226 007a C046     		nop
 227 007c BD46     		mov	sp, r7
 228 007e 06B0     		add	sp, sp, #24
 229              		@ sp needed
 230 0080 80BD     		pop	{r7, pc}
 231              		.cfi_endproc
 232              	.LFE5:
 233              		.size	cfg_write_bytes32, .-cfg_write_bytes32
 234 0082 C046     		.section	.psocinit,"ax",%progbits
 235              		.align	2
 236              		.code	16
 237              		.thumb_func
 238              		.type	ClockSetup, %function
 239              	ClockSetup:
 240              	.LFB6:
 191:Generated_Source\PSoC4/cyfitter_cfg.c **** 
 192:Generated_Source\PSoC4/cyfitter_cfg.c **** 
 193:Generated_Source\PSoC4/cyfitter_cfg.c **** /*******************************************************************************
 194:Generated_Source\PSoC4/cyfitter_cfg.c **** * Function Name: ClockSetup
 195:Generated_Source\PSoC4/cyfitter_cfg.c **** ********************************************************************************
 196:Generated_Source\PSoC4/cyfitter_cfg.c **** *
 197:Generated_Source\PSoC4/cyfitter_cfg.c **** * Summary:
 198:Generated_Source\PSoC4/cyfitter_cfg.c **** *   Performs the initialization of all of the clocks in the device based on the
 199:Generated_Source\PSoC4/cyfitter_cfg.c **** *   settings in the Clock tab of the DWR.  This includes enabling the requested
 200:Generated_Source\PSoC4/cyfitter_cfg.c **** *   clocks and setting the necessary dividers to produce the desired frequency. 
 201:Generated_Source\PSoC4/cyfitter_cfg.c **** *
 202:Generated_Source\PSoC4/cyfitter_cfg.c **** * Parameters:
 203:Generated_Source\PSoC4/cyfitter_cfg.c **** *   void
 204:Generated_Source\PSoC4/cyfitter_cfg.c **** *
 205:Generated_Source\PSoC4/cyfitter_cfg.c **** * Return:
 206:Generated_Source\PSoC4/cyfitter_cfg.c **** *   void
 207:Generated_Source\PSoC4/cyfitter_cfg.c **** *
 208:Generated_Source\PSoC4/cyfitter_cfg.c **** *******************************************************************************/
 209:Generated_Source\PSoC4/cyfitter_cfg.c **** static void ClockSetup(void);
 210:Generated_Source\PSoC4/cyfitter_cfg.c **** CY_CFG_SECTION
 211:Generated_Source\PSoC4/cyfitter_cfg.c **** static void ClockSetup(void)
 212:Generated_Source\PSoC4/cyfitter_cfg.c **** {
 241              		.loc 1 212 0
ARM GAS  C:\Users\Admin\AppData\Local\Temp\cc3YxYUt.s 			page 9


 242              		.cfi_startproc
 243              		@ args = 0, pretend = 0, frame = 0
 244              		@ frame_needed = 1, uses_anonymous_args = 0
 245 0000 80B5     		push	{r7, lr}
 246              		.cfi_def_cfa_offset 8
 247              		.cfi_offset 7, -8
 248              		.cfi_offset 14, -4
 249 0002 00AF     		add	r7, sp, #0
 250              		.cfi_def_cfa_register 7
 213:Generated_Source\PSoC4/cyfitter_cfg.c **** 
 214:Generated_Source\PSoC4/cyfitter_cfg.c **** 	/* Set Flash Cycles based on max possible frequency in case a glitch occurs during ClockSetup(). *
 215:Generated_Source\PSoC4/cyfitter_cfg.c **** 	CY_SET_REG32((void CYXDATA *)(CYREG_CPUSS_FLASH_CTL), (0x0012u));
 251              		.loc 1 215 0
 252 0004 2C4B     		ldr	r3, .L10
 253 0006 1222     		movs	r2, #18
 254 0008 1A60     		str	r2, [r3]
 216:Generated_Source\PSoC4/cyfitter_cfg.c **** 
 217:Generated_Source\PSoC4/cyfitter_cfg.c **** 	/* Start the WCO */
 218:Generated_Source\PSoC4/cyfitter_cfg.c **** 	CySysClkWcoStart();
 255              		.loc 1 218 0
 256 000a FFF7FEFF 		bl	CySysClkWcoStart
 219:Generated_Source\PSoC4/cyfitter_cfg.c **** 	CyDelayCycles(12000000u); /* WCO may take up to 500ms to start */
 257              		.loc 1 219 0
 258 000e 2B4B     		ldr	r3, .L10+4
 259 0010 1800     		movs	r0, r3
 260 0012 FFF7FEFF 		bl	CyDelayCycles
 220:Generated_Source\PSoC4/cyfitter_cfg.c **** 	(void)CySysClkWcoSetPowerMode(CY_SYS_CLK_WCO_LPM);    /* Switch to the low power mode */
 261              		.loc 1 220 0
 262 0016 0120     		movs	r0, #1
 263 0018 FFF7FEFF 		bl	CySysClkWcoSetPowerMode
 221:Generated_Source\PSoC4/cyfitter_cfg.c **** 
 222:Generated_Source\PSoC4/cyfitter_cfg.c **** 	/* Setup and trim IMO based on desired frequency. */
 223:Generated_Source\PSoC4/cyfitter_cfg.c **** 	CySysClkWriteImoFreq(48u);
 264              		.loc 1 223 0
 265 001c 3020     		movs	r0, #48
 266 001e FFF7FEFF 		bl	CySysClkWriteImoFreq
 224:Generated_Source\PSoC4/cyfitter_cfg.c **** 	/* CYDEV_CLK_ILO_CONFIG Starting address: CYDEV_CLK_ILO_CONFIG */
 225:Generated_Source\PSoC4/cyfitter_cfg.c **** 	CY_SET_REG32((void *)(CYREG_CLK_ILO_CONFIG), 0x80000006u);
 267              		.loc 1 225 0
 268 0022 274B     		ldr	r3, .L10+8
 269 0024 274A     		ldr	r2, .L10+12
 270 0026 1A60     		str	r2, [r3]
 226:Generated_Source\PSoC4/cyfitter_cfg.c **** 
 227:Generated_Source\PSoC4/cyfitter_cfg.c **** 	/* CYDEV_WDT_CONFIG Starting address: CYDEV_WDT_CONFIG */
 228:Generated_Source\PSoC4/cyfitter_cfg.c **** 	CY_SET_REG32((void *)(CYREG_WDT_CONFIG), 0x40000000u);
 271              		.loc 1 228 0
 272 0028 274B     		ldr	r3, .L10+16
 273 002a 8022     		movs	r2, #128
 274 002c D205     		lsls	r2, r2, #23
 275 002e 1A60     		str	r2, [r3]
 229:Generated_Source\PSoC4/cyfitter_cfg.c **** 
 230:Generated_Source\PSoC4/cyfitter_cfg.c **** 
 231:Generated_Source\PSoC4/cyfitter_cfg.c **** 	/* Enable fast start mode for XO */
 232:Generated_Source\PSoC4/cyfitter_cfg.c **** 	CY_SET_REG32((void*)CYREG_BLE_BLERD_BB_XO, CY_GET_REG32((void*)CYREG_BLE_BLERD_BB_XO) | (uint32)0x
 276              		.loc 1 232 0
 277 0030 264B     		ldr	r3, .L10+20
 278 0032 264A     		ldr	r2, .L10+20
ARM GAS  C:\Users\Admin\AppData\Local\Temp\cc3YxYUt.s 			page 10


 279 0034 1268     		ldr	r2, [r2]
 280 0036 0221     		movs	r1, #2
 281 0038 0A43     		orrs	r2, r1
 282 003a 1A60     		str	r2, [r3]
 233:Generated_Source\PSoC4/cyfitter_cfg.c **** 	CY_SET_REG32((void *)(CYREG_BLE_BLERD_BB_XO_CAPTRIM), 0x0000BCBCu);
 283              		.loc 1 233 0
 284 003c 244B     		ldr	r3, .L10+24
 285 003e 254A     		ldr	r2, .L10+28
 286 0040 1A60     		str	r2, [r3]
 234:Generated_Source\PSoC4/cyfitter_cfg.c **** 	/*Set XTAL(ECO) divider*/
 235:Generated_Source\PSoC4/cyfitter_cfg.c **** 	CY_SET_REG32((void *)(CYREG_BLE_BLESS_XTAL_CLK_DIV_CONFIG), 0x00000000u);
 287              		.loc 1 235 0
 288 0042 254B     		ldr	r3, .L10+32
 289 0044 0022     		movs	r2, #0
 290 0046 1A60     		str	r2, [r3]
 236:Generated_Source\PSoC4/cyfitter_cfg.c **** 	/* Disable Crystal Stable Interrupt before enabling ECO */
 237:Generated_Source\PSoC4/cyfitter_cfg.c **** 	CY_SET_REG32((void*)CYREG_BLE_BLESS_LL_DSM_CTRL, CY_GET_REG32((void*)CYREG_BLE_BLESS_LL_DSM_CTRL) 
 291              		.loc 1 237 0
 292 0048 244B     		ldr	r3, .L10+36
 293 004a 244A     		ldr	r2, .L10+36
 294 004c 1268     		ldr	r2, [r2]
 295 004e 0821     		movs	r1, #8
 296 0050 8A43     		bics	r2, r1
 297 0052 1A60     		str	r2, [r3]
 238:Generated_Source\PSoC4/cyfitter_cfg.c **** 	/* Start the ECO and do not check status since it is not needed for HFCLK */
 239:Generated_Source\PSoC4/cyfitter_cfg.c **** 	(void)CySysClkEcoStart(2000u);
 298              		.loc 1 239 0
 299 0054 FA23     		movs	r3, #250
 300 0056 DB00     		lsls	r3, r3, #3
 301 0058 1800     		movs	r0, r3
 302 005a FFF7FEFF 		bl	CySysClkEcoStart
 240:Generated_Source\PSoC4/cyfitter_cfg.c **** 	CyDelayUs(1500u); /* Wait to stabilize */
 303              		.loc 1 240 0
 304 005e 204B     		ldr	r3, .L10+40
 305 0060 1800     		movs	r0, r3
 306 0062 FFF7FEFF 		bl	CyDelayUs
 241:Generated_Source\PSoC4/cyfitter_cfg.c **** 
 242:Generated_Source\PSoC4/cyfitter_cfg.c **** 	/* Setup phase aligned clocks */
 243:Generated_Source\PSoC4/cyfitter_cfg.c **** 	CY_SET_REG32((void *)CYREG_PERI_DIV_16_CTL1, 0x0012BF00u);
 307              		.loc 1 243 0
 308 0066 1F4B     		ldr	r3, .L10+44
 309 0068 1F4A     		ldr	r2, .L10+48
 310 006a 1A60     		str	r2, [r3]
 244:Generated_Source\PSoC4/cyfitter_cfg.c **** 	CY_SET_REG32((void *)CYREG_PERI_DIV_CMD, 0x8000FF41u);
 311              		.loc 1 244 0
 312 006c 1F4B     		ldr	r3, .L10+52
 313 006e 204A     		ldr	r2, .L10+56
 314 0070 1A60     		str	r2, [r3]
 245:Generated_Source\PSoC4/cyfitter_cfg.c **** 	CY_SET_REG32((void *)CYREG_PERI_DIV_16_CTL0, 0x0012BF00u);
 315              		.loc 1 245 0
 316 0072 204B     		ldr	r3, .L10+60
 317 0074 1C4A     		ldr	r2, .L10+48
 318 0076 1A60     		str	r2, [r3]
 246:Generated_Source\PSoC4/cyfitter_cfg.c **** 	CY_SET_REG32((void *)CYREG_PERI_DIV_CMD, 0x8000FF40u);
 319              		.loc 1 246 0
 320 0078 1C4B     		ldr	r3, .L10+52
 321 007a 1F4A     		ldr	r2, .L10+64
ARM GAS  C:\Users\Admin\AppData\Local\Temp\cc3YxYUt.s 			page 11


 322 007c 1A60     		str	r2, [r3]
 247:Generated_Source\PSoC4/cyfitter_cfg.c **** 
 248:Generated_Source\PSoC4/cyfitter_cfg.c **** 	/* CYDEV_CLK_IMO_CONFIG Starting address: CYDEV_CLK_IMO_CONFIG */
 249:Generated_Source\PSoC4/cyfitter_cfg.c **** 	CY_SET_REG32((void *)(CYREG_CLK_IMO_CONFIG), 0x80000000u);
 323              		.loc 1 249 0
 324 007e 1F4B     		ldr	r3, .L10+68
 325 0080 8022     		movs	r2, #128
 326 0082 1206     		lsls	r2, r2, #24
 327 0084 1A60     		str	r2, [r3]
 250:Generated_Source\PSoC4/cyfitter_cfg.c **** 
 251:Generated_Source\PSoC4/cyfitter_cfg.c **** 	/* CYDEV_CLK_SELECT Starting address: CYDEV_CLK_SELECT */
 252:Generated_Source\PSoC4/cyfitter_cfg.c **** 	CY_SET_REG32((void *)(CYREG_CLK_SELECT), 0x00040000u);
 328              		.loc 1 252 0
 329 0086 1E4B     		ldr	r3, .L10+72
 330 0088 8022     		movs	r2, #128
 331 008a D202     		lsls	r2, r2, #11
 332 008c 1A60     		str	r2, [r3]
 253:Generated_Source\PSoC4/cyfitter_cfg.c **** 
 254:Generated_Source\PSoC4/cyfitter_cfg.c **** 	/* CYDEV_PERI_PCLK_CTL10 Starting address: CYDEV_PERI_PCLK_CTL10 */
 255:Generated_Source\PSoC4/cyfitter_cfg.c **** 	CY_SET_REG32((void *)(CYREG_PERI_PCLK_CTL10), 0x00000041u);
 333              		.loc 1 255 0
 334 008e 1D4B     		ldr	r3, .L10+76
 335 0090 4122     		movs	r2, #65
 336 0092 1A60     		str	r2, [r3]
 256:Generated_Source\PSoC4/cyfitter_cfg.c **** 
 257:Generated_Source\PSoC4/cyfitter_cfg.c **** 	/* CYDEV_PERI_PCLK_CTL7 Starting address: CYDEV_PERI_PCLK_CTL7 */
 258:Generated_Source\PSoC4/cyfitter_cfg.c **** 	CY_SET_REG32((void *)(CYREG_PERI_PCLK_CTL7), 0x00000040u);
 337              		.loc 1 258 0
 338 0094 1C4B     		ldr	r3, .L10+80
 339 0096 4022     		movs	r2, #64
 340 0098 1A60     		str	r2, [r3]
 259:Generated_Source\PSoC4/cyfitter_cfg.c **** 
 260:Generated_Source\PSoC4/cyfitter_cfg.c **** 	(void)CyIntSetVector(8u, &CySysWdtIsr);
 341              		.loc 1 260 0
 342 009a 1C4B     		ldr	r3, .L10+84
 343 009c 1900     		movs	r1, r3
 344 009e 0820     		movs	r0, #8
 345 00a0 FFF7FEFF 		bl	CyIntSetVector
 261:Generated_Source\PSoC4/cyfitter_cfg.c **** 	CyIntEnable(8u);
 346              		.loc 1 261 0
 347 00a4 0820     		movs	r0, #8
 348 00a6 FFF7FEFF 		bl	CyIntEnable
 262:Generated_Source\PSoC4/cyfitter_cfg.c **** 	CY_SET_REG32((void *)(CYREG_WDT_CONFIG), 0x40000000u);
 349              		.loc 1 262 0
 350 00aa 074B     		ldr	r3, .L10+16
 351 00ac 8022     		movs	r2, #128
 352 00ae D205     		lsls	r2, r2, #23
 353 00b0 1A60     		str	r2, [r3]
 263:Generated_Source\PSoC4/cyfitter_cfg.c **** }
 354              		.loc 1 263 0
 355 00b2 C046     		nop
 356 00b4 BD46     		mov	sp, r7
 357              		@ sp needed
 358 00b6 80BD     		pop	{r7, pc}
 359              	.L11:
 360              		.align	2
 361              	.L10:
ARM GAS  C:\Users\Admin\AppData\Local\Temp\cc3YxYUt.s 			page 12


 362 00b8 30001040 		.word	1074790448
 363 00bc 001BB700 		.word	12000000
 364 00c0 04010B40 		.word	1074462980
 365 00c4 06000080 		.word	-2147483642
 366 00c8 0C020B40 		.word	1074463244
 367 00cc 78002E40 		.word	1076756600
 368 00d0 7C002E40 		.word	1076756604
 369 00d4 BCBC0000 		.word	48316
 370 00d8 64F02E40 		.word	1076818020
 371 00dc 6CF02E40 		.word	1076818028
 372 00e0 DC050000 		.word	1500
 373 00e4 04030140 		.word	1073808132
 374 00e8 00BF1200 		.word	1228544
 375 00ec 00000140 		.word	1073807360
 376 00f0 41FF0080 		.word	-2147418303
 377 00f4 00030140 		.word	1073808128
 378 00f8 40FF0080 		.word	-2147418304
 379 00fc 08010B40 		.word	1074462984
 380 0100 00010B40 		.word	1074462976
 381 0104 28010140 		.word	1073807656
 382 0108 1C010140 		.word	1073807644
 383 010c 00000000 		.word	CySysWdtIsr
 384              		.cfi_endproc
 385              	.LFE6:
 386              		.size	ClockSetup, .-ClockSetup
 387              		.section	.text.AnalogSetDefault,"ax",%progbits
 388              		.align	2
 389              		.code	16
 390              		.thumb_func
 391              		.type	AnalogSetDefault, %function
 392              	AnalogSetDefault:
 393              	.LFB7:
 264:Generated_Source\PSoC4/cyfitter_cfg.c **** 
 265:Generated_Source\PSoC4/cyfitter_cfg.c **** 
 266:Generated_Source\PSoC4/cyfitter_cfg.c **** /* Analog API Functions */
 267:Generated_Source\PSoC4/cyfitter_cfg.c **** 
 268:Generated_Source\PSoC4/cyfitter_cfg.c **** 
 269:Generated_Source\PSoC4/cyfitter_cfg.c **** /*******************************************************************************
 270:Generated_Source\PSoC4/cyfitter_cfg.c **** * Function Name: AnalogSetDefault
 271:Generated_Source\PSoC4/cyfitter_cfg.c **** ********************************************************************************
 272:Generated_Source\PSoC4/cyfitter_cfg.c **** *
 273:Generated_Source\PSoC4/cyfitter_cfg.c **** * Summary:
 274:Generated_Source\PSoC4/cyfitter_cfg.c **** *  Sets up the analog portions of the chip to default values based on chip
 275:Generated_Source\PSoC4/cyfitter_cfg.c **** *  configuration options from the project.
 276:Generated_Source\PSoC4/cyfitter_cfg.c **** *
 277:Generated_Source\PSoC4/cyfitter_cfg.c **** * Parameters:
 278:Generated_Source\PSoC4/cyfitter_cfg.c **** *  void
 279:Generated_Source\PSoC4/cyfitter_cfg.c **** *
 280:Generated_Source\PSoC4/cyfitter_cfg.c **** * Return:
 281:Generated_Source\PSoC4/cyfitter_cfg.c **** *  void
 282:Generated_Source\PSoC4/cyfitter_cfg.c **** *
 283:Generated_Source\PSoC4/cyfitter_cfg.c **** *******************************************************************************/
 284:Generated_Source\PSoC4/cyfitter_cfg.c **** static void AnalogSetDefault(void);
 285:Generated_Source\PSoC4/cyfitter_cfg.c **** static void AnalogSetDefault(void)
 286:Generated_Source\PSoC4/cyfitter_cfg.c **** {
 394              		.loc 1 286 0
 395              		.cfi_startproc
ARM GAS  C:\Users\Admin\AppData\Local\Temp\cc3YxYUt.s 			page 13


 396              		@ args = 0, pretend = 0, frame = 0
 397              		@ frame_needed = 1, uses_anonymous_args = 0
 398 0000 80B5     		push	{r7, lr}
 399              		.cfi_def_cfa_offset 8
 400              		.cfi_offset 7, -8
 401              		.cfi_offset 14, -4
 402 0002 00AF     		add	r7, sp, #0
 403              		.cfi_def_cfa_register 7
 287:Generated_Source\PSoC4/cyfitter_cfg.c **** 	CY_SET_XTND_REG32((void CYFAR *)CYREG_CTBM0_DFT_CTRL, 0x00000003u);
 404              		.loc 1 287 0
 405 0004 054B     		ldr	r3, .L13
 406 0006 0322     		movs	r2, #3
 407 0008 1A60     		str	r2, [r3]
 288:Generated_Source\PSoC4/cyfitter_cfg.c **** 	CY_SET_XTND_REG32((void CYFAR *)CYREG_CTBM1_DFT_CTRL, 0x00000003u);
 408              		.loc 1 288 0
 409 000a 054B     		ldr	r3, .L13+4
 410 000c 0322     		movs	r2, #3
 411 000e 1A60     		str	r2, [r3]
 289:Generated_Source\PSoC4/cyfitter_cfg.c **** 	CY_SET_XTND_REG32((void CYFAR *)CYREG_PASS_DSAB_DSAB_CTRL, 0x00000000u);
 412              		.loc 1 289 0
 413 0010 044B     		ldr	r3, .L13+8
 414 0012 0022     		movs	r2, #0
 415 0014 1A60     		str	r2, [r3]
 290:Generated_Source\PSoC4/cyfitter_cfg.c **** }
 416              		.loc 1 290 0
 417 0016 C046     		nop
 418 0018 BD46     		mov	sp, r7
 419              		@ sp needed
 420 001a 80BD     		pop	{r7, pc}
 421              	.L14:
 422              		.align	2
 423              	.L13:
 424 001c 30003040 		.word	1076887600
 425 0020 30003140 		.word	1076953136
 426 0024 000E3F40 		.word	1077874176
 427              		.cfi_endproc
 428              	.LFE7:
 429              		.size	AnalogSetDefault, .-AnalogSetDefault
 430              		.section	.psocinit
 431              		.align	2
 432              		.global	cyfitter_cfg
 433              		.code	16
 434              		.thumb_func
 435              		.type	cyfitter_cfg, %function
 436              	cyfitter_cfg:
 437              	.LFB8:
 291:Generated_Source\PSoC4/cyfitter_cfg.c **** 
 292:Generated_Source\PSoC4/cyfitter_cfg.c **** 
 293:Generated_Source\PSoC4/cyfitter_cfg.c **** 
 294:Generated_Source\PSoC4/cyfitter_cfg.c **** 
 295:Generated_Source\PSoC4/cyfitter_cfg.c **** /*******************************************************************************
 296:Generated_Source\PSoC4/cyfitter_cfg.c **** * Function Name: cyfitter_cfg
 297:Generated_Source\PSoC4/cyfitter_cfg.c **** ********************************************************************************
 298:Generated_Source\PSoC4/cyfitter_cfg.c **** * Summary:
 299:Generated_Source\PSoC4/cyfitter_cfg.c **** *  This function is called by the start-up code for the selected device. It
 300:Generated_Source\PSoC4/cyfitter_cfg.c **** *  performs all of the necessary device configuration based on the design
 301:Generated_Source\PSoC4/cyfitter_cfg.c **** *  settings.  This includes settings from the Design Wide Resources (DWR) such
ARM GAS  C:\Users\Admin\AppData\Local\Temp\cc3YxYUt.s 			page 14


 302:Generated_Source\PSoC4/cyfitter_cfg.c **** *  as Clocks and Pins as well as any component configuration that is necessary.
 303:Generated_Source\PSoC4/cyfitter_cfg.c **** *
 304:Generated_Source\PSoC4/cyfitter_cfg.c **** * Parameters:
 305:Generated_Source\PSoC4/cyfitter_cfg.c **** *   void
 306:Generated_Source\PSoC4/cyfitter_cfg.c **** *
 307:Generated_Source\PSoC4/cyfitter_cfg.c **** * Return:
 308:Generated_Source\PSoC4/cyfitter_cfg.c **** *   void
 309:Generated_Source\PSoC4/cyfitter_cfg.c **** *
 310:Generated_Source\PSoC4/cyfitter_cfg.c **** *******************************************************************************/
 311:Generated_Source\PSoC4/cyfitter_cfg.c **** CY_CFG_SECTION
 312:Generated_Source\PSoC4/cyfitter_cfg.c **** void cyfitter_cfg(void)
 313:Generated_Source\PSoC4/cyfitter_cfg.c **** {
 438              		.loc 1 313 0
 439              		.cfi_startproc
 440              		@ args = 0, pretend = 0, frame = 8
 441              		@ frame_needed = 1, uses_anonymous_args = 0
 442 0110 80B5     		push	{r7, lr}
 443              		.cfi_def_cfa_offset 8
 444              		.cfi_offset 7, -8
 445              		.cfi_offset 14, -4
 446 0112 82B0     		sub	sp, sp, #8
 447              		.cfi_def_cfa_offset 16
 448 0114 00AF     		add	r7, sp, #0
 449              		.cfi_def_cfa_register 7
 314:Generated_Source\PSoC4/cyfitter_cfg.c **** 	/* Disable interrupts by default. Let user enable if/when they want. */
 315:Generated_Source\PSoC4/cyfitter_cfg.c **** 	CyGlobalIntDisable;
 450              		.loc 1 315 0
 451              		.syntax divided
 452              	@ 315 "Generated_Source\PSoC4\cyfitter_cfg.c" 1
 453 0116 72B6     		CPSID   i
 454              	@ 0 "" 2
 316:Generated_Source\PSoC4/cyfitter_cfg.c **** 
 317:Generated_Source\PSoC4/cyfitter_cfg.c **** 	CY_SET_REG32((void *)(CYREG_BLE_BLESS_LL_DSM_CTRL), 0x00000000u);
 455              		.loc 1 317 0
 456              		.thumb
 457              		.syntax unified
 458 0118 364B     		ldr	r3, .L18
 459 011a 0022     		movs	r2, #0
 460 011c 1A60     		str	r2, [r3]
 461              	.LBB3:
 318:Generated_Source\PSoC4/cyfitter_cfg.c **** 
 319:Generated_Source\PSoC4/cyfitter_cfg.c **** 	{
 320:Generated_Source\PSoC4/cyfitter_cfg.c **** 		static const uint32 CYCODE cy_cfg_addr_table[] = {
 321:Generated_Source\PSoC4/cyfitter_cfg.c **** 			0x400F4202u, /* Base address: 0x400F4200 Count: 2 */
 322:Generated_Source\PSoC4/cyfitter_cfg.c **** 			0x400F4303u, /* Base address: 0x400F4300 Count: 3 */
 323:Generated_Source\PSoC4/cyfitter_cfg.c **** 		};
 324:Generated_Source\PSoC4/cyfitter_cfg.c **** 
 325:Generated_Source\PSoC4/cyfitter_cfg.c **** 		static const cy_cfg_addrvalue_t CYCODE cy_cfg_data_table[] = {
 326:Generated_Source\PSoC4/cyfitter_cfg.c **** 			{0x10u, 0x10u},
 327:Generated_Source\PSoC4/cyfitter_cfg.c **** 			{0xC4u, 0x08u},
 328:Generated_Source\PSoC4/cyfitter_cfg.c **** 			{0x64u, 0x10u},
 329:Generated_Source\PSoC4/cyfitter_cfg.c **** 			{0x98u, 0x10u},
 330:Generated_Source\PSoC4/cyfitter_cfg.c **** 			{0xD8u, 0x01u},
 331:Generated_Source\PSoC4/cyfitter_cfg.c **** 		};
 332:Generated_Source\PSoC4/cyfitter_cfg.c **** 
 333:Generated_Source\PSoC4/cyfitter_cfg.c **** 
 334:Generated_Source\PSoC4/cyfitter_cfg.c **** 
ARM GAS  C:\Users\Admin\AppData\Local\Temp\cc3YxYUt.s 			page 15


 335:Generated_Source\PSoC4/cyfitter_cfg.c **** 		CYPACKED typedef struct {
 336:Generated_Source\PSoC4/cyfitter_cfg.c **** 			void CYFAR *address;
 337:Generated_Source\PSoC4/cyfitter_cfg.c **** 			uint16 size;
 338:Generated_Source\PSoC4/cyfitter_cfg.c **** 		} CYPACKED_ATTR cfg_memset_t;
 339:Generated_Source\PSoC4/cyfitter_cfg.c **** 
 340:Generated_Source\PSoC4/cyfitter_cfg.c **** 		static const cfg_memset_t CYCODE cfg_memset_list[] = {
 341:Generated_Source\PSoC4/cyfitter_cfg.c **** 			/* address, size */
 342:Generated_Source\PSoC4/cyfitter_cfg.c **** 			{(void CYFAR *)(CYDEV_UDB_P0_U0_BASE), 1024u},
 343:Generated_Source\PSoC4/cyfitter_cfg.c **** 			{(void CYFAR *)(CYDEV_UDB_DSI0_BASE), 1024u},
 344:Generated_Source\PSoC4/cyfitter_cfg.c **** 		};
 345:Generated_Source\PSoC4/cyfitter_cfg.c **** 
 346:Generated_Source\PSoC4/cyfitter_cfg.c **** 		uint8 CYDATA i;
 347:Generated_Source\PSoC4/cyfitter_cfg.c **** 
 348:Generated_Source\PSoC4/cyfitter_cfg.c **** 		/* Zero out critical memory blocks before beginning configuration */
 349:Generated_Source\PSoC4/cyfitter_cfg.c **** 		for (i = 0u; i < (sizeof(cfg_memset_list)/sizeof(cfg_memset_list[0])); i++)
 462              		.loc 1 349 0
 463 011e FB1D     		adds	r3, r7, #7
 464 0120 0022     		movs	r2, #0
 465 0122 1A70     		strb	r2, [r3]
 466 0124 22E0     		b	.L16
 467              	.L17:
 468              	.LBB4:
 350:Generated_Source\PSoC4/cyfitter_cfg.c **** 		{
 351:Generated_Source\PSoC4/cyfitter_cfg.c **** 			const cfg_memset_t CYCODE * CYDATA ms = &cfg_memset_list[i];
 469              		.loc 1 351 0 discriminator 3
 470 0126 FB1D     		adds	r3, r7, #7
 471 0128 1A78     		ldrb	r2, [r3]
 472 012a 1300     		movs	r3, r2
 473 012c 5B00     		lsls	r3, r3, #1
 474 012e 9B18     		adds	r3, r3, r2
 475 0130 5B00     		lsls	r3, r3, #1
 476 0132 314A     		ldr	r2, .L18+4
 477 0134 9B18     		adds	r3, r3, r2
 478 0136 3B60     		str	r3, [r7]
 352:Generated_Source\PSoC4/cyfitter_cfg.c **** 			CYMEMZERO(ms->address, (size_t)(uint32)(ms->size));
 479              		.loc 1 352 0 discriminator 3
 480 0138 3B68     		ldr	r3, [r7]
 481 013a 1A78     		ldrb	r2, [r3]
 482 013c 5978     		ldrb	r1, [r3, #1]
 483 013e 0902     		lsls	r1, r1, #8
 484 0140 0A43     		orrs	r2, r1
 485 0142 9978     		ldrb	r1, [r3, #2]
 486 0144 0904     		lsls	r1, r1, #16
 487 0146 0A43     		orrs	r2, r1
 488 0148 DB78     		ldrb	r3, [r3, #3]
 489 014a 1B06     		lsls	r3, r3, #24
 490 014c 1343     		orrs	r3, r2
 491 014e 1800     		movs	r0, r3
 492 0150 3B68     		ldr	r3, [r7]
 493 0152 1A79     		ldrb	r2, [r3, #4]
 494 0154 5B79     		ldrb	r3, [r3, #5]
 495 0156 1B02     		lsls	r3, r3, #8
 496 0158 1343     		orrs	r3, r2
 497 015a 9BB2     		uxth	r3, r3
 498 015c 1900     		movs	r1, r3
 499 015e FFF7FEFF 		bl	CYMEMZERO
 500              	.LBE4:
ARM GAS  C:\Users\Admin\AppData\Local\Temp\cc3YxYUt.s 			page 16


 349:Generated_Source\PSoC4/cyfitter_cfg.c **** 		{
 501              		.loc 1 349 0 discriminator 3
 502 0162 FB1D     		adds	r3, r7, #7
 503 0164 1A78     		ldrb	r2, [r3]
 504 0166 FB1D     		adds	r3, r7, #7
 505 0168 0132     		adds	r2, r2, #1
 506 016a 1A70     		strb	r2, [r3]
 507              	.L16:
 349:Generated_Source\PSoC4/cyfitter_cfg.c **** 		{
 508              		.loc 1 349 0 is_stmt 0 discriminator 1
 509 016c FB1D     		adds	r3, r7, #7
 510 016e 1B78     		ldrb	r3, [r3]
 511 0170 012B     		cmp	r3, #1
 512 0172 D8D9     		bls	.L17
 353:Generated_Source\PSoC4/cyfitter_cfg.c **** 		}
 354:Generated_Source\PSoC4/cyfitter_cfg.c **** 
 355:Generated_Source\PSoC4/cyfitter_cfg.c **** 		cfg_write_bytes32(cy_cfg_addr_table, cy_cfg_data_table);
 513              		.loc 1 355 0 is_stmt 1
 514 0174 214A     		ldr	r2, .L18+8
 515 0176 224B     		ldr	r3, .L18+12
 516 0178 1100     		movs	r1, r2
 517 017a 1800     		movs	r0, r3
 518 017c FFF7FEFF 		bl	cfg_write_bytes32
 356:Generated_Source\PSoC4/cyfitter_cfg.c **** 
 357:Generated_Source\PSoC4/cyfitter_cfg.c **** 		/* HSIOM Starting address: CYDEV_HSIOM_BASE */
 358:Generated_Source\PSoC4/cyfitter_cfg.c **** 		CY_SET_REG32((void *)(CYDEV_HSIOM_BASE), 0xEE000000u);
 519              		.loc 1 358 0
 520 0180 204B     		ldr	r3, .L18+16
 521 0182 EE22     		movs	r2, #238
 522 0184 1206     		lsls	r2, r2, #24
 523 0186 1A60     		str	r2, [r3]
 359:Generated_Source\PSoC4/cyfitter_cfg.c **** 		CY_SET_REG32((void *)(CYREG_HSIOM_PORT_SEL3), 0x38000000u);
 524              		.loc 1 359 0
 525 0188 1F4B     		ldr	r3, .L18+20
 526 018a E022     		movs	r2, #224
 527 018c 9205     		lsls	r2, r2, #22
 528 018e 1A60     		str	r2, [r3]
 360:Generated_Source\PSoC4/cyfitter_cfg.c **** 
 361:Generated_Source\PSoC4/cyfitter_cfg.c **** 		/* UDB_PA_0 Starting address: CYDEV_UDB_PA0_BASE */
 362:Generated_Source\PSoC4/cyfitter_cfg.c **** 		CY_SET_REG32((void *)(CYDEV_UDB_PA0_BASE), 0x00990000u);
 529              		.loc 1 362 0
 530 0190 1E4B     		ldr	r3, .L18+24
 531 0192 9922     		movs	r2, #153
 532 0194 1204     		lsls	r2, r2, #16
 533 0196 1A60     		str	r2, [r3]
 363:Generated_Source\PSoC4/cyfitter_cfg.c **** 
 364:Generated_Source\PSoC4/cyfitter_cfg.c **** 		/* UDB_PA_2 Starting address: CYDEV_UDB_PA2_BASE */
 365:Generated_Source\PSoC4/cyfitter_cfg.c **** 		CY_SET_REG32((void *)(CYDEV_UDB_PA2_BASE), 0x00990000u);
 534              		.loc 1 365 0
 535 0198 1D4B     		ldr	r3, .L18+28
 536 019a 9922     		movs	r2, #153
 537 019c 1204     		lsls	r2, r2, #16
 538 019e 1A60     		str	r2, [r3]
 366:Generated_Source\PSoC4/cyfitter_cfg.c **** 
 367:Generated_Source\PSoC4/cyfitter_cfg.c **** 		/* UDB_PA_3 Starting address: CYDEV_UDB_PA3_BASE */
 368:Generated_Source\PSoC4/cyfitter_cfg.c **** 		CY_SET_REG32((void *)(CYDEV_UDB_PA3_BASE), 0x00990000u);
 539              		.loc 1 368 0
ARM GAS  C:\Users\Admin\AppData\Local\Temp\cc3YxYUt.s 			page 17


 540 01a0 1C4B     		ldr	r3, .L18+32
 541 01a2 9922     		movs	r2, #153
 542 01a4 1204     		lsls	r2, r2, #16
 543 01a6 1A60     		str	r2, [r3]
 369:Generated_Source\PSoC4/cyfitter_cfg.c **** 		CY_SET_REG32((void *)(CYREG_UDB_PA3_CFG8), 0xC0000000u);
 544              		.loc 1 369 0
 545 01a8 1B4B     		ldr	r3, .L18+36
 546 01aa C022     		movs	r2, #192
 547 01ac 1206     		lsls	r2, r2, #24
 548 01ae 1A60     		str	r2, [r3]
 370:Generated_Source\PSoC4/cyfitter_cfg.c **** 
 371:Generated_Source\PSoC4/cyfitter_cfg.c **** 		/* Enable digital routing */
 372:Generated_Source\PSoC4/cyfitter_cfg.c **** 		CY_SET_XTND_REG8((void *)CYREG_UDB_UDBIF_BANK_CTL, (uint8)(CY_GET_XTND_REG8((void *)CYREG_UDB_UDB
 549              		.loc 1 372 0
 550 01b0 1A4A     		ldr	r2, .L18+40
 551 01b2 1A4B     		ldr	r3, .L18+40
 552 01b4 1B78     		ldrb	r3, [r3]
 553 01b6 DBB2     		uxtb	r3, r3
 554 01b8 0621     		movs	r1, #6
 555 01ba 0B43     		orrs	r3, r1
 556 01bc DBB2     		uxtb	r3, r3
 557 01be 1370     		strb	r3, [r2]
 558              	.LBE3:
 373:Generated_Source\PSoC4/cyfitter_cfg.c **** 	}
 374:Generated_Source\PSoC4/cyfitter_cfg.c **** 
 375:Generated_Source\PSoC4/cyfitter_cfg.c **** 	/* Perform second pass device configuration. These items must be configured in specific order afte
 376:Generated_Source\PSoC4/cyfitter_cfg.c **** 	/* IOPINS0_0 Starting address: CYDEV_GPIO_PRT0_BASE */
 377:Generated_Source\PSoC4/cyfitter_cfg.c **** 	CY_SET_REG32((void *)(CYREG_GPIO_PRT0_PC), 0x00D80000u);
 559              		.loc 1 377 0
 560 01c0 174B     		ldr	r3, .L18+44
 561 01c2 D822     		movs	r2, #216
 562 01c4 1204     		lsls	r2, r2, #16
 563 01c6 1A60     		str	r2, [r3]
 378:Generated_Source\PSoC4/cyfitter_cfg.c **** 
 379:Generated_Source\PSoC4/cyfitter_cfg.c **** 	/* IOPINS0_2 Starting address: CYDEV_GPIO_PRT2_BASE */
 380:Generated_Source\PSoC4/cyfitter_cfg.c **** 	CY_SET_REG32((void *)(CYDEV_GPIO_PRT2_BASE), 0x00000040u);
 564              		.loc 1 380 0
 565 01c8 164B     		ldr	r3, .L18+48
 566 01ca 4022     		movs	r2, #64
 567 01cc 1A60     		str	r2, [r3]
 381:Generated_Source\PSoC4/cyfitter_cfg.c **** 	CY_SET_REG32((void *)(CYREG_GPIO_PRT2_PC), 0x00180000u);
 568              		.loc 1 381 0
 569 01ce 164B     		ldr	r3, .L18+52
 570 01d0 C022     		movs	r2, #192
 571 01d2 5203     		lsls	r2, r2, #13
 572 01d4 1A60     		str	r2, [r3]
 382:Generated_Source\PSoC4/cyfitter_cfg.c **** 
 383:Generated_Source\PSoC4/cyfitter_cfg.c **** 	/* IOPINS0_3 Starting address: CYDEV_GPIO_PRT3_BASE */
 384:Generated_Source\PSoC4/cyfitter_cfg.c **** 	CY_SET_REG32((void *)(CYDEV_GPIO_PRT3_BASE), 0x000000C0u);
 573              		.loc 1 384 0
 574 01d6 154B     		ldr	r3, .L18+56
 575 01d8 C022     		movs	r2, #192
 576 01da 1A60     		str	r2, [r3]
 385:Generated_Source\PSoC4/cyfitter_cfg.c **** 	CY_SET_REG32((void *)(CYREG_GPIO_PRT3_PC), 0x00D80000u);
 577              		.loc 1 385 0
 578 01dc 144B     		ldr	r3, .L18+60
 579 01de D822     		movs	r2, #216
ARM GAS  C:\Users\Admin\AppData\Local\Temp\cc3YxYUt.s 			page 18


 580 01e0 1204     		lsls	r2, r2, #16
 581 01e2 1A60     		str	r2, [r3]
 386:Generated_Source\PSoC4/cyfitter_cfg.c **** 
 387:Generated_Source\PSoC4/cyfitter_cfg.c **** 
 388:Generated_Source\PSoC4/cyfitter_cfg.c **** 	/* Setup clocks based on selections from Clock DWR */
 389:Generated_Source\PSoC4/cyfitter_cfg.c **** 	ClockSetup();
 582              		.loc 1 389 0
 583 01e4 FFF70CFF 		bl	ClockSetup
 390:Generated_Source\PSoC4/cyfitter_cfg.c **** 
 391:Generated_Source\PSoC4/cyfitter_cfg.c **** 	/* Perform basic analog initialization to defaults */
 392:Generated_Source\PSoC4/cyfitter_cfg.c **** 	AnalogSetDefault();
 584              		.loc 1 392 0
 585 01e8 FFF7FEFF 		bl	AnalogSetDefault
 393:Generated_Source\PSoC4/cyfitter_cfg.c **** 
 394:Generated_Source\PSoC4/cyfitter_cfg.c **** }
 586              		.loc 1 394 0
 587 01ec C046     		nop
 588 01ee BD46     		mov	sp, r7
 589 01f0 02B0     		add	sp, sp, #8
 590              		@ sp needed
 591 01f2 80BD     		pop	{r7, pc}
 592              	.L19:
 593              		.align	2
 594              	.L18:
 595 01f4 6CF02E40 		.word	1076818028
 596 01f8 00000000 		.word	cfg_memset_list.4916
 597 01fc 14000000 		.word	cy_cfg_data_table.4911
 598 0200 0C000000 		.word	cy_cfg_addr_table.4910
 599 0204 00000240 		.word	1073872896
 600 0208 00030240 		.word	1073873664
 601 020c 00500F40 		.word	1074745344
 602 0210 20500F40 		.word	1074745376
 603 0214 30500F40 		.word	1074745392
 604 0218 38500F40 		.word	1074745400
 605 021c 00700F40 		.word	1074753536
 606 0220 08000440 		.word	1074003976
 607 0224 00020440 		.word	1074004480
 608 0228 08020440 		.word	1074004488
 609 022c 00030440 		.word	1074004736
 610 0230 08030440 		.word	1074004744
 611              		.cfi_endproc
 612              	.LFE8:
 613              		.size	cyfitter_cfg, .-cyfitter_cfg
 614              		.section	.rodata
 615              		.align	2
 616              		.type	cfg_memset_list.4916, %object
 617              		.size	cfg_memset_list.4916, 12
 618              	cfg_memset_list.4916:
 619 0000 00300F40 		.word	1074737152
 620 0004 0004     		.short	1024
 621 0006 00400F40 		.4byte	1074741248
 622 000a 0004     		.short	1024
 623              		.align	2
 624              		.type	cy_cfg_addr_table.4910, %object
 625              		.size	cy_cfg_addr_table.4910, 8
 626              	cy_cfg_addr_table.4910:
 627 000c 02420F40 		.word	1074741762
ARM GAS  C:\Users\Admin\AppData\Local\Temp\cc3YxYUt.s 			page 19


 628 0010 03430F40 		.word	1074742019
 629              		.align	2
 630              		.type	cy_cfg_data_table.4911, %object
 631              		.size	cy_cfg_data_table.4911, 10
 632              	cy_cfg_data_table.4911:
 633 0014 10       		.byte	16
 634 0015 10       		.byte	16
 635 0016 C4       		.byte	-60
 636 0017 08       		.byte	8
 637 0018 64       		.byte	100
 638 0019 10       		.byte	16
 639 001a 98       		.byte	-104
 640 001b 10       		.byte	16
 641 001c D8       		.byte	-40
 642 001d 01       		.byte	1
 643              		.text
 644              	.Letext0:
 645              		.file 2 "c:\\program files (x86)\\cypress\\psoc creator\\4.4\\psoc creator\\import\\gnu\\arm\\5.4.
 646              		.file 3 "Generated_Source\\PSoC4\\cytypes.h"
 647              		.section	.debug_info,"",%progbits
 648              	.Ldebug_info0:
 649 0000 5A030000 		.4byte	0x35a
 650 0004 0400     		.2byte	0x4
 651 0006 00000000 		.4byte	.Ldebug_abbrev0
 652 000a 04       		.byte	0x4
 653 000b 01       		.uleb128 0x1
 654 000c A0000000 		.4byte	.LASF40
 655 0010 0C       		.byte	0xc
 656 0011 65020000 		.4byte	.LASF41
 657 0015 86010000 		.4byte	.LASF42
 658 0019 00000000 		.4byte	.Ldebug_ranges0+0
 659 001d 00000000 		.4byte	0
 660 0021 00000000 		.4byte	.Ldebug_line0
 661 0025 02       		.uleb128 0x2
 662 0026 04       		.byte	0x4
 663 0027 05       		.byte	0x5
 664 0028 696E7400 		.ascii	"int\000"
 665 002c 03       		.uleb128 0x3
 666 002d 06000000 		.4byte	.LASF12
 667 0031 02       		.byte	0x2
 668 0032 D8       		.byte	0xd8
 669 0033 37000000 		.4byte	0x37
 670 0037 04       		.uleb128 0x4
 671 0038 04       		.byte	0x4
 672 0039 07       		.byte	0x7
 673 003a AF010000 		.4byte	.LASF0
 674 003e 04       		.uleb128 0x4
 675 003f 08       		.byte	0x8
 676 0040 05       		.byte	0x5
 677 0041 0D020000 		.4byte	.LASF1
 678 0045 04       		.uleb128 0x4
 679 0046 08       		.byte	0x8
 680 0047 04       		.byte	0x4
 681 0048 4D020000 		.4byte	.LASF2
 682 004c 04       		.uleb128 0x4
 683 004d 01       		.byte	0x1
 684 004e 06       		.byte	0x6
ARM GAS  C:\Users\Admin\AppData\Local\Temp\cc3YxYUt.s 			page 20


 685 004f 59020000 		.4byte	.LASF3
 686 0053 04       		.uleb128 0x4
 687 0054 01       		.byte	0x1
 688 0055 08       		.byte	0x8
 689 0056 2E010000 		.4byte	.LASF4
 690 005a 04       		.uleb128 0x4
 691 005b 02       		.byte	0x2
 692 005c 05       		.byte	0x5
 693 005d 3A020000 		.4byte	.LASF5
 694 0061 04       		.uleb128 0x4
 695 0062 02       		.byte	0x2
 696 0063 07       		.byte	0x7
 697 0064 FA010000 		.4byte	.LASF6
 698 0068 04       		.uleb128 0x4
 699 0069 04       		.byte	0x4
 700 006a 05       		.byte	0x5
 701 006b 44020000 		.4byte	.LASF7
 702 006f 04       		.uleb128 0x4
 703 0070 04       		.byte	0x4
 704 0071 07       		.byte	0x7
 705 0072 7E000000 		.4byte	.LASF8
 706 0076 04       		.uleb128 0x4
 707 0077 08       		.byte	0x8
 708 0078 07       		.byte	0x7
 709 0079 C4010000 		.4byte	.LASF9
 710 007d 04       		.uleb128 0x4
 711 007e 04       		.byte	0x4
 712 007f 07       		.byte	0x7
 713 0080 F1010000 		.4byte	.LASF10
 714 0084 05       		.uleb128 0x5
 715 0085 04       		.byte	0x4
 716 0086 04       		.uleb128 0x4
 717 0087 01       		.byte	0x1
 718 0088 08       		.byte	0x8
 719 0089 1B020000 		.4byte	.LASF11
 720 008d 06       		.uleb128 0x6
 721 008e 90000000 		.4byte	.LASF13
 722 0092 03       		.byte	0x3
 723 0093 FB01     		.2byte	0x1fb
 724 0095 53000000 		.4byte	0x53
 725 0099 06       		.uleb128 0x6
 726 009a 6D010000 		.4byte	.LASF14
 727 009e 03       		.byte	0x3
 728 009f FC01     		.2byte	0x1fc
 729 00a1 61000000 		.4byte	0x61
 730 00a5 06       		.uleb128 0x6
 731 00a6 7F010000 		.4byte	.LASF15
 732 00aa 03       		.byte	0x3
 733 00ab FD01     		.2byte	0x1fd
 734 00ad 6F000000 		.4byte	0x6f
 735 00b1 04       		.uleb128 0x4
 736 00b2 04       		.byte	0x4
 737 00b3 04       		.byte	0x4
 738 00b4 59000000 		.4byte	.LASF16
 739 00b8 04       		.uleb128 0x4
 740 00b9 08       		.byte	0x8
 741 00ba 04       		.byte	0x4
ARM GAS  C:\Users\Admin\AppData\Local\Temp\cc3YxYUt.s 			page 21


 742 00bb 3C010000 		.4byte	.LASF17
 743 00bf 06       		.uleb128 0x6
 744 00c0 79000000 		.4byte	.LASF18
 745 00c4 03       		.byte	0x3
 746 00c5 A502     		.2byte	0x2a5
 747 00c7 CB000000 		.4byte	0xcb
 748 00cb 07       		.uleb128 0x7
 749 00cc 8D000000 		.4byte	0x8d
 750 00d0 06       		.uleb128 0x6
 751 00d1 00000000 		.4byte	.LASF19
 752 00d5 03       		.byte	0x3
 753 00d6 A702     		.2byte	0x2a7
 754 00d8 DC000000 		.4byte	0xdc
 755 00dc 07       		.uleb128 0x7
 756 00dd A5000000 		.4byte	0xa5
 757 00e1 08       		.uleb128 0x8
 758 00e2 02       		.byte	0x2
 759 00e3 01       		.byte	0x1
 760 00e4 97       		.byte	0x97
 761 00e5 02010000 		.4byte	0x102
 762 00e9 09       		.uleb128 0x9
 763 00ea 33020000 		.4byte	.LASF20
 764 00ee 01       		.byte	0x1
 765 00ef 99       		.byte	0x99
 766 00f0 8D000000 		.4byte	0x8d
 767 00f4 00       		.byte	0
 768 00f5 09       		.uleb128 0x9
 769 00f6 1E000000 		.4byte	.LASF21
 770 00fa 01       		.byte	0x1
 771 00fb 9A       		.byte	0x9a
 772 00fc 8D000000 		.4byte	0x8d
 773 0100 01       		.byte	0x1
 774 0101 00       		.byte	0
 775 0102 03       		.uleb128 0x3
 776 0103 20020000 		.4byte	.LASF22
 777 0107 01       		.byte	0x1
 778 0108 9B       		.byte	0x9b
 779 0109 E1000000 		.4byte	0xe1
 780 010d 0A       		.uleb128 0xa
 781 010e 96000000 		.4byte	.LASF23
 782 0112 01       		.byte	0x1
 783 0113 4C       		.byte	0x4c
 784 0114 00000000 		.4byte	.LFB2
 785 0118 1E000000 		.4byte	.LFE2-.LFB2
 786 011c 01       		.uleb128 0x1
 787 011d 9C       		.byte	0x9c
 788 011e 3B010000 		.4byte	0x13b
 789 0122 0B       		.uleb128 0xb
 790 0123 7300     		.ascii	"s\000"
 791 0125 01       		.byte	0x1
 792 0126 4C       		.byte	0x4c
 793 0127 84000000 		.4byte	0x84
 794 012b 02       		.uleb128 0x2
 795 012c 91       		.byte	0x91
 796 012d 74       		.sleb128 -12
 797 012e 0B       		.uleb128 0xb
 798 012f 6E00     		.ascii	"n\000"
ARM GAS  C:\Users\Admin\AppData\Local\Temp\cc3YxYUt.s 			page 22


 799 0131 01       		.byte	0x1
 800 0132 4C       		.byte	0x4c
 801 0133 2C000000 		.4byte	0x2c
 802 0137 02       		.uleb128 0x2
 803 0138 91       		.byte	0x91
 804 0139 70       		.sleb128 -16
 805 013a 00       		.byte	0
 806 013b 0A       		.uleb128 0xa
 807 013c 9B020000 		.4byte	.LASF24
 808 0140 01       		.byte	0x1
 809 0141 53       		.byte	0x53
 810 0142 00000000 		.4byte	.LFB3
 811 0146 20000000 		.4byte	.LFE3-.LFB3
 812 014a 01       		.uleb128 0x1
 813 014b 9C       		.byte	0x9c
 814 014c 79010000 		.4byte	0x179
 815 0150 0C       		.uleb128 0xc
 816 0151 5F000000 		.4byte	.LASF25
 817 0155 01       		.byte	0x1
 818 0156 53       		.byte	0x53
 819 0157 84000000 		.4byte	0x84
 820 015b 02       		.uleb128 0x2
 821 015c 91       		.byte	0x91
 822 015d 74       		.sleb128 -12
 823 015e 0B       		.uleb128 0xb
 824 015f 73726300 		.ascii	"src\000"
 825 0163 01       		.byte	0x1
 826 0164 53       		.byte	0x53
 827 0165 79010000 		.4byte	0x179
 828 0169 02       		.uleb128 0x2
 829 016a 91       		.byte	0x91
 830 016b 70       		.sleb128 -16
 831 016c 0B       		.uleb128 0xb
 832 016d 6E00     		.ascii	"n\000"
 833 016f 01       		.byte	0x1
 834 0170 53       		.byte	0x53
 835 0171 2C000000 		.4byte	0x2c
 836 0175 02       		.uleb128 0x2
 837 0176 91       		.byte	0x91
 838 0177 6C       		.sleb128 -20
 839 0178 00       		.byte	0
 840 0179 0D       		.uleb128 0xd
 841 017a 04       		.byte	0x4
 842 017b 7F010000 		.4byte	0x17f
 843 017f 0E       		.uleb128 0xe
 844 0180 0A       		.uleb128 0xa
 845 0181 8B020000 		.4byte	.LASF26
 846 0185 01       		.byte	0x1
 847 0186 5A       		.byte	0x5a
 848 0187 00000000 		.4byte	.LFB4
 849 018b 20000000 		.4byte	.LFE4-.LFB4
 850 018f 01       		.uleb128 0x1
 851 0190 9C       		.byte	0x9c
 852 0191 BE010000 		.4byte	0x1be
 853 0195 0C       		.uleb128 0xc
 854 0196 5F000000 		.4byte	.LASF25
 855 019a 01       		.byte	0x1
ARM GAS  C:\Users\Admin\AppData\Local\Temp\cc3YxYUt.s 			page 23


 856 019b 5A       		.byte	0x5a
 857 019c 84000000 		.4byte	0x84
 858 01a0 02       		.uleb128 0x2
 859 01a1 91       		.byte	0x91
 860 01a2 74       		.sleb128 -12
 861 01a3 0B       		.uleb128 0xb
 862 01a4 73726300 		.ascii	"src\000"
 863 01a8 01       		.byte	0x1
 864 01a9 5A       		.byte	0x5a
 865 01aa 79010000 		.4byte	0x179
 866 01ae 02       		.uleb128 0x2
 867 01af 91       		.byte	0x91
 868 01b0 70       		.sleb128 -16
 869 01b1 0B       		.uleb128 0xb
 870 01b2 6E00     		.ascii	"n\000"
 871 01b4 01       		.byte	0x1
 872 01b5 5A       		.byte	0x5a
 873 01b6 2C000000 		.4byte	0x2c
 874 01ba 02       		.uleb128 0x2
 875 01bb 91       		.byte	0x91
 876 01bc 6C       		.sleb128 -20
 877 01bd 00       		.byte	0
 878 01be 0F       		.uleb128 0xf
 879 01bf 43010000 		.4byte	.LASF27
 880 01c3 01       		.byte	0x1
 881 01c4 AE       		.byte	0xae
 882 01c5 00000000 		.4byte	.LFB5
 883 01c9 82000000 		.4byte	.LFE5-.LFB5
 884 01cd 01       		.uleb128 0x1
 885 01ce 9C       		.byte	0x9c
 886 01cf 2E020000 		.4byte	0x22e
 887 01d3 0C       		.uleb128 0xc
 888 01d4 62010000 		.4byte	.LASF28
 889 01d8 01       		.byte	0x1
 890 01d9 AE       		.byte	0xae
 891 01da 2E020000 		.4byte	0x22e
 892 01de 02       		.uleb128 0x2
 893 01df 91       		.byte	0x91
 894 01e0 64       		.sleb128 -28
 895 01e1 0C       		.uleb128 0xc
 896 01e2 74010000 		.4byte	.LASF29
 897 01e6 01       		.byte	0x1
 898 01e7 AE       		.byte	0xae
 899 01e8 39020000 		.4byte	0x239
 900 01ec 02       		.uleb128 0x2
 901 01ed 91       		.byte	0x91
 902 01ee 60       		.sleb128 -32
 903 01ef 10       		.uleb128 0x10
 904 01f0 6900     		.ascii	"i\000"
 905 01f2 01       		.byte	0x1
 906 01f3 B1       		.byte	0xb1
 907 01f4 A5000000 		.4byte	0xa5
 908 01f8 02       		.uleb128 0x2
 909 01f9 91       		.byte	0x91
 910 01fa 74       		.sleb128 -12
 911 01fb 10       		.uleb128 0x10
 912 01fc 6A00     		.ascii	"j\000"
ARM GAS  C:\Users\Admin\AppData\Local\Temp\cc3YxYUt.s 			page 24


 913 01fe 01       		.byte	0x1
 914 01ff B1       		.byte	0xb1
 915 0200 A5000000 		.4byte	0xa5
 916 0204 02       		.uleb128 0x2
 917 0205 91       		.byte	0x91
 918 0206 70       		.sleb128 -16
 919 0207 11       		.uleb128 0x11
 920 0208 14000000 		.4byte	.LBB2
 921 020c 5A000000 		.4byte	.LBE2-.LBB2
 922 0210 12       		.uleb128 0x12
 923 0211 E8010000 		.4byte	.LASF30
 924 0215 01       		.byte	0x1
 925 0216 B4       		.byte	0xb4
 926 0217 A5000000 		.4byte	0xa5
 927 021b 02       		.uleb128 0x2
 928 021c 91       		.byte	0x91
 929 021d 68       		.sleb128 -24
 930 021e 12       		.uleb128 0x12
 931 021f 24000000 		.4byte	.LASF31
 932 0223 01       		.byte	0x1
 933 0224 B5       		.byte	0xb5
 934 0225 8D000000 		.4byte	0x8d
 935 0229 02       		.uleb128 0x2
 936 022a 91       		.byte	0x91
 937 022b 6F       		.sleb128 -17
 938 022c 00       		.byte	0
 939 022d 00       		.byte	0
 940 022e 0D       		.uleb128 0xd
 941 022f 04       		.byte	0x4
 942 0230 34020000 		.4byte	0x234
 943 0234 13       		.uleb128 0x13
 944 0235 A5000000 		.4byte	0xa5
 945 0239 0D       		.uleb128 0xd
 946 023a 04       		.byte	0x4
 947 023b 3F020000 		.4byte	0x23f
 948 023f 13       		.uleb128 0x13
 949 0240 02010000 		.4byte	0x102
 950 0244 14       		.uleb128 0x14
 951 0245 2A000000 		.4byte	.LASF32
 952 0249 01       		.byte	0x1
 953 024a D3       		.byte	0xd3
 954 024b 00000000 		.4byte	.LFB6
 955 024f 10010000 		.4byte	.LFE6-.LFB6
 956 0253 01       		.uleb128 0x1
 957 0254 9C       		.byte	0x9c
 958 0255 15       		.uleb128 0x15
 959 0256 0D000000 		.4byte	.LASF33
 960 025a 01       		.byte	0x1
 961 025b 1D01     		.2byte	0x11d
 962 025d 00000000 		.4byte	.LFB7
 963 0261 28000000 		.4byte	.LFE7-.LFB7
 964 0265 01       		.uleb128 0x1
 965 0266 9C       		.byte	0x9c
 966 0267 16       		.uleb128 0x16
 967 0268 55010000 		.4byte	.LASF43
 968 026c 01       		.byte	0x1
 969 026d 3801     		.2byte	0x138
ARM GAS  C:\Users\Admin\AppData\Local\Temp\cc3YxYUt.s 			page 25


 970 026f 10010000 		.4byte	.LFB8
 971 0273 24010000 		.4byte	.LFE8-.LFB8
 972 0277 01       		.uleb128 0x1
 973 0278 9C       		.byte	0x9c
 974 0279 33030000 		.4byte	0x333
 975 027d 11       		.uleb128 0x11
 976 027e 1E010000 		.4byte	.LBB3
 977 0282 A2000000 		.4byte	.LBE3-.LBB3
 978 0286 17       		.uleb128 0x17
 979 0287 35000000 		.4byte	.LASF34
 980 028b 01       		.byte	0x1
 981 028c 4001     		.2byte	0x140
 982 028e 43030000 		.4byte	0x343
 983 0292 05       		.uleb128 0x5
 984 0293 03       		.byte	0x3
 985 0294 0C000000 		.4byte	cy_cfg_addr_table.4910
 986 0298 17       		.uleb128 0x17
 987 0299 47000000 		.4byte	.LASF35
 988 029d 01       		.byte	0x1
 989 029e 4501     		.2byte	0x145
 990 02a0 58030000 		.4byte	0x358
 991 02a4 05       		.uleb128 0x5
 992 02a5 03       		.byte	0x3
 993 02a6 14000000 		.4byte	cy_cfg_data_table.4911
 994 02aa 18       		.uleb128 0x18
 995 02ab 06       		.byte	0x6
 996 02ac 01       		.byte	0x1
 997 02ad 4F01     		.2byte	0x14f
 998 02af CE020000 		.4byte	0x2ce
 999 02b3 19       		.uleb128 0x19
 1000 02b4 BC010000 		.4byte	.LASF36
 1001 02b8 01       		.byte	0x1
 1002 02b9 5001     		.2byte	0x150
 1003 02bb 84000000 		.4byte	0x84
 1004 02bf 00       		.byte	0
 1005 02c0 19       		.uleb128 0x19
 1006 02c1 74000000 		.4byte	.LASF37
 1007 02c5 01       		.byte	0x1
 1008 02c6 5101     		.2byte	0x151
 1009 02c8 99000000 		.4byte	0x99
 1010 02cc 04       		.byte	0x4
 1011 02cd 00       		.byte	0
 1012 02ce 06       		.uleb128 0x6
 1013 02cf DB010000 		.4byte	.LASF38
 1014 02d3 01       		.byte	0x1
 1015 02d4 5201     		.2byte	0x152
 1016 02d6 AA020000 		.4byte	0x2aa
 1017 02da 1A       		.uleb128 0x1a
 1018 02db EA020000 		.4byte	0x2ea
 1019 02df EA020000 		.4byte	0x2ea
 1020 02e3 1B       		.uleb128 0x1b
 1021 02e4 7D000000 		.4byte	0x7d
 1022 02e8 01       		.byte	0x1
 1023 02e9 00       		.byte	0
 1024 02ea 13       		.uleb128 0x13
 1025 02eb CE020000 		.4byte	0x2ce
 1026 02ef 17       		.uleb128 0x17
ARM GAS  C:\Users\Admin\AppData\Local\Temp\cc3YxYUt.s 			page 26


 1027 02f0 64000000 		.4byte	.LASF39
 1028 02f4 01       		.byte	0x1
 1029 02f5 5401     		.2byte	0x154
 1030 02f7 01030000 		.4byte	0x301
 1031 02fb 05       		.uleb128 0x5
 1032 02fc 03       		.byte	0x3
 1033 02fd 00000000 		.4byte	cfg_memset_list.4916
 1034 0301 13       		.uleb128 0x13
 1035 0302 DA020000 		.4byte	0x2da
 1036 0306 1C       		.uleb128 0x1c
 1037 0307 6900     		.ascii	"i\000"
 1038 0309 01       		.byte	0x1
 1039 030a 5A01     		.2byte	0x15a
 1040 030c 8D000000 		.4byte	0x8d
 1041 0310 02       		.uleb128 0x2
 1042 0311 91       		.byte	0x91
 1043 0312 77       		.sleb128 -9
 1044 0313 11       		.uleb128 0x11
 1045 0314 26010000 		.4byte	.LBB4
 1046 0318 3C000000 		.4byte	.LBE4-.LBB4
 1047 031c 1C       		.uleb128 0x1c
 1048 031d 6D7300   		.ascii	"ms\000"
 1049 0320 01       		.byte	0x1
 1050 0321 5F01     		.2byte	0x15f
 1051 0323 2A030000 		.4byte	0x32a
 1052 0327 02       		.uleb128 0x2
 1053 0328 91       		.byte	0x91
 1054 0329 70       		.sleb128 -16
 1055 032a 0D       		.uleb128 0xd
 1056 032b 04       		.byte	0x4
 1057 032c EA020000 		.4byte	0x2ea
 1058 0330 00       		.byte	0
 1059 0331 00       		.byte	0
 1060 0332 00       		.byte	0
 1061 0333 1A       		.uleb128 0x1a
 1062 0334 34020000 		.4byte	0x234
 1063 0338 43030000 		.4byte	0x343
 1064 033c 1B       		.uleb128 0x1b
 1065 033d 7D000000 		.4byte	0x7d
 1066 0341 01       		.byte	0x1
 1067 0342 00       		.byte	0
 1068 0343 13       		.uleb128 0x13
 1069 0344 33030000 		.4byte	0x333
 1070 0348 1A       		.uleb128 0x1a
 1071 0349 3F020000 		.4byte	0x23f
 1072 034d 58030000 		.4byte	0x358
 1073 0351 1B       		.uleb128 0x1b
 1074 0352 7D000000 		.4byte	0x7d
 1075 0356 04       		.byte	0x4
 1076 0357 00       		.byte	0
 1077 0358 13       		.uleb128 0x13
 1078 0359 48030000 		.4byte	0x348
 1079 035d 00       		.byte	0
 1080              		.section	.debug_abbrev,"",%progbits
 1081              	.Ldebug_abbrev0:
 1082 0000 01       		.uleb128 0x1
 1083 0001 11       		.uleb128 0x11
ARM GAS  C:\Users\Admin\AppData\Local\Temp\cc3YxYUt.s 			page 27


 1084 0002 01       		.byte	0x1
 1085 0003 25       		.uleb128 0x25
 1086 0004 0E       		.uleb128 0xe
 1087 0005 13       		.uleb128 0x13
 1088 0006 0B       		.uleb128 0xb
 1089 0007 03       		.uleb128 0x3
 1090 0008 0E       		.uleb128 0xe
 1091 0009 1B       		.uleb128 0x1b
 1092 000a 0E       		.uleb128 0xe
 1093 000b 55       		.uleb128 0x55
 1094 000c 17       		.uleb128 0x17
 1095 000d 11       		.uleb128 0x11
 1096 000e 01       		.uleb128 0x1
 1097 000f 10       		.uleb128 0x10
 1098 0010 17       		.uleb128 0x17
 1099 0011 00       		.byte	0
 1100 0012 00       		.byte	0
 1101 0013 02       		.uleb128 0x2
 1102 0014 24       		.uleb128 0x24
 1103 0015 00       		.byte	0
 1104 0016 0B       		.uleb128 0xb
 1105 0017 0B       		.uleb128 0xb
 1106 0018 3E       		.uleb128 0x3e
 1107 0019 0B       		.uleb128 0xb
 1108 001a 03       		.uleb128 0x3
 1109 001b 08       		.uleb128 0x8
 1110 001c 00       		.byte	0
 1111 001d 00       		.byte	0
 1112 001e 03       		.uleb128 0x3
 1113 001f 16       		.uleb128 0x16
 1114 0020 00       		.byte	0
 1115 0021 03       		.uleb128 0x3
 1116 0022 0E       		.uleb128 0xe
 1117 0023 3A       		.uleb128 0x3a
 1118 0024 0B       		.uleb128 0xb
 1119 0025 3B       		.uleb128 0x3b
 1120 0026 0B       		.uleb128 0xb
 1121 0027 49       		.uleb128 0x49
 1122 0028 13       		.uleb128 0x13
 1123 0029 00       		.byte	0
 1124 002a 00       		.byte	0
 1125 002b 04       		.uleb128 0x4
 1126 002c 24       		.uleb128 0x24
 1127 002d 00       		.byte	0
 1128 002e 0B       		.uleb128 0xb
 1129 002f 0B       		.uleb128 0xb
 1130 0030 3E       		.uleb128 0x3e
 1131 0031 0B       		.uleb128 0xb
 1132 0032 03       		.uleb128 0x3
 1133 0033 0E       		.uleb128 0xe
 1134 0034 00       		.byte	0
 1135 0035 00       		.byte	0
 1136 0036 05       		.uleb128 0x5
 1137 0037 0F       		.uleb128 0xf
 1138 0038 00       		.byte	0
 1139 0039 0B       		.uleb128 0xb
 1140 003a 0B       		.uleb128 0xb
ARM GAS  C:\Users\Admin\AppData\Local\Temp\cc3YxYUt.s 			page 28


 1141 003b 00       		.byte	0
 1142 003c 00       		.byte	0
 1143 003d 06       		.uleb128 0x6
 1144 003e 16       		.uleb128 0x16
 1145 003f 00       		.byte	0
 1146 0040 03       		.uleb128 0x3
 1147 0041 0E       		.uleb128 0xe
 1148 0042 3A       		.uleb128 0x3a
 1149 0043 0B       		.uleb128 0xb
 1150 0044 3B       		.uleb128 0x3b
 1151 0045 05       		.uleb128 0x5
 1152 0046 49       		.uleb128 0x49
 1153 0047 13       		.uleb128 0x13
 1154 0048 00       		.byte	0
 1155 0049 00       		.byte	0
 1156 004a 07       		.uleb128 0x7
 1157 004b 35       		.uleb128 0x35
 1158 004c 00       		.byte	0
 1159 004d 49       		.uleb128 0x49
 1160 004e 13       		.uleb128 0x13
 1161 004f 00       		.byte	0
 1162 0050 00       		.byte	0
 1163 0051 08       		.uleb128 0x8
 1164 0052 13       		.uleb128 0x13
 1165 0053 01       		.byte	0x1
 1166 0054 0B       		.uleb128 0xb
 1167 0055 0B       		.uleb128 0xb
 1168 0056 3A       		.uleb128 0x3a
 1169 0057 0B       		.uleb128 0xb
 1170 0058 3B       		.uleb128 0x3b
 1171 0059 0B       		.uleb128 0xb
 1172 005a 01       		.uleb128 0x1
 1173 005b 13       		.uleb128 0x13
 1174 005c 00       		.byte	0
 1175 005d 00       		.byte	0
 1176 005e 09       		.uleb128 0x9
 1177 005f 0D       		.uleb128 0xd
 1178 0060 00       		.byte	0
 1179 0061 03       		.uleb128 0x3
 1180 0062 0E       		.uleb128 0xe
 1181 0063 3A       		.uleb128 0x3a
 1182 0064 0B       		.uleb128 0xb
 1183 0065 3B       		.uleb128 0x3b
 1184 0066 0B       		.uleb128 0xb
 1185 0067 49       		.uleb128 0x49
 1186 0068 13       		.uleb128 0x13
 1187 0069 38       		.uleb128 0x38
 1188 006a 0B       		.uleb128 0xb
 1189 006b 00       		.byte	0
 1190 006c 00       		.byte	0
 1191 006d 0A       		.uleb128 0xa
 1192 006e 2E       		.uleb128 0x2e
 1193 006f 01       		.byte	0x1
 1194 0070 03       		.uleb128 0x3
 1195 0071 0E       		.uleb128 0xe
 1196 0072 3A       		.uleb128 0x3a
 1197 0073 0B       		.uleb128 0xb
ARM GAS  C:\Users\Admin\AppData\Local\Temp\cc3YxYUt.s 			page 29


 1198 0074 3B       		.uleb128 0x3b
 1199 0075 0B       		.uleb128 0xb
 1200 0076 27       		.uleb128 0x27
 1201 0077 19       		.uleb128 0x19
 1202 0078 11       		.uleb128 0x11
 1203 0079 01       		.uleb128 0x1
 1204 007a 12       		.uleb128 0x12
 1205 007b 06       		.uleb128 0x6
 1206 007c 40       		.uleb128 0x40
 1207 007d 18       		.uleb128 0x18
 1208 007e 9642     		.uleb128 0x2116
 1209 0080 19       		.uleb128 0x19
 1210 0081 01       		.uleb128 0x1
 1211 0082 13       		.uleb128 0x13
 1212 0083 00       		.byte	0
 1213 0084 00       		.byte	0
 1214 0085 0B       		.uleb128 0xb
 1215 0086 05       		.uleb128 0x5
 1216 0087 00       		.byte	0
 1217 0088 03       		.uleb128 0x3
 1218 0089 08       		.uleb128 0x8
 1219 008a 3A       		.uleb128 0x3a
 1220 008b 0B       		.uleb128 0xb
 1221 008c 3B       		.uleb128 0x3b
 1222 008d 0B       		.uleb128 0xb
 1223 008e 49       		.uleb128 0x49
 1224 008f 13       		.uleb128 0x13
 1225 0090 02       		.uleb128 0x2
 1226 0091 18       		.uleb128 0x18
 1227 0092 00       		.byte	0
 1228 0093 00       		.byte	0
 1229 0094 0C       		.uleb128 0xc
 1230 0095 05       		.uleb128 0x5
 1231 0096 00       		.byte	0
 1232 0097 03       		.uleb128 0x3
 1233 0098 0E       		.uleb128 0xe
 1234 0099 3A       		.uleb128 0x3a
 1235 009a 0B       		.uleb128 0xb
 1236 009b 3B       		.uleb128 0x3b
 1237 009c 0B       		.uleb128 0xb
 1238 009d 49       		.uleb128 0x49
 1239 009e 13       		.uleb128 0x13
 1240 009f 02       		.uleb128 0x2
 1241 00a0 18       		.uleb128 0x18
 1242 00a1 00       		.byte	0
 1243 00a2 00       		.byte	0
 1244 00a3 0D       		.uleb128 0xd
 1245 00a4 0F       		.uleb128 0xf
 1246 00a5 00       		.byte	0
 1247 00a6 0B       		.uleb128 0xb
 1248 00a7 0B       		.uleb128 0xb
 1249 00a8 49       		.uleb128 0x49
 1250 00a9 13       		.uleb128 0x13
 1251 00aa 00       		.byte	0
 1252 00ab 00       		.byte	0
 1253 00ac 0E       		.uleb128 0xe
 1254 00ad 26       		.uleb128 0x26
ARM GAS  C:\Users\Admin\AppData\Local\Temp\cc3YxYUt.s 			page 30


 1255 00ae 00       		.byte	0
 1256 00af 00       		.byte	0
 1257 00b0 00       		.byte	0
 1258 00b1 0F       		.uleb128 0xf
 1259 00b2 2E       		.uleb128 0x2e
 1260 00b3 01       		.byte	0x1
 1261 00b4 03       		.uleb128 0x3
 1262 00b5 0E       		.uleb128 0xe
 1263 00b6 3A       		.uleb128 0x3a
 1264 00b7 0B       		.uleb128 0xb
 1265 00b8 3B       		.uleb128 0x3b
 1266 00b9 0B       		.uleb128 0xb
 1267 00ba 27       		.uleb128 0x27
 1268 00bb 19       		.uleb128 0x19
 1269 00bc 11       		.uleb128 0x11
 1270 00bd 01       		.uleb128 0x1
 1271 00be 12       		.uleb128 0x12
 1272 00bf 06       		.uleb128 0x6
 1273 00c0 40       		.uleb128 0x40
 1274 00c1 18       		.uleb128 0x18
 1275 00c2 9742     		.uleb128 0x2117
 1276 00c4 19       		.uleb128 0x19
 1277 00c5 01       		.uleb128 0x1
 1278 00c6 13       		.uleb128 0x13
 1279 00c7 00       		.byte	0
 1280 00c8 00       		.byte	0
 1281 00c9 10       		.uleb128 0x10
 1282 00ca 34       		.uleb128 0x34
 1283 00cb 00       		.byte	0
 1284 00cc 03       		.uleb128 0x3
 1285 00cd 08       		.uleb128 0x8
 1286 00ce 3A       		.uleb128 0x3a
 1287 00cf 0B       		.uleb128 0xb
 1288 00d0 3B       		.uleb128 0x3b
 1289 00d1 0B       		.uleb128 0xb
 1290 00d2 49       		.uleb128 0x49
 1291 00d3 13       		.uleb128 0x13
 1292 00d4 02       		.uleb128 0x2
 1293 00d5 18       		.uleb128 0x18
 1294 00d6 00       		.byte	0
 1295 00d7 00       		.byte	0
 1296 00d8 11       		.uleb128 0x11
 1297 00d9 0B       		.uleb128 0xb
 1298 00da 01       		.byte	0x1
 1299 00db 11       		.uleb128 0x11
 1300 00dc 01       		.uleb128 0x1
 1301 00dd 12       		.uleb128 0x12
 1302 00de 06       		.uleb128 0x6
 1303 00df 00       		.byte	0
 1304 00e0 00       		.byte	0
 1305 00e1 12       		.uleb128 0x12
 1306 00e2 34       		.uleb128 0x34
 1307 00e3 00       		.byte	0
 1308 00e4 03       		.uleb128 0x3
 1309 00e5 0E       		.uleb128 0xe
 1310 00e6 3A       		.uleb128 0x3a
 1311 00e7 0B       		.uleb128 0xb
ARM GAS  C:\Users\Admin\AppData\Local\Temp\cc3YxYUt.s 			page 31


 1312 00e8 3B       		.uleb128 0x3b
 1313 00e9 0B       		.uleb128 0xb
 1314 00ea 49       		.uleb128 0x49
 1315 00eb 13       		.uleb128 0x13
 1316 00ec 02       		.uleb128 0x2
 1317 00ed 18       		.uleb128 0x18
 1318 00ee 00       		.byte	0
 1319 00ef 00       		.byte	0
 1320 00f0 13       		.uleb128 0x13
 1321 00f1 26       		.uleb128 0x26
 1322 00f2 00       		.byte	0
 1323 00f3 49       		.uleb128 0x49
 1324 00f4 13       		.uleb128 0x13
 1325 00f5 00       		.byte	0
 1326 00f6 00       		.byte	0
 1327 00f7 14       		.uleb128 0x14
 1328 00f8 2E       		.uleb128 0x2e
 1329 00f9 00       		.byte	0
 1330 00fa 03       		.uleb128 0x3
 1331 00fb 0E       		.uleb128 0xe
 1332 00fc 3A       		.uleb128 0x3a
 1333 00fd 0B       		.uleb128 0xb
 1334 00fe 3B       		.uleb128 0x3b
 1335 00ff 0B       		.uleb128 0xb
 1336 0100 27       		.uleb128 0x27
 1337 0101 19       		.uleb128 0x19
 1338 0102 11       		.uleb128 0x11
 1339 0103 01       		.uleb128 0x1
 1340 0104 12       		.uleb128 0x12
 1341 0105 06       		.uleb128 0x6
 1342 0106 40       		.uleb128 0x40
 1343 0107 18       		.uleb128 0x18
 1344 0108 9642     		.uleb128 0x2116
 1345 010a 19       		.uleb128 0x19
 1346 010b 00       		.byte	0
 1347 010c 00       		.byte	0
 1348 010d 15       		.uleb128 0x15
 1349 010e 2E       		.uleb128 0x2e
 1350 010f 00       		.byte	0
 1351 0110 03       		.uleb128 0x3
 1352 0111 0E       		.uleb128 0xe
 1353 0112 3A       		.uleb128 0x3a
 1354 0113 0B       		.uleb128 0xb
 1355 0114 3B       		.uleb128 0x3b
 1356 0115 05       		.uleb128 0x5
 1357 0116 27       		.uleb128 0x27
 1358 0117 19       		.uleb128 0x19
 1359 0118 11       		.uleb128 0x11
 1360 0119 01       		.uleb128 0x1
 1361 011a 12       		.uleb128 0x12
 1362 011b 06       		.uleb128 0x6
 1363 011c 40       		.uleb128 0x40
 1364 011d 18       		.uleb128 0x18
 1365 011e 9742     		.uleb128 0x2117
 1366 0120 19       		.uleb128 0x19
 1367 0121 00       		.byte	0
 1368 0122 00       		.byte	0
ARM GAS  C:\Users\Admin\AppData\Local\Temp\cc3YxYUt.s 			page 32


 1369 0123 16       		.uleb128 0x16
 1370 0124 2E       		.uleb128 0x2e
 1371 0125 01       		.byte	0x1
 1372 0126 3F       		.uleb128 0x3f
 1373 0127 19       		.uleb128 0x19
 1374 0128 03       		.uleb128 0x3
 1375 0129 0E       		.uleb128 0xe
 1376 012a 3A       		.uleb128 0x3a
 1377 012b 0B       		.uleb128 0xb
 1378 012c 3B       		.uleb128 0x3b
 1379 012d 05       		.uleb128 0x5
 1380 012e 27       		.uleb128 0x27
 1381 012f 19       		.uleb128 0x19
 1382 0130 11       		.uleb128 0x11
 1383 0131 01       		.uleb128 0x1
 1384 0132 12       		.uleb128 0x12
 1385 0133 06       		.uleb128 0x6
 1386 0134 40       		.uleb128 0x40
 1387 0135 18       		.uleb128 0x18
 1388 0136 9642     		.uleb128 0x2116
 1389 0138 19       		.uleb128 0x19
 1390 0139 01       		.uleb128 0x1
 1391 013a 13       		.uleb128 0x13
 1392 013b 00       		.byte	0
 1393 013c 00       		.byte	0
 1394 013d 17       		.uleb128 0x17
 1395 013e 34       		.uleb128 0x34
 1396 013f 00       		.byte	0
 1397 0140 03       		.uleb128 0x3
 1398 0141 0E       		.uleb128 0xe
 1399 0142 3A       		.uleb128 0x3a
 1400 0143 0B       		.uleb128 0xb
 1401 0144 3B       		.uleb128 0x3b
 1402 0145 05       		.uleb128 0x5
 1403 0146 49       		.uleb128 0x49
 1404 0147 13       		.uleb128 0x13
 1405 0148 02       		.uleb128 0x2
 1406 0149 18       		.uleb128 0x18
 1407 014a 00       		.byte	0
 1408 014b 00       		.byte	0
 1409 014c 18       		.uleb128 0x18
 1410 014d 13       		.uleb128 0x13
 1411 014e 01       		.byte	0x1
 1412 014f 0B       		.uleb128 0xb
 1413 0150 0B       		.uleb128 0xb
 1414 0151 3A       		.uleb128 0x3a
 1415 0152 0B       		.uleb128 0xb
 1416 0153 3B       		.uleb128 0x3b
 1417 0154 05       		.uleb128 0x5
 1418 0155 01       		.uleb128 0x1
 1419 0156 13       		.uleb128 0x13
 1420 0157 00       		.byte	0
 1421 0158 00       		.byte	0
 1422 0159 19       		.uleb128 0x19
 1423 015a 0D       		.uleb128 0xd
 1424 015b 00       		.byte	0
 1425 015c 03       		.uleb128 0x3
ARM GAS  C:\Users\Admin\AppData\Local\Temp\cc3YxYUt.s 			page 33


 1426 015d 0E       		.uleb128 0xe
 1427 015e 3A       		.uleb128 0x3a
 1428 015f 0B       		.uleb128 0xb
 1429 0160 3B       		.uleb128 0x3b
 1430 0161 05       		.uleb128 0x5
 1431 0162 49       		.uleb128 0x49
 1432 0163 13       		.uleb128 0x13
 1433 0164 38       		.uleb128 0x38
 1434 0165 0B       		.uleb128 0xb
 1435 0166 00       		.byte	0
 1436 0167 00       		.byte	0
 1437 0168 1A       		.uleb128 0x1a
 1438 0169 01       		.uleb128 0x1
 1439 016a 01       		.byte	0x1
 1440 016b 49       		.uleb128 0x49
 1441 016c 13       		.uleb128 0x13
 1442 016d 01       		.uleb128 0x1
 1443 016e 13       		.uleb128 0x13
 1444 016f 00       		.byte	0
 1445 0170 00       		.byte	0
 1446 0171 1B       		.uleb128 0x1b
 1447 0172 21       		.uleb128 0x21
 1448 0173 00       		.byte	0
 1449 0174 49       		.uleb128 0x49
 1450 0175 13       		.uleb128 0x13
 1451 0176 2F       		.uleb128 0x2f
 1452 0177 0B       		.uleb128 0xb
 1453 0178 00       		.byte	0
 1454 0179 00       		.byte	0
 1455 017a 1C       		.uleb128 0x1c
 1456 017b 34       		.uleb128 0x34
 1457 017c 00       		.byte	0
 1458 017d 03       		.uleb128 0x3
 1459 017e 08       		.uleb128 0x8
 1460 017f 3A       		.uleb128 0x3a
 1461 0180 0B       		.uleb128 0xb
 1462 0181 3B       		.uleb128 0x3b
 1463 0182 05       		.uleb128 0x5
 1464 0183 49       		.uleb128 0x49
 1465 0184 13       		.uleb128 0x13
 1466 0185 02       		.uleb128 0x2
 1467 0186 18       		.uleb128 0x18
 1468 0187 00       		.byte	0
 1469 0188 00       		.byte	0
 1470 0189 00       		.byte	0
 1471              		.section	.debug_aranges,"",%progbits
 1472 0000 4C000000 		.4byte	0x4c
 1473 0004 0200     		.2byte	0x2
 1474 0006 00000000 		.4byte	.Ldebug_info0
 1475 000a 04       		.byte	0x4
 1476 000b 00       		.byte	0
 1477 000c 0000     		.2byte	0
 1478 000e 0000     		.2byte	0
 1479 0010 00000000 		.4byte	.LFB2
 1480 0014 1E000000 		.4byte	.LFE2-.LFB2
 1481 0018 00000000 		.4byte	.LFB3
 1482 001c 20000000 		.4byte	.LFE3-.LFB3
ARM GAS  C:\Users\Admin\AppData\Local\Temp\cc3YxYUt.s 			page 34


 1483 0020 00000000 		.4byte	.LFB4
 1484 0024 20000000 		.4byte	.LFE4-.LFB4
 1485 0028 00000000 		.4byte	.LFB5
 1486 002c 82000000 		.4byte	.LFE5-.LFB5
 1487 0030 00000000 		.4byte	.LFB6
 1488 0034 10010000 		.4byte	.LFE6-.LFB6
 1489 0038 00000000 		.4byte	.LFB7
 1490 003c 28000000 		.4byte	.LFE7-.LFB7
 1491 0040 10010000 		.4byte	.LFB8
 1492 0044 24010000 		.4byte	.LFE8-.LFB8
 1493 0048 00000000 		.4byte	0
 1494 004c 00000000 		.4byte	0
 1495              		.section	.debug_ranges,"",%progbits
 1496              	.Ldebug_ranges0:
 1497 0000 00000000 		.4byte	.LFB2
 1498 0004 1E000000 		.4byte	.LFE2
 1499 0008 00000000 		.4byte	.LFB3
 1500 000c 20000000 		.4byte	.LFE3
 1501 0010 00000000 		.4byte	.LFB4
 1502 0014 20000000 		.4byte	.LFE4
 1503 0018 00000000 		.4byte	.LFB5
 1504 001c 82000000 		.4byte	.LFE5
 1505 0020 00000000 		.4byte	.LFB6
 1506 0024 10010000 		.4byte	.LFE6
 1507 0028 00000000 		.4byte	.LFB7
 1508 002c 28000000 		.4byte	.LFE7
 1509 0030 10010000 		.4byte	.LFB8
 1510 0034 34020000 		.4byte	.LFE8
 1511 0038 00000000 		.4byte	0
 1512 003c 00000000 		.4byte	0
 1513              		.section	.debug_line,"",%progbits
 1514              	.Ldebug_line0:
 1515 0000 9E010000 		.section	.debug_str,"MS",%progbits,1
 1515      0200CB00 
 1515      00000201 
 1515      FB0E0D00 
 1515      01010101 
 1516              	.LASF19:
 1517 0000 72656733 		.ascii	"reg32\000"
 1517      3200
 1518              	.LASF12:
 1519 0006 73697A65 		.ascii	"size_t\000"
 1519      5F7400
 1520              	.LASF33:
 1521 000d 416E616C 		.ascii	"AnalogSetDefault\000"
 1521      6F675365 
 1521      74446566 
 1521      61756C74 
 1521      00
 1522              	.LASF21:
 1523 001e 76616C75 		.ascii	"value\000"
 1523      6500
 1524              	.LASF31:
 1525 0024 636F756E 		.ascii	"count\000"
 1525      7400
 1526              	.LASF32:
 1527 002a 436C6F63 		.ascii	"ClockSetup\000"
ARM GAS  C:\Users\Admin\AppData\Local\Temp\cc3YxYUt.s 			page 35


 1527      6B536574 
 1527      757000
 1528              	.LASF34:
 1529 0035 63795F63 		.ascii	"cy_cfg_addr_table\000"
 1529      66675F61 
 1529      6464725F 
 1529      7461626C 
 1529      6500
 1530              	.LASF35:
 1531 0047 63795F63 		.ascii	"cy_cfg_data_table\000"
 1531      66675F64 
 1531      6174615F 
 1531      7461626C 
 1531      6500
 1532              	.LASF16:
 1533 0059 666C6F61 		.ascii	"float\000"
 1533      7400
 1534              	.LASF25:
 1535 005f 64657374 		.ascii	"dest\000"
 1535      00
 1536              	.LASF39:
 1537 0064 6366675F 		.ascii	"cfg_memset_list\000"
 1537      6D656D73 
 1537      65745F6C 
 1537      69737400 
 1538              	.LASF37:
 1539 0074 73697A65 		.ascii	"size\000"
 1539      00
 1540              	.LASF18:
 1541 0079 72656738 		.ascii	"reg8\000"
 1541      00
 1542              	.LASF8:
 1543 007e 6C6F6E67 		.ascii	"long unsigned int\000"
 1543      20756E73 
 1543      69676E65 
 1543      6420696E 
 1543      7400
 1544              	.LASF13:
 1545 0090 75696E74 		.ascii	"uint8\000"
 1545      3800
 1546              	.LASF23:
 1547 0096 43594D45 		.ascii	"CYMEMZERO\000"
 1547      4D5A4552 
 1547      4F00
 1548              	.LASF40:
 1549 00a0 474E5520 		.ascii	"GNU C11 5.4.1 20160609 (release) [ARM/embedded-5-br"
 1549      43313120 
 1549      352E342E 
 1549      31203230 
 1549      31363036 
 1550 00d3 616E6368 		.ascii	"anch revision 237715] -mcpu=cortex-m0 -mthumb -g -O"
 1550      20726576 
 1550      6973696F 
 1550      6E203233 
 1550      37373135 
 1551 0106 30202D66 		.ascii	"0 -ffunction-sections -ffat-lto-objects\000"
 1551      66756E63 
ARM GAS  C:\Users\Admin\AppData\Local\Temp\cc3YxYUt.s 			page 36


 1551      74696F6E 
 1551      2D736563 
 1551      74696F6E 
 1552              	.LASF4:
 1553 012e 756E7369 		.ascii	"unsigned char\000"
 1553      676E6564 
 1553      20636861 
 1553      7200
 1554              	.LASF17:
 1555 013c 646F7562 		.ascii	"double\000"
 1555      6C6500
 1556              	.LASF27:
 1557 0143 6366675F 		.ascii	"cfg_write_bytes32\000"
 1557      77726974 
 1557      655F6279 
 1557      74657333 
 1557      3200
 1558              	.LASF43:
 1559 0155 63796669 		.ascii	"cyfitter_cfg\000"
 1559      74746572 
 1559      5F636667 
 1559      00
 1560              	.LASF28:
 1561 0162 61646472 		.ascii	"addr_table\000"
 1561      5F746162 
 1561      6C6500
 1562              	.LASF14:
 1563 016d 75696E74 		.ascii	"uint16\000"
 1563      313600
 1564              	.LASF29:
 1565 0174 64617461 		.ascii	"data_table\000"
 1565      5F746162 
 1565      6C6500
 1566              	.LASF15:
 1567 017f 75696E74 		.ascii	"uint32\000"
 1567      333200
 1568              	.LASF42:
 1569 0186 443A5C4C 		.ascii	"D:\\LABs_BLE\\LABs_BLE\\Lab_1_LED_PWM.cydsn\000"
 1569      4142735F 
 1569      424C455C 
 1569      4C414273 
 1569      5F424C45 
 1570              	.LASF0:
 1571 01af 756E7369 		.ascii	"unsigned int\000"
 1571      676E6564 
 1571      20696E74 
 1571      00
 1572              	.LASF36:
 1573 01bc 61646472 		.ascii	"address\000"
 1573      65737300 
 1574              	.LASF9:
 1575 01c4 6C6F6E67 		.ascii	"long long unsigned int\000"
 1575      206C6F6E 
 1575      6720756E 
 1575      7369676E 
 1575      65642069 
 1576              	.LASF38:
ARM GAS  C:\Users\Admin\AppData\Local\Temp\cc3YxYUt.s 			page 37


 1577 01db 6366675F 		.ascii	"cfg_memset_t\000"
 1577      6D656D73 
 1577      65745F74 
 1577      00
 1578              	.LASF30:
 1579 01e8 62617365 		.ascii	"baseAddr\000"
 1579      41646472 
 1579      00
 1580              	.LASF10:
 1581 01f1 73697A65 		.ascii	"sizetype\000"
 1581      74797065 
 1581      00
 1582              	.LASF6:
 1583 01fa 73686F72 		.ascii	"short unsigned int\000"
 1583      7420756E 
 1583      7369676E 
 1583      65642069 
 1583      6E7400
 1584              	.LASF1:
 1585 020d 6C6F6E67 		.ascii	"long long int\000"
 1585      206C6F6E 
 1585      6720696E 
 1585      7400
 1586              	.LASF11:
 1587 021b 63686172 		.ascii	"char\000"
 1587      00
 1588              	.LASF22:
 1589 0220 63795F63 		.ascii	"cy_cfg_addrvalue_t\000"
 1589      66675F61 
 1589      64647276 
 1589      616C7565 
 1589      5F7400
 1590              	.LASF20:
 1591 0233 6F666673 		.ascii	"offset\000"
 1591      657400
 1592              	.LASF5:
 1593 023a 73686F72 		.ascii	"short int\000"
 1593      7420696E 
 1593      7400
 1594              	.LASF7:
 1595 0244 6C6F6E67 		.ascii	"long int\000"
 1595      20696E74 
 1595      00
 1596              	.LASF2:
 1597 024d 6C6F6E67 		.ascii	"long double\000"
 1597      20646F75 
 1597      626C6500 
 1598              	.LASF3:
 1599 0259 7369676E 		.ascii	"signed char\000"
 1599      65642063 
 1599      68617200 
 1600              	.LASF41:
 1601 0265 47656E65 		.ascii	"Generated_Source\\PSoC4\\cyfitter_cfg.c\000"
 1601      72617465 
 1601      645F536F 
 1601      75726365 
 1601      5C50536F 
ARM GAS  C:\Users\Admin\AppData\Local\Temp\cc3YxYUt.s 			page 38


 1602              	.LASF26:
 1603 028b 4359434F 		.ascii	"CYCONFIGCPYCODE\000"
 1603      4E464947 
 1603      43505943 
 1603      4F444500 
 1604              	.LASF24:
 1605 029b 4359434F 		.ascii	"CYCONFIGCPY\000"
 1605      4E464947 
 1605      43505900 
 1606              		.ident	"GCC: (GNU Tools for ARM Embedded Processors) 5.4.1 20160609 (release) [ARM/embedded-5-bran
